Command line invocation:
    /Applications/Xcode.app/Contents/Developer/usr/bin/xcodebuild -workspace Broccoli.xcworkspace -scheme Broccoli -sdk iphonesimulator -destination "generic/platform=iOS Simulator" build

Build settings from command line:
    SDKROOT = iphonesimulator26.5

Resolve Package Graph


Resolved source packages:
  Facebook: https://github.com/facebook/facebook-ios-sdk @ 14.1.0
  swiftui-toasts: https://github.com/sunghyun-k/swiftui-toasts.git @ 1.1.2
  GoogleUtilities: https://github.com/google/GoogleUtilities.git @ 8.1.0
  Stripe: https://github.com/stripe/stripe-ios-spm @ 25.9.0
  nanopb: https://github.com/firebase/nanopb.git @ 2.30910.0
  GTMAppAuth: https://github.com/google/GTMAppAuth.git @ 5.0.0
  GTMSessionFetcher: https://github.com/google/gtm-session-fetcher.git @ 3.5.0
  swiftui-window-overlay: https://github.com/sunghyun-k/swiftui-window-overlay.git @ 1.0.2
  GoogleDataTransport: https://github.com/google/GoogleDataTransport.git @ 10.1.0
  abseil: https://github.com/google/abseil-cpp-binary.git @ 1.2024072200.0
  AppCheck: https://github.com/google/app-check.git @ 11.2.0
  GoogleSignIn: https://github.com/google/GoogleSignIn-iOS @ 9.1.0
  gRPC: https://github.com/google/grpc-binary.git @ 1.69.1
  GoogleAppMeasurement: https://github.com/google/GoogleAppMeasurement.git @ 12.8.0
  KeychainAccess: https://github.com/kishikawakatsumi/KeychainAccess.git @ master (e0c7eeb)
  AgoraInfra_iOS: https://github.com/AgoraIO/AgoraInfra_iOS.git @ 1.3.5
  Firebase: https://github.com/firebase/firebase-ios-sdk @ 12.9.0
  leveldb: https://github.com/firebase/leveldb.git @ 1.22.5
  AppAuth: https://github.com/openid/AppAuth-iOS.git @ 2.0.0
  GoogleAdsOnDeviceConversion: https://github.com/googleads/google-ads-on-device-conversion-ios-sdk @ 3.2.0
  AgoraRtcEngine_iOS: https://github.com/AgoraIO/AgoraRtcEngine_iOS.git @ 4.6.2
  AlertToast: https://github.com/elai950/AlertToast.git @ 1.3.9
  Promises: https://github.com/google/promises.git @ 2.4.0
  InteropForGoogle: https://github.com/google/interop-ios-for-google-sdks.git @ 101.0.0

ComputePackagePrebuildTargetDependencyGraph

Prepare packages

CreateBuildRequest

SendProjectDescription

CreateBuildOperation

ComputeTargetDependencyGraph
note: Building targets in dependency order
note: Target dependency graph (107 targets)
    Target 'Broccoli' in project 'Broccoli'
        ➜ Explicit dependency on target 'Toasts' in project 'swiftui-toasts'
        ➜ Explicit dependency on target 'GoogleSignInSwift' in project 'GoogleSignIn'
        ➜ Explicit dependency on target 'FacebookCore' in project 'Facebook'
        ➜ Explicit dependency on target 'SpatialAudio' in project 'AgoraRtcEngine_iOS'
        ➜ Explicit dependency on target 'FirebaseMessaging' in project 'Firebase'
        ➜ Explicit dependency on target 'AlertToast' in project 'AlertToast'
        ➜ Explicit dependency on target 'GoogleSignIn' in project 'GoogleSignIn'
        ➜ Explicit dependency on target 'KeychainAccess' in project 'KeychainAccess'
        ➜ Explicit dependency on target 'VirtualBackground' in project 'AgoraRtcEngine_iOS'
        ➜ Explicit dependency on target 'FirebaseCore' in project 'Firebase'
        ➜ Explicit dependency on target 'FacebookLogin' in project 'Facebook'
        ➜ Explicit dependency on target 'StripePaymentSheet' in project 'Stripe'
        ➜ Explicit dependency on target 'FirebaseCrashlytics' in project 'Firebase'
        ➜ Explicit dependency on target 'RtcBasic' in project 'AgoraRtcEngine_iOS'
    Target 'RtcBasic' in project 'AgoraRtcEngine_iOS'
        ➜ Explicit dependency on target 'AgoraInfra_iOS' in project 'AgoraRtcEngine_iOS'
        ➜ Explicit dependency on target 'AgoraInfra_iOS' in project 'AgoraInfra_iOS'
    Target 'AgoraInfra_iOS' in project 'AgoraRtcEngine_iOS'
        ➜ Explicit dependency on target 'AgoraInfra_iOS' in project 'AgoraInfra_iOS'
    Target 'AgoraInfra_iOS' in project 'AgoraInfra_iOS' (no dependencies)
    Target 'FirebaseCrashlytics' in project 'Firebase'
        ➜ Explicit dependency on target 'FirebaseCrashlytics' in project 'Firebase'
        ➜ Explicit dependency on target 'Firebase_FirebaseCrashlytics' in project 'Firebase'
        ➜ Explicit dependency on target 'Firebase' in project 'Firebase'
        ➜ Explicit dependency on target 'FirebaseCoreInternal' in project 'Firebase'
        ➜ Explicit dependency on target 'FirebaseCore' in project 'Firebase'
        ➜ Explicit dependency on target 'FirebaseInstallations' in project 'Firebase'
        ➜ Explicit dependency on target 'FirebaseCoreExtension' in project 'Firebase'
        ➜ Explicit dependency on target 'FirebaseSessionsObjC' in project 'Firebase'
        ➜ Explicit dependency on target 'FirebaseSessions' in project 'Firebase'
        ➜ Explicit dependency on target 'FirebaseRemoteConfigInterop' in project 'Firebase'
        ➜ Explicit dependency on target 'FirebaseCrashlyticsSwift' in project 'Firebase'
        ➜ Explicit dependency on target 'GULNSData' in project 'GoogleUtilities'
        ➜ Explicit dependency on target 'GULEnvironment' in project 'GoogleUtilities'
        ➜ Explicit dependency on target 'GULLogger' in project 'GoogleUtilities'
        ➜ Explicit dependency on target 'FBLPromises' in project 'Promises'
        ➜ Explicit dependency on target 'GULUserDefaults' in project 'GoogleUtilities'
        ➜ Explicit dependency on target 'nanopb' in project 'nanopb'
        ➜ Explicit dependency on target 'Promises' in project 'Promises'
        ➜ Explicit dependency on target 'GoogleDataTransport' in project 'GoogleDataTransport'
    Target 'FirebaseCrashlytics' in project 'Firebase'
        ➜ Explicit dependency on target 'Firebase_FirebaseCrashlytics' in project 'Firebase'
        ➜ Explicit dependency on target 'Firebase' in project 'Firebase'
        ➜ Explicit dependency on target 'FirebaseCoreInternal' in project 'Firebase'
        ➜ Explicit dependency on target 'FirebaseCore' in project 'Firebase'
        ➜ Explicit dependency on target 'FirebaseInstallations' in project 'Firebase'
        ➜ Explicit dependency on target 'FirebaseCoreExtension' in project 'Firebase'
        ➜ Explicit dependency on target 'FirebaseSessionsObjC' in project 'Firebase'
        ➜ Explicit dependency on target 'FirebaseSessions' in project 'Firebase'
        ➜ Explicit dependency on target 'FirebaseRemoteConfigInterop' in project 'Firebase'
        ➜ Explicit dependency on target 'FirebaseCrashlyticsSwift' in project 'Firebase'
        ➜ Explicit dependency on target 'GULNSData' in project 'GoogleUtilities'
        ➜ Explicit dependency on target 'GULEnvironment' in project 'GoogleUtilities'
        ➜ Explicit dependency on target 'GULLogger' in project 'GoogleUtilities'
        ➜ Explicit dependency on target 'FBLPromises' in project 'Promises'
        ➜ Explicit dependency on target 'GULUserDefaults' in project 'GoogleUtilities'
        ➜ Explicit dependency on target 'nanopb' in project 'nanopb'
        ➜ Explicit dependency on target 'Promises' in project 'Promises'
        ➜ Explicit dependency on target 'GoogleDataTransport' in project 'GoogleDataTransport'
    Target 'FirebaseCrashlyticsSwift' in project 'Firebase'
        ➜ Explicit dependency on target 'Firebase_FirebaseCrashlyticsSwift' in project 'Firebase'
        ➜ Explicit dependency on target 'FirebaseRemoteConfigInterop' in project 'Firebase'
    Target 'Firebase_FirebaseCrashlyticsSwift' in project 'Firebase' (no dependencies)
    Target 'FirebaseRemoteConfigInterop' in project 'Firebase' (no dependencies)
    Target 'FirebaseSessions' in project 'Firebase'
        ➜ Explicit dependency on target 'Firebase' in project 'Firebase'
        ➜ Explicit dependency on target 'FirebaseCoreInternal' in project 'Firebase'
        ➜ Explicit dependency on target 'FirebaseCore' in project 'Firebase'
        ➜ Explicit dependency on target 'FirebaseInstallations' in project 'Firebase'
        ➜ Explicit dependency on target 'FirebaseCoreExtension' in project 'Firebase'
        ➜ Explicit dependency on target 'FirebaseSessionsObjC' in project 'Firebase'
        ➜ Explicit dependency on target 'GULNSData' in project 'GoogleUtilities'
        ➜ Explicit dependency on target 'GULEnvironment' in project 'GoogleUtilities'
        ➜ Explicit dependency on target 'GULLogger' in project 'GoogleUtilities'
        ➜ Explicit dependency on target 'FBLPromises' in project 'Promises'
        ➜ Explicit dependency on target 'GULUserDefaults' in project 'GoogleUtilities'
        ➜ Explicit dependency on target 'nanopb' in project 'nanopb'
        ➜ Explicit dependency on target 'Promises' in project 'Promises'
        ➜ Explicit dependency on target 'GoogleDataTransport' in project 'GoogleDataTransport'
    Target 'Promises' in project 'Promises'
        ➜ Explicit dependency on target 'Promises' in project 'Promises'
        ➜ Explicit dependency on target 'Promises_Promises' in project 'Promises'
        ➜ Explicit dependency on target 'FBLPromises' in project 'Promises'
    Target 'Promises' in project 'Promises'
        ➜ Explicit dependency on target 'Promises_Promises' in project 'Promises'
        ➜ Explicit dependency on target 'FBLPromises' in project 'Promises'
    Target 'Promises_Promises' in project 'Promises' (no dependencies)
    Target 'FirebaseSessionsObjC' in project 'Firebase'
        ➜ Explicit dependency on target 'Firebase' in project 'Firebase'
        ➜ Explicit dependency on target 'FirebaseCoreInternal' in project 'Firebase'
        ➜ Explicit dependency on target 'FirebaseCore' in project 'Firebase'
        ➜ Explicit dependency on target 'FirebaseCoreExtension' in project 'Firebase'
        ➜ Explicit dependency on target 'GULNSData' in project 'GoogleUtilities'
        ➜ Explicit dependency on target 'GULEnvironment' in project 'GoogleUtilities'
        ➜ Explicit dependency on target 'GULLogger' in project 'GoogleUtilities'
        ➜ Explicit dependency on target 'nanopb' in project 'nanopb'
    Target 'FirebaseCoreExtension' in project 'Firebase'
        ➜ Explicit dependency on target 'Firebase_FirebaseCoreExtension' in project 'Firebase'
    Target 'Firebase_FirebaseCoreExtension' in project 'Firebase' (no dependencies)
    Target 'Firebase_FirebaseCrashlytics' in project 'Firebase' (no dependencies)
    Target 'StripePaymentSheet' in project 'Stripe'
        ➜ Explicit dependency on target 'StripePaymentSheet' in project 'Stripe'
        ➜ Explicit dependency on target 'Stripe_StripePaymentSheet' in project 'Stripe'
        ➜ Explicit dependency on target 'StripeCore' in project 'Stripe'
        ➜ Explicit dependency on target 'Stripe3DS2' in project 'Stripe'
        ➜ Explicit dependency on target 'StripePayments' in project 'Stripe'
        ➜ Explicit dependency on target 'StripeUICore' in project 'Stripe'
        ➜ Explicit dependency on target 'StripePaymentsUI' in project 'Stripe'
        ➜ Explicit dependency on target 'StripeApplePay' in project 'Stripe'
    Target 'StripePaymentSheet' in project 'Stripe'
        ➜ Explicit dependency on target 'Stripe_StripePaymentSheet' in project 'Stripe'
        ➜ Explicit dependency on target 'StripeCore' in project 'Stripe'
        ➜ Explicit dependency on target 'Stripe3DS2' in project 'Stripe'
        ➜ Explicit dependency on target 'StripePayments' in project 'Stripe'
        ➜ Explicit dependency on target 'StripeUICore' in project 'Stripe'
        ➜ Explicit dependency on target 'StripePaymentsUI' in project 'Stripe'
        ➜ Explicit dependency on target 'StripeApplePay' in project 'Stripe'
    Target 'StripeApplePay' in project 'Stripe'
        ➜ Explicit dependency on target 'StripeCore' in project 'Stripe'
    Target 'StripePaymentsUI' in project 'Stripe'
        ➜ Explicit dependency on target 'Stripe_StripePaymentsUI' in project 'Stripe'
        ➜ Explicit dependency on target 'StripeCore' in project 'Stripe'
        ➜ Explicit dependency on target 'Stripe3DS2' in project 'Stripe'
        ➜ Explicit dependency on target 'StripePayments' in project 'Stripe'
        ➜ Explicit dependency on target 'StripeUICore' in project 'Stripe'
    Target 'Stripe_StripePaymentsUI' in project 'Stripe' (no dependencies)
    Target 'StripeUICore' in project 'Stripe'
        ➜ Explicit dependency on target 'Stripe_StripeUICore' in project 'Stripe'
        ➜ Explicit dependency on target 'StripeCore' in project 'Stripe'
    Target 'Stripe_StripeUICore' in project 'Stripe' (no dependencies)
    Target 'StripePayments' in project 'Stripe'
        ➜ Explicit dependency on target 'Stripe_StripePayments' in project 'Stripe'
        ➜ Explicit dependency on target 'StripeCore' in project 'Stripe'
        ➜ Explicit dependency on target 'Stripe3DS2' in project 'Stripe'
    Target 'Stripe_StripePayments' in project 'Stripe' (no dependencies)
    Target 'Stripe3DS2' in project 'Stripe'
        ➜ Explicit dependency on target 'Stripe_Stripe3DS2' in project 'Stripe'
    Target 'Stripe_Stripe3DS2' in project 'Stripe' (no dependencies)
    Target 'StripeCore' in project 'Stripe'
        ➜ Explicit dependency on target 'Stripe_StripeCore' in project 'Stripe'
    Target 'Stripe_StripeCore' in project 'Stripe' (no dependencies)
    Target 'Stripe_StripePaymentSheet' in project 'Stripe' (no dependencies)
    Target 'FacebookLogin' in project 'Facebook'
        ➜ Explicit dependency on target 'FacebookLogin' in project 'Facebook'
        ➜ Explicit dependency on target 'FacebookAEM' in project 'Facebook'
        ➜ Explicit dependency on target 'FacebookCore' in project 'Facebook'
    Target 'FacebookLogin' in project 'Facebook'
        ➜ Explicit dependency on target 'FacebookAEM' in project 'Facebook'
        ➜ Explicit dependency on target 'FacebookCore' in project 'Facebook'
    Target 'FirebaseCore' in project 'Firebase'
        ➜ Explicit dependency on target 'FirebaseCore' in project 'Firebase'
        ➜ Explicit dependency on target 'Firebase_FirebaseCore' in project 'Firebase'
        ➜ Explicit dependency on target 'Firebase' in project 'Firebase'
        ➜ Explicit dependency on target 'FirebaseCoreInternal' in project 'Firebase'
        ➜ Explicit dependency on target 'GULNSData' in project 'GoogleUtilities'
        ➜ Explicit dependency on target 'GULEnvironment' in project 'GoogleUtilities'
        ➜ Explicit dependency on target 'GULLogger' in project 'GoogleUtilities'
    Target 'VirtualBackground' in project 'AgoraRtcEngine_iOS' (no dependencies)
    Target 'KeychainAccess' in project 'KeychainAccess'
        ➜ Explicit dependency on target 'KeychainAccess' in project 'KeychainAccess'
    Target 'KeychainAccess' in project 'KeychainAccess' (no dependencies)
    Target 'GoogleSignIn' in project 'GoogleSignIn'
        ➜ Explicit dependency on target 'GoogleSignIn' in project 'GoogleSignIn'
        ➜ Explicit dependency on target 'GoogleSignIn_GoogleSignIn' in project 'GoogleSignIn'
        ➜ Explicit dependency on target 'AppAuth' in project 'AppAuth'
        ➜ Explicit dependency on target 'AppAuthCore' in project 'AppAuth'
        ➜ Explicit dependency on target 'AppCheckCore' in project 'AppCheck'
        ➜ Explicit dependency on target 'GTMAppAuth' in project 'GTMAppAuth'
        ➜ Explicit dependency on target 'GTMSessionFetcherCore' in project 'GTMSessionFetcher'
    Target 'AlertToast' in project 'AlertToast'
        ➜ Explicit dependency on target 'AlertToast' in project 'AlertToast'
    Target 'AlertToast' in project 'AlertToast' (no dependencies)
    Target 'FirebaseMessaging' in project 'Firebase'
        ➜ Explicit dependency on target 'FirebaseMessaging' in project 'Firebase'
        ➜ Explicit dependency on target 'Firebase_FirebaseMessaging' in project 'Firebase'
        ➜ Explicit dependency on target 'Firebase' in project 'Firebase'
        ➜ Explicit dependency on target 'FirebaseCoreInternal' in project 'Firebase'
        ➜ Explicit dependency on target 'FirebaseCore' in project 'Firebase'
        ➜ Explicit dependency on target 'FirebaseInstallations' in project 'Firebase'
        ➜ Explicit dependency on target 'GULNSData' in project 'GoogleUtilities'
        ➜ Explicit dependency on target 'GULEnvironment' in project 'GoogleUtilities'
        ➜ Explicit dependency on target 'GULLogger' in project 'GoogleUtilities'
        ➜ Explicit dependency on target 'FBLPromises' in project 'Promises'
        ➜ Explicit dependency on target 'GULUserDefaults' in project 'GoogleUtilities'
        ➜ Explicit dependency on target 'GULAppDelegateSwizzler' in project 'GoogleUtilities'
        ➜ Explicit dependency on target 'GULReachability' in project 'GoogleUtilities'
        ➜ Explicit dependency on target 'GoogleDataTransport' in project 'GoogleDataTransport'
        ➜ Explicit dependency on target 'nanopb' in project 'nanopb'
    Target 'FirebaseMessaging' in project 'Firebase'
        ➜ Explicit dependency on target 'Firebase_FirebaseMessaging' in project 'Firebase'
        ➜ Explicit dependency on target 'Firebase' in project 'Firebase'
        ➜ Explicit dependency on target 'FirebaseCoreInternal' in project 'Firebase'
        ➜ Explicit dependency on target 'FirebaseCore' in project 'Firebase'
        ➜ Explicit dependency on target 'FirebaseInstallations' in project 'Firebase'
        ➜ Explicit dependency on target 'GULNSData' in project 'GoogleUtilities'
        ➜ Explicit dependency on target 'GULEnvironment' in project 'GoogleUtilities'
        ➜ Explicit dependency on target 'GULLogger' in project 'GoogleUtilities'
        ➜ Explicit dependency on target 'FBLPromises' in project 'Promises'
        ➜ Explicit dependency on target 'GULUserDefaults' in project 'GoogleUtilities'
        ➜ Explicit dependency on target 'GULAppDelegateSwizzler' in project 'GoogleUtilities'
        ➜ Explicit dependency on target 'GULReachability' in project 'GoogleUtilities'
        ➜ Explicit dependency on target 'GoogleDataTransport' in project 'GoogleDataTransport'
        ➜ Explicit dependency on target 'nanopb' in project 'nanopb'
    Target 'GoogleDataTransport' in project 'GoogleDataTransport'
        ➜ Explicit dependency on target 'GoogleDataTransport' in project 'GoogleDataTransport'
        ➜ Explicit dependency on target 'GoogleDataTransport_GoogleDataTransport' in project 'GoogleDataTransport'
        ➜ Explicit dependency on target 'nanopb' in project 'nanopb'
        ➜ Explicit dependency on target 'FBLPromises' in project 'Promises'
    Target 'GoogleDataTransport' in project 'GoogleDataTransport'
        ➜ Explicit dependency on target 'GoogleDataTransport_GoogleDataTransport' in project 'GoogleDataTransport'
        ➜ Explicit dependency on target 'nanopb' in project 'nanopb'
        ➜ Explicit dependency on target 'FBLPromises' in project 'Promises'
    Target 'nanopb' in project 'nanopb'
        ➜ Explicit dependency on target 'nanopb' in project 'nanopb'
        ➜ Explicit dependency on target 'nanopb_nanopb' in project 'nanopb'
    Target 'nanopb' in project 'nanopb'
        ➜ Explicit dependency on target 'nanopb_nanopb' in project 'nanopb'
    Target 'nanopb_nanopb' in project 'nanopb' (no dependencies)
    Target 'GoogleDataTransport_GoogleDataTransport' in project 'GoogleDataTransport' (no dependencies)
    Target 'GULReachability' in project 'GoogleUtilities'
        ➜ Explicit dependency on target 'GoogleUtilities-Reachability' in project 'GoogleUtilities'
        ➜ Explicit dependency on target 'GoogleUtilities_GoogleUtilities-Reachability' in project 'GoogleUtilities'
        ➜ Explicit dependency on target 'third-party-IsAppEncrypted' in project 'GoogleUtilities'
        ➜ Explicit dependency on target 'GoogleUtilities-Environment' in project 'GoogleUtilities'
        ➜ Explicit dependency on target 'GoogleUtilities-Logger' in project 'GoogleUtilities'
    Target 'GULAppDelegateSwizzler' in project 'GoogleUtilities'
        ➜ Explicit dependency on target 'GoogleUtilities-AppDelegateSwizzler' in project 'GoogleUtilities'
        ➜ Explicit dependency on target 'GoogleUtilities_GoogleUtilities-AppDelegateSwizzler' in project 'GoogleUtilities'
        ➜ Explicit dependency on target 'third-party-IsAppEncrypted' in project 'GoogleUtilities'
        ➜ Explicit dependency on target 'GoogleUtilities-Environment' in project 'GoogleUtilities'
        ➜ Explicit dependency on target 'GoogleUtilities-Logger' in project 'GoogleUtilities'
        ➜ Explicit dependency on target 'GoogleUtilities-NSData' in project 'GoogleUtilities'
        ➜ Explicit dependency on target 'GoogleUtilities-Reachability' in project 'GoogleUtilities'
        ➜ Explicit dependency on target 'GoogleUtilities-Network' in project 'GoogleUtilities'
    Target 'GoogleUtilities-AppDelegateSwizzler' in project 'GoogleUtilities'
        ➜ Explicit dependency on target 'GoogleUtilities_GoogleUtilities-AppDelegateSwizzler' in project 'GoogleUtilities'
        ➜ Explicit dependency on target 'third-party-IsAppEncrypted' in project 'GoogleUtilities'
        ➜ Explicit dependency on target 'GoogleUtilities-Environment' in project 'GoogleUtilities'
        ➜ Explicit dependency on target 'GoogleUtilities-Logger' in project 'GoogleUtilities'
        ➜ Explicit dependency on target 'GoogleUtilities-NSData' in project 'GoogleUtilities'
        ➜ Explicit dependency on target 'GoogleUtilities-Reachability' in project 'GoogleUtilities'
        ➜ Explicit dependency on target 'GoogleUtilities-Network' in project 'GoogleUtilities'
    Target 'GoogleUtilities-Network' in project 'GoogleUtilities'
        ➜ Explicit dependency on target 'GoogleUtilities_GoogleUtilities-Network' in project 'GoogleUtilities'
        ➜ Explicit dependency on target 'third-party-IsAppEncrypted' in project 'GoogleUtilities'
        ➜ Explicit dependency on target 'GoogleUtilities-Environment' in project 'GoogleUtilities'
        ➜ Explicit dependency on target 'GoogleUtilities-Logger' in project 'GoogleUtilities'
        ➜ Explicit dependency on target 'GoogleUtilities-NSData' in project 'GoogleUtilities'
        ➜ Explicit dependency on target 'GoogleUtilities-Reachability' in project 'GoogleUtilities'
    Target 'GoogleUtilities_GoogleUtilities-Network' in project 'GoogleUtilities' (no dependencies)
    Target 'GoogleUtilities-Reachability' in project 'GoogleUtilities'
        ➜ Explicit dependency on target 'GoogleUtilities_GoogleUtilities-Reachability' in project 'GoogleUtilities'
        ➜ Explicit dependency on target 'third-party-IsAppEncrypted' in project 'GoogleUtilities'
        ➜ Explicit dependency on target 'GoogleUtilities-Environment' in project 'GoogleUtilities'
        ➜ Explicit dependency on target 'GoogleUtilities-Logger' in project 'GoogleUtilities'
    Target 'GoogleUtilities_GoogleUtilities-Reachability' in project 'GoogleUtilities' (no dependencies)
    Target 'GoogleUtilities_GoogleUtilities-AppDelegateSwizzler' in project 'GoogleUtilities' (no dependencies)
    Target 'FirebaseInstallations' in project 'Firebase'
        ➜ Explicit dependency on target 'Firebase_FirebaseInstallations' in project 'Firebase'
        ➜ Explicit dependency on target 'Firebase' in project 'Firebase'
        ➜ Explicit dependency on target 'FirebaseCoreInternal' in project 'Firebase'
        ➜ Explicit dependency on target 'FirebaseCore' in project 'Firebase'
        ➜ Explicit dependency on target 'GULNSData' in project 'GoogleUtilities'
        ➜ Explicit dependency on target 'GULEnvironment' in project 'GoogleUtilities'
        ➜ Explicit dependency on target 'GULLogger' in project 'GoogleUtilities'
        ➜ Explicit dependency on target 'FBLPromises' in project 'Promises'
        ➜ Explicit dependency on target 'GULUserDefaults' in project 'GoogleUtilities'
    Target 'Firebase_FirebaseInstallations' in project 'Firebase' (no dependencies)
    Target 'FirebaseCore' in project 'Firebase'
        ➜ Explicit dependency on target 'Firebase_FirebaseCore' in project 'Firebase'
        ➜ Explicit dependency on target 'Firebase' in project 'Firebase'
        ➜ Explicit dependency on target 'FirebaseCoreInternal' in project 'Firebase'
        ➜ Explicit dependency on target 'GULNSData' in project 'GoogleUtilities'
        ➜ Explicit dependency on target 'GULEnvironment' in project 'GoogleUtilities'
        ➜ Explicit dependency on target 'GULLogger' in project 'GoogleUtilities'
    Target 'GULLogger' in project 'GoogleUtilities'
        ➜ Explicit dependency on target 'GoogleUtilities-Logger' in project 'GoogleUtilities'
        ➜ Explicit dependency on target 'GoogleUtilities_GoogleUtilities-Logger' in project 'GoogleUtilities'
        ➜ Explicit dependency on target 'third-party-IsAppEncrypted' in project 'GoogleUtilities'
        ➜ Explicit dependency on target 'GoogleUtilities-Environment' in project 'GoogleUtilities'
    Target 'Firebase_FirebaseCore' in project 'Firebase' (no dependencies)
    Target 'FirebaseCoreInternal' in project 'Firebase'
        ➜ Explicit dependency on target 'Firebase_FirebaseCoreInternal' in project 'Firebase'
        ➜ Explicit dependency on target 'GULNSData' in project 'GoogleUtilities'
    Target 'GULNSData' in project 'GoogleUtilities'
        ➜ Explicit dependency on target 'GoogleUtilities-NSData' in project 'GoogleUtilities'
        ➜ Explicit dependency on target 'GoogleUtilities_GoogleUtilities-NSData' in project 'GoogleUtilities'
    Target 'GoogleUtilities-NSData' in project 'GoogleUtilities'
        ➜ Explicit dependency on target 'GoogleUtilities_GoogleUtilities-NSData' in project 'GoogleUtilities'
    Target 'GoogleUtilities_GoogleUtilities-NSData' in project 'GoogleUtilities' (no dependencies)
    Target 'Firebase_FirebaseCoreInternal' in project 'Firebase' (no dependencies)
    Target 'Firebase' in project 'Firebase' (no dependencies)
    Target 'Firebase_FirebaseMessaging' in project 'Firebase' (no dependencies)
    Target 'SpatialAudio' in project 'AgoraRtcEngine_iOS' (no dependencies)
    Target 'FacebookCore' in project 'Facebook'
        ➜ Explicit dependency on target 'FacebookCore' in project 'Facebook'
        ➜ Explicit dependency on target 'FacebookAEM' in project 'Facebook'
    Target 'FacebookCore' in project 'Facebook'
        ➜ Explicit dependency on target 'FacebookAEM' in project 'Facebook'
    Target 'FacebookAEM' in project 'Facebook' (no dependencies)
    Target 'GoogleSignInSwift' in project 'GoogleSignIn'
        ➜ Explicit dependency on target 'GoogleSignInSwift' in project 'GoogleSignIn'
        ➜ Explicit dependency on target 'GoogleSignIn_GoogleSignInSwift' in project 'GoogleSignIn'
        ➜ Explicit dependency on target 'GoogleSignIn' in project 'GoogleSignIn'
        ➜ Explicit dependency on target 'AppAuth' in project 'AppAuth'
        ➜ Explicit dependency on target 'AppAuthCore' in project 'AppAuth'
        ➜ Explicit dependency on target 'AppCheckCore' in project 'AppCheck'
        ➜ Explicit dependency on target 'GTMAppAuth' in project 'GTMAppAuth'
        ➜ Explicit dependency on target 'GTMSessionFetcherCore' in project 'GTMSessionFetcher'
    Target 'GoogleSignInSwift' in project 'GoogleSignIn'
        ➜ Explicit dependency on target 'GoogleSignIn_GoogleSignInSwift' in project 'GoogleSignIn'
        ➜ Explicit dependency on target 'GoogleSignIn' in project 'GoogleSignIn'
        ➜ Explicit dependency on target 'AppAuth' in project 'AppAuth'
        ➜ Explicit dependency on target 'AppAuthCore' in project 'AppAuth'
        ➜ Explicit dependency on target 'AppCheckCore' in project 'AppCheck'
        ➜ Explicit dependency on target 'GTMAppAuth' in project 'GTMAppAuth'
        ➜ Explicit dependency on target 'GTMSessionFetcherCore' in project 'GTMSessionFetcher'
    Target 'GoogleSignIn' in project 'GoogleSignIn'
        ➜ Explicit dependency on target 'GoogleSignIn_GoogleSignIn' in project 'GoogleSignIn'
        ➜ Explicit dependency on target 'AppAuth' in project 'AppAuth'
        ➜ Explicit dependency on target 'AppAuthCore' in project 'AppAuth'
        ➜ Explicit dependency on target 'AppCheckCore' in project 'AppCheck'
        ➜ Explicit dependency on target 'GTMAppAuth' in project 'GTMAppAuth'
        ➜ Explicit dependency on target 'GTMSessionFetcherCore' in project 'GTMSessionFetcher'
    Target 'GTMAppAuth' in project 'GTMAppAuth'
        ➜ Explicit dependency on target 'GTMAppAuth' in project 'GTMAppAuth'
        ➜ Explicit dependency on target 'GTMAppAuth_GTMAppAuth' in project 'GTMAppAuth'
        ➜ Explicit dependency on target 'GTMSessionFetcherCore' in project 'GTMSessionFetcher'
        ➜ Explicit dependency on target 'AppAuthCore' in project 'AppAuth'
    Target 'GTMAppAuth' in project 'GTMAppAuth'
        ➜ Explicit dependency on target 'GTMAppAuth_GTMAppAuth' in project 'GTMAppAuth'
        ➜ Explicit dependency on target 'GTMSessionFetcherCore' in project 'GTMSessionFetcher'
        ➜ Explicit dependency on target 'AppAuthCore' in project 'AppAuth'
    Target 'GTMSessionFetcherCore' in project 'GTMSessionFetcher'
        ➜ Explicit dependency on target 'GTMSessionFetcherCore' in project 'GTMSessionFetcher'
        ➜ Explicit dependency on target 'GTMSessionFetcher_GTMSessionFetcherCore' in project 'GTMSessionFetcher'
    Target 'GTMSessionFetcherCore' in project 'GTMSessionFetcher'
        ➜ Explicit dependency on target 'GTMSessionFetcher_GTMSessionFetcherCore' in project 'GTMSessionFetcher'
    Target 'GTMSessionFetcher_GTMSessionFetcherCore' in project 'GTMSessionFetcher' (no dependencies)
    Target 'GTMAppAuth_GTMAppAuth' in project 'GTMAppAuth' (no dependencies)
    Target 'AppCheckCore' in project 'AppCheck'
        ➜ Explicit dependency on target 'AppCheckCore' in project 'AppCheck'
        ➜ Explicit dependency on target 'FBLPromises' in project 'Promises'
        ➜ Explicit dependency on target 'GULEnvironment' in project 'GoogleUtilities'
        ➜ Explicit dependency on target 'GULUserDefaults' in project 'GoogleUtilities'
    Target 'AppCheckCore' in project 'AppCheck'
        ➜ Explicit dependency on target 'FBLPromises' in project 'Promises'
        ➜ Explicit dependency on target 'GULEnvironment' in project 'GoogleUtilities'
        ➜ Explicit dependency on target 'GULUserDefaults' in project 'GoogleUtilities'
    Target 'GULUserDefaults' in project 'GoogleUtilities'
        ➜ Explicit dependency on target 'GoogleUtilities-UserDefaults' in project 'GoogleUtilities'
        ➜ Explicit dependency on target 'GoogleUtilities_GoogleUtilities-UserDefaults' in project 'GoogleUtilities'
        ➜ Explicit dependency on target 'third-party-IsAppEncrypted' in project 'GoogleUtilities'
        ➜ Explicit dependency on target 'GoogleUtilities-Environment' in project 'GoogleUtilities'
        ➜ Explicit dependency on target 'GoogleUtilities-Logger' in project 'GoogleUtilities'
    Target 'GoogleUtilities-UserDefaults' in project 'GoogleUtilities'
        ➜ Explicit dependency on target 'GoogleUtilities_GoogleUtilities-UserDefaults' in project 'GoogleUtilities'
        ➜ Explicit dependency on target 'third-party-IsAppEncrypted' in project 'GoogleUtilities'
        ➜ Explicit dependency on target 'GoogleUtilities-Environment' in project 'GoogleUtilities'
        ➜ Explicit dependency on target 'GoogleUtilities-Logger' in project 'GoogleUtilities'
    Target 'GoogleUtilities-Logger' in project 'GoogleUtilities'
        ➜ Explicit dependency on target 'GoogleUtilities_GoogleUtilities-Logger' in project 'GoogleUtilities'
        ➜ Explicit dependency on target 'third-party-IsAppEncrypted' in project 'GoogleUtilities'
        ➜ Explicit dependency on target 'GoogleUtilities-Environment' in project 'GoogleUtilities'
    Target 'GoogleUtilities_GoogleUtilities-Logger' in project 'GoogleUtilities' (no dependencies)
    Target 'GoogleUtilities_GoogleUtilities-UserDefaults' in project 'GoogleUtilities' (no dependencies)
    Target 'GULEnvironment' in project 'GoogleUtilities'
        ➜ Explicit dependency on target 'GoogleUtilities-Environment' in project 'GoogleUtilities'
        ➜ Explicit dependency on target 'GoogleUtilities_GoogleUtilities-Environment' in project 'GoogleUtilities'
        ➜ Explicit dependency on target 'third-party-IsAppEncrypted' in project 'GoogleUtilities'
    Target 'GoogleUtilities-Environment' in project 'GoogleUtilities'
        ➜ Explicit dependency on target 'GoogleUtilities_GoogleUtilities-Environment' in project 'GoogleUtilities'
        ➜ Explicit dependency on target 'third-party-IsAppEncrypted' in project 'GoogleUtilities'
    Target 'third-party-IsAppEncrypted' in project 'GoogleUtilities' (no dependencies)
    Target 'GoogleUtilities_GoogleUtilities-Environment' in project 'GoogleUtilities' (no dependencies)
    Target 'FBLPromises' in project 'Promises'
        ➜ Explicit dependency on target 'FBLPromises' in project 'Promises'
        ➜ Explicit dependency on target 'Promises_FBLPromises' in project 'Promises'
    Target 'FBLPromises' in project 'Promises'
        ➜ Explicit dependency on target 'Promises_FBLPromises' in project 'Promises'
    Target 'Promises_FBLPromises' in project 'Promises' (no dependencies)
    Target 'AppAuthCore' in project 'AppAuth'
        ➜ Explicit dependency on target 'AppAuthCore' in project 'AppAuth'
        ➜ Explicit dependency on target 'AppAuth_AppAuthCore' in project 'AppAuth'
    Target 'AppAuth' in project 'AppAuth'
        ➜ Explicit dependency on target 'AppAuth' in project 'AppAuth'
        ➜ Explicit dependency on target 'AppAuth_AppAuth' in project 'AppAuth'
        ➜ Explicit dependency on target 'AppAuthCore' in project 'AppAuth'
    Target 'AppAuth' in project 'AppAuth'
        ➜ Explicit dependency on target 'AppAuth_AppAuth' in project 'AppAuth'
        ➜ Explicit dependency on target 'AppAuthCore' in project 'AppAuth'
    Target 'AppAuthCore' in project 'AppAuth'
        ➜ Explicit dependency on target 'AppAuth_AppAuthCore' in project 'AppAuth'
    Target 'AppAuth_AppAuthCore' in project 'AppAuth' (no dependencies)
    Target 'AppAuth_AppAuth' in project 'AppAuth' (no dependencies)
    Target 'GoogleSignIn_GoogleSignIn' in project 'GoogleSignIn' (no dependencies)
    Target 'GoogleSignIn_GoogleSignInSwift' in project 'GoogleSignIn' (no dependencies)
    Target 'Toasts' in project 'swiftui-toasts'
        ➜ Explicit dependency on target 'Toasts' in project 'swiftui-toasts'
        ➜ Explicit dependency on target 'WindowOverlay' in project 'swiftui-window-overlay'
    Target 'Toasts' in project 'swiftui-toasts'
        ➜ Explicit dependency on target 'WindowOverlay' in project 'swiftui-window-overlay'
    Target 'WindowOverlay' in project 'swiftui-window-overlay'
        ➜ Explicit dependency on target 'WindowOverlay' in project 'swiftui-window-overlay'
    Target 'WindowOverlay' in project 'swiftui-window-overlay' (no dependencies)

GatherProvisioningInputs

CreateBuildDescription

ExecuteExternalTool /Applications/Xcode.app/Contents/Developer/Toolchains/XcodeDefault.xctoolchain/usr/bin/swiftc --version

ExecuteExternalTool /Applications/Xcode.app/Contents/Developer/Toolchains/XcodeDefault.xctoolchain/usr/bin/clang -v -E -dM -arch arm64 -isysroot /Applications/Xcode.app/Contents/Developer/Platforms/iPhoneSimulator.platform/Developer/SDKs/iPhoneSimulator26.5.sdk -x objective-c -c /dev/null

ExecuteExternalTool /Applications/Xcode.app/Contents/Developer/Toolchains/XcodeDefault.xctoolchain/usr/bin/clang -v -E -dM -isysroot /Applications/Xcode.app/Contents/Developer/Platforms/iPhoneSimulator.platform/Developer/SDKs/iPhoneSimulator26.5.sdk -x c -c /dev/null

ExecuteExternalTool /Applications/Xcode.app/Contents/Developer/Toolchains/XcodeDefault.xctoolchain/usr/bin/clang -v -E -dM -arch arm64 -isysroot /Applications/Xcode.app/Contents/Developer/Platforms/iPhoneSimulator.platform/Developer/SDKs/iPhoneSimulator26.5.sdk -x c -c /dev/null

ExecuteExternalTool /Applications/Xcode.app/Contents/Developer/usr/bin/actool --version --output-format xml1

ExecuteExternalTool /Applications/Xcode.app/Contents/Developer/Toolchains/XcodeDefault.xctoolchain/usr/bin/ld -version_details

ExecuteExternalTool /Applications/Xcode.app/Contents/Developer/usr/bin/momc --dry-run --action generate --swift-version 5.0 --sdkroot /Applications/Xcode.app/Contents/Developer/Platforms/iPhoneSimulator.platform/Developer/SDKs/iPhoneSimulator26.5.sdk --iphonesimulator-deployment-target 17.6 --module Broccoli /Volumes/jaigaurav17-001/Projects/iOS/Broccoli/Broccoli/Storage/Broccoli.xcdatamodeld /Users/jaigaurav/Library/Developer/Xcode/DerivedData/Broccoli-eapieicfqwxippexlubxawpdfesp/Build/Intermediates.noindex/Broccoli.build/Debug-iphonesimulator/Broccoli.build/DerivedSources/CoreDataGenerated/Broccoli

ExecuteExternalTool /Applications/Xcode.app/Contents/Developer/usr/bin/ibtool --version --output-format xml1

ExecuteExternalTool /Applications/Xcode.app/Contents/Developer/Toolchains/XcodeDefault.xctoolchain/usr/bin/clang -v -E -dM -arch x86_64 -isysroot /Applications/Xcode.app/Contents/Developer/Platforms/iPhoneSimulator.platform/Developer/SDKs/iPhoneSimulator26.5.sdk -x objective-c -c /dev/null

ExecuteExternalTool /Applications/Xcode.app/Contents/Developer/Toolchains/XcodeDefault.xctoolchain/usr/bin/clang -v -E -dM -arch x86_64 -isysroot /Applications/Xcode.app/Contents/Developer/Platforms/iPhoneSimulator.platform/Developer/SDKs/iPhoneSimulator26.5.sdk -x c -c /dev/null

ReadFileContents /Applications/Xcode.app/Contents/Developer/Toolchains/XcodeDefault.xctoolchain/usr/share/docc/features.json

ExecuteExternalTool /Applications/Xcode.app/Contents/Developer/usr/bin/actool --print-asset-tag-combinations --output-format xml1 /Volumes/jaigaurav17-001/Projects/iOS/Broccoli/Broccoli/Resources/Assets.xcassets

ExecuteExternalTool /Applications/Xcode.app/Contents/Developer/Toolchains/XcodeDefault.xctoolchain/usr/bin/clang -v -E -dM -arch arm64 -isysroot /Applications/Xcode.app/Contents/Developer/Platforms/iPhoneSimulator.platform/Developer/SDKs/iPhoneSimulator26.5.sdk -x objective-c++ -c /dev/null

ExecuteExternalTool /Applications/Xcode.app/Contents/Developer/Toolchains/XcodeDefault.xctoolchain/usr/bin/clang -v -E -dM -arch x86_64 -isysroot /Applications/Xcode.app/Contents/Developer/Platforms/iPhoneSimulator.platform/Developer/SDKs/iPhoneSimulator26.5.sdk -x objective-c++ -c /dev/null

Build description signature: 8167ee52dd90a8cbcb220f88b21158a3
Build description path: /Users/jaigaurav/Library/Developer/Xcode/DerivedData/Broccoli-eapieicfqwxippexlubxawpdfesp/Build/Intermediates.noindex/XCBuildData/8167ee52dd90a8cbcb220f88b21158a3.xcbuilddata
ClangStatCache /Applications/Xcode.app/Contents/Developer/Toolchains/XcodeDefault.xctoolchain/usr/bin/clang-stat-cache /Applications/Xcode.app/Contents/Developer/Platforms/iPhoneSimulator.platform/Developer/SDKs/iPhoneSimulator26.5.sdk /Users/jaigaurav/Library/Developer/Xcode/DerivedData/SDKStatCaches.noindex/iphonesimulator26.5-23F81a-6cfe768891a92b912361537c460fe42b.sdkstatcache
    cd /Volumes/jaigaurav17-001/Projects/iOS/Broccoli
    /Applications/Xcode.app/Contents/Developer/Toolchains/XcodeDefault.xctoolchain/usr/bin/clang-stat-cache /Applications/Xcode.app/Contents/Developer/Platforms/iPhoneSimulator.platform/Developer/SDKs/iPhoneSimulator26.5.sdk -o /Users/jaigaurav/Library/Developer/Xcode/DerivedData/SDKStatCaches.noindex/iphonesimulator26.5-23F81a-6cfe768891a92b912361537c460fe42b.sdkstatcache

ProcessInfoPlistFile /Users/jaigaurav/Library/Developer/Xcode/DerivedData/Broccoli-eapieicfqwxippexlubxawpdfesp/Build/Products/Debug-iphonesimulator/GoogleSignIn_GoogleSignInSwift.bundle/Info.plist /Users/jaigaurav/Library/Developer/Xcode/DerivedData/Broccoli-eapieicfqwxippexlubxawpdfesp/Build/Intermediates.noindex/GoogleSignIn.build/Debug-iphonesimulator/GoogleSignIn_GoogleSignInSwift.build/empty-GoogleSignIn_GoogleSignInSwift.plist (in target 'GoogleSignIn_GoogleSignInSwift' from project 'GoogleSignIn')
    cd /Users/jaigaurav/Library/Developer/Xcode/DerivedData/Broccoli-eapieicfqwxippexlubxawpdfesp/SourcePackages/checkouts/GoogleSignIn-iOS
    builtin-infoPlistUtility /Users/jaigaurav/Library/Developer/Xcode/DerivedData/Broccoli-eapieicfqwxippexlubxawpdfesp/Build/Intermediates.noindex/GoogleSignIn.build/Debug-iphonesimulator/GoogleSignIn_GoogleSignInSwift.build/empty-GoogleSignIn_GoogleSignInSwift.plist -producttype com.apple.product-type.bundle -expandbuildsettings -format binary -platform iphonesimulator -o /Users/jaigaurav/Library/Developer/Xcode/DerivedData/Broccoli-eapieicfqwxippexlubxawpdfesp/Build/Products/Debug-iphonesimulator/GoogleSignIn_GoogleSignInSwift.bundle/Info.plist

ProcessInfoPlistFile /Users/jaigaurav/Library/Developer/Xcode/DerivedData/Broccoli-eapieicfqwxippexlubxawpdfesp/Build/Products/Debug-iphonesimulator/GoogleSignIn_GoogleSignIn.bundle/Info.plist /Users/jaigaurav/Library/Developer/Xcode/DerivedData/Broccoli-eapieicfqwxippexlubxawpdfesp/Build/Intermediates.noindex/GoogleSignIn.build/Debug-iphonesimulator/GoogleSignIn_GoogleSignIn.build/empty-GoogleSignIn_GoogleSignIn.plist (in target 'GoogleSignIn_GoogleSignIn' from project 'GoogleSignIn')
    cd /Users/jaigaurav/Library/Developer/Xcode/DerivedData/Broccoli-eapieicfqwxippexlubxawpdfesp/SourcePackages/checkouts/GoogleSignIn-iOS
    builtin-infoPlistUtility /Users/jaigaurav/Library/Developer/Xcode/DerivedData/Broccoli-eapieicfqwxippexlubxawpdfesp/Build/Intermediates.noindex/GoogleSignIn.build/Debug-iphonesimulator/GoogleSignIn_GoogleSignIn.build/empty-GoogleSignIn_GoogleSignIn.plist -producttype com.apple.product-type.bundle -expandbuildsettings -format binary -platform iphonesimulator -o /Users/jaigaurav/Library/Developer/Xcode/DerivedData/Broccoli-eapieicfqwxippexlubxawpdfesp/Build/Products/Debug-iphonesimulator/GoogleSignIn_GoogleSignIn.bundle/Info.plist

ProcessInfoPlistFile /Users/jaigaurav/Library/Developer/Xcode/DerivedData/Broccoli-eapieicfqwxippexlubxawpdfesp/Build/Products/Debug-iphonesimulator/Firebase_FirebaseCrashlytics.bundle/Info.plist /Users/jaigaurav/Library/Developer/Xcode/DerivedData/Broccoli-eapieicfqwxippexlubxawpdfesp/Build/Intermediates.noindex/Firebase.build/Debug-iphonesimulator/Firebase_FirebaseCrashlytics.build/empty-Firebase_FirebaseCrashlytics.plist (in target 'Firebase_FirebaseCrashlytics' from project 'Firebase')
    cd /Users/jaigaurav/Library/Developer/Xcode/DerivedData/Broccoli-eapieicfqwxippexlubxawpdfesp/SourcePackages/checkouts/firebase-ios-sdk
    builtin-infoPlistUtility /Users/jaigaurav/Library/Developer/Xcode/DerivedData/Broccoli-eapieicfqwxippexlubxawpdfesp/Build/Intermediates.noindex/Firebase.build/Debug-iphonesimulator/Firebase_FirebaseCrashlytics.build/empty-Firebase_FirebaseCrashlytics.plist -producttype com.apple.product-type.bundle -expandbuildsettings -format binary -platform iphonesimulator -o /Users/jaigaurav/Library/Developer/Xcode/DerivedData/Broccoli-eapieicfqwxippexlubxawpdfesp/Build/Products/Debug-iphonesimulator/Firebase_FirebaseCrashlytics.bundle/Info.plist

ProcessInfoPlistFile /Users/jaigaurav/Library/Developer/Xcode/DerivedData/Broccoli-eapieicfqwxippexlubxawpdfesp/Build/Products/Debug-iphonesimulator/Firebase_FirebaseCore.bundle/Info.plist /Users/jaigaurav/Library/Developer/Xcode/DerivedData/Broccoli-eapieicfqwxippexlubxawpdfesp/Build/Intermediates.noindex/Firebase.build/Debug-iphonesimulator/Firebase_FirebaseCore.build/empty-Firebase_FirebaseCore.plist (in target 'Firebase_FirebaseCore' from project 'Firebase')
    cd /Users/jaigaurav/Library/Developer/Xcode/DerivedData/Broccoli-eapieicfqwxippexlubxawpdfesp/SourcePackages/checkouts/firebase-ios-sdk
    builtin-infoPlistUtility /Users/jaigaurav/Library/Developer/Xcode/DerivedData/Broccoli-eapieicfqwxippexlubxawpdfesp/Build/Intermediates.noindex/Firebase.build/Debug-iphonesimulator/Firebase_FirebaseCore.build/empty-Firebase_FirebaseCore.plist -producttype com.apple.product-type.bundle -expandbuildsettings -format binary -platform iphonesimulator -o /Users/jaigaurav/Library/Developer/Xcode/DerivedData/Broccoli-eapieicfqwxippexlubxawpdfesp/Build/Products/Debug-iphonesimulator/Firebase_FirebaseCore.bundle/Info.plist

ProcessInfoPlistFile /Users/jaigaurav/Library/Developer/Xcode/DerivedData/Broccoli-eapieicfqwxippexlubxawpdfesp/Build/Products/Debug-iphonesimulator/Firebase_FirebaseMessaging.bundle/Info.plist /Users/jaigaurav/Library/Developer/Xcode/DerivedData/Broccoli-eapieicfqwxippexlubxawpdfesp/Build/Intermediates.noindex/Firebase.build/Debug-iphonesimulator/Firebase_FirebaseMessaging.build/empty-Firebase_FirebaseMessaging.plist (in target 'Firebase_FirebaseMessaging' from project 'Firebase')
    cd /Users/jaigaurav/Library/Developer/Xcode/DerivedData/Broccoli-eapieicfqwxippexlubxawpdfesp/SourcePackages/checkouts/firebase-ios-sdk
    builtin-infoPlistUtility /Users/jaigaurav/Library/Developer/Xcode/DerivedData/Broccoli-eapieicfqwxippexlubxawpdfesp/Build/Intermediates.noindex/Firebase.build/Debug-iphonesimulator/Firebase_FirebaseMessaging.build/empty-Firebase_FirebaseMessaging.plist -producttype com.apple.product-type.bundle -expandbuildsettings -format binary -platform iphonesimulator -o /Users/jaigaurav/Library/Developer/Xcode/DerivedData/Broccoli-eapieicfqwxippexlubxawpdfesp/Build/Products/Debug-iphonesimulator/Firebase_FirebaseMessaging.bundle/Info.plist

ProcessInfoPlistFile /Users/jaigaurav/Library/Developer/Xcode/DerivedData/Broccoli-eapieicfqwxippexlubxawpdfesp/Build/Products/Debug-iphonesimulator/Stripe_StripePaymentSheet.bundle/Info.plist /Users/jaigaurav/Library/Developer/Xcode/DerivedData/Broccoli-eapieicfqwxippexlubxawpdfesp/Build/Intermediates.noindex/Stripe.build/Debug-iphonesimulator/Stripe_StripePaymentSheet.build/empty-Stripe_StripePaymentSheet.plist (in target 'Stripe_StripePaymentSheet' from project 'Stripe')
    cd /Users/jaigaurav/Library/Developer/Xcode/DerivedData/Broccoli-eapieicfqwxippexlubxawpdfesp/SourcePackages/checkouts/stripe-ios-spm
    builtin-infoPlistUtility /Users/jaigaurav/Library/Developer/Xcode/DerivedData/Broccoli-eapieicfqwxippexlubxawpdfesp/Build/Intermediates.noindex/Stripe.build/Debug-iphonesimulator/Stripe_StripePaymentSheet.build/empty-Stripe_StripePaymentSheet.plist -producttype com.apple.product-type.bundle -expandbuildsettings -format binary -platform iphonesimulator -additionalcontentfile /Users/jaigaurav/Library/Developer/Xcode/DerivedData/Broccoli-eapieicfqwxippexlubxawpdfesp/Build/Intermediates.noindex/Stripe.build/Debug-iphonesimulator/Stripe_StripePaymentSheet.build/assetcatalog_generated_info.plist -o /Users/jaigaurav/Library/Developer/Xcode/DerivedData/Broccoli-eapieicfqwxippexlubxawpdfesp/Build/Products/Debug-iphonesimulator/Stripe_StripePaymentSheet.bundle/Info.plist

ProcessInfoPlistFile /Users/jaigaurav/Library/Developer/Xcode/DerivedData/Broccoli-eapieicfqwxippexlubxawpdfesp/Build/Products/Debug-iphonesimulator/Stripe_Stripe3DS2.bundle/Info.plist /Users/jaigaurav/Library/Developer/Xcode/DerivedData/Broccoli-eapieicfqwxippexlubxawpdfesp/Build/Intermediates.noindex/Stripe.build/Debug-iphonesimulator/Stripe_Stripe3DS2.build/empty-Stripe_Stripe3DS2.plist (in target 'Stripe_Stripe3DS2' from project 'Stripe')
    cd /Users/jaigaurav/Library/Developer/Xcode/DerivedData/Broccoli-eapieicfqwxippexlubxawpdfesp/SourcePackages/checkouts/stripe-ios-spm
    builtin-infoPlistUtility /Users/jaigaurav/Library/Developer/Xcode/DerivedData/Broccoli-eapieicfqwxippexlubxawpdfesp/Build/Intermediates.noindex/Stripe.build/Debug-iphonesimulator/Stripe_Stripe3DS2.build/empty-Stripe_Stripe3DS2.plist -producttype com.apple.product-type.bundle -expandbuildsettings -format binary -platform iphonesimulator -additionalcontentfile /Users/jaigaurav/Library/Developer/Xcode/DerivedData/Broccoli-eapieicfqwxippexlubxawpdfesp/Build/Intermediates.noindex/Stripe.build/Debug-iphonesimulator/Stripe_Stripe3DS2.build/assetcatalog_generated_info.plist -o /Users/jaigaurav/Library/Developer/Xcode/DerivedData/Broccoli-eapieicfqwxippexlubxawpdfesp/Build/Products/Debug-iphonesimulator/Stripe_Stripe3DS2.bundle/Info.plist

Ld /Users/jaigaurav/Library/Developer/Xcode/DerivedData/Broccoli-eapieicfqwxippexlubxawpdfesp/Build/Intermediates.noindex/Firebase.build/Debug-iphonesimulator/Firebase.build/Objects-normal/x86_64/Binary/Firebase.o normal x86_64 (in target 'Firebase' from project 'Firebase')
    cd /Users/jaigaurav/Library/Developer/Xcode/DerivedData/Broccoli-eapieicfqwxippexlubxawpdfesp/SourcePackages/checkouts/firebase-ios-sdk
    /Applications/Xcode.app/Contents/Developer/Toolchains/XcodeDefault.xctoolchain/usr/bin/clang -Xlinker -reproducible -target x86_64-apple-ios15.0-simulator -r -isysroot /Applications/Xcode.app/Contents/Developer/Platforms/iPhoneSimulator.platform/Developer/SDKs/iPhoneSimulator26.5.sdk -O0 -w -F/Users/jaigaurav/Library/Developer/Xcode/DerivedData/Broccoli-eapieicfqwxippexlubxawpdfesp/Build/Intermediates.noindex/EagerLinkingTBDs/Debug-iphonesimulator -F/Users/jaigaurav/Library/Developer/Xcode/DerivedData/Broccoli-eapieicfqwxippexlubxawpdfesp/Build/Products/Debug-iphonesimulator -iframework /Applications/Xcode.app/Contents/Developer/Platforms/iPhoneSimulator.platform/Developer/Library/Frameworks -iframework /Applications/Xcode.app/Contents/Developer/Platforms/iPhoneSimulator.platform/Developer/SDKs/iPhoneSimulator26.5.sdk/Developer/Library/Frameworks -filelist /Users/jaigaurav/Library/Developer/Xcode/DerivedData/Broccoli-eapieicfqwxippexlubxawpdfesp/Build/Intermediates.noindex/Firebase.build/Debug-iphonesimulator/Firebase.build/Objects-normal/x86_64/Firebase.LinkFileList -nostdlib -Xlinker -object_path_lto -Xlinker /Users/jaigaurav/Library/Developer/Xcode/DerivedData/Broccoli-eapieicfqwxippexlubxawpdfesp/Build/Intermediates.noindex/Firebase.build/Debug-iphonesimulator/Firebase.build/Objects-normal/x86_64/Firebase_lto.o -Xlinker -no_deduplicate -Xlinker -objc_abi_version -Xlinker 2 -Xlinker -debug_variant -Xlinker -dependency_info -Xlinker /Users/jaigaurav/Library/Developer/Xcode/DerivedData/Broccoli-eapieicfqwxippexlubxawpdfesp/Build/Intermediates.noindex/Firebase.build/Debug-iphonesimulator/Firebase.build/Objects-normal/x86_64/Firebase_dependency_info.dat -fobjc-arc -fobjc-link-runtime -o /Users/jaigaurav/Library/Developer/Xcode/DerivedData/Broccoli-eapieicfqwxippexlubxawpdfesp/Build/Intermediates.noindex/Firebase.build/Debug-iphonesimulator/Firebase.build/Objects-normal/x86_64/Binary/Firebase.o

Ld /Users/jaigaurav/Library/Developer/Xcode/DerivedData/Broccoli-eapieicfqwxippexlubxawpdfesp/Build/Intermediates.noindex/Stripe.build/Debug-iphonesimulator/Stripe3DS2.build/Objects-normal/x86_64/Binary/Stripe3DS2.o normal x86_64 (in target 'Stripe3DS2' from project 'Stripe')
    cd /Users/jaigaurav/Library/Developer/Xcode/DerivedData/Broccoli-eapieicfqwxippexlubxawpdfesp/SourcePackages/checkouts/stripe-ios-spm
    /Applications/Xcode.app/Contents/Developer/Toolchains/XcodeDefault.xctoolchain/usr/bin/clang -Xlinker -reproducible -target x86_64-apple-ios13.0-simulator -r -isysroot /Applications/Xcode.app/Contents/Developer/Platforms/iPhoneSimulator.platform/Developer/SDKs/iPhoneSimulator26.5.sdk -O0 -w -F/Users/jaigaurav/Library/Developer/Xcode/DerivedData/Broccoli-eapieicfqwxippexlubxawpdfesp/Build/Intermediates.noindex/EagerLinkingTBDs/Debug-iphonesimulator -F/Users/jaigaurav/Library/Developer/Xcode/DerivedData/Broccoli-eapieicfqwxippexlubxawpdfesp/Build/Products/Debug-iphonesimulator -iframework /Applications/Xcode.app/Contents/Developer/Platforms/iPhoneSimulator.platform/Developer/Library/Frameworks -iframework /Applications/Xcode.app/Contents/Developer/Platforms/iPhoneSimulator.platform/Developer/SDKs/iPhoneSimulator26.5.sdk/Developer/Library/Frameworks -filelist /Users/jaigaurav/Library/Developer/Xcode/DerivedData/Broccoli-eapieicfqwxippexlubxawpdfesp/Build/Intermediates.noindex/Stripe.build/Debug-iphonesimulator/Stripe3DS2.build/Objects-normal/x86_64/Stripe3DS2.LinkFileList -nostdlib -Xlinker -object_path_lto -Xlinker /Users/jaigaurav/Library/Developer/Xcode/DerivedData/Broccoli-eapieicfqwxippexlubxawpdfesp/Build/Intermediates.noindex/Stripe.build/Debug-iphonesimulator/Stripe3DS2.build/Objects-normal/x86_64/Stripe3DS2_lto.o -Xlinker -no_deduplicate -Xlinker -objc_abi_version -Xlinker 2 -Xlinker -debug_variant -Xlinker -dependency_info -Xlinker /Users/jaigaurav/Library/Developer/Xcode/DerivedData/Broccoli-eapieicfqwxippexlubxawpdfesp/Build/Intermediates.noindex/Stripe.build/Debug-iphonesimulator/Stripe3DS2.build/Objects-normal/x86_64/Stripe3DS2_dependency_info.dat -fobjc-arc -fobjc-link-runtime -o /Users/jaigaurav/Library/Developer/Xcode/DerivedData/Broccoli-eapieicfqwxippexlubxawpdfesp/Build/Intermediates.noindex/Stripe.build/Debug-iphonesimulator/Stripe3DS2.build/Objects-normal/x86_64/Binary/Stripe3DS2.o

Ld /Users/jaigaurav/Library/Developer/Xcode/DerivedData/Broccoli-eapieicfqwxippexlubxawpdfesp/Build/Intermediates.noindex/Facebook.build/Debug-iphonesimulator/FacebookAEM.build/Objects-normal/x86_64/Binary/FacebookAEM.o normal x86_64 (in target 'FacebookAEM' from project 'Facebook')
    cd /Users/jaigaurav/Library/Developer/Xcode/DerivedData/Broccoli-eapieicfqwxippexlubxawpdfesp/SourcePackages/checkouts/facebook-ios-sdk
    /Applications/Xcode.app/Contents/Developer/Toolchains/XcodeDefault.xctoolchain/usr/bin/clang -Xlinker -reproducible -target x86_64-apple-ios12.0-simulator -r -isysroot /Applications/Xcode.app/Contents/Developer/Platforms/iPhoneSimulator.platform/Developer/SDKs/iPhoneSimulator26.5.sdk -O0 -w -F/Users/jaigaurav/Library/Developer/Xcode/DerivedData/Broccoli-eapieicfqwxippexlubxawpdfesp/Build/Intermediates.noindex/EagerLinkingTBDs/Debug-iphonesimulator -F/Users/jaigaurav/Library/Developer/Xcode/DerivedData/Broccoli-eapieicfqwxippexlubxawpdfesp/Build/Products/Debug-iphonesimulator -iframework /Applications/Xcode.app/Contents/Developer/Platforms/iPhoneSimulator.platform/Developer/Library/Frameworks -iframework /Applications/Xcode.app/Contents/Developer/Platforms/iPhoneSimulator.platform/Developer/SDKs/iPhoneSimulator26.5.sdk/Developer/Library/Frameworks -filelist /Users/jaigaurav/Library/Developer/Xcode/DerivedData/Broccoli-eapieicfqwxippexlubxawpdfesp/Build/Intermediates.noindex/Facebook.build/Debug-iphonesimulator/FacebookAEM.build/Objects-normal/x86_64/FacebookAEM.LinkFileList -nostdlib -Xlinker -object_path_lto -Xlinker /Users/jaigaurav/Library/Developer/Xcode/DerivedData/Broccoli-eapieicfqwxippexlubxawpdfesp/Build/Intermediates.noindex/Facebook.build/Debug-iphonesimulator/FacebookAEM.build/Objects-normal/x86_64/FacebookAEM_lto.o -Xlinker -no_deduplicate -Xlinker -objc_abi_version -Xlinker 2 -Xlinker -debug_variant -Xlinker -dependency_info -Xlinker /Users/jaigaurav/Library/Developer/Xcode/DerivedData/Broccoli-eapieicfqwxippexlubxawpdfesp/Build/Intermediates.noindex/Facebook.build/Debug-iphonesimulator/FacebookAEM.build/Objects-normal/x86_64/FacebookAEM_dependency_info.dat -fobjc-link-runtime -L/Applications/Xcode.app/Contents/Developer/Toolchains/XcodeDefault.xctoolchain/usr/lib/swift/iphonesimulator -L/usr/lib/swift -Xlinker -add_ast_path -Xlinker /Users/jaigaurav/Library/Developer/Xcode/DerivedData/Broccoli-eapieicfqwxippexlubxawpdfesp/Build/Intermediates.noindex/Facebook.build/Debug-iphonesimulator/FacebookAEM.build/Objects-normal/x86_64/FacebookAEM.swiftmodule @/Users/jaigaurav/Library/Developer/Xcode/DerivedData/Broccoli-eapieicfqwxippexlubxawpdfesp/Build/Intermediates.noindex/Facebook.build/Debug-iphonesimulator/FacebookAEM.build/Objects-normal/x86_64/FacebookAEM-linker-args.resp -o /Users/jaigaurav/Library/Developer/Xcode/DerivedData/Broccoli-eapieicfqwxippexlubxawpdfesp/Build/Intermediates.noindex/Facebook.build/Debug-iphonesimulator/FacebookAEM.build/Objects-normal/x86_64/Binary/FacebookAEM.o

Ld /Users/jaigaurav/Library/Developer/Xcode/DerivedData/Broccoli-eapieicfqwxippexlubxawpdfesp/Build/Intermediates.noindex/AlertToast.build/Debug-iphonesimulator/AlertToast.build/Objects-normal/x86_64/Binary/AlertToast.o normal x86_64 (in target 'AlertToast' from project 'AlertToast')
    cd /Users/jaigaurav/Library/Developer/Xcode/DerivedData/Broccoli-eapieicfqwxippexlubxawpdfesp/SourcePackages/checkouts/AlertToast
    /Applications/Xcode.app/Contents/Developer/Toolchains/XcodeDefault.xctoolchain/usr/bin/clang -Xlinker -reproducible -target x86_64-apple-ios13.0-simulator -r -isysroot /Applications/Xcode.app/Contents/Developer/Platforms/iPhoneSimulator.platform/Developer/SDKs/iPhoneSimulator26.5.sdk -O0 -w -F/Users/jaigaurav/Library/Developer/Xcode/DerivedData/Broccoli-eapieicfqwxippexlubxawpdfesp/Build/Intermediates.noindex/EagerLinkingTBDs/Debug-iphonesimulator -F/Users/jaigaurav/Library/Developer/Xcode/DerivedData/Broccoli-eapieicfqwxippexlubxawpdfesp/Build/Products/Debug-iphonesimulator -iframework /Applications/Xcode.app/Contents/Developer/Platforms/iPhoneSimulator.platform/Developer/Library/Frameworks -iframework /Applications/Xcode.app/Contents/Developer/Platforms/iPhoneSimulator.platform/Developer/SDKs/iPhoneSimulator26.5.sdk/Developer/Library/Frameworks -filelist /Users/jaigaurav/Library/Developer/Xcode/DerivedData/Broccoli-eapieicfqwxippexlubxawpdfesp/Build/Intermediates.noindex/AlertToast.build/Debug-iphonesimulator/AlertToast.build/Objects-normal/x86_64/AlertToast.LinkFileList -nostdlib -Xlinker -object_path_lto -Xlinker /Users/jaigaurav/Library/Developer/Xcode/DerivedData/Broccoli-eapieicfqwxippexlubxawpdfesp/Build/Intermediates.noindex/AlertToast.build/Debug-iphonesimulator/AlertToast.build/Objects-normal/x86_64/AlertToast_lto.o -Xlinker -no_deduplicate -Xlinker -objc_abi_version -Xlinker 2 -Xlinker -debug_variant -Xlinker -dependency_info -Xlinker /Users/jaigaurav/Library/Developer/Xcode/DerivedData/Broccoli-eapieicfqwxippexlubxawpdfesp/Build/Intermediates.noindex/AlertToast.build/Debug-iphonesimulator/AlertToast.build/Objects-normal/x86_64/AlertToast_dependency_info.dat -fobjc-link-runtime -L/Applications/Xcode.app/Contents/Developer/Toolchains/XcodeDefault.xctoolchain/usr/lib/swift/iphonesimulator -L/usr/lib/swift -Xlinker -add_ast_path -Xlinker /Users/jaigaurav/Library/Developer/Xcode/DerivedData/Broccoli-eapieicfqwxippexlubxawpdfesp/Build/Intermediates.noindex/AlertToast.build/Debug-iphonesimulator/AlertToast.build/Objects-normal/x86_64/AlertToast.swiftmodule @/Users/jaigaurav/Library/Developer/Xcode/DerivedData/Broccoli-eapieicfqwxippexlubxawpdfesp/Build/Intermediates.noindex/AlertToast.build/Debug-iphonesimulator/AlertToast.build/Objects-normal/x86_64/AlertToast-linker-args.resp -o /Users/jaigaurav/Library/Developer/Xcode/DerivedData/Broccoli-eapieicfqwxippexlubxawpdfesp/Build/Intermediates.noindex/AlertToast.build/Debug-iphonesimulator/AlertToast.build/Objects-normal/x86_64/Binary/AlertToast.o

Ld /Users/jaigaurav/Library/Developer/Xcode/DerivedData/Broccoli-eapieicfqwxippexlubxawpdfesp/Build/Intermediates.noindex/KeychainAccess.build/Debug-iphonesimulator/KeychainAccess.build/Objects-normal/x86_64/Binary/KeychainAccess.o normal x86_64 (in target 'KeychainAccess' from project 'KeychainAccess')
    cd /Users/jaigaurav/Library/Developer/Xcode/DerivedData/Broccoli-eapieicfqwxippexlubxawpdfesp/SourcePackages/checkouts/KeychainAccess
    /Applications/Xcode.app/Contents/Developer/Toolchains/XcodeDefault.xctoolchain/usr/bin/clang -Xlinker -reproducible -target x86_64-apple-ios12.0-simulator -r -isysroot /Applications/Xcode.app/Contents/Developer/Platforms/iPhoneSimulator.platform/Developer/SDKs/iPhoneSimulator26.5.sdk -O0 -w -F/Users/jaigaurav/Library/Developer/Xcode/DerivedData/Broccoli-eapieicfqwxippexlubxawpdfesp/Build/Intermediates.noindex/EagerLinkingTBDs/Debug-iphonesimulator -F/Users/jaigaurav/Library/Developer/Xcode/DerivedData/Broccoli-eapieicfqwxippexlubxawpdfesp/Build/Products/Debug-iphonesimulator -iframework /Applications/Xcode.app/Contents/Developer/Platforms/iPhoneSimulator.platform/Developer/Library/Frameworks -iframework /Applications/Xcode.app/Contents/Developer/Platforms/iPhoneSimulator.platform/Developer/SDKs/iPhoneSimulator26.5.sdk/Developer/Library/Frameworks -filelist /Users/jaigaurav/Library/Developer/Xcode/DerivedData/Broccoli-eapieicfqwxippexlubxawpdfesp/Build/Intermediates.noindex/KeychainAccess.build/Debug-iphonesimulator/KeychainAccess.build/Objects-normal/x86_64/KeychainAccess.LinkFileList -nostdlib -Xlinker -object_path_lto -Xlinker /Users/jaigaurav/Library/Developer/Xcode/DerivedData/Broccoli-eapieicfqwxippexlubxawpdfesp/Build/Intermediates.noindex/KeychainAccess.build/Debug-iphonesimulator/KeychainAccess.build/Objects-normal/x86_64/KeychainAccess_lto.o -Xlinker -no_deduplicate -Xlinker -objc_abi_version -Xlinker 2 -Xlinker -debug_variant -Xlinker -dependency_info -Xlinker /Users/jaigaurav/Library/Developer/Xcode/DerivedData/Broccoli-eapieicfqwxippexlubxawpdfesp/Build/Intermediates.noindex/KeychainAccess.build/Debug-iphonesimulator/KeychainAccess.build/Objects-normal/x86_64/KeychainAccess_dependency_info.dat -fobjc-link-runtime -L/Applications/Xcode.app/Contents/Developer/Toolchains/XcodeDefault.xctoolchain/usr/lib/swift/iphonesimulator -L/usr/lib/swift -Xlinker -add_ast_path -Xlinker /Users/jaigaurav/Library/Developer/Xcode/DerivedData/Broccoli-eapieicfqwxippexlubxawpdfesp/Build/Intermediates.noindex/KeychainAccess.build/Debug-iphonesimulator/KeychainAccess.build/Objects-normal/x86_64/KeychainAccess.swiftmodule @/Users/jaigaurav/Library/Developer/Xcode/DerivedData/Broccoli-eapieicfqwxippexlubxawpdfesp/Build/Intermediates.noindex/KeychainAccess.build/Debug-iphonesimulator/KeychainAccess.build/Objects-normal/x86_64/KeychainAccess-linker-args.resp -o /Users/jaigaurav/Library/Developer/Xcode/DerivedData/Broccoli-eapieicfqwxippexlubxawpdfesp/Build/Intermediates.noindex/KeychainAccess.build/Debug-iphonesimulator/KeychainAccess.build/Objects-normal/x86_64/Binary/KeychainAccess.o

Ld /Users/jaigaurav/Library/Developer/Xcode/DerivedData/Broccoli-eapieicfqwxippexlubxawpdfesp/Build/Intermediates.noindex/AgoraRtcEngine_iOS.build/Debug-iphonesimulator/AgoraInfra_iOS.build/Objects-normal/x86_64/Binary/AgoraInfra_iOS.o normal x86_64 (in target 'AgoraInfra_iOS' from project 'AgoraRtcEngine_iOS')
    cd /Users/jaigaurav/Library/Developer/Xcode/DerivedData/Broccoli-eapieicfqwxippexlubxawpdfesp/SourcePackages/checkouts/AgoraRtcEngine_iOS
    /Applications/Xcode.app/Contents/Developer/Toolchains/XcodeDefault.xctoolchain/usr/bin/clang -Xlinker -reproducible -target x86_64-apple-ios12.0-simulator -r -isysroot /Applications/Xcode.app/Contents/Developer/Platforms/iPhoneSimulator.platform/Developer/SDKs/iPhoneSimulator26.5.sdk -O0 -w -F/Users/jaigaurav/Library/Developer/Xcode/DerivedData/Broccoli-eapieicfqwxippexlubxawpdfesp/Build/Intermediates.noindex/EagerLinkingTBDs/Debug-iphonesimulator -F/Users/jaigaurav/Library/Developer/Xcode/DerivedData/Broccoli-eapieicfqwxippexlubxawpdfesp/Build/Products/Debug-iphonesimulator -iframework /Applications/Xcode.app/Contents/Developer/Platforms/iPhoneSimulator.platform/Developer/Library/Frameworks -iframework /Applications/Xcode.app/Contents/Developer/Platforms/iPhoneSimulator.platform/Developer/SDKs/iPhoneSimulator26.5.sdk/Developer/Library/Frameworks -filelist /Users/jaigaurav/Library/Developer/Xcode/DerivedData/Broccoli-eapieicfqwxippexlubxawpdfesp/Build/Intermediates.noindex/AgoraRtcEngine_iOS.build/Debug-iphonesimulator/AgoraInfra_iOS.build/Objects-normal/x86_64/AgoraInfra_iOS.LinkFileList -nostdlib -Xlinker -object_path_lto -Xlinker /Users/jaigaurav/Library/Developer/Xcode/DerivedData/Broccoli-eapieicfqwxippexlubxawpdfesp/Build/Intermediates.noindex/AgoraRtcEngine_iOS.build/Debug-iphonesimulator/AgoraInfra_iOS.build/Objects-normal/x86_64/AgoraInfra_iOS_lto.o -Xlinker -no_deduplicate -Xlinker -objc_abi_version -Xlinker 2 -Xlinker -debug_variant -Xlinker -dependency_info -Xlinker /Users/jaigaurav/Library/Developer/Xcode/DerivedData/Broccoli-eapieicfqwxippexlubxawpdfesp/Build/Intermediates.noindex/AgoraRtcEngine_iOS.build/Debug-iphonesimulator/AgoraInfra_iOS.build/Objects-normal/x86_64/AgoraInfra_iOS_dependency_info.dat -fobjc-link-runtime -L/Applications/Xcode.app/Contents/Developer/Toolchains/XcodeDefault.xctoolchain/usr/lib/swift/iphonesimulator -L/usr/lib/swift -Xlinker -add_ast_path -Xlinker /Users/jaigaurav/Library/Developer/Xcode/DerivedData/Broccoli-eapieicfqwxippexlubxawpdfesp/Build/Intermediates.noindex/AgoraRtcEngine_iOS.build/Debug-iphonesimulator/AgoraInfra_iOS.build/Objects-normal/x86_64/AgoraInfra_iOS.swiftmodule @/Users/jaigaurav/Library/Developer/Xcode/DerivedData/Broccoli-eapieicfqwxippexlubxawpdfesp/Build/Intermediates.noindex/AgoraRtcEngine_iOS.build/Debug-iphonesimulator/AgoraInfra_iOS.build/Objects-normal/x86_64/AgoraInfra_iOS-linker-args.resp -o /Users/jaigaurav/Library/Developer/Xcode/DerivedData/Broccoli-eapieicfqwxippexlubxawpdfesp/Build/Intermediates.noindex/AgoraRtcEngine_iOS.build/Debug-iphonesimulator/AgoraInfra_iOS.build/Objects-normal/x86_64/Binary/AgoraInfra_iOS.o

ProcessInfoPlistFile /Users/jaigaurav/Library/Developer/Xcode/DerivedData/Broccoli-eapieicfqwxippexlubxawpdfesp/Build/Products/Debug-iphonesimulator/GTMSessionFetcher_GTMSessionFetcherCore.bundle/Info.plist /Users/jaigaurav/Library/Developer/Xcode/DerivedData/Broccoli-eapieicfqwxippexlubxawpdfesp/Build/Intermediates.noindex/GTMSessionFetcher.build/Debug-iphonesimulator/GTMSessionFetcher_GTMSessionFetcherCore.build/empty-GTMSessionFetcher_GTMSessionFetcherCore.plist (in target 'GTMSessionFetcher_GTMSessionFetcherCore' from project 'GTMSessionFetcher')
    cd /Users/jaigaurav/Library/Developer/Xcode/DerivedData/Broccoli-eapieicfqwxippexlubxawpdfesp/SourcePackages/checkouts/gtm-session-fetcher
    builtin-infoPlistUtility /Users/jaigaurav/Library/Developer/Xcode/DerivedData/Broccoli-eapieicfqwxippexlubxawpdfesp/Build/Intermediates.noindex/GTMSessionFetcher.build/Debug-iphonesimulator/GTMSessionFetcher_GTMSessionFetcherCore.build/empty-GTMSessionFetcher_GTMSessionFetcherCore.plist -producttype com.apple.product-type.bundle -expandbuildsettings -format binary -platform iphonesimulator -o /Users/jaigaurav/Library/Developer/Xcode/DerivedData/Broccoli-eapieicfqwxippexlubxawpdfesp/Build/Products/Debug-iphonesimulator/GTMSessionFetcher_GTMSessionFetcherCore.bundle/Info.plist

Ld /Users/jaigaurav/Library/Developer/Xcode/DerivedData/Broccoli-eapieicfqwxippexlubxawpdfesp/Build/Intermediates.noindex/swiftui-window-overlay.build/Debug-iphonesimulator/WindowOverlay.build/Objects-normal/x86_64/Binary/WindowOverlay.o normal x86_64 (in target 'WindowOverlay' from project 'swiftui-window-overlay')
    cd /Users/jaigaurav/Library/Developer/Xcode/DerivedData/Broccoli-eapieicfqwxippexlubxawpdfesp/SourcePackages/checkouts/swiftui-window-overlay
    /Applications/Xcode.app/Contents/Developer/Toolchains/XcodeDefault.xctoolchain/usr/bin/clang -Xlinker -reproducible -target x86_64-apple-ios13.0-simulator -r -isysroot /Applications/Xcode.app/Contents/Developer/Platforms/iPhoneSimulator.platform/Developer/SDKs/iPhoneSimulator26.5.sdk -O0 -w -F/Users/jaigaurav/Library/Developer/Xcode/DerivedData/Broccoli-eapieicfqwxippexlubxawpdfesp/Build/Intermediates.noindex/EagerLinkingTBDs/Debug-iphonesimulator -F/Users/jaigaurav/Library/Developer/Xcode/DerivedData/Broccoli-eapieicfqwxippexlubxawpdfesp/Build/Products/Debug-iphonesimulator -iframework /Applications/Xcode.app/Contents/Developer/Platforms/iPhoneSimulator.platform/Developer/Library/Frameworks -iframework /Applications/Xcode.app/Contents/Developer/Platforms/iPhoneSimulator.platform/Developer/SDKs/iPhoneSimulator26.5.sdk/Developer/Library/Frameworks -filelist /Users/jaigaurav/Library/Developer/Xcode/DerivedData/Broccoli-eapieicfqwxippexlubxawpdfesp/Build/Intermediates.noindex/swiftui-window-overlay.build/Debug-iphonesimulator/WindowOverlay.build/Objects-normal/x86_64/WindowOverlay.LinkFileList -nostdlib -Xlinker -object_path_lto -Xlinker /Users/jaigaurav/Library/Developer/Xcode/DerivedData/Broccoli-eapieicfqwxippexlubxawpdfesp/Build/Intermediates.noindex/swiftui-window-overlay.build/Debug-iphonesimulator/WindowOverlay.build/Objects-normal/x86_64/WindowOverlay_lto.o -Xlinker -no_deduplicate -Xlinker -objc_abi_version -Xlinker 2 -Xlinker -debug_variant -Xlinker -dependency_info -Xlinker /Users/jaigaurav/Library/Developer/Xcode/DerivedData/Broccoli-eapieicfqwxippexlubxawpdfesp/Build/Intermediates.noindex/swiftui-window-overlay.build/Debug-iphonesimulator/WindowOverlay.build/Objects-normal/x86_64/WindowOverlay_dependency_info.dat -fobjc-link-runtime -L/Applications/Xcode.app/Contents/Developer/Toolchains/XcodeDefault.xctoolchain/usr/lib/swift/iphonesimulator -L/usr/lib/swift -Xlinker -add_ast_path -Xlinker /Users/jaigaurav/Library/Developer/Xcode/DerivedData/Broccoli-eapieicfqwxippexlubxawpdfesp/Build/Intermediates.noindex/swiftui-window-overlay.build/Debug-iphonesimulator/WindowOverlay.build/Objects-normal/x86_64/WindowOverlay.swiftmodule @/Users/jaigaurav/Library/Developer/Xcode/DerivedData/Broccoli-eapieicfqwxippexlubxawpdfesp/Build/Intermediates.noindex/swiftui-window-overlay.build/Debug-iphonesimulator/WindowOverlay.build/Objects-normal/x86_64/WindowOverlay-linker-args.resp -o /Users/jaigaurav/Library/Developer/Xcode/DerivedData/Broccoli-eapieicfqwxippexlubxawpdfesp/Build/Intermediates.noindex/swiftui-window-overlay.build/Debug-iphonesimulator/WindowOverlay.build/Objects-normal/x86_64/Binary/WindowOverlay.o

Ld /Users/jaigaurav/Library/Developer/Xcode/DerivedData/Broccoli-eapieicfqwxippexlubxawpdfesp/Build/Intermediates.noindex/GTMSessionFetcher.build/Debug-iphonesimulator/GTMSessionFetcherCore.build/Objects-normal/x86_64/Binary/GTMSessionFetcherCore.o normal x86_64 (in target 'GTMSessionFetcherCore' from project 'GTMSessionFetcher')
    cd /Users/jaigaurav/Library/Developer/Xcode/DerivedData/Broccoli-eapieicfqwxippexlubxawpdfesp/SourcePackages/checkouts/gtm-session-fetcher
    /Applications/Xcode.app/Contents/Developer/Toolchains/XcodeDefault.xctoolchain/usr/bin/clang -Xlinker -reproducible -target x86_64-apple-ios12.0-simulator -r -isysroot /Applications/Xcode.app/Contents/Developer/Platforms/iPhoneSimulator.platform/Developer/SDKs/iPhoneSimulator26.5.sdk -O0 -w -F/Users/jaigaurav/Library/Developer/Xcode/DerivedData/Broccoli-eapieicfqwxippexlubxawpdfesp/Build/Intermediates.noindex/EagerLinkingTBDs/Debug-iphonesimulator -F/Users/jaigaurav/Library/Developer/Xcode/DerivedData/Broccoli-eapieicfqwxippexlubxawpdfesp/Build/Products/Debug-iphonesimulator -iframework /Applications/Xcode.app/Contents/Developer/Platforms/iPhoneSimulator.platform/Developer/Library/Frameworks -iframework /Applications/Xcode.app/Contents/Developer/Platforms/iPhoneSimulator.platform/Developer/SDKs/iPhoneSimulator26.5.sdk/Developer/Library/Frameworks -filelist /Users/jaigaurav/Library/Developer/Xcode/DerivedData/Broccoli-eapieicfqwxippexlubxawpdfesp/Build/Intermediates.noindex/GTMSessionFetcher.build/Debug-iphonesimulator/GTMSessionFetcherCore.build/Objects-normal/x86_64/GTMSessionFetcherCore.LinkFileList -nostdlib -Xlinker -object_path_lto -Xlinker /Users/jaigaurav/Library/Developer/Xcode/DerivedData/Broccoli-eapieicfqwxippexlubxawpdfesp/Build/Intermediates.noindex/GTMSessionFetcher.build/Debug-iphonesimulator/GTMSessionFetcherCore.build/Objects-normal/x86_64/GTMSessionFetcherCore_lto.o -Xlinker -no_deduplicate -Xlinker -objc_abi_version -Xlinker 2 -Xlinker -debug_variant -Xlinker -dependency_info -Xlinker /Users/jaigaurav/Library/Developer/Xcode/DerivedData/Broccoli-eapieicfqwxippexlubxawpdfesp/Build/Intermediates.noindex/GTMSessionFetcher.build/Debug-iphonesimulator/GTMSessionFetcherCore.build/Objects-normal/x86_64/GTMSessionFetcherCore_dependency_info.dat -fobjc-arc -fobjc-link-runtime -o /Users/jaigaurav/Library/Developer/Xcode/DerivedData/Broccoli-eapieicfqwxippexlubxawpdfesp/Build/Intermediates.noindex/GTMSessionFetcher.build/Debug-iphonesimulator/GTMSessionFetcherCore.build/Objects-normal/x86_64/Binary/GTMSessionFetcherCore.o

Ld /Users/jaigaurav/Library/Developer/Xcode/DerivedData/Broccoli-eapieicfqwxippexlubxawpdfesp/Build/Intermediates.noindex/AgoraRtcEngine_iOS.build/Debug-iphonesimulator/AgoraInfra_iOS.build/Objects-normal/arm64/Binary/AgoraInfra_iOS.o normal arm64 (in target 'AgoraInfra_iOS' from project 'AgoraRtcEngine_iOS')
    cd /Users/jaigaurav/Library/Developer/Xcode/DerivedData/Broccoli-eapieicfqwxippexlubxawpdfesp/SourcePackages/checkouts/AgoraRtcEngine_iOS
    /Applications/Xcode.app/Contents/Developer/Toolchains/XcodeDefault.xctoolchain/usr/bin/clang -Xlinker -reproducible -target arm64-apple-ios12.0-simulator -r -isysroot /Applications/Xcode.app/Contents/Developer/Platforms/iPhoneSimulator.platform/Developer/SDKs/iPhoneSimulator26.5.sdk -O0 -w -F/Users/jaigaurav/Library/Developer/Xcode/DerivedData/Broccoli-eapieicfqwxippexlubxawpdfesp/Build/Intermediates.noindex/EagerLinkingTBDs/Debug-iphonesimulator -F/Users/jaigaurav/Library/Developer/Xcode/DerivedData/Broccoli-eapieicfqwxippexlubxawpdfesp/Build/Products/Debug-iphonesimulator -iframework /Applications/Xcode.app/Contents/Developer/Platforms/iPhoneSimulator.platform/Developer/Library/Frameworks -iframework /Applications/Xcode.app/Contents/Developer/Platforms/iPhoneSimulator.platform/Developer/SDKs/iPhoneSimulator26.5.sdk/Developer/Library/Frameworks -filelist /Users/jaigaurav/Library/Developer/Xcode/DerivedData/Broccoli-eapieicfqwxippexlubxawpdfesp/Build/Intermediates.noindex/AgoraRtcEngine_iOS.build/Debug-iphonesimulator/AgoraInfra_iOS.build/Objects-normal/arm64/AgoraInfra_iOS.LinkFileList -nostdlib -Xlinker -object_path_lto -Xlinker /Users/jaigaurav/Library/Developer/Xcode/DerivedData/Broccoli-eapieicfqwxippexlubxawpdfesp/Build/Intermediates.noindex/AgoraRtcEngine_iOS.build/Debug-iphonesimulator/AgoraInfra_iOS.build/Objects-normal/arm64/AgoraInfra_iOS_lto.o -Xlinker -no_deduplicate -Xlinker -objc_abi_version -Xlinker 2 -Xlinker -debug_variant -Xlinker -dependency_info -Xlinker /Users/jaigaurav/Library/Developer/Xcode/DerivedData/Broccoli-eapieicfqwxippexlubxawpdfesp/Build/Intermediates.noindex/AgoraRtcEngine_iOS.build/Debug-iphonesimulator/AgoraInfra_iOS.build/Objects-normal/arm64/AgoraInfra_iOS_dependency_info.dat -fobjc-link-runtime -L/Applications/Xcode.app/Contents/Developer/Toolchains/XcodeDefault.xctoolchain/usr/lib/swift/iphonesimulator -L/usr/lib/swift -Xlinker -add_ast_path -Xlinker /Users/jaigaurav/Library/Developer/Xcode/DerivedData/Broccoli-eapieicfqwxippexlubxawpdfesp/Build/Intermediates.noindex/AgoraRtcEngine_iOS.build/Debug-iphonesimulator/AgoraInfra_iOS.build/Objects-normal/arm64/AgoraInfra_iOS.swiftmodule @/Users/jaigaurav/Library/Developer/Xcode/DerivedData/Broccoli-eapieicfqwxippexlubxawpdfesp/Build/Intermediates.noindex/AgoraRtcEngine_iOS.build/Debug-iphonesimulator/AgoraInfra_iOS.build/Objects-normal/arm64/AgoraInfra_iOS-linker-args.resp -o /Users/jaigaurav/Library/Developer/Xcode/DerivedData/Broccoli-eapieicfqwxippexlubxawpdfesp/Build/Intermediates.noindex/AgoraRtcEngine_iOS.build/Debug-iphonesimulator/AgoraInfra_iOS.build/Objects-normal/arm64/Binary/AgoraInfra_iOS.o

Ld /Users/jaigaurav/Library/Developer/Xcode/DerivedData/Broccoli-eapieicfqwxippexlubxawpdfesp/Build/Intermediates.noindex/Firebase.build/Debug-iphonesimulator/Firebase.build/Objects-normal/arm64/Binary/Firebase.o normal arm64 (in target 'Firebase' from project 'Firebase')
    cd /Users/jaigaurav/Library/Developer/Xcode/DerivedData/Broccoli-eapieicfqwxippexlubxawpdfesp/SourcePackages/checkouts/firebase-ios-sdk
    /Applications/Xcode.app/Contents/Developer/Toolchains/XcodeDefault.xctoolchain/usr/bin/clang -Xlinker -reproducible -target arm64-apple-ios15.0-simulator -r -isysroot /Applications/Xcode.app/Contents/Developer/Platforms/iPhoneSimulator.platform/Developer/SDKs/iPhoneSimulator26.5.sdk -O0 -w -F/Users/jaigaurav/Library/Developer/Xcode/DerivedData/Broccoli-eapieicfqwxippexlubxawpdfesp/Build/Intermediates.noindex/EagerLinkingTBDs/Debug-iphonesimulator -F/Users/jaigaurav/Library/Developer/Xcode/DerivedData/Broccoli-eapieicfqwxippexlubxawpdfesp/Build/Products/Debug-iphonesimulator -iframework /Applications/Xcode.app/Contents/Developer/Platforms/iPhoneSimulator.platform/Developer/Library/Frameworks -iframework /Applications/Xcode.app/Contents/Developer/Platforms/iPhoneSimulator.platform/Developer/SDKs/iPhoneSimulator26.5.sdk/Developer/Library/Frameworks -filelist /Users/jaigaurav/Library/Developer/Xcode/DerivedData/Broccoli-eapieicfqwxippexlubxawpdfesp/Build/Intermediates.noindex/Firebase.build/Debug-iphonesimulator/Firebase.build/Objects-normal/arm64/Firebase.LinkFileList -nostdlib -Xlinker -object_path_lto -Xlinker /Users/jaigaurav/Library/Developer/Xcode/DerivedData/Broccoli-eapieicfqwxippexlubxawpdfesp/Build/Intermediates.noindex/Firebase.build/Debug-iphonesimulator/Firebase.build/Objects-normal/arm64/Firebase_lto.o -Xlinker -no_deduplicate -Xlinker -objc_abi_version -Xlinker 2 -Xlinker -debug_variant -Xlinker -dependency_info -Xlinker /Users/jaigaurav/Library/Developer/Xcode/DerivedData/Broccoli-eapieicfqwxippexlubxawpdfesp/Build/Intermediates.noindex/Firebase.build/Debug-iphonesimulator/Firebase.build/Objects-normal/arm64/Firebase_dependency_info.dat -fobjc-arc -fobjc-link-runtime -o /Users/jaigaurav/Library/Developer/Xcode/DerivedData/Broccoli-eapieicfqwxippexlubxawpdfesp/Build/Intermediates.noindex/Firebase.build/Debug-iphonesimulator/Firebase.build/Objects-normal/arm64/Binary/Firebase.o

Ld /Users/jaigaurav/Library/Developer/Xcode/DerivedData/Broccoli-eapieicfqwxippexlubxawpdfesp/Build/Intermediates.noindex/Facebook.build/Debug-iphonesimulator/FacebookAEM.build/Objects-normal/arm64/Binary/FacebookAEM.o normal arm64 (in target 'FacebookAEM' from project 'Facebook')
    cd /Users/jaigaurav/Library/Developer/Xcode/DerivedData/Broccoli-eapieicfqwxippexlubxawpdfesp/SourcePackages/checkouts/facebook-ios-sdk
    /Applications/Xcode.app/Contents/Developer/Toolchains/XcodeDefault.xctoolchain/usr/bin/clang -Xlinker -reproducible -target arm64-apple-ios12.0-simulator -r -isysroot /Applications/Xcode.app/Contents/Developer/Platforms/iPhoneSimulator.platform/Developer/SDKs/iPhoneSimulator26.5.sdk -O0 -w -F/Users/jaigaurav/Library/Developer/Xcode/DerivedData/Broccoli-eapieicfqwxippexlubxawpdfesp/Build/Intermediates.noindex/EagerLinkingTBDs/Debug-iphonesimulator -F/Users/jaigaurav/Library/Developer/Xcode/DerivedData/Broccoli-eapieicfqwxippexlubxawpdfesp/Build/Products/Debug-iphonesimulator -iframework /Applications/Xcode.app/Contents/Developer/Platforms/iPhoneSimulator.platform/Developer/Library/Frameworks -iframework /Applications/Xcode.app/Contents/Developer/Platforms/iPhoneSimulator.platform/Developer/SDKs/iPhoneSimulator26.5.sdk/Developer/Library/Frameworks -filelist /Users/jaigaurav/Library/Developer/Xcode/DerivedData/Broccoli-eapieicfqwxippexlubxawpdfesp/Build/Intermediates.noindex/Facebook.build/Debug-iphonesimulator/FacebookAEM.build/Objects-normal/arm64/FacebookAEM.LinkFileList -nostdlib -Xlinker -object_path_lto -Xlinker /Users/jaigaurav/Library/Developer/Xcode/DerivedData/Broccoli-eapieicfqwxippexlubxawpdfesp/Build/Intermediates.noindex/Facebook.build/Debug-iphonesimulator/FacebookAEM.build/Objects-normal/arm64/FacebookAEM_lto.o -Xlinker -no_deduplicate -Xlinker -objc_abi_version -Xlinker 2 -Xlinker -debug_variant -Xlinker -dependency_info -Xlinker /Users/jaigaurav/Library/Developer/Xcode/DerivedData/Broccoli-eapieicfqwxippexlubxawpdfesp/Build/Intermediates.noindex/Facebook.build/Debug-iphonesimulator/FacebookAEM.build/Objects-normal/arm64/FacebookAEM_dependency_info.dat -fobjc-link-runtime -L/Applications/Xcode.app/Contents/Developer/Toolchains/XcodeDefault.xctoolchain/usr/lib/swift/iphonesimulator -L/usr/lib/swift -Xlinker -add_ast_path -Xlinker /Users/jaigaurav/Library/Developer/Xcode/DerivedData/Broccoli-eapieicfqwxippexlubxawpdfesp/Build/Intermediates.noindex/Facebook.build/Debug-iphonesimulator/FacebookAEM.build/Objects-normal/arm64/FacebookAEM.swiftmodule @/Users/jaigaurav/Library/Developer/Xcode/DerivedData/Broccoli-eapieicfqwxippexlubxawpdfesp/Build/Intermediates.noindex/Facebook.build/Debug-iphonesimulator/FacebookAEM.build/Objects-normal/arm64/FacebookAEM-linker-args.resp -o /Users/jaigaurav/Library/Developer/Xcode/DerivedData/Broccoli-eapieicfqwxippexlubxawpdfesp/Build/Intermediates.noindex/Facebook.build/Debug-iphonesimulator/FacebookAEM.build/Objects-normal/arm64/Binary/FacebookAEM.o

Ld /Users/jaigaurav/Library/Developer/Xcode/DerivedData/Broccoli-eapieicfqwxippexlubxawpdfesp/Build/Intermediates.noindex/swiftui-window-overlay.build/Debug-iphonesimulator/WindowOverlay.build/Objects-normal/arm64/Binary/WindowOverlay.o normal arm64 (in target 'WindowOverlay' from project 'swiftui-window-overlay')
    cd /Users/jaigaurav/Library/Developer/Xcode/DerivedData/Broccoli-eapieicfqwxippexlubxawpdfesp/SourcePackages/checkouts/swiftui-window-overlay
    /Applications/Xcode.app/Contents/Developer/Toolchains/XcodeDefault.xctoolchain/usr/bin/clang -Xlinker -reproducible -target arm64-apple-ios13.0-simulator -r -isysroot /Applications/Xcode.app/Contents/Developer/Platforms/iPhoneSimulator.platform/Developer/SDKs/iPhoneSimulator26.5.sdk -O0 -w -F/Users/jaigaurav/Library/Developer/Xcode/DerivedData/Broccoli-eapieicfqwxippexlubxawpdfesp/Build/Intermediates.noindex/EagerLinkingTBDs/Debug-iphonesimulator -F/Users/jaigaurav/Library/Developer/Xcode/DerivedData/Broccoli-eapieicfqwxippexlubxawpdfesp/Build/Products/Debug-iphonesimulator -iframework /Applications/Xcode.app/Contents/Developer/Platforms/iPhoneSimulator.platform/Developer/Library/Frameworks -iframework /Applications/Xcode.app/Contents/Developer/Platforms/iPhoneSimulator.platform/Developer/SDKs/iPhoneSimulator26.5.sdk/Developer/Library/Frameworks -filelist /Users/jaigaurav/Library/Developer/Xcode/DerivedData/Broccoli-eapieicfqwxippexlubxawpdfesp/Build/Intermediates.noindex/swiftui-window-overlay.build/Debug-iphonesimulator/WindowOverlay.build/Objects-normal/arm64/WindowOverlay.LinkFileList -nostdlib -Xlinker -object_path_lto -Xlinker /Users/jaigaurav/Library/Developer/Xcode/DerivedData/Broccoli-eapieicfqwxippexlubxawpdfesp/Build/Intermediates.noindex/swiftui-window-overlay.build/Debug-iphonesimulator/WindowOverlay.build/Objects-normal/arm64/WindowOverlay_lto.o -Xlinker -no_deduplicate -Xlinker -objc_abi_version -Xlinker 2 -Xlinker -debug_variant -Xlinker -dependency_info -Xlinker /Users/jaigaurav/Library/Developer/Xcode/DerivedData/Broccoli-eapieicfqwxippexlubxawpdfesp/Build/Intermediates.noindex/swiftui-window-overlay.build/Debug-iphonesimulator/WindowOverlay.build/Objects-normal/arm64/WindowOverlay_dependency_info.dat -fobjc-link-runtime -L/Applications/Xcode.app/Contents/Developer/Toolchains/XcodeDefault.xctoolchain/usr/lib/swift/iphonesimulator -L/usr/lib/swift -Xlinker -add_ast_path -Xlinker /Users/jaigaurav/Library/Developer/Xcode/DerivedData/Broccoli-eapieicfqwxippexlubxawpdfesp/Build/Intermediates.noindex/swiftui-window-overlay.build/Debug-iphonesimulator/WindowOverlay.build/Objects-normal/arm64/WindowOverlay.swiftmodule @/Users/jaigaurav/Library/Developer/Xcode/DerivedData/Broccoli-eapieicfqwxippexlubxawpdfesp/Build/Intermediates.noindex/swiftui-window-overlay.build/Debug-iphonesimulator/WindowOverlay.build/Objects-normal/arm64/WindowOverlay-linker-args.resp -o /Users/jaigaurav/Library/Developer/Xcode/DerivedData/Broccoli-eapieicfqwxippexlubxawpdfesp/Build/Intermediates.noindex/swiftui-window-overlay.build/Debug-iphonesimulator/WindowOverlay.build/Objects-normal/arm64/Binary/WindowOverlay.o

Ld /Users/jaigaurav/Library/Developer/Xcode/DerivedData/Broccoli-eapieicfqwxippexlubxawpdfesp/Build/Intermediates.noindex/Stripe.build/Debug-iphonesimulator/Stripe3DS2.build/Objects-normal/arm64/Binary/Stripe3DS2.o normal arm64 (in target 'Stripe3DS2' from project 'Stripe')
    cd /Users/jaigaurav/Library/Developer/Xcode/DerivedData/Broccoli-eapieicfqwxippexlubxawpdfesp/SourcePackages/checkouts/stripe-ios-spm
    /Applications/Xcode.app/Contents/Developer/Toolchains/XcodeDefault.xctoolchain/usr/bin/clang -Xlinker -reproducible -target arm64-apple-ios13.0-simulator -r -isysroot /Applications/Xcode.app/Contents/Developer/Platforms/iPhoneSimulator.platform/Developer/SDKs/iPhoneSimulator26.5.sdk -O0 -w -F/Users/jaigaurav/Library/Developer/Xcode/DerivedData/Broccoli-eapieicfqwxippexlubxawpdfesp/Build/Intermediates.noindex/EagerLinkingTBDs/Debug-iphonesimulator -F/Users/jaigaurav/Library/Developer/Xcode/DerivedData/Broccoli-eapieicfqwxippexlubxawpdfesp/Build/Products/Debug-iphonesimulator -iframework /Applications/Xcode.app/Contents/Developer/Platforms/iPhoneSimulator.platform/Developer/Library/Frameworks -iframework /Applications/Xcode.app/Contents/Developer/Platforms/iPhoneSimulator.platform/Developer/SDKs/iPhoneSimulator26.5.sdk/Developer/Library/Frameworks -filelist /Users/jaigaurav/Library/Developer/Xcode/DerivedData/Broccoli-eapieicfqwxippexlubxawpdfesp/Build/Intermediates.noindex/Stripe.build/Debug-iphonesimulator/Stripe3DS2.build/Objects-normal/arm64/Stripe3DS2.LinkFileList -nostdlib -Xlinker -object_path_lto -Xlinker /Users/jaigaurav/Library/Developer/Xcode/DerivedData/Broccoli-eapieicfqwxippexlubxawpdfesp/Build/Intermediates.noindex/Stripe.build/Debug-iphonesimulator/Stripe3DS2.build/Objects-normal/arm64/Stripe3DS2_lto.o -Xlinker -no_deduplicate -Xlinker -objc_abi_version -Xlinker 2 -Xlinker -debug_variant -Xlinker -dependency_info -Xlinker /Users/jaigaurav/Library/Developer/Xcode/DerivedData/Broccoli-eapieicfqwxippexlubxawpdfesp/Build/Intermediates.noindex/Stripe.build/Debug-iphonesimulator/Stripe3DS2.build/Objects-normal/arm64/Stripe3DS2_dependency_info.dat -fobjc-arc -fobjc-link-runtime -o /Users/jaigaurav/Library/Developer/Xcode/DerivedData/Broccoli-eapieicfqwxippexlubxawpdfesp/Build/Intermediates.noindex/Stripe.build/Debug-iphonesimulator/Stripe3DS2.build/Objects-normal/arm64/Binary/Stripe3DS2.o

Ld /Users/jaigaurav/Library/Developer/Xcode/DerivedData/Broccoli-eapieicfqwxippexlubxawpdfesp/Build/Intermediates.noindex/KeychainAccess.build/Debug-iphonesimulator/KeychainAccess.build/Objects-normal/arm64/Binary/KeychainAccess.o normal arm64 (in target 'KeychainAccess' from project 'KeychainAccess')
    cd /Users/jaigaurav/Library/Developer/Xcode/DerivedData/Broccoli-eapieicfqwxippexlubxawpdfesp/SourcePackages/checkouts/KeychainAccess
    /Applications/Xcode.app/Contents/Developer/Toolchains/XcodeDefault.xctoolchain/usr/bin/clang -Xlinker -reproducible -target arm64-apple-ios12.0-simulator -r -isysroot /Applications/Xcode.app/Contents/Developer/Platforms/iPhoneSimulator.platform/Developer/SDKs/iPhoneSimulator26.5.sdk -O0 -w -F/Users/jaigaurav/Library/Developer/Xcode/DerivedData/Broccoli-eapieicfqwxippexlubxawpdfesp/Build/Intermediates.noindex/EagerLinkingTBDs/Debug-iphonesimulator -F/Users/jaigaurav/Library/Developer/Xcode/DerivedData/Broccoli-eapieicfqwxippexlubxawpdfesp/Build/Products/Debug-iphonesimulator -iframework /Applications/Xcode.app/Contents/Developer/Platforms/iPhoneSimulator.platform/Developer/Library/Frameworks -iframework /Applications/Xcode.app/Contents/Developer/Platforms/iPhoneSimulator.platform/Developer/SDKs/iPhoneSimulator26.5.sdk/Developer/Library/Frameworks -filelist /Users/jaigaurav/Library/Developer/Xcode/DerivedData/Broccoli-eapieicfqwxippexlubxawpdfesp/Build/Intermediates.noindex/KeychainAccess.build/Debug-iphonesimulator/KeychainAccess.build/Objects-normal/arm64/KeychainAccess.LinkFileList -nostdlib -Xlinker -object_path_lto -Xlinker /Users/jaigaurav/Library/Developer/Xcode/DerivedData/Broccoli-eapieicfqwxippexlubxawpdfesp/Build/Intermediates.noindex/KeychainAccess.build/Debug-iphonesimulator/KeychainAccess.build/Objects-normal/arm64/KeychainAccess_lto.o -Xlinker -no_deduplicate -Xlinker -objc_abi_version -Xlinker 2 -Xlinker -debug_variant -Xlinker -dependency_info -Xlinker /Users/jaigaurav/Library/Developer/Xcode/DerivedData/Broccoli-eapieicfqwxippexlubxawpdfesp/Build/Intermediates.noindex/KeychainAccess.build/Debug-iphonesimulator/KeychainAccess.build/Objects-normal/arm64/KeychainAccess_dependency_info.dat -fobjc-link-runtime -L/Applications/Xcode.app/Contents/Developer/Toolchains/XcodeDefault.xctoolchain/usr/lib/swift/iphonesimulator -L/usr/lib/swift -Xlinker -add_ast_path -Xlinker /Users/jaigaurav/Library/Developer/Xcode/DerivedData/Broccoli-eapieicfqwxippexlubxawpdfesp/Build/Intermediates.noindex/KeychainAccess.build/Debug-iphonesimulator/KeychainAccess.build/Objects-normal/arm64/KeychainAccess.swiftmodule @/Users/jaigaurav/Library/Developer/Xcode/DerivedData/Broccoli-eapieicfqwxippexlubxawpdfesp/Build/Intermediates.noindex/KeychainAccess.build/Debug-iphonesimulator/KeychainAccess.build/Objects-normal/arm64/KeychainAccess-linker-args.resp -o /Users/jaigaurav/Library/Developer/Xcode/DerivedData/Broccoli-eapieicfqwxippexlubxawpdfesp/Build/Intermediates.noindex/KeychainAccess.build/Debug-iphonesimulator/KeychainAccess.build/Objects-normal/arm64/Binary/KeychainAccess.o

Ld /Users/jaigaurav/Library/Developer/Xcode/DerivedData/Broccoli-eapieicfqwxippexlubxawpdfesp/Build/Intermediates.noindex/AlertToast.build/Debug-iphonesimulator/AlertToast.build/Objects-normal/arm64/Binary/AlertToast.o normal arm64 (in target 'AlertToast' from project 'AlertToast')
    cd /Users/jaigaurav/Library/Developer/Xcode/DerivedData/Broccoli-eapieicfqwxippexlubxawpdfesp/SourcePackages/checkouts/AlertToast
    /Applications/Xcode.app/Contents/Developer/Toolchains/XcodeDefault.xctoolchain/usr/bin/clang -Xlinker -reproducible -target arm64-apple-ios13.0-simulator -r -isysroot /Applications/Xcode.app/Contents/Developer/Platforms/iPhoneSimulator.platform/Developer/SDKs/iPhoneSimulator26.5.sdk -O0 -w -F/Users/jaigaurav/Library/Developer/Xcode/DerivedData/Broccoli-eapieicfqwxippexlubxawpdfesp/Build/Intermediates.noindex/EagerLinkingTBDs/Debug-iphonesimulator -F/Users/jaigaurav/Library/Developer/Xcode/DerivedData/Broccoli-eapieicfqwxippexlubxawpdfesp/Build/Products/Debug-iphonesimulator -iframework /Applications/Xcode.app/Contents/Developer/Platforms/iPhoneSimulator.platform/Developer/Library/Frameworks -iframework /Applications/Xcode.app/Contents/Developer/Platforms/iPhoneSimulator.platform/Developer/SDKs/iPhoneSimulator26.5.sdk/Developer/Library/Frameworks -filelist /Users/jaigaurav/Library/Developer/Xcode/DerivedData/Broccoli-eapieicfqwxippexlubxawpdfesp/Build/Intermediates.noindex/AlertToast.build/Debug-iphonesimulator/AlertToast.build/Objects-normal/arm64/AlertToast.LinkFileList -nostdlib -Xlinker -object_path_lto -Xlinker /Users/jaigaurav/Library/Developer/Xcode/DerivedData/Broccoli-eapieicfqwxippexlubxawpdfesp/Build/Intermediates.noindex/AlertToast.build/Debug-iphonesimulator/AlertToast.build/Objects-normal/arm64/AlertToast_lto.o -Xlinker -no_deduplicate -Xlinker -objc_abi_version -Xlinker 2 -Xlinker -debug_variant -Xlinker -dependency_info -Xlinker /Users/jaigaurav/Library/Developer/Xcode/DerivedData/Broccoli-eapieicfqwxippexlubxawpdfesp/Build/Intermediates.noindex/AlertToast.build/Debug-iphonesimulator/AlertToast.build/Objects-normal/arm64/AlertToast_dependency_info.dat -fobjc-link-runtime -L/Applications/Xcode.app/Contents/Developer/Toolchains/XcodeDefault.xctoolchain/usr/lib/swift/iphonesimulator -L/usr/lib/swift -Xlinker -add_ast_path -Xlinker /Users/jaigaurav/Library/Developer/Xcode/DerivedData/Broccoli-eapieicfqwxippexlubxawpdfesp/Build/Intermediates.noindex/AlertToast.build/Debug-iphonesimulator/AlertToast.build/Objects-normal/arm64/AlertToast.swiftmodule @/Users/jaigaurav/Library/Developer/Xcode/DerivedData/Broccoli-eapieicfqwxippexlubxawpdfesp/Build/Intermediates.noindex/AlertToast.build/Debug-iphonesimulator/AlertToast.build/Objects-normal/arm64/AlertToast-linker-args.resp -o /Users/jaigaurav/Library/Developer/Xcode/DerivedData/Broccoli-eapieicfqwxippexlubxawpdfesp/Build/Intermediates.noindex/AlertToast.build/Debug-iphonesimulator/AlertToast.build/Objects-normal/arm64/Binary/AlertToast.o

Ld /Users/jaigaurav/Library/Developer/Xcode/DerivedData/Broccoli-eapieicfqwxippexlubxawpdfesp/Build/Intermediates.noindex/GTMSessionFetcher.build/Debug-iphonesimulator/GTMSessionFetcherCore.build/Objects-normal/arm64/Binary/GTMSessionFetcherCore.o normal arm64 (in target 'GTMSessionFetcherCore' from project 'GTMSessionFetcher')
    cd /Users/jaigaurav/Library/Developer/Xcode/DerivedData/Broccoli-eapieicfqwxippexlubxawpdfesp/SourcePackages/checkouts/gtm-session-fetcher
    /Applications/Xcode.app/Contents/Developer/Toolchains/XcodeDefault.xctoolchain/usr/bin/clang -Xlinker -reproducible -target arm64-apple-ios12.0-simulator -r -isysroot /Applications/Xcode.app/Contents/Developer/Platforms/iPhoneSimulator.platform/Developer/SDKs/iPhoneSimulator26.5.sdk -O0 -w -F/Users/jaigaurav/Library/Developer/Xcode/DerivedData/Broccoli-eapieicfqwxippexlubxawpdfesp/Build/Intermediates.noindex/EagerLinkingTBDs/Debug-iphonesimulator -F/Users/jaigaurav/Library/Developer/Xcode/DerivedData/Broccoli-eapieicfqwxippexlubxawpdfesp/Build/Products/Debug-iphonesimulator -iframework /Applications/Xcode.app/Contents/Developer/Platforms/iPhoneSimulator.platform/Developer/Library/Frameworks -iframework /Applications/Xcode.app/Contents/Developer/Platforms/iPhoneSimulator.platform/Developer/SDKs/iPhoneSimulator26.5.sdk/Developer/Library/Frameworks -filelist /Users/jaigaurav/Library/Developer/Xcode/DerivedData/Broccoli-eapieicfqwxippexlubxawpdfesp/Build/Intermediates.noindex/GTMSessionFetcher.build/Debug-iphonesimulator/GTMSessionFetcherCore.build/Objects-normal/arm64/GTMSessionFetcherCore.LinkFileList -nostdlib -Xlinker -object_path_lto -Xlinker /Users/jaigaurav/Library/Developer/Xcode/DerivedData/Broccoli-eapieicfqwxippexlubxawpdfesp/Build/Intermediates.noindex/GTMSessionFetcher.build/Debug-iphonesimulator/GTMSessionFetcherCore.build/Objects-normal/arm64/GTMSessionFetcherCore_lto.o -Xlinker -no_deduplicate -Xlinker -objc_abi_version -Xlinker 2 -Xlinker -debug_variant -Xlinker -dependency_info -Xlinker /Users/jaigaurav/Library/Developer/Xcode/DerivedData/Broccoli-eapieicfqwxippexlubxawpdfesp/Build/Intermediates.noindex/GTMSessionFetcher.build/Debug-iphonesimulator/GTMSessionFetcherCore.build/Objects-normal/arm64/GTMSessionFetcherCore_dependency_info.dat -fobjc-arc -fobjc-link-runtime -o /Users/jaigaurav/Library/Developer/Xcode/DerivedData/Broccoli-eapieicfqwxippexlubxawpdfesp/Build/Intermediates.noindex/GTMSessionFetcher.build/Debug-iphonesimulator/GTMSessionFetcherCore.build/Objects-normal/arm64/Binary/GTMSessionFetcherCore.o

CreateUniversalBinary /Users/jaigaurav/Library/Developer/Xcode/DerivedData/Broccoli-eapieicfqwxippexlubxawpdfesp/Build/Products/Debug-iphonesimulator/FacebookAEM.o normal arm64\ x86_64 (in target 'FacebookAEM' from project 'Facebook')
    cd /Users/jaigaurav/Library/Developer/Xcode/DerivedData/Broccoli-eapieicfqwxippexlubxawpdfesp/SourcePackages/checkouts/facebook-ios-sdk
    /Applications/Xcode.app/Contents/Developer/Toolchains/XcodeDefault.xctoolchain/usr/bin/lipo -create /Users/jaigaurav/Library/Developer/Xcode/DerivedData/Broccoli-eapieicfqwxippexlubxawpdfesp/Build/Intermediates.noindex/Facebook.build/Debug-iphonesimulator/FacebookAEM.build/Objects-normal/arm64/Binary/FacebookAEM.o /Users/jaigaurav/Library/Developer/Xcode/DerivedData/Broccoli-eapieicfqwxippexlubxawpdfesp/Build/Intermediates.noindex/Facebook.build/Debug-iphonesimulator/FacebookAEM.build/Objects-normal/x86_64/Binary/FacebookAEM.o -output /Users/jaigaurav/Library/Developer/Xcode/DerivedData/Broccoli-eapieicfqwxippexlubxawpdfesp/Build/Products/Debug-iphonesimulator/FacebookAEM.o

CreateUniversalBinary /Users/jaigaurav/Library/Developer/Xcode/DerivedData/Broccoli-eapieicfqwxippexlubxawpdfesp/Build/Products/Debug-iphonesimulator/Firebase.o normal arm64\ x86_64 (in target 'Firebase' from project 'Firebase')
    cd /Users/jaigaurav/Library/Developer/Xcode/DerivedData/Broccoli-eapieicfqwxippexlubxawpdfesp/SourcePackages/checkouts/firebase-ios-sdk
    /Applications/Xcode.app/Contents/Developer/Toolchains/XcodeDefault.xctoolchain/usr/bin/lipo -create /Users/jaigaurav/Library/Developer/Xcode/DerivedData/Broccoli-eapieicfqwxippexlubxawpdfesp/Build/Intermediates.noindex/Firebase.build/Debug-iphonesimulator/Firebase.build/Objects-normal/arm64/Binary/Firebase.o /Users/jaigaurav/Library/Developer/Xcode/DerivedData/Broccoli-eapieicfqwxippexlubxawpdfesp/Build/Intermediates.noindex/Firebase.build/Debug-iphonesimulator/Firebase.build/Objects-normal/x86_64/Binary/Firebase.o -output /Users/jaigaurav/Library/Developer/Xcode/DerivedData/Broccoli-eapieicfqwxippexlubxawpdfesp/Build/Products/Debug-iphonesimulator/Firebase.o

CreateUniversalBinary /Users/jaigaurav/Library/Developer/Xcode/DerivedData/Broccoli-eapieicfqwxippexlubxawpdfesp/Build/Products/Debug-iphonesimulator/AgoraInfra_iOS.o normal arm64\ x86_64 (in target 'AgoraInfra_iOS' from project 'AgoraRtcEngine_iOS')
    cd /Users/jaigaurav/Library/Developer/Xcode/DerivedData/Broccoli-eapieicfqwxippexlubxawpdfesp/SourcePackages/checkouts/AgoraRtcEngine_iOS
    /Applications/Xcode.app/Contents/Developer/Toolchains/XcodeDefault.xctoolchain/usr/bin/lipo -create /Users/jaigaurav/Library/Developer/Xcode/DerivedData/Broccoli-eapieicfqwxippexlubxawpdfesp/Build/Intermediates.noindex/AgoraRtcEngine_iOS.build/Debug-iphonesimulator/AgoraInfra_iOS.build/Objects-normal/arm64/Binary/AgoraInfra_iOS.o /Users/jaigaurav/Library/Developer/Xcode/DerivedData/Broccoli-eapieicfqwxippexlubxawpdfesp/Build/Intermediates.noindex/AgoraRtcEngine_iOS.build/Debug-iphonesimulator/AgoraInfra_iOS.build/Objects-normal/x86_64/Binary/AgoraInfra_iOS.o -output /Users/jaigaurav/Library/Developer/Xcode/DerivedData/Broccoli-eapieicfqwxippexlubxawpdfesp/Build/Products/Debug-iphonesimulator/AgoraInfra_iOS.o

CreateUniversalBinary /Users/jaigaurav/Library/Developer/Xcode/DerivedData/Broccoli-eapieicfqwxippexlubxawpdfesp/Build/Products/Debug-iphonesimulator/WindowOverlay.o normal arm64\ x86_64 (in target 'WindowOverlay' from project 'swiftui-window-overlay')
    cd /Users/jaigaurav/Library/Developer/Xcode/DerivedData/Broccoli-eapieicfqwxippexlubxawpdfesp/SourcePackages/checkouts/swiftui-window-overlay
    /Applications/Xcode.app/Contents/Developer/Toolchains/XcodeDefault.xctoolchain/usr/bin/lipo -create /Users/jaigaurav/Library/Developer/Xcode/DerivedData/Broccoli-eapieicfqwxippexlubxawpdfesp/Build/Intermediates.noindex/swiftui-window-overlay.build/Debug-iphonesimulator/WindowOverlay.build/Objects-normal/arm64/Binary/WindowOverlay.o /Users/jaigaurav/Library/Developer/Xcode/DerivedData/Broccoli-eapieicfqwxippexlubxawpdfesp/Build/Intermediates.noindex/swiftui-window-overlay.build/Debug-iphonesimulator/WindowOverlay.build/Objects-normal/x86_64/Binary/WindowOverlay.o -output /Users/jaigaurav/Library/Developer/Xcode/DerivedData/Broccoli-eapieicfqwxippexlubxawpdfesp/Build/Products/Debug-iphonesimulator/WindowOverlay.o

CreateUniversalBinary /Users/jaigaurav/Library/Developer/Xcode/DerivedData/Broccoli-eapieicfqwxippexlubxawpdfesp/Build/Products/Debug-iphonesimulator/KeychainAccess.o normal arm64\ x86_64 (in target 'KeychainAccess' from project 'KeychainAccess')
    cd /Users/jaigaurav/Library/Developer/Xcode/DerivedData/Broccoli-eapieicfqwxippexlubxawpdfesp/SourcePackages/checkouts/KeychainAccess
    /Applications/Xcode.app/Contents/Developer/Toolchains/XcodeDefault.xctoolchain/usr/bin/lipo -create /Users/jaigaurav/Library/Developer/Xcode/DerivedData/Broccoli-eapieicfqwxippexlubxawpdfesp/Build/Intermediates.noindex/KeychainAccess.build/Debug-iphonesimulator/KeychainAccess.build/Objects-normal/arm64/Binary/KeychainAccess.o /Users/jaigaurav/Library/Developer/Xcode/DerivedData/Broccoli-eapieicfqwxippexlubxawpdfesp/Build/Intermediates.noindex/KeychainAccess.build/Debug-iphonesimulator/KeychainAccess.build/Objects-normal/x86_64/Binary/KeychainAccess.o -output /Users/jaigaurav/Library/Developer/Xcode/DerivedData/Broccoli-eapieicfqwxippexlubxawpdfesp/Build/Products/Debug-iphonesimulator/KeychainAccess.o

CreateUniversalBinary /Users/jaigaurav/Library/Developer/Xcode/DerivedData/Broccoli-eapieicfqwxippexlubxawpdfesp/Build/Products/Debug-iphonesimulator/GTMSessionFetcherCore.o normal arm64\ x86_64 (in target 'GTMSessionFetcherCore' from project 'GTMSessionFetcher')
    cd /Users/jaigaurav/Library/Developer/Xcode/DerivedData/Broccoli-eapieicfqwxippexlubxawpdfesp/SourcePackages/checkouts/gtm-session-fetcher
    /Applications/Xcode.app/Contents/Developer/Toolchains/XcodeDefault.xctoolchain/usr/bin/lipo -create /Users/jaigaurav/Library/Developer/Xcode/DerivedData/Broccoli-eapieicfqwxippexlubxawpdfesp/Build/Intermediates.noindex/GTMSessionFetcher.build/Debug-iphonesimulator/GTMSessionFetcherCore.build/Objects-normal/arm64/Binary/GTMSessionFetcherCore.o /Users/jaigaurav/Library/Developer/Xcode/DerivedData/Broccoli-eapieicfqwxippexlubxawpdfesp/Build/Intermediates.noindex/GTMSessionFetcher.build/Debug-iphonesimulator/GTMSessionFetcherCore.build/Objects-normal/x86_64/Binary/GTMSessionFetcherCore.o -output /Users/jaigaurav/Library/Developer/Xcode/DerivedData/Broccoli-eapieicfqwxippexlubxawpdfesp/Build/Products/Debug-iphonesimulator/GTMSessionFetcherCore.o

CreateUniversalBinary /Users/jaigaurav/Library/Developer/Xcode/DerivedData/Broccoli-eapieicfqwxippexlubxawpdfesp/Build/Products/Debug-iphonesimulator/Stripe3DS2.o normal arm64\ x86_64 (in target 'Stripe3DS2' from project 'Stripe')
    cd /Users/jaigaurav/Library/Developer/Xcode/DerivedData/Broccoli-eapieicfqwxippexlubxawpdfesp/SourcePackages/checkouts/stripe-ios-spm
    /Applications/Xcode.app/Contents/Developer/Toolchains/XcodeDefault.xctoolchain/usr/bin/lipo -create /Users/jaigaurav/Library/Developer/Xcode/DerivedData/Broccoli-eapieicfqwxippexlubxawpdfesp/Build/Intermediates.noindex/Stripe.build/Debug-iphonesimulator/Stripe3DS2.build/Objects-normal/arm64/Binary/Stripe3DS2.o /Users/jaigaurav/Library/Developer/Xcode/DerivedData/Broccoli-eapieicfqwxippexlubxawpdfesp/Build/Intermediates.noindex/Stripe.build/Debug-iphonesimulator/Stripe3DS2.build/Objects-normal/x86_64/Binary/Stripe3DS2.o -output /Users/jaigaurav/Library/Developer/Xcode/DerivedData/Broccoli-eapieicfqwxippexlubxawpdfesp/Build/Products/Debug-iphonesimulator/Stripe3DS2.o

CreateUniversalBinary /Users/jaigaurav/Library/Developer/Xcode/DerivedData/Broccoli-eapieicfqwxippexlubxawpdfesp/Build/Products/Debug-iphonesimulator/AlertToast.o normal arm64\ x86_64 (in target 'AlertToast' from project 'AlertToast')
    cd /Users/jaigaurav/Library/Developer/Xcode/DerivedData/Broccoli-eapieicfqwxippexlubxawpdfesp/SourcePackages/checkouts/AlertToast
    /Applications/Xcode.app/Contents/Developer/Toolchains/XcodeDefault.xctoolchain/usr/bin/lipo -create /Users/jaigaurav/Library/Developer/Xcode/DerivedData/Broccoli-eapieicfqwxippexlubxawpdfesp/Build/Intermediates.noindex/AlertToast.build/Debug-iphonesimulator/AlertToast.build/Objects-normal/arm64/Binary/AlertToast.o /Users/jaigaurav/Library/Developer/Xcode/DerivedData/Broccoli-eapieicfqwxippexlubxawpdfesp/Build/Intermediates.noindex/AlertToast.build/Debug-iphonesimulator/AlertToast.build/Objects-normal/x86_64/Binary/AlertToast.o -output /Users/jaigaurav/Library/Developer/Xcode/DerivedData/Broccoli-eapieicfqwxippexlubxawpdfesp/Build/Products/Debug-iphonesimulator/AlertToast.o

ExtractAppIntentsMetadata (in target 'FacebookAEM' from project 'Facebook')
    cd /Users/jaigaurav/Library/Developer/Xcode/DerivedData/Broccoli-eapieicfqwxippexlubxawpdfesp/SourcePackages/checkouts/facebook-ios-sdk
    /Applications/Xcode.app/Contents/Developer/Toolchains/XcodeDefault.xctoolchain/usr/bin/appintentsmetadataprocessor --toolchain-dir /Applications/Xcode.app/Contents/Developer/Toolchains/XcodeDefault.xctoolchain --module-name FacebookAEM --sdk-root /Applications/Xcode.app/Contents/Developer/Platforms/iPhoneSimulator.platform/Developer/SDKs/iPhoneSimulator26.5.sdk --xcode-version 17F113 --platform-family iOS --deployment-target 12.0 --bundle-identifier facebook-ios-sdk.FacebookAEM --output /Users/jaigaurav/Library/Developer/Xcode/DerivedData/Broccoli-eapieicfqwxippexlubxawpdfesp/Build/Products/Debug-iphonesimulator/FacebookAEM.appintents --target-triple arm64-apple-ios12.0-simulator --target-triple x86_64-apple-ios12.0-simulator --binary-file /Users/jaigaurav/Library/Developer/Xcode/DerivedData/Broccoli-eapieicfqwxippexlubxawpdfesp/Build/Products/Debug-iphonesimulator/FacebookAEM.o --dependency-file /Users/jaigaurav/Library/Developer/Xcode/DerivedData/Broccoli-eapieicfqwxippexlubxawpdfesp/Build/Intermediates.noindex/Facebook.build/Debug-iphonesimulator/FacebookAEM.build/Objects-normal/arm64/FacebookAEM_dependency_info.dat --dependency-file /Users/jaigaurav/Library/Developer/Xcode/DerivedData/Broccoli-eapieicfqwxippexlubxawpdfesp/Build/Intermediates.noindex/Facebook.build/Debug-iphonesimulator/FacebookAEM.build/Objects-normal/x86_64/FacebookAEM_dependency_info.dat --stringsdata-file /Users/jaigaurav/Library/Developer/Xcode/DerivedData/Broccoli-eapieicfqwxippexlubxawpdfesp/Build/Intermediates.noindex/Facebook.build/Debug-iphonesimulator/FacebookAEM.build/Objects-normal/arm64/ExtractedAppShortcutsMetadata.stringsdata --stringsdata-file /Users/jaigaurav/Library/Developer/Xcode/DerivedData/Broccoli-eapieicfqwxippexlubxawpdfesp/Build/Intermediates.noindex/Facebook.build/Debug-iphonesimulator/FacebookAEM.build/Objects-normal/x86_64/ExtractedAppShortcutsMetadata.stringsdata --source-file-list /Users/jaigaurav/Library/Developer/Xcode/DerivedData/Broccoli-eapieicfqwxippexlubxawpdfesp/Build/Intermediates.noindex/Facebook.build/Debug-iphonesimulator/FacebookAEM.build/Objects-normal/arm64/FacebookAEM.SwiftFileList --source-file-list /Users/jaigaurav/Library/Developer/Xcode/DerivedData/Broccoli-eapieicfqwxippexlubxawpdfesp/Build/Intermediates.noindex/Facebook.build/Debug-iphonesimulator/FacebookAEM.build/Objects-normal/x86_64/FacebookAEM.SwiftFileList --metadata-file-list /Users/jaigaurav/Library/Developer/Xcode/DerivedData/Broccoli-eapieicfqwxippexlubxawpdfesp/Build/Intermediates.noindex/Facebook.build/Debug-iphonesimulator/FacebookAEM.build/FacebookAEM.DependencyMetadataFileList --static-metadata-file-list /Users/jaigaurav/Library/Developer/Xcode/DerivedData/Broccoli-eapieicfqwxippexlubxawpdfesp/Build/Intermediates.noindex/Facebook.build/Debug-iphonesimulator/FacebookAEM.build/FacebookAEM.DependencyStaticMetadataFileList --swift-const-vals-list /Users/jaigaurav/Library/Developer/Xcode/DerivedData/Broccoli-eapieicfqwxippexlubxawpdfesp/Build/Intermediates.noindex/Facebook.build/Debug-iphonesimulator/FacebookAEM.build/Objects-normal/arm64/FacebookAEM.SwiftConstValuesFileList --swift-const-vals-list /Users/jaigaurav/Library/Developer/Xcode/DerivedData/Broccoli-eapieicfqwxippexlubxawpdfesp/Build/Intermediates.noindex/Facebook.build/Debug-iphonesimulator/FacebookAEM.build/Objects-normal/x86_64/FacebookAEM.SwiftConstValuesFileList --force --compile-time-extraction --deployment-aware-processing --validate-assistant-intents --no-app-shortcuts-localization
2026-08-17 12:31:46.975 appintentsmetadataprocessor[8169:167095] Starting appintentsmetadataprocessor export
2026-08-17 12:31:47.002 appintentsmetadataprocessor[8169:167095] Extracted no relevant App Intents symbols, skipping writing output

ExtractAppIntentsMetadata (in target 'AgoraInfra_iOS' from project 'AgoraRtcEngine_iOS')
    cd /Users/jaigaurav/Library/Developer/Xcode/DerivedData/Broccoli-eapieicfqwxippexlubxawpdfesp/SourcePackages/checkouts/AgoraRtcEngine_iOS
    /Applications/Xcode.app/Contents/Developer/Toolchains/XcodeDefault.xctoolchain/usr/bin/appintentsmetadataprocessor --toolchain-dir /Applications/Xcode.app/Contents/Developer/Toolchains/XcodeDefault.xctoolchain --module-name AgoraInfra_iOS --sdk-root /Applications/Xcode.app/Contents/Developer/Platforms/iPhoneSimulator.platform/Developer/SDKs/iPhoneSimulator26.5.sdk --xcode-version 17F113 --platform-family iOS --deployment-target 12.0 --bundle-identifier agorartcengine-ios.AgoraInfra-iOS --output /Users/jaigaurav/Library/Developer/Xcode/DerivedData/Broccoli-eapieicfqwxippexlubxawpdfesp/Build/Products/Debug-iphonesimulator/AgoraInfra_iOS.appintents --target-triple arm64-apple-ios12.0-simulator --target-triple x86_64-apple-ios12.0-simulator --binary-file /Users/jaigaurav/Library/Developer/Xcode/DerivedData/Broccoli-eapieicfqwxippexlubxawpdfesp/Build/Products/Debug-iphonesimulator/AgoraInfra_iOS.o --dependency-file /Users/jaigaurav/Library/Developer/Xcode/DerivedData/Broccoli-eapieicfqwxippexlubxawpdfesp/Build/Intermediates.noindex/AgoraRtcEngine_iOS.build/Debug-iphonesimulator/AgoraInfra_iOS.build/Objects-normal/arm64/AgoraInfra_iOS_dependency_info.dat --dependency-file /Users/jaigaurav/Library/Developer/Xcode/DerivedData/Broccoli-eapieicfqwxippexlubxawpdfesp/Build/Intermediates.noindex/AgoraRtcEngine_iOS.build/Debug-iphonesimulator/AgoraInfra_iOS.build/Objects-normal/x86_64/AgoraInfra_iOS_dependency_info.dat --stringsdata-file /Users/jaigaurav/Library/Developer/Xcode/DerivedData/Broccoli-eapieicfqwxippexlubxawpdfesp/Build/Intermediates.noindex/AgoraRtcEngine_iOS.build/Debug-iphonesimulator/AgoraInfra_iOS.build/Objects-normal/arm64/ExtractedAppShortcutsMetadata.stringsdata --stringsdata-file /Users/jaigaurav/Library/Developer/Xcode/DerivedData/Broccoli-eapieicfqwxippexlubxawpdfesp/Build/Intermediates.noindex/AgoraRtcEngine_iOS.build/Debug-iphonesimulator/AgoraInfra_iOS.build/Objects-normal/x86_64/ExtractedAppShortcutsMetadata.stringsdata --source-file-list /Users/jaigaurav/Library/Developer/Xcode/DerivedData/Broccoli-eapieicfqwxippexlubxawpdfesp/Build/Intermediates.noindex/AgoraRtcEngine_iOS.build/Debug-iphonesimulator/AgoraInfra_iOS.build/Objects-normal/arm64/AgoraInfra_iOS.SwiftFileList --source-file-list /Users/jaigaurav/Library/Developer/Xcode/DerivedData/Broccoli-eapieicfqwxippexlubxawpdfesp/Build/Intermediates.noindex/AgoraRtcEngine_iOS.build/Debug-iphonesimulator/AgoraInfra_iOS.build/Objects-normal/x86_64/AgoraInfra_iOS.SwiftFileList --metadata-file-list /Users/jaigaurav/Library/Developer/Xcode/DerivedData/Broccoli-eapieicfqwxippexlubxawpdfesp/Build/Intermediates.noindex/AgoraRtcEngine_iOS.build/Debug-iphonesimulator/AgoraInfra_iOS.build/AgoraInfra_iOS.DependencyMetadataFileList --static-metadata-file-list /Users/jaigaurav/Library/Developer/Xcode/DerivedData/Broccoli-eapieicfqwxippexlubxawpdfesp/Build/Intermediates.noindex/AgoraRtcEngine_iOS.build/Debug-iphonesimulator/AgoraInfra_iOS.build/AgoraInfra_iOS.DependencyStaticMetadataFileList --swift-const-vals-list /Users/jaigaurav/Library/Developer/Xcode/DerivedData/Broccoli-eapieicfqwxippexlubxawpdfesp/Build/Intermediates.noindex/AgoraRtcEngine_iOS.build/Debug-iphonesimulator/AgoraInfra_iOS.build/Objects-normal/arm64/AgoraInfra_iOS.SwiftConstValuesFileList --swift-const-vals-list /Users/jaigaurav/Library/Developer/Xcode/DerivedData/Broccoli-eapieicfqwxippexlubxawpdfesp/Build/Intermediates.noindex/AgoraRtcEngine_iOS.build/Debug-iphonesimulator/AgoraInfra_iOS.build/Objects-normal/x86_64/AgoraInfra_iOS.SwiftConstValuesFileList --force --compile-time-extraction --deployment-aware-processing --validate-assistant-intents --no-app-shortcuts-localization
2026-08-17 12:31:46.975 appintentsmetadataprocessor[8170:167096] Starting appintentsmetadataprocessor export
2026-08-17 12:31:47.002 appintentsmetadataprocessor[8170:167096] Extracted no relevant App Intents symbols, skipping writing output

ExtractAppIntentsMetadata (in target 'WindowOverlay' from project 'swiftui-window-overlay')
    cd /Users/jaigaurav/Library/Developer/Xcode/DerivedData/Broccoli-eapieicfqwxippexlubxawpdfesp/SourcePackages/checkouts/swiftui-window-overlay
    /Applications/Xcode.app/Contents/Developer/Toolchains/XcodeDefault.xctoolchain/usr/bin/appintentsmetadataprocessor --toolchain-dir /Applications/Xcode.app/Contents/Developer/Toolchains/XcodeDefault.xctoolchain --module-name WindowOverlay --sdk-root /Applications/Xcode.app/Contents/Developer/Platforms/iPhoneSimulator.platform/Developer/SDKs/iPhoneSimulator26.5.sdk --xcode-version 17F113 --platform-family iOS --deployment-target 13.0 --bundle-identifier swiftui-window-overlay.WindowOverlay --output /Users/jaigaurav/Library/Developer/Xcode/DerivedData/Broccoli-eapieicfqwxippexlubxawpdfesp/Build/Products/Debug-iphonesimulator/WindowOverlay.appintents --target-triple arm64-apple-ios13.0-simulator --target-triple x86_64-apple-ios13.0-simulator --binary-file /Users/jaigaurav/Library/Developer/Xcode/DerivedData/Broccoli-eapieicfqwxippexlubxawpdfesp/Build/Products/Debug-iphonesimulator/WindowOverlay.o --dependency-file /Users/jaigaurav/Library/Developer/Xcode/DerivedData/Broccoli-eapieicfqwxippexlubxawpdfesp/Build/Intermediates.noindex/swiftui-window-overlay.build/Debug-iphonesimulator/WindowOverlay.build/Objects-normal/arm64/WindowOverlay_dependency_info.dat --dependency-file /Users/jaigaurav/Library/Developer/Xcode/DerivedData/Broccoli-eapieicfqwxippexlubxawpdfesp/Build/Intermediates.noindex/swiftui-window-overlay.build/Debug-iphonesimulator/WindowOverlay.build/Objects-normal/x86_64/WindowOverlay_dependency_info.dat --stringsdata-file /Users/jaigaurav/Library/Developer/Xcode/DerivedData/Broccoli-eapieicfqwxippexlubxawpdfesp/Build/Intermediates.noindex/swiftui-window-overlay.build/Debug-iphonesimulator/WindowOverlay.build/Objects-normal/arm64/ExtractedAppShortcutsMetadata.stringsdata --stringsdata-file /Users/jaigaurav/Library/Developer/Xcode/DerivedData/Broccoli-eapieicfqwxippexlubxawpdfesp/Build/Intermediates.noindex/swiftui-window-overlay.build/Debug-iphonesimulator/WindowOverlay.build/Objects-normal/x86_64/ExtractedAppShortcutsMetadata.stringsdata --source-file-list /Users/jaigaurav/Library/Developer/Xcode/DerivedData/Broccoli-eapieicfqwxippexlubxawpdfesp/Build/Intermediates.noindex/swiftui-window-overlay.build/Debug-iphonesimulator/WindowOverlay.build/Objects-normal/arm64/WindowOverlay.SwiftFileList --source-file-list /Users/jaigaurav/Library/Developer/Xcode/DerivedData/Broccoli-eapieicfqwxippexlubxawpdfesp/Build/Intermediates.noindex/swiftui-window-overlay.build/Debug-iphonesimulator/WindowOverlay.build/Objects-normal/x86_64/WindowOverlay.SwiftFileList --metadata-file-list /Users/jaigaurav/Library/Developer/Xcode/DerivedData/Broccoli-eapieicfqwxippexlubxawpdfesp/Build/Intermediates.noindex/swiftui-window-overlay.build/Debug-iphonesimulator/WindowOverlay.build/WindowOverlay.DependencyMetadataFileList --static-metadata-file-list /Users/jaigaurav/Library/Developer/Xcode/DerivedData/Broccoli-eapieicfqwxippexlubxawpdfesp/Build/Intermediates.noindex/swiftui-window-overlay.build/Debug-iphonesimulator/WindowOverlay.build/WindowOverlay.DependencyStaticMetadataFileList --swift-const-vals-list /Users/jaigaurav/Library/Developer/Xcode/DerivedData/Broccoli-eapieicfqwxippexlubxawpdfesp/Build/Intermediates.noindex/swiftui-window-overlay.build/Debug-iphonesimulator/WindowOverlay.build/Objects-normal/arm64/WindowOverlay.SwiftConstValuesFileList --swift-const-vals-list /Users/jaigaurav/Library/Developer/Xcode/DerivedData/Broccoli-eapieicfqwxippexlubxawpdfesp/Build/Intermediates.noindex/swiftui-window-overlay.build/Debug-iphonesimulator/WindowOverlay.build/Objects-normal/x86_64/WindowOverlay.SwiftConstValuesFileList --force --compile-time-extraction --deployment-aware-processing --validate-assistant-intents --no-app-shortcuts-localization
2026-08-17 12:31:46.975 appintentsmetadataprocessor[8171:167097] Starting appintentsmetadataprocessor export
2026-08-17 12:31:47.002 appintentsmetadataprocessor[8171:167097] Extracted no relevant App Intents symbols, skipping writing output

ExtractAppIntentsMetadata (in target 'KeychainAccess' from project 'KeychainAccess')
    cd /Users/jaigaurav/Library/Developer/Xcode/DerivedData/Broccoli-eapieicfqwxippexlubxawpdfesp/SourcePackages/checkouts/KeychainAccess
    /Applications/Xcode.app/Contents/Developer/Toolchains/XcodeDefault.xctoolchain/usr/bin/appintentsmetadataprocessor --toolchain-dir /Applications/Xcode.app/Contents/Developer/Toolchains/XcodeDefault.xctoolchain --module-name KeychainAccess --sdk-root /Applications/Xcode.app/Contents/Developer/Platforms/iPhoneSimulator.platform/Developer/SDKs/iPhoneSimulator26.5.sdk --xcode-version 17F113 --platform-family iOS --deployment-target 12.0 --bundle-identifier keychainaccess.KeychainAccess --output /Users/jaigaurav/Library/Developer/Xcode/DerivedData/Broccoli-eapieicfqwxippexlubxawpdfesp/Build/Products/Debug-iphonesimulator/KeychainAccess.appintents --target-triple arm64-apple-ios12.0-simulator --target-triple x86_64-apple-ios12.0-simulator --binary-file /Users/jaigaurav/Library/Developer/Xcode/DerivedData/Broccoli-eapieicfqwxippexlubxawpdfesp/Build/Products/Debug-iphonesimulator/KeychainAccess.o --dependency-file /Users/jaigaurav/Library/Developer/Xcode/DerivedData/Broccoli-eapieicfqwxippexlubxawpdfesp/Build/Intermediates.noindex/KeychainAccess.build/Debug-iphonesimulator/KeychainAccess.build/Objects-normal/arm64/KeychainAccess_dependency_info.dat --dependency-file /Users/jaigaurav/Library/Developer/Xcode/DerivedData/Broccoli-eapieicfqwxippexlubxawpdfesp/Build/Intermediates.noindex/KeychainAccess.build/Debug-iphonesimulator/KeychainAccess.build/Objects-normal/x86_64/KeychainAccess_dependency_info.dat --stringsdata-file /Users/jaigaurav/Library/Developer/Xcode/DerivedData/Broccoli-eapieicfqwxippexlubxawpdfesp/Build/Intermediates.noindex/KeychainAccess.build/Debug-iphonesimulator/KeychainAccess.build/Objects-normal/arm64/ExtractedAppShortcutsMetadata.stringsdata --stringsdata-file /Users/jaigaurav/Library/Developer/Xcode/DerivedData/Broccoli-eapieicfqwxippexlubxawpdfesp/Build/Intermediates.noindex/KeychainAccess.build/Debug-iphonesimulator/KeychainAccess.build/Objects-normal/x86_64/ExtractedAppShortcutsMetadata.stringsdata --source-file-list /Users/jaigaurav/Library/Developer/Xcode/DerivedData/Broccoli-eapieicfqwxippexlubxawpdfesp/Build/Intermediates.noindex/KeychainAccess.build/Debug-iphonesimulator/KeychainAccess.build/Objects-normal/arm64/KeychainAccess.SwiftFileList --source-file-list /Users/jaigaurav/Library/Developer/Xcode/DerivedData/Broccoli-eapieicfqwxippexlubxawpdfesp/Build/Intermediates.noindex/KeychainAccess.build/Debug-iphonesimulator/KeychainAccess.build/Objects-normal/x86_64/KeychainAccess.SwiftFileList --metadata-file-list /Users/jaigaurav/Library/Developer/Xcode/DerivedData/Broccoli-eapieicfqwxippexlubxawpdfesp/Build/Intermediates.noindex/KeychainAccess.build/Debug-iphonesimulator/KeychainAccess.build/KeychainAccess.DependencyMetadataFileList --static-metadata-file-list /Users/jaigaurav/Library/Developer/Xcode/DerivedData/Broccoli-eapieicfqwxippexlubxawpdfesp/Build/Intermediates.noindex/KeychainAccess.build/Debug-iphonesimulator/KeychainAccess.build/KeychainAccess.DependencyStaticMetadataFileList --swift-const-vals-list /Users/jaigaurav/Library/Developer/Xcode/DerivedData/Broccoli-eapieicfqwxippexlubxawpdfesp/Build/Intermediates.noindex/KeychainAccess.build/Debug-iphonesimulator/KeychainAccess.build/Objects-normal/arm64/KeychainAccess.SwiftConstValuesFileList --swift-const-vals-list /Users/jaigaurav/Library/Developer/Xcode/DerivedData/Broccoli-eapieicfqwxippexlubxawpdfesp/Build/Intermediates.noindex/KeychainAccess.build/Debug-iphonesimulator/KeychainAccess.build/Objects-normal/x86_64/KeychainAccess.SwiftConstValuesFileList --force --compile-time-extraction --deployment-aware-processing --validate-assistant-intents --no-app-shortcuts-localization
2026-08-17 12:31:46.975 appintentsmetadataprocessor[8172:167098] Starting appintentsmetadataprocessor export
2026-08-17 12:31:47.002 appintentsmetadataprocessor[8172:167098] Extracted no relevant App Intents symbols, skipping writing output

RegisterExecutionPolicyException /Users/jaigaurav/Library/Developer/Xcode/DerivedData/Broccoli-eapieicfqwxippexlubxawpdfesp/Build/Products/Debug-iphonesimulator/Firebase.o (in target 'Firebase' from project 'Firebase')
    cd /Users/jaigaurav/Library/Developer/Xcode/DerivedData/Broccoli-eapieicfqwxippexlubxawpdfesp/SourcePackages/checkouts/firebase-ios-sdk
    builtin-RegisterExecutionPolicyException /Users/jaigaurav/Library/Developer/Xcode/DerivedData/Broccoli-eapieicfqwxippexlubxawpdfesp/Build/Products/Debug-iphonesimulator/Firebase.o

ExtractAppIntentsMetadata (in target 'AlertToast' from project 'AlertToast')
    cd /Users/jaigaurav/Library/Developer/Xcode/DerivedData/Broccoli-eapieicfqwxippexlubxawpdfesp/SourcePackages/checkouts/AlertToast
    /Applications/Xcode.app/Contents/Developer/Toolchains/XcodeDefault.xctoolchain/usr/bin/appintentsmetadataprocessor --toolchain-dir /Applications/Xcode.app/Contents/Developer/Toolchains/XcodeDefault.xctoolchain --module-name AlertToast --sdk-root /Applications/Xcode.app/Contents/Developer/Platforms/iPhoneSimulator.platform/Developer/SDKs/iPhoneSimulator26.5.sdk --xcode-version 17F113 --platform-family iOS --deployment-target 13.0 --bundle-identifier alerttoast.AlertToast --output /Users/jaigaurav/Library/Developer/Xcode/DerivedData/Broccoli-eapieicfqwxippexlubxawpdfesp/Build/Products/Debug-iphonesimulator/AlertToast.appintents --target-triple arm64-apple-ios13.0-simulator --target-triple x86_64-apple-ios13.0-simulator --binary-file /Users/jaigaurav/Library/Developer/Xcode/DerivedData/Broccoli-eapieicfqwxippexlubxawpdfesp/Build/Products/Debug-iphonesimulator/AlertToast.o --dependency-file /Users/jaigaurav/Library/Developer/Xcode/DerivedData/Broccoli-eapieicfqwxippexlubxawpdfesp/Build/Intermediates.noindex/AlertToast.build/Debug-iphonesimulator/AlertToast.build/Objects-normal/arm64/AlertToast_dependency_info.dat --dependency-file /Users/jaigaurav/Library/Developer/Xcode/DerivedData/Broccoli-eapieicfqwxippexlubxawpdfesp/Build/Intermediates.noindex/AlertToast.build/Debug-iphonesimulator/AlertToast.build/Objects-normal/x86_64/AlertToast_dependency_info.dat --stringsdata-file /Users/jaigaurav/Library/Developer/Xcode/DerivedData/Broccoli-eapieicfqwxippexlubxawpdfesp/Build/Intermediates.noindex/AlertToast.build/Debug-iphonesimulator/AlertToast.build/Objects-normal/arm64/ExtractedAppShortcutsMetadata.stringsdata --stringsdata-file /Users/jaigaurav/Library/Developer/Xcode/DerivedData/Broccoli-eapieicfqwxippexlubxawpdfesp/Build/Intermediates.noindex/AlertToast.build/Debug-iphonesimulator/AlertToast.build/Objects-normal/x86_64/ExtractedAppShortcutsMetadata.stringsdata --source-file-list /Users/jaigaurav/Library/Developer/Xcode/DerivedData/Broccoli-eapieicfqwxippexlubxawpdfesp/Build/Intermediates.noindex/AlertToast.build/Debug-iphonesimulator/AlertToast.build/Objects-normal/arm64/AlertToast.SwiftFileList --source-file-list /Users/jaigaurav/Library/Developer/Xcode/DerivedData/Broccoli-eapieicfqwxippexlubxawpdfesp/Build/Intermediates.noindex/AlertToast.build/Debug-iphonesimulator/AlertToast.build/Objects-normal/x86_64/AlertToast.SwiftFileList --metadata-file-list /Users/jaigaurav/Library/Developer/Xcode/DerivedData/Broccoli-eapieicfqwxippexlubxawpdfesp/Build/Intermediates.noindex/AlertToast.build/Debug-iphonesimulator/AlertToast.build/AlertToast.DependencyMetadataFileList --static-metadata-file-list /Users/jaigaurav/Library/Developer/Xcode/DerivedData/Broccoli-eapieicfqwxippexlubxawpdfesp/Build/Intermediates.noindex/AlertToast.build/Debug-iphonesimulator/AlertToast.build/AlertToast.DependencyStaticMetadataFileList --swift-const-vals-list /Users/jaigaurav/Library/Developer/Xcode/DerivedData/Broccoli-eapieicfqwxippexlubxawpdfesp/Build/Intermediates.noindex/AlertToast.build/Debug-iphonesimulator/AlertToast.build/Objects-normal/arm64/AlertToast.SwiftConstValuesFileList --swift-const-vals-list /Users/jaigaurav/Library/Developer/Xcode/DerivedData/Broccoli-eapieicfqwxippexlubxawpdfesp/Build/Intermediates.noindex/AlertToast.build/Debug-iphonesimulator/AlertToast.build/Objects-normal/x86_64/AlertToast.SwiftConstValuesFileList --force --compile-time-extraction --deployment-aware-processing --validate-assistant-intents --no-app-shortcuts-localization
2026-08-17 12:31:46.975 appintentsmetadataprocessor[8173:167099] Starting appintentsmetadataprocessor export
2026-08-17 12:31:47.002 appintentsmetadataprocessor[8173:167099] Extracted no relevant App Intents symbols, skipping writing output

RegisterExecutionPolicyException /Users/jaigaurav/Library/Developer/Xcode/DerivedData/Broccoli-eapieicfqwxippexlubxawpdfesp/Build/Products/Debug-iphonesimulator/Stripe3DS2.o (in target 'Stripe3DS2' from project 'Stripe')
    cd /Users/jaigaurav/Library/Developer/Xcode/DerivedData/Broccoli-eapieicfqwxippexlubxawpdfesp/SourcePackages/checkouts/stripe-ios-spm
    builtin-RegisterExecutionPolicyException /Users/jaigaurav/Library/Developer/Xcode/DerivedData/Broccoli-eapieicfqwxippexlubxawpdfesp/Build/Products/Debug-iphonesimulator/Stripe3DS2.o

RegisterExecutionPolicyException /Users/jaigaurav/Library/Developer/Xcode/DerivedData/Broccoli-eapieicfqwxippexlubxawpdfesp/Build/Products/Debug-iphonesimulator/GTMSessionFetcherCore.o (in target 'GTMSessionFetcherCore' from project 'GTMSessionFetcher')
    cd /Users/jaigaurav/Library/Developer/Xcode/DerivedData/Broccoli-eapieicfqwxippexlubxawpdfesp/SourcePackages/checkouts/gtm-session-fetcher
    builtin-RegisterExecutionPolicyException /Users/jaigaurav/Library/Developer/Xcode/DerivedData/Broccoli-eapieicfqwxippexlubxawpdfesp/Build/Products/Debug-iphonesimulator/GTMSessionFetcherCore.o

ProcessInfoPlistFile /Users/jaigaurav/Library/Developer/Xcode/DerivedData/Broccoli-eapieicfqwxippexlubxawpdfesp/Build/Products/Debug-iphonesimulator/Stripe_StripeCore.bundle/Info.plist /Users/jaigaurav/Library/Developer/Xcode/DerivedData/Broccoli-eapieicfqwxippexlubxawpdfesp/Build/Intermediates.noindex/Stripe.build/Debug-iphonesimulator/Stripe_StripeCore.build/empty-Stripe_StripeCore.plist (in target 'Stripe_StripeCore' from project 'Stripe')
    cd /Users/jaigaurav/Library/Developer/Xcode/DerivedData/Broccoli-eapieicfqwxippexlubxawpdfesp/SourcePackages/checkouts/stripe-ios-spm
    builtin-infoPlistUtility /Users/jaigaurav/Library/Developer/Xcode/DerivedData/Broccoli-eapieicfqwxippexlubxawpdfesp/Build/Intermediates.noindex/Stripe.build/Debug-iphonesimulator/Stripe_StripeCore.build/empty-Stripe_StripeCore.plist -producttype com.apple.product-type.bundle -expandbuildsettings -format binary -platform iphonesimulator -o /Users/jaigaurav/Library/Developer/Xcode/DerivedData/Broccoli-eapieicfqwxippexlubxawpdfesp/Build/Products/Debug-iphonesimulator/Stripe_StripeCore.bundle/Info.plist

ProcessInfoPlistFile /Users/jaigaurav/Library/Developer/Xcode/DerivedData/Broccoli-eapieicfqwxippexlubxawpdfesp/Build/Products/Debug-iphonesimulator/GoogleUtilities_GoogleUtilities-NSData.bundle/Info.plist /Users/jaigaurav/Library/Developer/Xcode/DerivedData/Broccoli-eapieicfqwxippexlubxawpdfesp/Build/Intermediates.noindex/GoogleUtilities.build/Debug-iphonesimulator/GoogleUtilities_GoogleUtilities-NSData.build/empty-GoogleUtilities_GoogleUtilities-NSData.plist (in target 'GoogleUtilities_GoogleUtilities-NSData' from project 'GoogleUtilities')
    cd /Users/jaigaurav/Library/Developer/Xcode/DerivedData/Broccoli-eapieicfqwxippexlubxawpdfesp/SourcePackages/checkouts/GoogleUtilities
    builtin-infoPlistUtility /Users/jaigaurav/Library/Developer/Xcode/DerivedData/Broccoli-eapieicfqwxippexlubxawpdfesp/Build/Intermediates.noindex/GoogleUtilities.build/Debug-iphonesimulator/GoogleUtilities_GoogleUtilities-NSData.build/empty-GoogleUtilities_GoogleUtilities-NSData.plist -producttype com.apple.product-type.bundle -expandbuildsettings -format binary -platform iphonesimulator -o /Users/jaigaurav/Library/Developer/Xcode/DerivedData/Broccoli-eapieicfqwxippexlubxawpdfesp/Build/Products/Debug-iphonesimulator/GoogleUtilities_GoogleUtilities-NSData.bundle/Info.plist

ProcessInfoPlistFile /Users/jaigaurav/Library/Developer/Xcode/DerivedData/Broccoli-eapieicfqwxippexlubxawpdfesp/Build/Products/Debug-iphonesimulator/nanopb_nanopb.bundle/Info.plist /Users/jaigaurav/Library/Developer/Xcode/DerivedData/Broccoli-eapieicfqwxippexlubxawpdfesp/Build/Intermediates.noindex/nanopb.build/Debug-iphonesimulator/nanopb_nanopb.build/empty-nanopb_nanopb.plist (in target 'nanopb_nanopb' from project 'nanopb')
    cd /Users/jaigaurav/Library/Developer/Xcode/DerivedData/Broccoli-eapieicfqwxippexlubxawpdfesp/SourcePackages/checkouts/nanopb
    builtin-infoPlistUtility /Users/jaigaurav/Library/Developer/Xcode/DerivedData/Broccoli-eapieicfqwxippexlubxawpdfesp/Build/Intermediates.noindex/nanopb.build/Debug-iphonesimulator/nanopb_nanopb.build/empty-nanopb_nanopb.plist -producttype com.apple.product-type.bundle -expandbuildsettings -format binary -platform iphonesimulator -o /Users/jaigaurav/Library/Developer/Xcode/DerivedData/Broccoli-eapieicfqwxippexlubxawpdfesp/Build/Products/Debug-iphonesimulator/nanopb_nanopb.bundle/Info.plist

Ld /Users/jaigaurav/Library/Developer/Xcode/DerivedData/Broccoli-eapieicfqwxippexlubxawpdfesp/Build/Intermediates.noindex/Stripe.build/Debug-iphonesimulator/StripeCore.build/Objects-normal/x86_64/Binary/StripeCore.o normal x86_64 (in target 'StripeCore' from project 'Stripe')
    cd /Users/jaigaurav/Library/Developer/Xcode/DerivedData/Broccoli-eapieicfqwxippexlubxawpdfesp/SourcePackages/checkouts/stripe-ios-spm
    /Applications/Xcode.app/Contents/Developer/Toolchains/XcodeDefault.xctoolchain/usr/bin/clang -Xlinker -reproducible -target x86_64-apple-ios13.0-simulator -r -isysroot /Applications/Xcode.app/Contents/Developer/Platforms/iPhoneSimulator.platform/Developer/SDKs/iPhoneSimulator26.5.sdk -O0 -w -F/Users/jaigaurav/Library/Developer/Xcode/DerivedData/Broccoli-eapieicfqwxippexlubxawpdfesp/Build/Intermediates.noindex/EagerLinkingTBDs/Debug-iphonesimulator -F/Users/jaigaurav/Library/Developer/Xcode/DerivedData/Broccoli-eapieicfqwxippexlubxawpdfesp/Build/Products/Debug-iphonesimulator -iframework /Applications/Xcode.app/Contents/Developer/Platforms/iPhoneSimulator.platform/Developer/Library/Frameworks -iframework /Applications/Xcode.app/Contents/Developer/Platforms/iPhoneSimulator.platform/Developer/SDKs/iPhoneSimulator26.5.sdk/Developer/Library/Frameworks -filelist /Users/jaigaurav/Library/Developer/Xcode/DerivedData/Broccoli-eapieicfqwxippexlubxawpdfesp/Build/Intermediates.noindex/Stripe.build/Debug-iphonesimulator/StripeCore.build/Objects-normal/x86_64/StripeCore.LinkFileList -nostdlib -Xlinker -object_path_lto -Xlinker /Users/jaigaurav/Library/Developer/Xcode/DerivedData/Broccoli-eapieicfqwxippexlubxawpdfesp/Build/Intermediates.noindex/Stripe.build/Debug-iphonesimulator/StripeCore.build/Objects-normal/x86_64/StripeCore_lto.o -Xlinker -no_deduplicate -Xlinker -objc_abi_version -Xlinker 2 -Xlinker -debug_variant -Xlinker -dependency_info -Xlinker /Users/jaigaurav/Library/Developer/Xcode/DerivedData/Broccoli-eapieicfqwxippexlubxawpdfesp/Build/Intermediates.noindex/Stripe.build/Debug-iphonesimulator/StripeCore.build/Objects-normal/x86_64/StripeCore_dependency_info.dat -fobjc-link-runtime -L/Applications/Xcode.app/Contents/Developer/Toolchains/XcodeDefault.xctoolchain/usr/lib/swift/iphonesimulator -L/usr/lib/swift -Xlinker -add_ast_path -Xlinker /Users/jaigaurav/Library/Developer/Xcode/DerivedData/Broccoli-eapieicfqwxippexlubxawpdfesp/Build/Intermediates.noindex/Stripe.build/Debug-iphonesimulator/StripeCore.build/Objects-normal/x86_64/StripeCore.swiftmodule @/Users/jaigaurav/Library/Developer/Xcode/DerivedData/Broccoli-eapieicfqwxippexlubxawpdfesp/Build/Intermediates.noindex/Stripe.build/Debug-iphonesimulator/StripeCore.build/Objects-normal/x86_64/StripeCore-linker-args.resp -o /Users/jaigaurav/Library/Developer/Xcode/DerivedData/Broccoli-eapieicfqwxippexlubxawpdfesp/Build/Intermediates.noindex/Stripe.build/Debug-iphonesimulator/StripeCore.build/Objects-normal/x86_64/Binary/StripeCore.o

Ld /Users/jaigaurav/Library/Developer/Xcode/DerivedData/Broccoli-eapieicfqwxippexlubxawpdfesp/Build/Intermediates.noindex/nanopb.build/Debug-iphonesimulator/nanopb.build/Objects-normal/x86_64/Binary/nanopb.o normal x86_64 (in target 'nanopb' from project 'nanopb')
    cd /Users/jaigaurav/Library/Developer/Xcode/DerivedData/Broccoli-eapieicfqwxippexlubxawpdfesp/SourcePackages/checkouts/nanopb
    /Applications/Xcode.app/Contents/Developer/Toolchains/XcodeDefault.xctoolchain/usr/bin/clang -Xlinker -reproducible -target x86_64-apple-ios12.0-simulator -r -isysroot /Applications/Xcode.app/Contents/Developer/Platforms/iPhoneSimulator.platform/Developer/SDKs/iPhoneSimulator26.5.sdk -O0 -w -F/Users/jaigaurav/Library/Developer/Xcode/DerivedData/Broccoli-eapieicfqwxippexlubxawpdfesp/Build/Intermediates.noindex/EagerLinkingTBDs/Debug-iphonesimulator -F/Users/jaigaurav/Library/Developer/Xcode/DerivedData/Broccoli-eapieicfqwxippexlubxawpdfesp/Build/Products/Debug-iphonesimulator -iframework /Applications/Xcode.app/Contents/Developer/Platforms/iPhoneSimulator.platform/Developer/Library/Frameworks -iframework /Applications/Xcode.app/Contents/Developer/Platforms/iPhoneSimulator.platform/Developer/SDKs/iPhoneSimulator26.5.sdk/Developer/Library/Frameworks -filelist /Users/jaigaurav/Library/Developer/Xcode/DerivedData/Broccoli-eapieicfqwxippexlubxawpdfesp/Build/Intermediates.noindex/nanopb.build/Debug-iphonesimulator/nanopb.build/Objects-normal/x86_64/nanopb.LinkFileList -nostdlib -Xlinker -object_path_lto -Xlinker /Users/jaigaurav/Library/Developer/Xcode/DerivedData/Broccoli-eapieicfqwxippexlubxawpdfesp/Build/Intermediates.noindex/nanopb.build/Debug-iphonesimulator/nanopb.build/Objects-normal/x86_64/nanopb_lto.o -Xlinker -no_deduplicate -Xlinker -objc_abi_version -Xlinker 2 -Xlinker -debug_variant -Xlinker -dependency_info -Xlinker /Users/jaigaurav/Library/Developer/Xcode/DerivedData/Broccoli-eapieicfqwxippexlubxawpdfesp/Build/Intermediates.noindex/nanopb.build/Debug-iphonesimulator/nanopb.build/Objects-normal/x86_64/nanopb_dependency_info.dat -o /Users/jaigaurav/Library/Developer/Xcode/DerivedData/Broccoli-eapieicfqwxippexlubxawpdfesp/Build/Intermediates.noindex/nanopb.build/Debug-iphonesimulator/nanopb.build/Objects-normal/x86_64/Binary/nanopb.o

Ld /Users/jaigaurav/Library/Developer/Xcode/DerivedData/Broccoli-eapieicfqwxippexlubxawpdfesp/Build/Intermediates.noindex/GoogleUtilities.build/Debug-iphonesimulator/GoogleUtilities-NSData.build/Objects-normal/arm64/Binary/GoogleUtilities-NSData.o normal arm64 (in target 'GoogleUtilities-NSData' from project 'GoogleUtilities')
    cd /Users/jaigaurav/Library/Developer/Xcode/DerivedData/Broccoli-eapieicfqwxippexlubxawpdfesp/SourcePackages/checkouts/GoogleUtilities
    /Applications/Xcode.app/Contents/Developer/Toolchains/XcodeDefault.xctoolchain/usr/bin/clang -Xlinker -reproducible -target arm64-apple-ios12.0-simulator -r -isysroot /Applications/Xcode.app/Contents/Developer/Platforms/iPhoneSimulator.platform/Developer/SDKs/iPhoneSimulator26.5.sdk -O0 -w -F/Users/jaigaurav/Library/Developer/Xcode/DerivedData/Broccoli-eapieicfqwxippexlubxawpdfesp/Build/Intermediates.noindex/EagerLinkingTBDs/Debug-iphonesimulator -F/Users/jaigaurav/Library/Developer/Xcode/DerivedData/Broccoli-eapieicfqwxippexlubxawpdfesp/Build/Products/Debug-iphonesimulator -iframework /Applications/Xcode.app/Contents/Developer/Platforms/iPhoneSimulator.platform/Developer/Library/Frameworks -iframework /Applications/Xcode.app/Contents/Developer/Platforms/iPhoneSimulator.platform/Developer/SDKs/iPhoneSimulator26.5.sdk/Developer/Library/Frameworks -filelist /Users/jaigaurav/Library/Developer/Xcode/DerivedData/Broccoli-eapieicfqwxippexlubxawpdfesp/Build/Intermediates.noindex/GoogleUtilities.build/Debug-iphonesimulator/GoogleUtilities-NSData.build/Objects-normal/arm64/GoogleUtilities-NSData.LinkFileList -nostdlib -Xlinker -object_path_lto -Xlinker /Users/jaigaurav/Library/Developer/Xcode/DerivedData/Broccoli-eapieicfqwxippexlubxawpdfesp/Build/Intermediates.noindex/GoogleUtilities.build/Debug-iphonesimulator/GoogleUtilities-NSData.build/Objects-normal/arm64/GoogleUtilities-NSData_lto.o -Xlinker -no_deduplicate -Xlinker -objc_abi_version -Xlinker 2 -Xlinker -debug_variant -Xlinker -dependency_info -Xlinker /Users/jaigaurav/Library/Developer/Xcode/DerivedData/Broccoli-eapieicfqwxippexlubxawpdfesp/Build/Intermediates.noindex/GoogleUtilities.build/Debug-iphonesimulator/GoogleUtilities-NSData.build/Objects-normal/arm64/GoogleUtilities-NSData_dependency_info.dat -fobjc-arc -fobjc-link-runtime -o /Users/jaigaurav/Library/Developer/Xcode/DerivedData/Broccoli-eapieicfqwxippexlubxawpdfesp/Build/Intermediates.noindex/GoogleUtilities.build/Debug-iphonesimulator/GoogleUtilities-NSData.build/Objects-normal/arm64/Binary/GoogleUtilities-NSData.o

ProcessInfoPlistFile /Users/jaigaurav/Library/Developer/Xcode/DerivedData/Broccoli-eapieicfqwxippexlubxawpdfesp/Build/Products/Debug-iphonesimulator/AppAuth_AppAuthCore.bundle/Info.plist /Users/jaigaurav/Library/Developer/Xcode/DerivedData/Broccoli-eapieicfqwxippexlubxawpdfesp/Build/Intermediates.noindex/AppAuth.build/Debug-iphonesimulator/AppAuth_AppAuthCore.build/empty-AppAuth_AppAuthCore.plist (in target 'AppAuth_AppAuthCore' from project 'AppAuth')
    cd /Users/jaigaurav/Library/Developer/Xcode/DerivedData/Broccoli-eapieicfqwxippexlubxawpdfesp/SourcePackages/checkouts/AppAuth-iOS
    builtin-infoPlistUtility /Users/jaigaurav/Library/Developer/Xcode/DerivedData/Broccoli-eapieicfqwxippexlubxawpdfesp/Build/Intermediates.noindex/AppAuth.build/Debug-iphonesimulator/AppAuth_AppAuthCore.build/empty-AppAuth_AppAuthCore.plist -producttype com.apple.product-type.bundle -expandbuildsettings -format binary -platform iphonesimulator -o /Users/jaigaurav/Library/Developer/Xcode/DerivedData/Broccoli-eapieicfqwxippexlubxawpdfesp/Build/Products/Debug-iphonesimulator/AppAuth_AppAuthCore.bundle/Info.plist

RegisterExecutionPolicyException /Users/jaigaurav/Library/Developer/Xcode/DerivedData/Broccoli-eapieicfqwxippexlubxawpdfesp/Build/Products/Debug-iphonesimulator/WindowOverlay.o (in target 'WindowOverlay' from project 'swiftui-window-overlay')
    cd /Users/jaigaurav/Library/Developer/Xcode/DerivedData/Broccoli-eapieicfqwxippexlubxawpdfesp/SourcePackages/checkouts/swiftui-window-overlay
    builtin-RegisterExecutionPolicyException /Users/jaigaurav/Library/Developer/Xcode/DerivedData/Broccoli-eapieicfqwxippexlubxawpdfesp/Build/Products/Debug-iphonesimulator/WindowOverlay.o

RegisterExecutionPolicyException /Users/jaigaurav/Library/Developer/Xcode/DerivedData/Broccoli-eapieicfqwxippexlubxawpdfesp/Build/Products/Debug-iphonesimulator/KeychainAccess.o (in target 'KeychainAccess' from project 'KeychainAccess')
    cd /Users/jaigaurav/Library/Developer/Xcode/DerivedData/Broccoli-eapieicfqwxippexlubxawpdfesp/SourcePackages/checkouts/KeychainAccess
    builtin-RegisterExecutionPolicyException /Users/jaigaurav/Library/Developer/Xcode/DerivedData/Broccoli-eapieicfqwxippexlubxawpdfesp/Build/Products/Debug-iphonesimulator/KeychainAccess.o

RegisterExecutionPolicyException /Users/jaigaurav/Library/Developer/Xcode/DerivedData/Broccoli-eapieicfqwxippexlubxawpdfesp/Build/Products/Debug-iphonesimulator/FacebookAEM.o (in target 'FacebookAEM' from project 'Facebook')
    cd /Users/jaigaurav/Library/Developer/Xcode/DerivedData/Broccoli-eapieicfqwxippexlubxawpdfesp/SourcePackages/checkouts/facebook-ios-sdk
    builtin-RegisterExecutionPolicyException /Users/jaigaurav/Library/Developer/Xcode/DerivedData/Broccoli-eapieicfqwxippexlubxawpdfesp/Build/Products/Debug-iphonesimulator/FacebookAEM.o

RegisterExecutionPolicyException /Users/jaigaurav/Library/Developer/Xcode/DerivedData/Broccoli-eapieicfqwxippexlubxawpdfesp/Build/Products/Debug-iphonesimulator/AlertToast.o (in target 'AlertToast' from project 'AlertToast')
    cd /Users/jaigaurav/Library/Developer/Xcode/DerivedData/Broccoli-eapieicfqwxippexlubxawpdfesp/SourcePackages/checkouts/AlertToast
    builtin-RegisterExecutionPolicyException /Users/jaigaurav/Library/Developer/Xcode/DerivedData/Broccoli-eapieicfqwxippexlubxawpdfesp/Build/Products/Debug-iphonesimulator/AlertToast.o

RegisterExecutionPolicyException /Users/jaigaurav/Library/Developer/Xcode/DerivedData/Broccoli-eapieicfqwxippexlubxawpdfesp/Build/Products/Debug-iphonesimulator/AgoraInfra_iOS.o (in target 'AgoraInfra_iOS' from project 'AgoraRtcEngine_iOS')
    cd /Users/jaigaurav/Library/Developer/Xcode/DerivedData/Broccoli-eapieicfqwxippexlubxawpdfesp/SourcePackages/checkouts/AgoraRtcEngine_iOS
    builtin-RegisterExecutionPolicyException /Users/jaigaurav/Library/Developer/Xcode/DerivedData/Broccoli-eapieicfqwxippexlubxawpdfesp/Build/Products/Debug-iphonesimulator/AgoraInfra_iOS.o

Ld /Users/jaigaurav/Library/Developer/Xcode/DerivedData/Broccoli-eapieicfqwxippexlubxawpdfesp/Build/Intermediates.noindex/AppAuth.build/Debug-iphonesimulator/AppAuthCore.build/Objects-normal/x86_64/Binary/AppAuthCore.o normal x86_64 (in target 'AppAuthCore' from project 'AppAuth')
    cd /Users/jaigaurav/Library/Developer/Xcode/DerivedData/Broccoli-eapieicfqwxippexlubxawpdfesp/SourcePackages/checkouts/AppAuth-iOS
    /Applications/Xcode.app/Contents/Developer/Toolchains/XcodeDefault.xctoolchain/usr/bin/clang -Xlinker -reproducible -target x86_64-apple-ios12.0-simulator -r -isysroot /Applications/Xcode.app/Contents/Developer/Platforms/iPhoneSimulator.platform/Developer/SDKs/iPhoneSimulator26.5.sdk -O0 -w -F/Users/jaigaurav/Library/Developer/Xcode/DerivedData/Broccoli-eapieicfqwxippexlubxawpdfesp/Build/Intermediates.noindex/EagerLinkingTBDs/Debug-iphonesimulator -F/Users/jaigaurav/Library/Developer/Xcode/DerivedData/Broccoli-eapieicfqwxippexlubxawpdfesp/Build/Products/Debug-iphonesimulator -iframework /Applications/Xcode.app/Contents/Developer/Platforms/iPhoneSimulator.platform/Developer/Library/Frameworks -iframework /Applications/Xcode.app/Contents/Developer/Platforms/iPhoneSimulator.platform/Developer/SDKs/iPhoneSimulator26.5.sdk/Developer/Library/Frameworks -filelist /Users/jaigaurav/Library/Developer/Xcode/DerivedData/Broccoli-eapieicfqwxippexlubxawpdfesp/Build/Intermediates.noindex/AppAuth.build/Debug-iphonesimulator/AppAuthCore.build/Objects-normal/x86_64/AppAuthCore.LinkFileList -nostdlib -Xlinker -object_path_lto -Xlinker /Users/jaigaurav/Library/Developer/Xcode/DerivedData/Broccoli-eapieicfqwxippexlubxawpdfesp/Build/Intermediates.noindex/AppAuth.build/Debug-iphonesimulator/AppAuthCore.build/Objects-normal/x86_64/AppAuthCore_lto.o -Xlinker -no_deduplicate -Xlinker -objc_abi_version -Xlinker 2 -Xlinker -debug_variant -Xlinker -dependency_info -Xlinker /Users/jaigaurav/Library/Developer/Xcode/DerivedData/Broccoli-eapieicfqwxippexlubxawpdfesp/Build/Intermediates.noindex/AppAuth.build/Debug-iphonesimulator/AppAuthCore.build/Objects-normal/x86_64/AppAuthCore_dependency_info.dat -fobjc-arc -fobjc-link-runtime -o /Users/jaigaurav/Library/Developer/Xcode/DerivedData/Broccoli-eapieicfqwxippexlubxawpdfesp/Build/Intermediates.noindex/AppAuth.build/Debug-iphonesimulator/AppAuthCore.build/Objects-normal/x86_64/Binary/AppAuthCore.o

Ld /Users/jaigaurav/Library/Developer/Xcode/DerivedData/Broccoli-eapieicfqwxippexlubxawpdfesp/Build/Intermediates.noindex/Facebook.build/Debug-iphonesimulator/FacebookCore.build/Objects-normal/x86_64/Binary/FacebookCore.o normal x86_64 (in target 'FacebookCore' from project 'Facebook')
    cd /Users/jaigaurav/Library/Developer/Xcode/DerivedData/Broccoli-eapieicfqwxippexlubxawpdfesp/SourcePackages/checkouts/facebook-ios-sdk
    /Applications/Xcode.app/Contents/Developer/Toolchains/XcodeDefault.xctoolchain/usr/bin/clang -Xlinker -reproducible -target x86_64-apple-ios12.0-simulator -r -isysroot /Applications/Xcode.app/Contents/Developer/Platforms/iPhoneSimulator.platform/Developer/SDKs/iPhoneSimulator26.5.sdk -O0 -w -F/Users/jaigaurav/Library/Developer/Xcode/DerivedData/Broccoli-eapieicfqwxippexlubxawpdfesp/Build/Intermediates.noindex/EagerLinkingTBDs/Debug-iphonesimulator -F/Users/jaigaurav/Library/Developer/Xcode/DerivedData/Broccoli-eapieicfqwxippexlubxawpdfesp/Build/Products/Debug-iphonesimulator/PackageFrameworks -F/Users/jaigaurav/Library/Developer/Xcode/DerivedData/Broccoli-eapieicfqwxippexlubxawpdfesp/Build/Products/Debug-iphonesimulator -iframework /Applications/Xcode.app/Contents/Developer/Platforms/iPhoneSimulator.platform/Developer/Library/Frameworks -iframework /Applications/Xcode.app/Contents/Developer/Platforms/iPhoneSimulator.platform/Developer/SDKs/iPhoneSimulator26.5.sdk/Developer/Library/Frameworks -filelist /Users/jaigaurav/Library/Developer/Xcode/DerivedData/Broccoli-eapieicfqwxippexlubxawpdfesp/Build/Intermediates.noindex/Facebook.build/Debug-iphonesimulator/FacebookCore.build/Objects-normal/x86_64/FacebookCore.LinkFileList -nostdlib -Xlinker -object_path_lto -Xlinker /Users/jaigaurav/Library/Developer/Xcode/DerivedData/Broccoli-eapieicfqwxippexlubxawpdfesp/Build/Intermediates.noindex/Facebook.build/Debug-iphonesimulator/FacebookCore.build/Objects-normal/x86_64/FacebookCore_lto.o -Xlinker -no_deduplicate -Xlinker -objc_abi_version -Xlinker 2 -Xlinker -debug_variant -Xlinker -dependency_info -Xlinker /Users/jaigaurav/Library/Developer/Xcode/DerivedData/Broccoli-eapieicfqwxippexlubxawpdfesp/Build/Intermediates.noindex/Facebook.build/Debug-iphonesimulator/FacebookCore.build/Objects-normal/x86_64/FacebookCore_dependency_info.dat -fobjc-link-runtime -L/Applications/Xcode.app/Contents/Developer/Toolchains/XcodeDefault.xctoolchain/usr/lib/swift/iphonesimulator -L/usr/lib/swift -Xlinker -add_ast_path -Xlinker /Users/jaigaurav/Library/Developer/Xcode/DerivedData/Broccoli-eapieicfqwxippexlubxawpdfesp/Build/Intermediates.noindex/Facebook.build/Debug-iphonesimulator/FacebookCore.build/Objects-normal/x86_64/FacebookCore.swiftmodule @/Users/jaigaurav/Library/Developer/Xcode/DerivedData/Broccoli-eapieicfqwxippexlubxawpdfesp/Build/Intermediates.noindex/Facebook.build/Debug-iphonesimulator/FacebookCore.build/Objects-normal/x86_64/FacebookCore-linker-args.resp -o /Users/jaigaurav/Library/Developer/Xcode/DerivedData/Broccoli-eapieicfqwxippexlubxawpdfesp/Build/Intermediates.noindex/Facebook.build/Debug-iphonesimulator/FacebookCore.build/Objects-normal/x86_64/Binary/FacebookCore.o

Ld /Users/jaigaurav/Library/Developer/Xcode/DerivedData/Broccoli-eapieicfqwxippexlubxawpdfesp/Build/Intermediates.noindex/nanopb.build/Debug-iphonesimulator/nanopb.build/Objects-normal/arm64/Binary/nanopb.o normal arm64 (in target 'nanopb' from project 'nanopb')
    cd /Users/jaigaurav/Library/Developer/Xcode/DerivedData/Broccoli-eapieicfqwxippexlubxawpdfesp/SourcePackages/checkouts/nanopb
    /Applications/Xcode.app/Contents/Developer/Toolchains/XcodeDefault.xctoolchain/usr/bin/clang -Xlinker -reproducible -target arm64-apple-ios12.0-simulator -r -isysroot /Applications/Xcode.app/Contents/Developer/Platforms/iPhoneSimulator.platform/Developer/SDKs/iPhoneSimulator26.5.sdk -O0 -w -F/Users/jaigaurav/Library/Developer/Xcode/DerivedData/Broccoli-eapieicfqwxippexlubxawpdfesp/Build/Intermediates.noindex/EagerLinkingTBDs/Debug-iphonesimulator -F/Users/jaigaurav/Library/Developer/Xcode/DerivedData/Broccoli-eapieicfqwxippexlubxawpdfesp/Build/Products/Debug-iphonesimulator -iframework /Applications/Xcode.app/Contents/Developer/Platforms/iPhoneSimulator.platform/Developer/Library/Frameworks -iframework /Applications/Xcode.app/Contents/Developer/Platforms/iPhoneSimulator.platform/Developer/SDKs/iPhoneSimulator26.5.sdk/Developer/Library/Frameworks -filelist /Users/jaigaurav/Library/Developer/Xcode/DerivedData/Broccoli-eapieicfqwxippexlubxawpdfesp/Build/Intermediates.noindex/nanopb.build/Debug-iphonesimulator/nanopb.build/Objects-normal/arm64/nanopb.LinkFileList -nostdlib -Xlinker -object_path_lto -Xlinker /Users/jaigaurav/Library/Developer/Xcode/DerivedData/Broccoli-eapieicfqwxippexlubxawpdfesp/Build/Intermediates.noindex/nanopb.build/Debug-iphonesimulator/nanopb.build/Objects-normal/arm64/nanopb_lto.o -Xlinker -no_deduplicate -Xlinker -objc_abi_version -Xlinker 2 -Xlinker -debug_variant -Xlinker -dependency_info -Xlinker /Users/jaigaurav/Library/Developer/Xcode/DerivedData/Broccoli-eapieicfqwxippexlubxawpdfesp/Build/Intermediates.noindex/nanopb.build/Debug-iphonesimulator/nanopb.build/Objects-normal/arm64/nanopb_dependency_info.dat -o /Users/jaigaurav/Library/Developer/Xcode/DerivedData/Broccoli-eapieicfqwxippexlubxawpdfesp/Build/Intermediates.noindex/nanopb.build/Debug-iphonesimulator/nanopb.build/Objects-normal/arm64/Binary/nanopb.o

Ld /Users/jaigaurav/Library/Developer/Xcode/DerivedData/Broccoli-eapieicfqwxippexlubxawpdfesp/Build/Intermediates.noindex/GoogleUtilities.build/Debug-iphonesimulator/GoogleUtilities-NSData.build/Objects-normal/x86_64/Binary/GoogleUtilities-NSData.o normal x86_64 (in target 'GoogleUtilities-NSData' from project 'GoogleUtilities')
    cd /Users/jaigaurav/Library/Developer/Xcode/DerivedData/Broccoli-eapieicfqwxippexlubxawpdfesp/SourcePackages/checkouts/GoogleUtilities
    /Applications/Xcode.app/Contents/Developer/Toolchains/XcodeDefault.xctoolchain/usr/bin/clang -Xlinker -reproducible -target x86_64-apple-ios12.0-simulator -r -isysroot /Applications/Xcode.app/Contents/Developer/Platforms/iPhoneSimulator.platform/Developer/SDKs/iPhoneSimulator26.5.sdk -O0 -w -F/Users/jaigaurav/Library/Developer/Xcode/DerivedData/Broccoli-eapieicfqwxippexlubxawpdfesp/Build/Intermediates.noindex/EagerLinkingTBDs/Debug-iphonesimulator -F/Users/jaigaurav/Library/Developer/Xcode/DerivedData/Broccoli-eapieicfqwxippexlubxawpdfesp/Build/Products/Debug-iphonesimulator -iframework /Applications/Xcode.app/Contents/Developer/Platforms/iPhoneSimulator.platform/Developer/Library/Frameworks -iframework /Applications/Xcode.app/Contents/Developer/Platforms/iPhoneSimulator.platform/Developer/SDKs/iPhoneSimulator26.5.sdk/Developer/Library/Frameworks -filelist /Users/jaigaurav/Library/Developer/Xcode/DerivedData/Broccoli-eapieicfqwxippexlubxawpdfesp/Build/Intermediates.noindex/GoogleUtilities.build/Debug-iphonesimulator/GoogleUtilities-NSData.build/Objects-normal/x86_64/GoogleUtilities-NSData.LinkFileList -nostdlib -Xlinker -object_path_lto -Xlinker /Users/jaigaurav/Library/Developer/Xcode/DerivedData/Broccoli-eapieicfqwxippexlubxawpdfesp/Build/Intermediates.noindex/GoogleUtilities.build/Debug-iphonesimulator/GoogleUtilities-NSData.build/Objects-normal/x86_64/GoogleUtilities-NSData_lto.o -Xlinker -no_deduplicate -Xlinker -objc_abi_version -Xlinker 2 -Xlinker -debug_variant -Xlinker -dependency_info -Xlinker /Users/jaigaurav/Library/Developer/Xcode/DerivedData/Broccoli-eapieicfqwxippexlubxawpdfesp/Build/Intermediates.noindex/GoogleUtilities.build/Debug-iphonesimulator/GoogleUtilities-NSData.build/Objects-normal/x86_64/GoogleUtilities-NSData_dependency_info.dat -fobjc-arc -fobjc-link-runtime -o /Users/jaigaurav/Library/Developer/Xcode/DerivedData/Broccoli-eapieicfqwxippexlubxawpdfesp/Build/Intermediates.noindex/GoogleUtilities.build/Debug-iphonesimulator/GoogleUtilities-NSData.build/Objects-normal/x86_64/Binary/GoogleUtilities-NSData.o

Ld /Users/jaigaurav/Library/Developer/Xcode/DerivedData/Broccoli-eapieicfqwxippexlubxawpdfesp/Build/Intermediates.noindex/swiftui-toasts.build/Debug-iphonesimulator/Toasts.build/Objects-normal/x86_64/Binary/Toasts.o normal x86_64 (in target 'Toasts' from project 'swiftui-toasts')
    cd /Users/jaigaurav/Library/Developer/Xcode/DerivedData/Broccoli-eapieicfqwxippexlubxawpdfesp/SourcePackages/checkouts/swiftui-toasts
    /Applications/Xcode.app/Contents/Developer/Toolchains/XcodeDefault.xctoolchain/usr/bin/clang -Xlinker -reproducible -target x86_64-apple-ios14.0-simulator -r -isysroot /Applications/Xcode.app/Contents/Developer/Platforms/iPhoneSimulator.platform/Developer/SDKs/iPhoneSimulator26.5.sdk -O0 -w -F/Users/jaigaurav/Library/Developer/Xcode/DerivedData/Broccoli-eapieicfqwxippexlubxawpdfesp/Build/Intermediates.noindex/EagerLinkingTBDs/Debug-iphonesimulator -F/Users/jaigaurav/Library/Developer/Xcode/DerivedData/Broccoli-eapieicfqwxippexlubxawpdfesp/Build/Products/Debug-iphonesimulator/PackageFrameworks -F/Users/jaigaurav/Library/Developer/Xcode/DerivedData/Broccoli-eapieicfqwxippexlubxawpdfesp/Build/Products/Debug-iphonesimulator -iframework /Applications/Xcode.app/Contents/Developer/Platforms/iPhoneSimulator.platform/Developer/Library/Frameworks -iframework /Applications/Xcode.app/Contents/Developer/Platforms/iPhoneSimulator.platform/Developer/SDKs/iPhoneSimulator26.5.sdk/Developer/Library/Frameworks -filelist /Users/jaigaurav/Library/Developer/Xcode/DerivedData/Broccoli-eapieicfqwxippexlubxawpdfesp/Build/Intermediates.noindex/swiftui-toasts.build/Debug-iphonesimulator/Toasts.build/Objects-normal/x86_64/Toasts.LinkFileList -nostdlib -Xlinker -object_path_lto -Xlinker /Users/jaigaurav/Library/Developer/Xcode/DerivedData/Broccoli-eapieicfqwxippexlubxawpdfesp/Build/Intermediates.noindex/swiftui-toasts.build/Debug-iphonesimulator/Toasts.build/Objects-normal/x86_64/Toasts_lto.o -Xlinker -no_deduplicate -Xlinker -objc_abi_version -Xlinker 2 -Xlinker -debug_variant -Xlinker -dependency_info -Xlinker /Users/jaigaurav/Library/Developer/Xcode/DerivedData/Broccoli-eapieicfqwxippexlubxawpdfesp/Build/Intermediates.noindex/swiftui-toasts.build/Debug-iphonesimulator/Toasts.build/Objects-normal/x86_64/Toasts_dependency_info.dat -fobjc-link-runtime -L/Applications/Xcode.app/Contents/Developer/Toolchains/XcodeDefault.xctoolchain/usr/lib/swift/iphonesimulator -L/usr/lib/swift -Xlinker -add_ast_path -Xlinker /Users/jaigaurav/Library/Developer/Xcode/DerivedData/Broccoli-eapieicfqwxippexlubxawpdfesp/Build/Intermediates.noindex/swiftui-toasts.build/Debug-iphonesimulator/Toasts.build/Objects-normal/x86_64/Toasts.swiftmodule @/Users/jaigaurav/Library/Developer/Xcode/DerivedData/Broccoli-eapieicfqwxippexlubxawpdfesp/Build/Intermediates.noindex/swiftui-toasts.build/Debug-iphonesimulator/Toasts.build/Objects-normal/x86_64/Toasts-linker-args.resp -o /Users/jaigaurav/Library/Developer/Xcode/DerivedData/Broccoli-eapieicfqwxippexlubxawpdfesp/Build/Intermediates.noindex/swiftui-toasts.build/Debug-iphonesimulator/Toasts.build/Objects-normal/x86_64/Binary/Toasts.o

CreateUniversalBinary /Users/jaigaurav/Library/Developer/Xcode/DerivedData/Broccoli-eapieicfqwxippexlubxawpdfesp/Build/Products/Debug-iphonesimulator/GoogleUtilities-NSData.o normal arm64\ x86_64 (in target 'GoogleUtilities-NSData' from project 'GoogleUtilities')
    cd /Users/jaigaurav/Library/Developer/Xcode/DerivedData/Broccoli-eapieicfqwxippexlubxawpdfesp/SourcePackages/checkouts/GoogleUtilities
    /Applications/Xcode.app/Contents/Developer/Toolchains/XcodeDefault.xctoolchain/usr/bin/lipo -create /Users/jaigaurav/Library/Developer/Xcode/DerivedData/Broccoli-eapieicfqwxippexlubxawpdfesp/Build/Intermediates.noindex/GoogleUtilities.build/Debug-iphonesimulator/GoogleUtilities-NSData.build/Objects-normal/arm64/Binary/GoogleUtilities-NSData.o /Users/jaigaurav/Library/Developer/Xcode/DerivedData/Broccoli-eapieicfqwxippexlubxawpdfesp/Build/Intermediates.noindex/GoogleUtilities.build/Debug-iphonesimulator/GoogleUtilities-NSData.build/Objects-normal/x86_64/Binary/GoogleUtilities-NSData.o -output /Users/jaigaurav/Library/Developer/Xcode/DerivedData/Broccoli-eapieicfqwxippexlubxawpdfesp/Build/Products/Debug-iphonesimulator/GoogleUtilities-NSData.o

Ld /Users/jaigaurav/Library/Developer/Xcode/DerivedData/Broccoli-eapieicfqwxippexlubxawpdfesp/Build/Intermediates.noindex/Facebook.build/Debug-iphonesimulator/FacebookCore.build/Objects-normal/arm64/Binary/FacebookCore.o normal arm64 (in target 'FacebookCore' from project 'Facebook')
    cd /Users/jaigaurav/Library/Developer/Xcode/DerivedData/Broccoli-eapieicfqwxippexlubxawpdfesp/SourcePackages/checkouts/facebook-ios-sdk
    /Applications/Xcode.app/Contents/Developer/Toolchains/XcodeDefault.xctoolchain/usr/bin/clang -Xlinker -reproducible -target arm64-apple-ios12.0-simulator -r -isysroot /Applications/Xcode.app/Contents/Developer/Platforms/iPhoneSimulator.platform/Developer/SDKs/iPhoneSimulator26.5.sdk -O0 -w -F/Users/jaigaurav/Library/Developer/Xcode/DerivedData/Broccoli-eapieicfqwxippexlubxawpdfesp/Build/Intermediates.noindex/EagerLinkingTBDs/Debug-iphonesimulator -F/Users/jaigaurav/Library/Developer/Xcode/DerivedData/Broccoli-eapieicfqwxippexlubxawpdfesp/Build/Products/Debug-iphonesimulator/PackageFrameworks -F/Users/jaigaurav/Library/Developer/Xcode/DerivedData/Broccoli-eapieicfqwxippexlubxawpdfesp/Build/Products/Debug-iphonesimulator -iframework /Applications/Xcode.app/Contents/Developer/Platforms/iPhoneSimulator.platform/Developer/Library/Frameworks -iframework /Applications/Xcode.app/Contents/Developer/Platforms/iPhoneSimulator.platform/Developer/SDKs/iPhoneSimulator26.5.sdk/Developer/Library/Frameworks -filelist /Users/jaigaurav/Library/Developer/Xcode/DerivedData/Broccoli-eapieicfqwxippexlubxawpdfesp/Build/Intermediates.noindex/Facebook.build/Debug-iphonesimulator/FacebookCore.build/Objects-normal/arm64/FacebookCore.LinkFileList -nostdlib -Xlinker -object_path_lto -Xlinker /Users/jaigaurav/Library/Developer/Xcode/DerivedData/Broccoli-eapieicfqwxippexlubxawpdfesp/Build/Intermediates.noindex/Facebook.build/Debug-iphonesimulator/FacebookCore.build/Objects-normal/arm64/FacebookCore_lto.o -Xlinker -no_deduplicate -Xlinker -objc_abi_version -Xlinker 2 -Xlinker -debug_variant -Xlinker -dependency_info -Xlinker /Users/jaigaurav/Library/Developer/Xcode/DerivedData/Broccoli-eapieicfqwxippexlubxawpdfesp/Build/Intermediates.noindex/Facebook.build/Debug-iphonesimulator/FacebookCore.build/Objects-normal/arm64/FacebookCore_dependency_info.dat -fobjc-link-runtime -L/Applications/Xcode.app/Contents/Developer/Toolchains/XcodeDefault.xctoolchain/usr/lib/swift/iphonesimulator -L/usr/lib/swift -Xlinker -add_ast_path -Xlinker /Users/jaigaurav/Library/Developer/Xcode/DerivedData/Broccoli-eapieicfqwxippexlubxawpdfesp/Build/Intermediates.noindex/Facebook.build/Debug-iphonesimulator/FacebookCore.build/Objects-normal/arm64/FacebookCore.swiftmodule @/Users/jaigaurav/Library/Developer/Xcode/DerivedData/Broccoli-eapieicfqwxippexlubxawpdfesp/Build/Intermediates.noindex/Facebook.build/Debug-iphonesimulator/FacebookCore.build/Objects-normal/arm64/FacebookCore-linker-args.resp -o /Users/jaigaurav/Library/Developer/Xcode/DerivedData/Broccoli-eapieicfqwxippexlubxawpdfesp/Build/Intermediates.noindex/Facebook.build/Debug-iphonesimulator/FacebookCore.build/Objects-normal/arm64/Binary/FacebookCore.o

CreateUniversalBinary /Users/jaigaurav/Library/Developer/Xcode/DerivedData/Broccoli-eapieicfqwxippexlubxawpdfesp/Build/Products/Debug-iphonesimulator/nanopb.o normal arm64\ x86_64 (in target 'nanopb' from project 'nanopb')
    cd /Users/jaigaurav/Library/Developer/Xcode/DerivedData/Broccoli-eapieicfqwxippexlubxawpdfesp/SourcePackages/checkouts/nanopb
    /Applications/Xcode.app/Contents/Developer/Toolchains/XcodeDefault.xctoolchain/usr/bin/lipo -create /Users/jaigaurav/Library/Developer/Xcode/DerivedData/Broccoli-eapieicfqwxippexlubxawpdfesp/Build/Intermediates.noindex/nanopb.build/Debug-iphonesimulator/nanopb.build/Objects-normal/arm64/Binary/nanopb.o /Users/jaigaurav/Library/Developer/Xcode/DerivedData/Broccoli-eapieicfqwxippexlubxawpdfesp/Build/Intermediates.noindex/nanopb.build/Debug-iphonesimulator/nanopb.build/Objects-normal/x86_64/Binary/nanopb.o -output /Users/jaigaurav/Library/Developer/Xcode/DerivedData/Broccoli-eapieicfqwxippexlubxawpdfesp/Build/Products/Debug-iphonesimulator/nanopb.o

RegisterExecutionPolicyException /Users/jaigaurav/Library/Developer/Xcode/DerivedData/Broccoli-eapieicfqwxippexlubxawpdfesp/Build/Products/Debug-iphonesimulator/GoogleUtilities-NSData.o (in target 'GoogleUtilities-NSData' from project 'GoogleUtilities')
    cd /Users/jaigaurav/Library/Developer/Xcode/DerivedData/Broccoli-eapieicfqwxippexlubxawpdfesp/SourcePackages/checkouts/GoogleUtilities
    builtin-RegisterExecutionPolicyException /Users/jaigaurav/Library/Developer/Xcode/DerivedData/Broccoli-eapieicfqwxippexlubxawpdfesp/Build/Products/Debug-iphonesimulator/GoogleUtilities-NSData.o

Ld /Users/jaigaurav/Library/Developer/Xcode/DerivedData/Broccoli-eapieicfqwxippexlubxawpdfesp/Build/Intermediates.noindex/Stripe.build/Debug-iphonesimulator/StripeCore.build/Objects-normal/arm64/Binary/StripeCore.o normal arm64 (in target 'StripeCore' from project 'Stripe')
    cd /Users/jaigaurav/Library/Developer/Xcode/DerivedData/Broccoli-eapieicfqwxippexlubxawpdfesp/SourcePackages/checkouts/stripe-ios-spm
    /Applications/Xcode.app/Contents/Developer/Toolchains/XcodeDefault.xctoolchain/usr/bin/clang -Xlinker -reproducible -target arm64-apple-ios13.0-simulator -r -isysroot /Applications/Xcode.app/Contents/Developer/Platforms/iPhoneSimulator.platform/Developer/SDKs/iPhoneSimulator26.5.sdk -O0 -w -F/Users/jaigaurav/Library/Developer/Xcode/DerivedData/Broccoli-eapieicfqwxippexlubxawpdfesp/Build/Intermediates.noindex/EagerLinkingTBDs/Debug-iphonesimulator -F/Users/jaigaurav/Library/Developer/Xcode/DerivedData/Broccoli-eapieicfqwxippexlubxawpdfesp/Build/Products/Debug-iphonesimulator -iframework /Applications/Xcode.app/Contents/Developer/Platforms/iPhoneSimulator.platform/Developer/Library/Frameworks -iframework /Applications/Xcode.app/Contents/Developer/Platforms/iPhoneSimulator.platform/Developer/SDKs/iPhoneSimulator26.5.sdk/Developer/Library/Frameworks -filelist /Users/jaigaurav/Library/Developer/Xcode/DerivedData/Broccoli-eapieicfqwxippexlubxawpdfesp/Build/Intermediates.noindex/Stripe.build/Debug-iphonesimulator/StripeCore.build/Objects-normal/arm64/StripeCore.LinkFileList -nostdlib -Xlinker -object_path_lto -Xlinker /Users/jaigaurav/Library/Developer/Xcode/DerivedData/Broccoli-eapieicfqwxippexlubxawpdfesp/Build/Intermediates.noindex/Stripe.build/Debug-iphonesimulator/StripeCore.build/Objects-normal/arm64/StripeCore_lto.o -Xlinker -no_deduplicate -Xlinker -objc_abi_version -Xlinker 2 -Xlinker -debug_variant -Xlinker -dependency_info -Xlinker /Users/jaigaurav/Library/Developer/Xcode/DerivedData/Broccoli-eapieicfqwxippexlubxawpdfesp/Build/Intermediates.noindex/Stripe.build/Debug-iphonesimulator/StripeCore.build/Objects-normal/arm64/StripeCore_dependency_info.dat -fobjc-link-runtime -L/Applications/Xcode.app/Contents/Developer/Toolchains/XcodeDefault.xctoolchain/usr/lib/swift/iphonesimulator -L/usr/lib/swift -Xlinker -add_ast_path -Xlinker /Users/jaigaurav/Library/Developer/Xcode/DerivedData/Broccoli-eapieicfqwxippexlubxawpdfesp/Build/Intermediates.noindex/Stripe.build/Debug-iphonesimulator/StripeCore.build/Objects-normal/arm64/StripeCore.swiftmodule @/Users/jaigaurav/Library/Developer/Xcode/DerivedData/Broccoli-eapieicfqwxippexlubxawpdfesp/Build/Intermediates.noindex/Stripe.build/Debug-iphonesimulator/StripeCore.build/Objects-normal/arm64/StripeCore-linker-args.resp -o /Users/jaigaurav/Library/Developer/Xcode/DerivedData/Broccoli-eapieicfqwxippexlubxawpdfesp/Build/Intermediates.noindex/Stripe.build/Debug-iphonesimulator/StripeCore.build/Objects-normal/arm64/Binary/StripeCore.o

CreateUniversalBinary /Users/jaigaurav/Library/Developer/Xcode/DerivedData/Broccoli-eapieicfqwxippexlubxawpdfesp/Build/Products/Debug-iphonesimulator/FacebookCore.o normal arm64\ x86_64 (in target 'FacebookCore' from project 'Facebook')
    cd /Users/jaigaurav/Library/Developer/Xcode/DerivedData/Broccoli-eapieicfqwxippexlubxawpdfesp/SourcePackages/checkouts/facebook-ios-sdk
    /Applications/Xcode.app/Contents/Developer/Toolchains/XcodeDefault.xctoolchain/usr/bin/lipo -create /Users/jaigaurav/Library/Developer/Xcode/DerivedData/Broccoli-eapieicfqwxippexlubxawpdfesp/Build/Intermediates.noindex/Facebook.build/Debug-iphonesimulator/FacebookCore.build/Objects-normal/arm64/Binary/FacebookCore.o /Users/jaigaurav/Library/Developer/Xcode/DerivedData/Broccoli-eapieicfqwxippexlubxawpdfesp/Build/Intermediates.noindex/Facebook.build/Debug-iphonesimulator/FacebookCore.build/Objects-normal/x86_64/Binary/FacebookCore.o -output /Users/jaigaurav/Library/Developer/Xcode/DerivedData/Broccoli-eapieicfqwxippexlubxawpdfesp/Build/Products/Debug-iphonesimulator/FacebookCore.o

Ld /Users/jaigaurav/Library/Developer/Xcode/DerivedData/Broccoli-eapieicfqwxippexlubxawpdfesp/Build/Intermediates.noindex/swiftui-toasts.build/Debug-iphonesimulator/Toasts.build/Objects-normal/arm64/Binary/Toasts.o normal arm64 (in target 'Toasts' from project 'swiftui-toasts')
    cd /Users/jaigaurav/Library/Developer/Xcode/DerivedData/Broccoli-eapieicfqwxippexlubxawpdfesp/SourcePackages/checkouts/swiftui-toasts
    /Applications/Xcode.app/Contents/Developer/Toolchains/XcodeDefault.xctoolchain/usr/bin/clang -Xlinker -reproducible -target arm64-apple-ios14.0-simulator -r -isysroot /Applications/Xcode.app/Contents/Developer/Platforms/iPhoneSimulator.platform/Developer/SDKs/iPhoneSimulator26.5.sdk -O0 -w -F/Users/jaigaurav/Library/Developer/Xcode/DerivedData/Broccoli-eapieicfqwxippexlubxawpdfesp/Build/Intermediates.noindex/EagerLinkingTBDs/Debug-iphonesimulator -F/Users/jaigaurav/Library/Developer/Xcode/DerivedData/Broccoli-eapieicfqwxippexlubxawpdfesp/Build/Products/Debug-iphonesimulator/PackageFrameworks -F/Users/jaigaurav/Library/Developer/Xcode/DerivedData/Broccoli-eapieicfqwxippexlubxawpdfesp/Build/Products/Debug-iphonesimulator -iframework /Applications/Xcode.app/Contents/Developer/Platforms/iPhoneSimulator.platform/Developer/Library/Frameworks -iframework /Applications/Xcode.app/Contents/Developer/Platforms/iPhoneSimulator.platform/Developer/SDKs/iPhoneSimulator26.5.sdk/Developer/Library/Frameworks -filelist /Users/jaigaurav/Library/Developer/Xcode/DerivedData/Broccoli-eapieicfqwxippexlubxawpdfesp/Build/Intermediates.noindex/swiftui-toasts.build/Debug-iphonesimulator/Toasts.build/Objects-normal/arm64/Toasts.LinkFileList -nostdlib -Xlinker -object_path_lto -Xlinker /Users/jaigaurav/Library/Developer/Xcode/DerivedData/Broccoli-eapieicfqwxippexlubxawpdfesp/Build/Intermediates.noindex/swiftui-toasts.build/Debug-iphonesimulator/Toasts.build/Objects-normal/arm64/Toasts_lto.o -Xlinker -no_deduplicate -Xlinker -objc_abi_version -Xlinker 2 -Xlinker -debug_variant -Xlinker -dependency_info -Xlinker /Users/jaigaurav/Library/Developer/Xcode/DerivedData/Broccoli-eapieicfqwxippexlubxawpdfesp/Build/Intermediates.noindex/swiftui-toasts.build/Debug-iphonesimulator/Toasts.build/Objects-normal/arm64/Toasts_dependency_info.dat -fobjc-link-runtime -L/Applications/Xcode.app/Contents/Developer/Toolchains/XcodeDefault.xctoolchain/usr/lib/swift/iphonesimulator -L/usr/lib/swift -Xlinker -add_ast_path -Xlinker /Users/jaigaurav/Library/Developer/Xcode/DerivedData/Broccoli-eapieicfqwxippexlubxawpdfesp/Build/Intermediates.noindex/swiftui-toasts.build/Debug-iphonesimulator/Toasts.build/Objects-normal/arm64/Toasts.swiftmodule @/Users/jaigaurav/Library/Developer/Xcode/DerivedData/Broccoli-eapieicfqwxippexlubxawpdfesp/Build/Intermediates.noindex/swiftui-toasts.build/Debug-iphonesimulator/Toasts.build/Objects-normal/arm64/Toasts-linker-args.resp -o /Users/jaigaurav/Library/Developer/Xcode/DerivedData/Broccoli-eapieicfqwxippexlubxawpdfesp/Build/Intermediates.noindex/swiftui-toasts.build/Debug-iphonesimulator/Toasts.build/Objects-normal/arm64/Binary/Toasts.o

Ld /Users/jaigaurav/Library/Developer/Xcode/DerivedData/Broccoli-eapieicfqwxippexlubxawpdfesp/Build/Intermediates.noindex/AppAuth.build/Debug-iphonesimulator/AppAuthCore.build/Objects-normal/arm64/Binary/AppAuthCore.o normal arm64 (in target 'AppAuthCore' from project 'AppAuth')
    cd /Users/jaigaurav/Library/Developer/Xcode/DerivedData/Broccoli-eapieicfqwxippexlubxawpdfesp/SourcePackages/checkouts/AppAuth-iOS
    /Applications/Xcode.app/Contents/Developer/Toolchains/XcodeDefault.xctoolchain/usr/bin/clang -Xlinker -reproducible -target arm64-apple-ios12.0-simulator -r -isysroot /Applications/Xcode.app/Contents/Developer/Platforms/iPhoneSimulator.platform/Developer/SDKs/iPhoneSimulator26.5.sdk -O0 -w -F/Users/jaigaurav/Library/Developer/Xcode/DerivedData/Broccoli-eapieicfqwxippexlubxawpdfesp/Build/Intermediates.noindex/EagerLinkingTBDs/Debug-iphonesimulator -F/Users/jaigaurav/Library/Developer/Xcode/DerivedData/Broccoli-eapieicfqwxippexlubxawpdfesp/Build/Products/Debug-iphonesimulator -iframework /Applications/Xcode.app/Contents/Developer/Platforms/iPhoneSimulator.platform/Developer/Library/Frameworks -iframework /Applications/Xcode.app/Contents/Developer/Platforms/iPhoneSimulator.platform/Developer/SDKs/iPhoneSimulator26.5.sdk/Developer/Library/Frameworks -filelist /Users/jaigaurav/Library/Developer/Xcode/DerivedData/Broccoli-eapieicfqwxippexlubxawpdfesp/Build/Intermediates.noindex/AppAuth.build/Debug-iphonesimulator/AppAuthCore.build/Objects-normal/arm64/AppAuthCore.LinkFileList -nostdlib -Xlinker -object_path_lto -Xlinker /Users/jaigaurav/Library/Developer/Xcode/DerivedData/Broccoli-eapieicfqwxippexlubxawpdfesp/Build/Intermediates.noindex/AppAuth.build/Debug-iphonesimulator/AppAuthCore.build/Objects-normal/arm64/AppAuthCore_lto.o -Xlinker -no_deduplicate -Xlinker -objc_abi_version -Xlinker 2 -Xlinker -debug_variant -Xlinker -dependency_info -Xlinker /Users/jaigaurav/Library/Developer/Xcode/DerivedData/Broccoli-eapieicfqwxippexlubxawpdfesp/Build/Intermediates.noindex/AppAuth.build/Debug-iphonesimulator/AppAuthCore.build/Objects-normal/arm64/AppAuthCore_dependency_info.dat -fobjc-arc -fobjc-link-runtime -o /Users/jaigaurav/Library/Developer/Xcode/DerivedData/Broccoli-eapieicfqwxippexlubxawpdfesp/Build/Intermediates.noindex/AppAuth.build/Debug-iphonesimulator/AppAuthCore.build/Objects-normal/arm64/Binary/AppAuthCore.o

RegisterExecutionPolicyException /Users/jaigaurav/Library/Developer/Xcode/DerivedData/Broccoli-eapieicfqwxippexlubxawpdfesp/Build/Products/Debug-iphonesimulator/nanopb.o (in target 'nanopb' from project 'nanopb')
    cd /Users/jaigaurav/Library/Developer/Xcode/DerivedData/Broccoli-eapieicfqwxippexlubxawpdfesp/SourcePackages/checkouts/nanopb
    builtin-RegisterExecutionPolicyException /Users/jaigaurav/Library/Developer/Xcode/DerivedData/Broccoli-eapieicfqwxippexlubxawpdfesp/Build/Products/Debug-iphonesimulator/nanopb.o

ExtractAppIntentsMetadata (in target 'FacebookCore' from project 'Facebook')
    cd /Users/jaigaurav/Library/Developer/Xcode/DerivedData/Broccoli-eapieicfqwxippexlubxawpdfesp/SourcePackages/checkouts/facebook-ios-sdk
    /Applications/Xcode.app/Contents/Developer/Toolchains/XcodeDefault.xctoolchain/usr/bin/appintentsmetadataprocessor --toolchain-dir /Applications/Xcode.app/Contents/Developer/Toolchains/XcodeDefault.xctoolchain --module-name FacebookCore --sdk-root /Applications/Xcode.app/Contents/Developer/Platforms/iPhoneSimulator.platform/Developer/SDKs/iPhoneSimulator26.5.sdk --xcode-version 17F113 --platform-family iOS --deployment-target 12.0 --bundle-identifier facebook-ios-sdk.FacebookCore --output /Users/jaigaurav/Library/Developer/Xcode/DerivedData/Broccoli-eapieicfqwxippexlubxawpdfesp/Build/Products/Debug-iphonesimulator/FacebookCore.appintents --target-triple arm64-apple-ios12.0-simulator --target-triple x86_64-apple-ios12.0-simulator --binary-file /Users/jaigaurav/Library/Developer/Xcode/DerivedData/Broccoli-eapieicfqwxippexlubxawpdfesp/Build/Products/Debug-iphonesimulator/FacebookCore.o --dependency-file /Users/jaigaurav/Library/Developer/Xcode/DerivedData/Broccoli-eapieicfqwxippexlubxawpdfesp/Build/Intermediates.noindex/Facebook.build/Debug-iphonesimulator/FacebookCore.build/Objects-normal/arm64/FacebookCore_dependency_info.dat --dependency-file /Users/jaigaurav/Library/Developer/Xcode/DerivedData/Broccoli-eapieicfqwxippexlubxawpdfesp/Build/Intermediates.noindex/Facebook.build/Debug-iphonesimulator/FacebookCore.build/Objects-normal/x86_64/FacebookCore_dependency_info.dat --stringsdata-file /Users/jaigaurav/Library/Developer/Xcode/DerivedData/Broccoli-eapieicfqwxippexlubxawpdfesp/Build/Intermediates.noindex/Facebook.build/Debug-iphonesimulator/FacebookCore.build/Objects-normal/arm64/ExtractedAppShortcutsMetadata.stringsdata --stringsdata-file /Users/jaigaurav/Library/Developer/Xcode/DerivedData/Broccoli-eapieicfqwxippexlubxawpdfesp/Build/Intermediates.noindex/Facebook.build/Debug-iphonesimulator/FacebookCore.build/Objects-normal/x86_64/ExtractedAppShortcutsMetadata.stringsdata --source-file-list /Users/jaigaurav/Library/Developer/Xcode/DerivedData/Broccoli-eapieicfqwxippexlubxawpdfesp/Build/Intermediates.noindex/Facebook.build/Debug-iphonesimulator/FacebookCore.build/Objects-normal/arm64/FacebookCore.SwiftFileList --source-file-list /Users/jaigaurav/Library/Developer/Xcode/DerivedData/Broccoli-eapieicfqwxippexlubxawpdfesp/Build/Intermediates.noindex/Facebook.build/Debug-iphonesimulator/FacebookCore.build/Objects-normal/x86_64/FacebookCore.SwiftFileList --metadata-file-list /Users/jaigaurav/Library/Developer/Xcode/DerivedData/Broccoli-eapieicfqwxippexlubxawpdfesp/Build/Intermediates.noindex/Facebook.build/Debug-iphonesimulator/FacebookCore.build/FacebookCore.DependencyMetadataFileList --static-metadata-file-list /Users/jaigaurav/Library/Developer/Xcode/DerivedData/Broccoli-eapieicfqwxippexlubxawpdfesp/Build/Intermediates.noindex/Facebook.build/Debug-iphonesimulator/FacebookCore.build/FacebookCore.DependencyStaticMetadataFileList --swift-const-vals-list /Users/jaigaurav/Library/Developer/Xcode/DerivedData/Broccoli-eapieicfqwxippexlubxawpdfesp/Build/Intermediates.noindex/Facebook.build/Debug-iphonesimulator/FacebookCore.build/Objects-normal/arm64/FacebookCore.SwiftConstValuesFileList --swift-const-vals-list /Users/jaigaurav/Library/Developer/Xcode/DerivedData/Broccoli-eapieicfqwxippexlubxawpdfesp/Build/Intermediates.noindex/Facebook.build/Debug-iphonesimulator/FacebookCore.build/Objects-normal/x86_64/FacebookCore.SwiftConstValuesFileList --force --compile-time-extraction --deployment-aware-processing --validate-assistant-intents --no-app-shortcuts-localization
2026-08-17 12:31:47.127 appintentsmetadataprocessor[8199:167217] Starting appintentsmetadataprocessor export
2026-08-17 12:31:47.137 appintentsmetadataprocessor[8199:167217] Extracted no relevant App Intents symbols, skipping writing output

Ld /Users/jaigaurav/Library/Developer/Xcode/DerivedData/Broccoli-eapieicfqwxippexlubxawpdfesp/Build/Intermediates.noindex/GoogleUtilities.build/Debug-iphonesimulator/third-party-IsAppEncrypted.build/Objects-normal/arm64/Binary/third-party-IsAppEncrypted.o normal arm64 (in target 'third-party-IsAppEncrypted' from project 'GoogleUtilities')
    cd /Users/jaigaurav/Library/Developer/Xcode/DerivedData/Broccoli-eapieicfqwxippexlubxawpdfesp/SourcePackages/checkouts/GoogleUtilities
    /Applications/Xcode.app/Contents/Developer/Toolchains/XcodeDefault.xctoolchain/usr/bin/clang -Xlinker -reproducible -target arm64-apple-ios12.0-simulator -r -isysroot /Applications/Xcode.app/Contents/Developer/Platforms/iPhoneSimulator.platform/Developer/SDKs/iPhoneSimulator26.5.sdk -O0 -w -F/Users/jaigaurav/Library/Developer/Xcode/DerivedData/Broccoli-eapieicfqwxippexlubxawpdfesp/Build/Intermediates.noindex/EagerLinkingTBDs/Debug-iphonesimulator -F/Users/jaigaurav/Library/Developer/Xcode/DerivedData/Broccoli-eapieicfqwxippexlubxawpdfesp/Build/Products/Debug-iphonesimulator -iframework /Applications/Xcode.app/Contents/Developer/Platforms/iPhoneSimulator.platform/Developer/Library/Frameworks -iframework /Applications/Xcode.app/Contents/Developer/Platforms/iPhoneSimulator.platform/Developer/SDKs/iPhoneSimulator26.5.sdk/Developer/Library/Frameworks -filelist /Users/jaigaurav/Library/Developer/Xcode/DerivedData/Broccoli-eapieicfqwxippexlubxawpdfesp/Build/Intermediates.noindex/GoogleUtilities.build/Debug-iphonesimulator/third-party-IsAppEncrypted.build/Objects-normal/arm64/third-party-IsAppEncrypted.LinkFileList -nostdlib -Xlinker -object_path_lto -Xlinker /Users/jaigaurav/Library/Developer/Xcode/DerivedData/Broccoli-eapieicfqwxippexlubxawpdfesp/Build/Intermediates.noindex/GoogleUtilities.build/Debug-iphonesimulator/third-party-IsAppEncrypted.build/Objects-normal/arm64/third-party-IsAppEncrypted_lto.o -Xlinker -no_deduplicate -Xlinker -objc_abi_version -Xlinker 2 -Xlinker -debug_variant -Xlinker -dependency_info -Xlinker /Users/jaigaurav/Library/Developer/Xcode/DerivedData/Broccoli-eapieicfqwxippexlubxawpdfesp/Build/Intermediates.noindex/GoogleUtilities.build/Debug-iphonesimulator/third-party-IsAppEncrypted.build/Objects-normal/arm64/third-party-IsAppEncrypted_dependency_info.dat -fobjc-arc -fobjc-link-runtime -o /Users/jaigaurav/Library/Developer/Xcode/DerivedData/Broccoli-eapieicfqwxippexlubxawpdfesp/Build/Intermediates.noindex/GoogleUtilities.build/Debug-iphonesimulator/third-party-IsAppEncrypted.build/Objects-normal/arm64/Binary/third-party-IsAppEncrypted.o

RegisterExecutionPolicyException /Users/jaigaurav/Library/Developer/Xcode/DerivedData/Broccoli-eapieicfqwxippexlubxawpdfesp/Build/Products/Debug-iphonesimulator/FacebookCore.o (in target 'FacebookCore' from project 'Facebook')
    cd /Users/jaigaurav/Library/Developer/Xcode/DerivedData/Broccoli-eapieicfqwxippexlubxawpdfesp/SourcePackages/checkouts/facebook-ios-sdk
    builtin-RegisterExecutionPolicyException /Users/jaigaurav/Library/Developer/Xcode/DerivedData/Broccoli-eapieicfqwxippexlubxawpdfesp/Build/Products/Debug-iphonesimulator/FacebookCore.o

Ld /Users/jaigaurav/Library/Developer/Xcode/DerivedData/Broccoli-eapieicfqwxippexlubxawpdfesp/Build/Intermediates.noindex/GoogleUtilities.build/Debug-iphonesimulator/third-party-IsAppEncrypted.build/Objects-normal/x86_64/Binary/third-party-IsAppEncrypted.o normal x86_64 (in target 'third-party-IsAppEncrypted' from project 'GoogleUtilities')
    cd /Users/jaigaurav/Library/Developer/Xcode/DerivedData/Broccoli-eapieicfqwxippexlubxawpdfesp/SourcePackages/checkouts/GoogleUtilities
    /Applications/Xcode.app/Contents/Developer/Toolchains/XcodeDefault.xctoolchain/usr/bin/clang -Xlinker -reproducible -target x86_64-apple-ios12.0-simulator -r -isysroot /Applications/Xcode.app/Contents/Developer/Platforms/iPhoneSimulator.platform/Developer/SDKs/iPhoneSimulator26.5.sdk -O0 -w -F/Users/jaigaurav/Library/Developer/Xcode/DerivedData/Broccoli-eapieicfqwxippexlubxawpdfesp/Build/Intermediates.noindex/EagerLinkingTBDs/Debug-iphonesimulator -F/Users/jaigaurav/Library/Developer/Xcode/DerivedData/Broccoli-eapieicfqwxippexlubxawpdfesp/Build/Products/Debug-iphonesimulator -iframework /Applications/Xcode.app/Contents/Developer/Platforms/iPhoneSimulator.platform/Developer/Library/Frameworks -iframework /Applications/Xcode.app/Contents/Developer/Platforms/iPhoneSimulator.platform/Developer/SDKs/iPhoneSimulator26.5.sdk/Developer/Library/Frameworks -filelist /Users/jaigaurav/Library/Developer/Xcode/DerivedData/Broccoli-eapieicfqwxippexlubxawpdfesp/Build/Intermediates.noindex/GoogleUtilities.build/Debug-iphonesimulator/third-party-IsAppEncrypted.build/Objects-normal/x86_64/third-party-IsAppEncrypted.LinkFileList -nostdlib -Xlinker -object_path_lto -Xlinker /Users/jaigaurav/Library/Developer/Xcode/DerivedData/Broccoli-eapieicfqwxippexlubxawpdfesp/Build/Intermediates.noindex/GoogleUtilities.build/Debug-iphonesimulator/third-party-IsAppEncrypted.build/Objects-normal/x86_64/third-party-IsAppEncrypted_lto.o -Xlinker -no_deduplicate -Xlinker -objc_abi_version -Xlinker 2 -Xlinker -debug_variant -Xlinker -dependency_info -Xlinker /Users/jaigaurav/Library/Developer/Xcode/DerivedData/Broccoli-eapieicfqwxippexlubxawpdfesp/Build/Intermediates.noindex/GoogleUtilities.build/Debug-iphonesimulator/third-party-IsAppEncrypted.build/Objects-normal/x86_64/third-party-IsAppEncrypted_dependency_info.dat -fobjc-arc -fobjc-link-runtime -o /Users/jaigaurav/Library/Developer/Xcode/DerivedData/Broccoli-eapieicfqwxippexlubxawpdfesp/Build/Intermediates.noindex/GoogleUtilities.build/Debug-iphonesimulator/third-party-IsAppEncrypted.build/Objects-normal/x86_64/Binary/third-party-IsAppEncrypted.o

CreateUniversalBinary /Users/jaigaurav/Library/Developer/Xcode/DerivedData/Broccoli-eapieicfqwxippexlubxawpdfesp/Build/Products/Debug-iphonesimulator/AppAuthCore.o normal arm64\ x86_64 (in target 'AppAuthCore' from project 'AppAuth')
    cd /Users/jaigaurav/Library/Developer/Xcode/DerivedData/Broccoli-eapieicfqwxippexlubxawpdfesp/SourcePackages/checkouts/AppAuth-iOS
    /Applications/Xcode.app/Contents/Developer/Toolchains/XcodeDefault.xctoolchain/usr/bin/lipo -create /Users/jaigaurav/Library/Developer/Xcode/DerivedData/Broccoli-eapieicfqwxippexlubxawpdfesp/Build/Intermediates.noindex/AppAuth.build/Debug-iphonesimulator/AppAuthCore.build/Objects-normal/arm64/Binary/AppAuthCore.o /Users/jaigaurav/Library/Developer/Xcode/DerivedData/Broccoli-eapieicfqwxippexlubxawpdfesp/Build/Intermediates.noindex/AppAuth.build/Debug-iphonesimulator/AppAuthCore.build/Objects-normal/x86_64/Binary/AppAuthCore.o -output /Users/jaigaurav/Library/Developer/Xcode/DerivedData/Broccoli-eapieicfqwxippexlubxawpdfesp/Build/Products/Debug-iphonesimulator/AppAuthCore.o

CreateUniversalBinary /Users/jaigaurav/Library/Developer/Xcode/DerivedData/Broccoli-eapieicfqwxippexlubxawpdfesp/Build/Products/Debug-iphonesimulator/Toasts.o normal arm64\ x86_64 (in target 'Toasts' from project 'swiftui-toasts')
    cd /Users/jaigaurav/Library/Developer/Xcode/DerivedData/Broccoli-eapieicfqwxippexlubxawpdfesp/SourcePackages/checkouts/swiftui-toasts
    /Applications/Xcode.app/Contents/Developer/Toolchains/XcodeDefault.xctoolchain/usr/bin/lipo -create /Users/jaigaurav/Library/Developer/Xcode/DerivedData/Broccoli-eapieicfqwxippexlubxawpdfesp/Build/Intermediates.noindex/swiftui-toasts.build/Debug-iphonesimulator/Toasts.build/Objects-normal/arm64/Binary/Toasts.o /Users/jaigaurav/Library/Developer/Xcode/DerivedData/Broccoli-eapieicfqwxippexlubxawpdfesp/Build/Intermediates.noindex/swiftui-toasts.build/Debug-iphonesimulator/Toasts.build/Objects-normal/x86_64/Binary/Toasts.o -output /Users/jaigaurav/Library/Developer/Xcode/DerivedData/Broccoli-eapieicfqwxippexlubxawpdfesp/Build/Products/Debug-iphonesimulator/Toasts.o

RegisterExecutionPolicyException /Users/jaigaurav/Library/Developer/Xcode/DerivedData/Broccoli-eapieicfqwxippexlubxawpdfesp/Build/Products/Debug-iphonesimulator/AppAuthCore.o (in target 'AppAuthCore' from project 'AppAuth')
    cd /Users/jaigaurav/Library/Developer/Xcode/DerivedData/Broccoli-eapieicfqwxippexlubxawpdfesp/SourcePackages/checkouts/AppAuth-iOS
    builtin-RegisterExecutionPolicyException /Users/jaigaurav/Library/Developer/Xcode/DerivedData/Broccoli-eapieicfqwxippexlubxawpdfesp/Build/Products/Debug-iphonesimulator/AppAuthCore.o

Ld /Users/jaigaurav/Library/Developer/Xcode/DerivedData/Broccoli-eapieicfqwxippexlubxawpdfesp/Build/Intermediates.noindex/Facebook.build/Debug-iphonesimulator/FacebookLogin.build/Objects-normal/x86_64/Binary/FacebookLogin.o normal x86_64 (in target 'FacebookLogin' from project 'Facebook')
    cd /Users/jaigaurav/Library/Developer/Xcode/DerivedData/Broccoli-eapieicfqwxippexlubxawpdfesp/SourcePackages/checkouts/facebook-ios-sdk
    /Applications/Xcode.app/Contents/Developer/Toolchains/XcodeDefault.xctoolchain/usr/bin/clang -Xlinker -reproducible -target x86_64-apple-ios12.0-simulator -r -isysroot /Applications/Xcode.app/Contents/Developer/Platforms/iPhoneSimulator.platform/Developer/SDKs/iPhoneSimulator26.5.sdk -O0 -w -F/Users/jaigaurav/Library/Developer/Xcode/DerivedData/Broccoli-eapieicfqwxippexlubxawpdfesp/Build/Intermediates.noindex/EagerLinkingTBDs/Debug-iphonesimulator -F/Users/jaigaurav/Library/Developer/Xcode/DerivedData/Broccoli-eapieicfqwxippexlubxawpdfesp/Build/Products/Debug-iphonesimulator/PackageFrameworks -F/Users/jaigaurav/Library/Developer/Xcode/DerivedData/Broccoli-eapieicfqwxippexlubxawpdfesp/Build/Products/Debug-iphonesimulator/PackageFrameworks -F/Users/jaigaurav/Library/Developer/Xcode/DerivedData/Broccoli-eapieicfqwxippexlubxawpdfesp/Build/Products/Debug-iphonesimulator -iframework /Applications/Xcode.app/Contents/Developer/Platforms/iPhoneSimulator.platform/Developer/Library/Frameworks -iframework /Applications/Xcode.app/Contents/Developer/Platforms/iPhoneSimulator.platform/Developer/SDKs/iPhoneSimulator26.5.sdk/Developer/Library/Frameworks -filelist /Users/jaigaurav/Library/Developer/Xcode/DerivedData/Broccoli-eapieicfqwxippexlubxawpdfesp/Build/Intermediates.noindex/Facebook.build/Debug-iphonesimulator/FacebookLogin.build/Objects-normal/x86_64/FacebookLogin.LinkFileList -nostdlib -Xlinker -object_path_lto -Xlinker /Users/jaigaurav/Library/Developer/Xcode/DerivedData/Broccoli-eapieicfqwxippexlubxawpdfesp/Build/Intermediates.noindex/Facebook.build/Debug-iphonesimulator/FacebookLogin.build/Objects-normal/x86_64/FacebookLogin_lto.o -Xlinker -no_deduplicate -Xlinker -objc_abi_version -Xlinker 2 -Xlinker -debug_variant -Xlinker -dependency_info -Xlinker /Users/jaigaurav/Library/Developer/Xcode/DerivedData/Broccoli-eapieicfqwxippexlubxawpdfesp/Build/Intermediates.noindex/Facebook.build/Debug-iphonesimulator/FacebookLogin.build/Objects-normal/x86_64/FacebookLogin_dependency_info.dat -fobjc-link-runtime -L/Applications/Xcode.app/Contents/Developer/Toolchains/XcodeDefault.xctoolchain/usr/lib/swift/iphonesimulator -L/usr/lib/swift -Xlinker -add_ast_path -Xlinker /Users/jaigaurav/Library/Developer/Xcode/DerivedData/Broccoli-eapieicfqwxippexlubxawpdfesp/Build/Intermediates.noindex/Facebook.build/Debug-iphonesimulator/FacebookLogin.build/Objects-normal/x86_64/FacebookLogin.swiftmodule @/Users/jaigaurav/Library/Developer/Xcode/DerivedData/Broccoli-eapieicfqwxippexlubxawpdfesp/Build/Intermediates.noindex/Facebook.build/Debug-iphonesimulator/FacebookLogin.build/Objects-normal/x86_64/FacebookLogin-linker-args.resp -o /Users/jaigaurav/Library/Developer/Xcode/DerivedData/Broccoli-eapieicfqwxippexlubxawpdfesp/Build/Intermediates.noindex/Facebook.build/Debug-iphonesimulator/FacebookLogin.build/Objects-normal/x86_64/Binary/FacebookLogin.o

ExtractAppIntentsMetadata (in target 'Toasts' from project 'swiftui-toasts')
    cd /Users/jaigaurav/Library/Developer/Xcode/DerivedData/Broccoli-eapieicfqwxippexlubxawpdfesp/SourcePackages/checkouts/swiftui-toasts
    /Applications/Xcode.app/Contents/Developer/Toolchains/XcodeDefault.xctoolchain/usr/bin/appintentsmetadataprocessor --toolchain-dir /Applications/Xcode.app/Contents/Developer/Toolchains/XcodeDefault.xctoolchain --module-name Toasts --sdk-root /Applications/Xcode.app/Contents/Developer/Platforms/iPhoneSimulator.platform/Developer/SDKs/iPhoneSimulator26.5.sdk --xcode-version 17F113 --platform-family iOS --deployment-target 14.0 --bundle-identifier swiftui-toasts.Toasts --output /Users/jaigaurav/Library/Developer/Xcode/DerivedData/Broccoli-eapieicfqwxippexlubxawpdfesp/Build/Products/Debug-iphonesimulator/Toasts.appintents --target-triple arm64-apple-ios14.0-simulator --target-triple x86_64-apple-ios14.0-simulator --binary-file /Users/jaigaurav/Library/Developer/Xcode/DerivedData/Broccoli-eapieicfqwxippexlubxawpdfesp/Build/Products/Debug-iphonesimulator/Toasts.o --dependency-file /Users/jaigaurav/Library/Developer/Xcode/DerivedData/Broccoli-eapieicfqwxippexlubxawpdfesp/Build/Intermediates.noindex/swiftui-toasts.build/Debug-iphonesimulator/Toasts.build/Objects-normal/arm64/Toasts_dependency_info.dat --dependency-file /Users/jaigaurav/Library/Developer/Xcode/DerivedData/Broccoli-eapieicfqwxippexlubxawpdfesp/Build/Intermediates.noindex/swiftui-toasts.build/Debug-iphonesimulator/Toasts.build/Objects-normal/x86_64/Toasts_dependency_info.dat --stringsdata-file /Users/jaigaurav/Library/Developer/Xcode/DerivedData/Broccoli-eapieicfqwxippexlubxawpdfesp/Build/Intermediates.noindex/swiftui-toasts.build/Debug-iphonesimulator/Toasts.build/Objects-normal/arm64/ExtractedAppShortcutsMetadata.stringsdata --stringsdata-file /Users/jaigaurav/Library/Developer/Xcode/DerivedData/Broccoli-eapieicfqwxippexlubxawpdfesp/Build/Intermediates.noindex/swiftui-toasts.build/Debug-iphonesimulator/Toasts.build/Objects-normal/x86_64/ExtractedAppShortcutsMetadata.stringsdata --source-file-list /Users/jaigaurav/Library/Developer/Xcode/DerivedData/Broccoli-eapieicfqwxippexlubxawpdfesp/Build/Intermediates.noindex/swiftui-toasts.build/Debug-iphonesimulator/Toasts.build/Objects-normal/arm64/Toasts.SwiftFileList --source-file-list /Users/jaigaurav/Library/Developer/Xcode/DerivedData/Broccoli-eapieicfqwxippexlubxawpdfesp/Build/Intermediates.noindex/swiftui-toasts.build/Debug-iphonesimulator/Toasts.build/Objects-normal/x86_64/Toasts.SwiftFileList --metadata-file-list /Users/jaigaurav/Library/Developer/Xcode/DerivedData/Broccoli-eapieicfqwxippexlubxawpdfesp/Build/Intermediates.noindex/swiftui-toasts.build/Debug-iphonesimulator/Toasts.build/Toasts.DependencyMetadataFileList --static-metadata-file-list /Users/jaigaurav/Library/Developer/Xcode/DerivedData/Broccoli-eapieicfqwxippexlubxawpdfesp/Build/Intermediates.noindex/swiftui-toasts.build/Debug-iphonesimulator/Toasts.build/Toasts.DependencyStaticMetadataFileList --swift-const-vals-list /Users/jaigaurav/Library/Developer/Xcode/DerivedData/Broccoli-eapieicfqwxippexlubxawpdfesp/Build/Intermediates.noindex/swiftui-toasts.build/Debug-iphonesimulator/Toasts.build/Objects-normal/arm64/Toasts.SwiftConstValuesFileList --swift-const-vals-list /Users/jaigaurav/Library/Developer/Xcode/DerivedData/Broccoli-eapieicfqwxippexlubxawpdfesp/Build/Intermediates.noindex/swiftui-toasts.build/Debug-iphonesimulator/Toasts.build/Objects-normal/x86_64/Toasts.SwiftConstValuesFileList --force --compile-time-extraction --deployment-aware-processing --validate-assistant-intents --no-app-shortcuts-localization
2026-08-17 12:31:47.177 appintentsmetadataprocessor[8212:167286] Starting appintentsmetadataprocessor export
2026-08-17 12:31:47.193 appintentsmetadataprocessor[8212:167286] Extracted no relevant App Intents symbols, skipping writing output

CreateUniversalBinary /Users/jaigaurav/Library/Developer/Xcode/DerivedData/Broccoli-eapieicfqwxippexlubxawpdfesp/Build/Products/Debug-iphonesimulator/third-party-IsAppEncrypted.o normal arm64\ x86_64 (in target 'third-party-IsAppEncrypted' from project 'GoogleUtilities')
    cd /Users/jaigaurav/Library/Developer/Xcode/DerivedData/Broccoli-eapieicfqwxippexlubxawpdfesp/SourcePackages/checkouts/GoogleUtilities
    /Applications/Xcode.app/Contents/Developer/Toolchains/XcodeDefault.xctoolchain/usr/bin/lipo -create /Users/jaigaurav/Library/Developer/Xcode/DerivedData/Broccoli-eapieicfqwxippexlubxawpdfesp/Build/Intermediates.noindex/GoogleUtilities.build/Debug-iphonesimulator/third-party-IsAppEncrypted.build/Objects-normal/arm64/Binary/third-party-IsAppEncrypted.o /Users/jaigaurav/Library/Developer/Xcode/DerivedData/Broccoli-eapieicfqwxippexlubxawpdfesp/Build/Intermediates.noindex/GoogleUtilities.build/Debug-iphonesimulator/third-party-IsAppEncrypted.build/Objects-normal/x86_64/Binary/third-party-IsAppEncrypted.o -output /Users/jaigaurav/Library/Developer/Xcode/DerivedData/Broccoli-eapieicfqwxippexlubxawpdfesp/Build/Products/Debug-iphonesimulator/third-party-IsAppEncrypted.o

ProcessInfoPlistFile /Users/jaigaurav/Library/Developer/Xcode/DerivedData/Broccoli-eapieicfqwxippexlubxawpdfesp/Build/Products/Debug-iphonesimulator/GTMAppAuth_GTMAppAuth.bundle/Info.plist /Users/jaigaurav/Library/Developer/Xcode/DerivedData/Broccoli-eapieicfqwxippexlubxawpdfesp/Build/Intermediates.noindex/GTMAppAuth.build/Debug-iphonesimulator/GTMAppAuth_GTMAppAuth.build/empty-GTMAppAuth_GTMAppAuth.plist (in target 'GTMAppAuth_GTMAppAuth' from project 'GTMAppAuth')
    cd /Users/jaigaurav/Library/Developer/Xcode/DerivedData/Broccoli-eapieicfqwxippexlubxawpdfesp/SourcePackages/checkouts/GTMAppAuth
    builtin-infoPlistUtility /Users/jaigaurav/Library/Developer/Xcode/DerivedData/Broccoli-eapieicfqwxippexlubxawpdfesp/Build/Intermediates.noindex/GTMAppAuth.build/Debug-iphonesimulator/GTMAppAuth_GTMAppAuth.build/empty-GTMAppAuth_GTMAppAuth.plist -producttype com.apple.product-type.bundle -expandbuildsettings -format binary -platform iphonesimulator -o /Users/jaigaurav/Library/Developer/Xcode/DerivedData/Broccoli-eapieicfqwxippexlubxawpdfesp/Build/Products/Debug-iphonesimulator/GTMAppAuth_GTMAppAuth.bundle/Info.plist

CreateUniversalBinary /Users/jaigaurav/Library/Developer/Xcode/DerivedData/Broccoli-eapieicfqwxippexlubxawpdfesp/Build/Products/Debug-iphonesimulator/StripeCore.o normal arm64\ x86_64 (in target 'StripeCore' from project 'Stripe')
    cd /Users/jaigaurav/Library/Developer/Xcode/DerivedData/Broccoli-eapieicfqwxippexlubxawpdfesp/SourcePackages/checkouts/stripe-ios-spm
    /Applications/Xcode.app/Contents/Developer/Toolchains/XcodeDefault.xctoolchain/usr/bin/lipo -create /Users/jaigaurav/Library/Developer/Xcode/DerivedData/Broccoli-eapieicfqwxippexlubxawpdfesp/Build/Intermediates.noindex/Stripe.build/Debug-iphonesimulator/StripeCore.build/Objects-normal/arm64/Binary/StripeCore.o /Users/jaigaurav/Library/Developer/Xcode/DerivedData/Broccoli-eapieicfqwxippexlubxawpdfesp/Build/Intermediates.noindex/Stripe.build/Debug-iphonesimulator/StripeCore.build/Objects-normal/x86_64/Binary/StripeCore.o -output /Users/jaigaurav/Library/Developer/Xcode/DerivedData/Broccoli-eapieicfqwxippexlubxawpdfesp/Build/Products/Debug-iphonesimulator/StripeCore.o

RegisterExecutionPolicyException /Users/jaigaurav/Library/Developer/Xcode/DerivedData/Broccoli-eapieicfqwxippexlubxawpdfesp/Build/Products/Debug-iphonesimulator/third-party-IsAppEncrypted.o (in target 'third-party-IsAppEncrypted' from project 'GoogleUtilities')
    cd /Users/jaigaurav/Library/Developer/Xcode/DerivedData/Broccoli-eapieicfqwxippexlubxawpdfesp/SourcePackages/checkouts/GoogleUtilities
    builtin-RegisterExecutionPolicyException /Users/jaigaurav/Library/Developer/Xcode/DerivedData/Broccoli-eapieicfqwxippexlubxawpdfesp/Build/Products/Debug-iphonesimulator/third-party-IsAppEncrypted.o

Ld /Users/jaigaurav/Library/Developer/Xcode/DerivedData/Broccoli-eapieicfqwxippexlubxawpdfesp/Build/Intermediates.noindex/Facebook.build/Debug-iphonesimulator/FacebookLogin.build/Objects-normal/arm64/Binary/FacebookLogin.o normal arm64 (in target 'FacebookLogin' from project 'Facebook')
    cd /Users/jaigaurav/Library/Developer/Xcode/DerivedData/Broccoli-eapieicfqwxippexlubxawpdfesp/SourcePackages/checkouts/facebook-ios-sdk
    /Applications/Xcode.app/Contents/Developer/Toolchains/XcodeDefault.xctoolchain/usr/bin/clang -Xlinker -reproducible -target arm64-apple-ios12.0-simulator -r -isysroot /Applications/Xcode.app/Contents/Developer/Platforms/iPhoneSimulator.platform/Developer/SDKs/iPhoneSimulator26.5.sdk -O0 -w -F/Users/jaigaurav/Library/Developer/Xcode/DerivedData/Broccoli-eapieicfqwxippexlubxawpdfesp/Build/Intermediates.noindex/EagerLinkingTBDs/Debug-iphonesimulator -F/Users/jaigaurav/Library/Developer/Xcode/DerivedData/Broccoli-eapieicfqwxippexlubxawpdfesp/Build/Products/Debug-iphonesimulator/PackageFrameworks -F/Users/jaigaurav/Library/Developer/Xcode/DerivedData/Broccoli-eapieicfqwxippexlubxawpdfesp/Build/Products/Debug-iphonesimulator/PackageFrameworks -F/Users/jaigaurav/Library/Developer/Xcode/DerivedData/Broccoli-eapieicfqwxippexlubxawpdfesp/Build/Products/Debug-iphonesimulator -iframework /Applications/Xcode.app/Contents/Developer/Platforms/iPhoneSimulator.platform/Developer/Library/Frameworks -iframework /Applications/Xcode.app/Contents/Developer/Platforms/iPhoneSimulator.platform/Developer/SDKs/iPhoneSimulator26.5.sdk/Developer/Library/Frameworks -filelist /Users/jaigaurav/Library/Developer/Xcode/DerivedData/Broccoli-eapieicfqwxippexlubxawpdfesp/Build/Intermediates.noindex/Facebook.build/Debug-iphonesimulator/FacebookLogin.build/Objects-normal/arm64/FacebookLogin.LinkFileList -nostdlib -Xlinker -object_path_lto -Xlinker /Users/jaigaurav/Library/Developer/Xcode/DerivedData/Broccoli-eapieicfqwxippexlubxawpdfesp/Build/Intermediates.noindex/Facebook.build/Debug-iphonesimulator/FacebookLogin.build/Objects-normal/arm64/FacebookLogin_lto.o -Xlinker -no_deduplicate -Xlinker -objc_abi_version -Xlinker 2 -Xlinker -debug_variant -Xlinker -dependency_info -Xlinker /Users/jaigaurav/Library/Developer/Xcode/DerivedData/Broccoli-eapieicfqwxippexlubxawpdfesp/Build/Intermediates.noindex/Facebook.build/Debug-iphonesimulator/FacebookLogin.build/Objects-normal/arm64/FacebookLogin_dependency_info.dat -fobjc-link-runtime -L/Applications/Xcode.app/Contents/Developer/Toolchains/XcodeDefault.xctoolchain/usr/lib/swift/iphonesimulator -L/usr/lib/swift -Xlinker -add_ast_path -Xlinker /Users/jaigaurav/Library/Developer/Xcode/DerivedData/Broccoli-eapieicfqwxippexlubxawpdfesp/Build/Intermediates.noindex/Facebook.build/Debug-iphonesimulator/FacebookLogin.build/Objects-normal/arm64/FacebookLogin.swiftmodule @/Users/jaigaurav/Library/Developer/Xcode/DerivedData/Broccoli-eapieicfqwxippexlubxawpdfesp/Build/Intermediates.noindex/Facebook.build/Debug-iphonesimulator/FacebookLogin.build/Objects-normal/arm64/FacebookLogin-linker-args.resp -o /Users/jaigaurav/Library/Developer/Xcode/DerivedData/Broccoli-eapieicfqwxippexlubxawpdfesp/Build/Intermediates.noindex/Facebook.build/Debug-iphonesimulator/FacebookLogin.build/Objects-normal/arm64/Binary/FacebookLogin.o

Ld /Users/jaigaurav/Library/Developer/Xcode/DerivedData/Broccoli-eapieicfqwxippexlubxawpdfesp/Build/Intermediates.noindex/GTMAppAuth.build/Debug-iphonesimulator/GTMAppAuth.build/Objects-normal/x86_64/Binary/GTMAppAuth.o normal x86_64 (in target 'GTMAppAuth' from project 'GTMAppAuth')
    cd /Users/jaigaurav/Library/Developer/Xcode/DerivedData/Broccoli-eapieicfqwxippexlubxawpdfesp/SourcePackages/checkouts/GTMAppAuth
    /Applications/Xcode.app/Contents/Developer/Toolchains/XcodeDefault.xctoolchain/usr/bin/clang -Xlinker -reproducible -target x86_64-apple-ios12.0-simulator -r -isysroot /Applications/Xcode.app/Contents/Developer/Platforms/iPhoneSimulator.platform/Developer/SDKs/iPhoneSimulator26.5.sdk -O0 -w -F/Users/jaigaurav/Library/Developer/Xcode/DerivedData/Broccoli-eapieicfqwxippexlubxawpdfesp/Build/Intermediates.noindex/EagerLinkingTBDs/Debug-iphonesimulator -F/Users/jaigaurav/Library/Developer/Xcode/DerivedData/Broccoli-eapieicfqwxippexlubxawpdfesp/Build/Products/Debug-iphonesimulator/PackageFrameworks -F/Users/jaigaurav/Library/Developer/Xcode/DerivedData/Broccoli-eapieicfqwxippexlubxawpdfesp/Build/Products/Debug-iphonesimulator/PackageFrameworks -F/Users/jaigaurav/Library/Developer/Xcode/DerivedData/Broccoli-eapieicfqwxippexlubxawpdfesp/Build/Products/Debug-iphonesimulator -iframework /Applications/Xcode.app/Contents/Developer/Platforms/iPhoneSimulator.platform/Developer/Library/Frameworks -iframework /Applications/Xcode.app/Contents/Developer/Platforms/iPhoneSimulator.platform/Developer/SDKs/iPhoneSimulator26.5.sdk/Developer/Library/Frameworks -filelist /Users/jaigaurav/Library/Developer/Xcode/DerivedData/Broccoli-eapieicfqwxippexlubxawpdfesp/Build/Intermediates.noindex/GTMAppAuth.build/Debug-iphonesimulator/GTMAppAuth.build/Objects-normal/x86_64/GTMAppAuth.LinkFileList -nostdlib -Xlinker -object_path_lto -Xlinker /Users/jaigaurav/Library/Developer/Xcode/DerivedData/Broccoli-eapieicfqwxippexlubxawpdfesp/Build/Intermediates.noindex/GTMAppAuth.build/Debug-iphonesimulator/GTMAppAuth.build/Objects-normal/x86_64/GTMAppAuth_lto.o -Xlinker -no_deduplicate -Xlinker -objc_abi_version -Xlinker 2 -Xlinker -debug_variant -Xlinker -dependency_info -Xlinker /Users/jaigaurav/Library/Developer/Xcode/DerivedData/Broccoli-eapieicfqwxippexlubxawpdfesp/Build/Intermediates.noindex/GTMAppAuth.build/Debug-iphonesimulator/GTMAppAuth.build/Objects-normal/x86_64/GTMAppAuth_dependency_info.dat -fobjc-link-runtime -L/Applications/Xcode.app/Contents/Developer/Toolchains/XcodeDefault.xctoolchain/usr/lib/swift/iphonesimulator -L/usr/lib/swift -Xlinker -add_ast_path -Xlinker /Users/jaigaurav/Library/Developer/Xcode/DerivedData/Broccoli-eapieicfqwxippexlubxawpdfesp/Build/Intermediates.noindex/GTMAppAuth.build/Debug-iphonesimulator/GTMAppAuth.build/Objects-normal/x86_64/GTMAppAuth.swiftmodule @/Users/jaigaurav/Library/Developer/Xcode/DerivedData/Broccoli-eapieicfqwxippexlubxawpdfesp/Build/Intermediates.noindex/GTMAppAuth.build/Debug-iphonesimulator/GTMAppAuth.build/Objects-normal/x86_64/GTMAppAuth-linker-args.resp -o /Users/jaigaurav/Library/Developer/Xcode/DerivedData/Broccoli-eapieicfqwxippexlubxawpdfesp/Build/Intermediates.noindex/GTMAppAuth.build/Debug-iphonesimulator/GTMAppAuth.build/Objects-normal/x86_64/Binary/GTMAppAuth.o

ProcessInfoPlistFile /Users/jaigaurav/Library/Developer/Xcode/DerivedData/Broccoli-eapieicfqwxippexlubxawpdfesp/Build/Products/Debug-iphonesimulator/GoogleUtilities_GoogleUtilities-Environment.bundle/Info.plist /Users/jaigaurav/Library/Developer/Xcode/DerivedData/Broccoli-eapieicfqwxippexlubxawpdfesp/Build/Intermediates.noindex/GoogleUtilities.build/Debug-iphonesimulator/GoogleUtilities_GoogleUtilities-Environment.build/empty-GoogleUtilities_GoogleUtilities-Environment.plist (in target 'GoogleUtilities_GoogleUtilities-Environment' from project 'GoogleUtilities')
    cd /Users/jaigaurav/Library/Developer/Xcode/DerivedData/Broccoli-eapieicfqwxippexlubxawpdfesp/SourcePackages/checkouts/GoogleUtilities
    builtin-infoPlistUtility /Users/jaigaurav/Library/Developer/Xcode/DerivedData/Broccoli-eapieicfqwxippexlubxawpdfesp/Build/Intermediates.noindex/GoogleUtilities.build/Debug-iphonesimulator/GoogleUtilities_GoogleUtilities-Environment.build/empty-GoogleUtilities_GoogleUtilities-Environment.plist -producttype com.apple.product-type.bundle -expandbuildsettings -format binary -platform iphonesimulator -o /Users/jaigaurav/Library/Developer/Xcode/DerivedData/Broccoli-eapieicfqwxippexlubxawpdfesp/Build/Products/Debug-iphonesimulator/GoogleUtilities_GoogleUtilities-Environment.bundle/Info.plist

RegisterExecutionPolicyException /Users/jaigaurav/Library/Developer/Xcode/DerivedData/Broccoli-eapieicfqwxippexlubxawpdfesp/Build/Products/Debug-iphonesimulator/Toasts.o (in target 'Toasts' from project 'swiftui-toasts')
    cd /Users/jaigaurav/Library/Developer/Xcode/DerivedData/Broccoli-eapieicfqwxippexlubxawpdfesp/SourcePackages/checkouts/swiftui-toasts
    builtin-RegisterExecutionPolicyException /Users/jaigaurav/Library/Developer/Xcode/DerivedData/Broccoli-eapieicfqwxippexlubxawpdfesp/Build/Products/Debug-iphonesimulator/Toasts.o

Ld /Users/jaigaurav/Library/Developer/Xcode/DerivedData/Broccoli-eapieicfqwxippexlubxawpdfesp/Build/Intermediates.noindex/GoogleUtilities.build/Debug-iphonesimulator/GoogleUtilities-Environment.build/Objects-normal/x86_64/Binary/GoogleUtilities-Environment.o normal x86_64 (in target 'GoogleUtilities-Environment' from project 'GoogleUtilities')
    cd /Users/jaigaurav/Library/Developer/Xcode/DerivedData/Broccoli-eapieicfqwxippexlubxawpdfesp/SourcePackages/checkouts/GoogleUtilities
    /Applications/Xcode.app/Contents/Developer/Toolchains/XcodeDefault.xctoolchain/usr/bin/clang -Xlinker -reproducible -target x86_64-apple-ios12.0-simulator -r -isysroot /Applications/Xcode.app/Contents/Developer/Platforms/iPhoneSimulator.platform/Developer/SDKs/iPhoneSimulator26.5.sdk -O0 -w -F/Users/jaigaurav/Library/Developer/Xcode/DerivedData/Broccoli-eapieicfqwxippexlubxawpdfesp/Build/Intermediates.noindex/EagerLinkingTBDs/Debug-iphonesimulator -F/Users/jaigaurav/Library/Developer/Xcode/DerivedData/Broccoli-eapieicfqwxippexlubxawpdfesp/Build/Products/Debug-iphonesimulator/PackageFrameworks -F/Users/jaigaurav/Library/Developer/Xcode/DerivedData/Broccoli-eapieicfqwxippexlubxawpdfesp/Build/Products/Debug-iphonesimulator -iframework /Applications/Xcode.app/Contents/Developer/Platforms/iPhoneSimulator.platform/Developer/Library/Frameworks -iframework /Applications/Xcode.app/Contents/Developer/Platforms/iPhoneSimulator.platform/Developer/SDKs/iPhoneSimulator26.5.sdk/Developer/Library/Frameworks -filelist /Users/jaigaurav/Library/Developer/Xcode/DerivedData/Broccoli-eapieicfqwxippexlubxawpdfesp/Build/Intermediates.noindex/GoogleUtilities.build/Debug-iphonesimulator/GoogleUtilities-Environment.build/Objects-normal/x86_64/GoogleUtilities-Environment.LinkFileList -nostdlib -Xlinker -object_path_lto -Xlinker /Users/jaigaurav/Library/Developer/Xcode/DerivedData/Broccoli-eapieicfqwxippexlubxawpdfesp/Build/Intermediates.noindex/GoogleUtilities.build/Debug-iphonesimulator/GoogleUtilities-Environment.build/Objects-normal/x86_64/GoogleUtilities-Environment_lto.o -Xlinker -no_deduplicate -Xlinker -objc_abi_version -Xlinker 2 -Xlinker -debug_variant -Xlinker -dependency_info -Xlinker /Users/jaigaurav/Library/Developer/Xcode/DerivedData/Broccoli-eapieicfqwxippexlubxawpdfesp/Build/Intermediates.noindex/GoogleUtilities.build/Debug-iphonesimulator/GoogleUtilities-Environment.build/Objects-normal/x86_64/GoogleUtilities-Environment_dependency_info.dat -fobjc-arc -fobjc-link-runtime -o /Users/jaigaurav/Library/Developer/Xcode/DerivedData/Broccoli-eapieicfqwxippexlubxawpdfesp/Build/Intermediates.noindex/GoogleUtilities.build/Debug-iphonesimulator/GoogleUtilities-Environment.build/Objects-normal/x86_64/Binary/GoogleUtilities-Environment.o

CreateUniversalBinary /Users/jaigaurav/Library/Developer/Xcode/DerivedData/Broccoli-eapieicfqwxippexlubxawpdfesp/Build/Products/Debug-iphonesimulator/FacebookLogin.o normal arm64\ x86_64 (in target 'FacebookLogin' from project 'Facebook')
    cd /Users/jaigaurav/Library/Developer/Xcode/DerivedData/Broccoli-eapieicfqwxippexlubxawpdfesp/SourcePackages/checkouts/facebook-ios-sdk
    /Applications/Xcode.app/Contents/Developer/Toolchains/XcodeDefault.xctoolchain/usr/bin/lipo -create /Users/jaigaurav/Library/Developer/Xcode/DerivedData/Broccoli-eapieicfqwxippexlubxawpdfesp/Build/Intermediates.noindex/Facebook.build/Debug-iphonesimulator/FacebookLogin.build/Objects-normal/arm64/Binary/FacebookLogin.o /Users/jaigaurav/Library/Developer/Xcode/DerivedData/Broccoli-eapieicfqwxippexlubxawpdfesp/Build/Intermediates.noindex/Facebook.build/Debug-iphonesimulator/FacebookLogin.build/Objects-normal/x86_64/Binary/FacebookLogin.o -output /Users/jaigaurav/Library/Developer/Xcode/DerivedData/Broccoli-eapieicfqwxippexlubxawpdfesp/Build/Products/Debug-iphonesimulator/FacebookLogin.o

ExtractAppIntentsMetadata (in target 'FacebookLogin' from project 'Facebook')
    cd /Users/jaigaurav/Library/Developer/Xcode/DerivedData/Broccoli-eapieicfqwxippexlubxawpdfesp/SourcePackages/checkouts/facebook-ios-sdk
    /Applications/Xcode.app/Contents/Developer/Toolchains/XcodeDefault.xctoolchain/usr/bin/appintentsmetadataprocessor --toolchain-dir /Applications/Xcode.app/Contents/Developer/Toolchains/XcodeDefault.xctoolchain --module-name FacebookLogin --sdk-root /Applications/Xcode.app/Contents/Developer/Platforms/iPhoneSimulator.platform/Developer/SDKs/iPhoneSimulator26.5.sdk --xcode-version 17F113 --platform-family iOS --deployment-target 12.0 --bundle-identifier facebook-ios-sdk.FacebookLogin --output /Users/jaigaurav/Library/Developer/Xcode/DerivedData/Broccoli-eapieicfqwxippexlubxawpdfesp/Build/Products/Debug-iphonesimulator/FacebookLogin.appintents --target-triple arm64-apple-ios12.0-simulator --target-triple x86_64-apple-ios12.0-simulator --binary-file /Users/jaigaurav/Library/Developer/Xcode/DerivedData/Broccoli-eapieicfqwxippexlubxawpdfesp/Build/Products/Debug-iphonesimulator/FacebookLogin.o --dependency-file /Users/jaigaurav/Library/Developer/Xcode/DerivedData/Broccoli-eapieicfqwxippexlubxawpdfesp/Build/Intermediates.noindex/Facebook.build/Debug-iphonesimulator/FacebookLogin.build/Objects-normal/arm64/FacebookLogin_dependency_info.dat --dependency-file /Users/jaigaurav/Library/Developer/Xcode/DerivedData/Broccoli-eapieicfqwxippexlubxawpdfesp/Build/Intermediates.noindex/Facebook.build/Debug-iphonesimulator/FacebookLogin.build/Objects-normal/x86_64/FacebookLogin_dependency_info.dat --stringsdata-file /Users/jaigaurav/Library/Developer/Xcode/DerivedData/Broccoli-eapieicfqwxippexlubxawpdfesp/Build/Intermediates.noindex/Facebook.build/Debug-iphonesimulator/FacebookLogin.build/Objects-normal/arm64/ExtractedAppShortcutsMetadata.stringsdata --stringsdata-file /Users/jaigaurav/Library/Developer/Xcode/DerivedData/Broccoli-eapieicfqwxippexlubxawpdfesp/Build/Intermediates.noindex/Facebook.build/Debug-iphonesimulator/FacebookLogin.build/Objects-normal/x86_64/ExtractedAppShortcutsMetadata.stringsdata --source-file-list /Users/jaigaurav/Library/Developer/Xcode/DerivedData/Broccoli-eapieicfqwxippexlubxawpdfesp/Build/Intermediates.noindex/Facebook.build/Debug-iphonesimulator/FacebookLogin.build/Objects-normal/arm64/FacebookLogin.SwiftFileList --source-file-list /Users/jaigaurav/Library/Developer/Xcode/DerivedData/Broccoli-eapieicfqwxippexlubxawpdfesp/Build/Intermediates.noindex/Facebook.build/Debug-iphonesimulator/FacebookLogin.build/Objects-normal/x86_64/FacebookLogin.SwiftFileList --metadata-file-list /Users/jaigaurav/Library/Developer/Xcode/DerivedData/Broccoli-eapieicfqwxippexlubxawpdfesp/Build/Intermediates.noindex/Facebook.build/Debug-iphonesimulator/FacebookLogin.build/FacebookLogin.DependencyMetadataFileList --static-metadata-file-list /Users/jaigaurav/Library/Developer/Xcode/DerivedData/Broccoli-eapieicfqwxippexlubxawpdfesp/Build/Intermediates.noindex/Facebook.build/Debug-iphonesimulator/FacebookLogin.build/FacebookLogin.DependencyStaticMetadataFileList --swift-const-vals-list /Users/jaigaurav/Library/Developer/Xcode/DerivedData/Broccoli-eapieicfqwxippexlubxawpdfesp/Build/Intermediates.noindex/Facebook.build/Debug-iphonesimulator/FacebookLogin.build/Objects-normal/arm64/FacebookLogin.SwiftConstValuesFileList --swift-const-vals-list /Users/jaigaurav/Library/Developer/Xcode/DerivedData/Broccoli-eapieicfqwxippexlubxawpdfesp/Build/Intermediates.noindex/Facebook.build/Debug-iphonesimulator/FacebookLogin.build/Objects-normal/x86_64/FacebookLogin.SwiftConstValuesFileList --force --compile-time-extraction --deployment-aware-processing --validate-assistant-intents --no-app-shortcuts-localization
2026-08-17 12:31:47.229 appintentsmetadataprocessor[8225:167344] Starting appintentsmetadataprocessor export
2026-08-17 12:31:47.236 appintentsmetadataprocessor[8225:167344] Extracted no relevant App Intents symbols, skipping writing output

Ld /Users/jaigaurav/Library/Developer/Xcode/DerivedData/Broccoli-eapieicfqwxippexlubxawpdfesp/Build/Intermediates.noindex/GTMAppAuth.build/Debug-iphonesimulator/GTMAppAuth.build/Objects-normal/arm64/Binary/GTMAppAuth.o normal arm64 (in target 'GTMAppAuth' from project 'GTMAppAuth')
    cd /Users/jaigaurav/Library/Developer/Xcode/DerivedData/Broccoli-eapieicfqwxippexlubxawpdfesp/SourcePackages/checkouts/GTMAppAuth
    /Applications/Xcode.app/Contents/Developer/Toolchains/XcodeDefault.xctoolchain/usr/bin/clang -Xlinker -reproducible -target arm64-apple-ios12.0-simulator -r -isysroot /Applications/Xcode.app/Contents/Developer/Platforms/iPhoneSimulator.platform/Developer/SDKs/iPhoneSimulator26.5.sdk -O0 -w -F/Users/jaigaurav/Library/Developer/Xcode/DerivedData/Broccoli-eapieicfqwxippexlubxawpdfesp/Build/Intermediates.noindex/EagerLinkingTBDs/Debug-iphonesimulator -F/Users/jaigaurav/Library/Developer/Xcode/DerivedData/Broccoli-eapieicfqwxippexlubxawpdfesp/Build/Products/Debug-iphonesimulator/PackageFrameworks -F/Users/jaigaurav/Library/Developer/Xcode/DerivedData/Broccoli-eapieicfqwxippexlubxawpdfesp/Build/Products/Debug-iphonesimulator/PackageFrameworks -F/Users/jaigaurav/Library/Developer/Xcode/DerivedData/Broccoli-eapieicfqwxippexlubxawpdfesp/Build/Products/Debug-iphonesimulator -iframework /Applications/Xcode.app/Contents/Developer/Platforms/iPhoneSimulator.platform/Developer/Library/Frameworks -iframework /Applications/Xcode.app/Contents/Developer/Platforms/iPhoneSimulator.platform/Developer/SDKs/iPhoneSimulator26.5.sdk/Developer/Library/Frameworks -filelist /Users/jaigaurav/Library/Developer/Xcode/DerivedData/Broccoli-eapieicfqwxippexlubxawpdfesp/Build/Intermediates.noindex/GTMAppAuth.build/Debug-iphonesimulator/GTMAppAuth.build/Objects-normal/arm64/GTMAppAuth.LinkFileList -nostdlib -Xlinker -object_path_lto -Xlinker /Users/jaigaurav/Library/Developer/Xcode/DerivedData/Broccoli-eapieicfqwxippexlubxawpdfesp/Build/Intermediates.noindex/GTMAppAuth.build/Debug-iphonesimulator/GTMAppAuth.build/Objects-normal/arm64/GTMAppAuth_lto.o -Xlinker -no_deduplicate -Xlinker -objc_abi_version -Xlinker 2 -Xlinker -debug_variant -Xlinker -dependency_info -Xlinker /Users/jaigaurav/Library/Developer/Xcode/DerivedData/Broccoli-eapieicfqwxippexlubxawpdfesp/Build/Intermediates.noindex/GTMAppAuth.build/Debug-iphonesimulator/GTMAppAuth.build/Objects-normal/arm64/GTMAppAuth_dependency_info.dat -fobjc-link-runtime -L/Applications/Xcode.app/Contents/Developer/Toolchains/XcodeDefault.xctoolchain/usr/lib/swift/iphonesimulator -L/usr/lib/swift -Xlinker -add_ast_path -Xlinker /Users/jaigaurav/Library/Developer/Xcode/DerivedData/Broccoli-eapieicfqwxippexlubxawpdfesp/Build/Intermediates.noindex/GTMAppAuth.build/Debug-iphonesimulator/GTMAppAuth.build/Objects-normal/arm64/GTMAppAuth.swiftmodule @/Users/jaigaurav/Library/Developer/Xcode/DerivedData/Broccoli-eapieicfqwxippexlubxawpdfesp/Build/Intermediates.noindex/GTMAppAuth.build/Debug-iphonesimulator/GTMAppAuth.build/Objects-normal/arm64/GTMAppAuth-linker-args.resp -o /Users/jaigaurav/Library/Developer/Xcode/DerivedData/Broccoli-eapieicfqwxippexlubxawpdfesp/Build/Intermediates.noindex/GTMAppAuth.build/Debug-iphonesimulator/GTMAppAuth.build/Objects-normal/arm64/Binary/GTMAppAuth.o

ExtractAppIntentsMetadata (in target 'StripeCore' from project 'Stripe')
    cd /Users/jaigaurav/Library/Developer/Xcode/DerivedData/Broccoli-eapieicfqwxippexlubxawpdfesp/SourcePackages/checkouts/stripe-ios-spm
    /Applications/Xcode.app/Contents/Developer/Toolchains/XcodeDefault.xctoolchain/usr/bin/appintentsmetadataprocessor --toolchain-dir /Applications/Xcode.app/Contents/Developer/Toolchains/XcodeDefault.xctoolchain --module-name StripeCore --sdk-root /Applications/Xcode.app/Contents/Developer/Platforms/iPhoneSimulator.platform/Developer/SDKs/iPhoneSimulator26.5.sdk --xcode-version 17F113 --platform-family iOS --deployment-target 13.0 --bundle-identifier stripe-ios-spm.StripeCore --output /Users/jaigaurav/Library/Developer/Xcode/DerivedData/Broccoli-eapieicfqwxippexlubxawpdfesp/Build/Products/Debug-iphonesimulator/StripeCore.appintents --target-triple arm64-apple-ios13.0-simulator --target-triple x86_64-apple-ios13.0-simulator --binary-file /Users/jaigaurav/Library/Developer/Xcode/DerivedData/Broccoli-eapieicfqwxippexlubxawpdfesp/Build/Products/Debug-iphonesimulator/StripeCore.o --dependency-file /Users/jaigaurav/Library/Developer/Xcode/DerivedData/Broccoli-eapieicfqwxippexlubxawpdfesp/Build/Intermediates.noindex/Stripe.build/Debug-iphonesimulator/StripeCore.build/Objects-normal/arm64/StripeCore_dependency_info.dat --dependency-file /Users/jaigaurav/Library/Developer/Xcode/DerivedData/Broccoli-eapieicfqwxippexlubxawpdfesp/Build/Intermediates.noindex/Stripe.build/Debug-iphonesimulator/StripeCore.build/Objects-normal/x86_64/StripeCore_dependency_info.dat --stringsdata-file /Users/jaigaurav/Library/Developer/Xcode/DerivedData/Broccoli-eapieicfqwxippexlubxawpdfesp/Build/Intermediates.noindex/Stripe.build/Debug-iphonesimulator/StripeCore.build/Objects-normal/arm64/ExtractedAppShortcutsMetadata.stringsdata --stringsdata-file /Users/jaigaurav/Library/Developer/Xcode/DerivedData/Broccoli-eapieicfqwxippexlubxawpdfesp/Build/Intermediates.noindex/Stripe.build/Debug-iphonesimulator/StripeCore.build/Objects-normal/x86_64/ExtractedAppShortcutsMetadata.stringsdata --source-file-list /Users/jaigaurav/Library/Developer/Xcode/DerivedData/Broccoli-eapieicfqwxippexlubxawpdfesp/Build/Intermediates.noindex/Stripe.build/Debug-iphonesimulator/StripeCore.build/Objects-normal/arm64/StripeCore.SwiftFileList --source-file-list /Users/jaigaurav/Library/Developer/Xcode/DerivedData/Broccoli-eapieicfqwxippexlubxawpdfesp/Build/Intermediates.noindex/Stripe.build/Debug-iphonesimulator/StripeCore.build/Objects-normal/x86_64/StripeCore.SwiftFileList --metadata-file-list /Users/jaigaurav/Library/Developer/Xcode/DerivedData/Broccoli-eapieicfqwxippexlubxawpdfesp/Build/Intermediates.noindex/Stripe.build/Debug-iphonesimulator/StripeCore.build/StripeCore.DependencyMetadataFileList --static-metadata-file-list /Users/jaigaurav/Library/Developer/Xcode/DerivedData/Broccoli-eapieicfqwxippexlubxawpdfesp/Build/Intermediates.noindex/Stripe.build/Debug-iphonesimulator/StripeCore.build/StripeCore.DependencyStaticMetadataFileList --swift-const-vals-list /Users/jaigaurav/Library/Developer/Xcode/DerivedData/Broccoli-eapieicfqwxippexlubxawpdfesp/Build/Intermediates.noindex/Stripe.build/Debug-iphonesimulator/StripeCore.build/Objects-normal/arm64/StripeCore.SwiftConstValuesFileList --swift-const-vals-list /Users/jaigaurav/Library/Developer/Xcode/DerivedData/Broccoli-eapieicfqwxippexlubxawpdfesp/Build/Intermediates.noindex/Stripe.build/Debug-iphonesimulator/StripeCore.build/Objects-normal/x86_64/StripeCore.SwiftConstValuesFileList --force --compile-time-extraction --deployment-aware-processing --validate-assistant-intents --no-app-shortcuts-localization
2026-08-17 12:31:47.247 appintentsmetadataprocessor[8227:167360] Starting appintentsmetadataprocessor export
2026-08-17 12:31:47.274 appintentsmetadataprocessor[8227:167360] Extracted no relevant App Intents symbols, skipping writing output

Ld /Users/jaigaurav/Library/Developer/Xcode/DerivedData/Broccoli-eapieicfqwxippexlubxawpdfesp/Build/Intermediates.noindex/GoogleUtilities.build/Debug-iphonesimulator/GoogleUtilities-Environment.build/Objects-normal/arm64/Binary/GoogleUtilities-Environment.o normal arm64 (in target 'GoogleUtilities-Environment' from project 'GoogleUtilities')
    cd /Users/jaigaurav/Library/Developer/Xcode/DerivedData/Broccoli-eapieicfqwxippexlubxawpdfesp/SourcePackages/checkouts/GoogleUtilities
    /Applications/Xcode.app/Contents/Developer/Toolchains/XcodeDefault.xctoolchain/usr/bin/clang -Xlinker -reproducible -target arm64-apple-ios12.0-simulator -r -isysroot /Applications/Xcode.app/Contents/Developer/Platforms/iPhoneSimulator.platform/Developer/SDKs/iPhoneSimulator26.5.sdk -O0 -w -F/Users/jaigaurav/Library/Developer/Xcode/DerivedData/Broccoli-eapieicfqwxippexlubxawpdfesp/Build/Intermediates.noindex/EagerLinkingTBDs/Debug-iphonesimulator -F/Users/jaigaurav/Library/Developer/Xcode/DerivedData/Broccoli-eapieicfqwxippexlubxawpdfesp/Build/Products/Debug-iphonesimulator/PackageFrameworks -F/Users/jaigaurav/Library/Developer/Xcode/DerivedData/Broccoli-eapieicfqwxippexlubxawpdfesp/Build/Products/Debug-iphonesimulator -iframework /Applications/Xcode.app/Contents/Developer/Platforms/iPhoneSimulator.platform/Developer/Library/Frameworks -iframework /Applications/Xcode.app/Contents/Developer/Platforms/iPhoneSimulator.platform/Developer/SDKs/iPhoneSimulator26.5.sdk/Developer/Library/Frameworks -filelist /Users/jaigaurav/Library/Developer/Xcode/DerivedData/Broccoli-eapieicfqwxippexlubxawpdfesp/Build/Intermediates.noindex/GoogleUtilities.build/Debug-iphonesimulator/GoogleUtilities-Environment.build/Objects-normal/arm64/GoogleUtilities-Environment.LinkFileList -nostdlib -Xlinker -object_path_lto -Xlinker /Users/jaigaurav/Library/Developer/Xcode/DerivedData/Broccoli-eapieicfqwxippexlubxawpdfesp/Build/Intermediates.noindex/GoogleUtilities.build/Debug-iphonesimulator/GoogleUtilities-Environment.build/Objects-normal/arm64/GoogleUtilities-Environment_lto.o -Xlinker -no_deduplicate -Xlinker -objc_abi_version -Xlinker 2 -Xlinker -debug_variant -Xlinker -dependency_info -Xlinker /Users/jaigaurav/Library/Developer/Xcode/DerivedData/Broccoli-eapieicfqwxippexlubxawpdfesp/Build/Intermediates.noindex/GoogleUtilities.build/Debug-iphonesimulator/GoogleUtilities-Environment.build/Objects-normal/arm64/GoogleUtilities-Environment_dependency_info.dat -fobjc-arc -fobjc-link-runtime -o /Users/jaigaurav/Library/Developer/Xcode/DerivedData/Broccoli-eapieicfqwxippexlubxawpdfesp/Build/Intermediates.noindex/GoogleUtilities.build/Debug-iphonesimulator/GoogleUtilities-Environment.build/Objects-normal/arm64/Binary/GoogleUtilities-Environment.o

RegisterExecutionPolicyException /Users/jaigaurav/Library/Developer/Xcode/DerivedData/Broccoli-eapieicfqwxippexlubxawpdfesp/Build/Products/Debug-iphonesimulator/FacebookLogin.o (in target 'FacebookLogin' from project 'Facebook')
    cd /Users/jaigaurav/Library/Developer/Xcode/DerivedData/Broccoli-eapieicfqwxippexlubxawpdfesp/SourcePackages/checkouts/facebook-ios-sdk
    builtin-RegisterExecutionPolicyException /Users/jaigaurav/Library/Developer/Xcode/DerivedData/Broccoli-eapieicfqwxippexlubxawpdfesp/Build/Products/Debug-iphonesimulator/FacebookLogin.o

CreateUniversalBinary /Users/jaigaurav/Library/Developer/Xcode/DerivedData/Broccoli-eapieicfqwxippexlubxawpdfesp/Build/Products/Debug-iphonesimulator/GTMAppAuth.o normal arm64\ x86_64 (in target 'GTMAppAuth' from project 'GTMAppAuth')
    cd /Users/jaigaurav/Library/Developer/Xcode/DerivedData/Broccoli-eapieicfqwxippexlubxawpdfesp/SourcePackages/checkouts/GTMAppAuth
    /Applications/Xcode.app/Contents/Developer/Toolchains/XcodeDefault.xctoolchain/usr/bin/lipo -create /Users/jaigaurav/Library/Developer/Xcode/DerivedData/Broccoli-eapieicfqwxippexlubxawpdfesp/Build/Intermediates.noindex/GTMAppAuth.build/Debug-iphonesimulator/GTMAppAuth.build/Objects-normal/arm64/Binary/GTMAppAuth.o /Users/jaigaurav/Library/Developer/Xcode/DerivedData/Broccoli-eapieicfqwxippexlubxawpdfesp/Build/Intermediates.noindex/GTMAppAuth.build/Debug-iphonesimulator/GTMAppAuth.build/Objects-normal/x86_64/Binary/GTMAppAuth.o -output /Users/jaigaurav/Library/Developer/Xcode/DerivedData/Broccoli-eapieicfqwxippexlubxawpdfesp/Build/Products/Debug-iphonesimulator/GTMAppAuth.o

CreateUniversalBinary /Users/jaigaurav/Library/Developer/Xcode/DerivedData/Broccoli-eapieicfqwxippexlubxawpdfesp/Build/Products/Debug-iphonesimulator/GoogleUtilities-Environment.o normal arm64\ x86_64 (in target 'GoogleUtilities-Environment' from project 'GoogleUtilities')
    cd /Users/jaigaurav/Library/Developer/Xcode/DerivedData/Broccoli-eapieicfqwxippexlubxawpdfesp/SourcePackages/checkouts/GoogleUtilities
    /Applications/Xcode.app/Contents/Developer/Toolchains/XcodeDefault.xctoolchain/usr/bin/lipo -create /Users/jaigaurav/Library/Developer/Xcode/DerivedData/Broccoli-eapieicfqwxippexlubxawpdfesp/Build/Intermediates.noindex/GoogleUtilities.build/Debug-iphonesimulator/GoogleUtilities-Environment.build/Objects-normal/arm64/Binary/GoogleUtilities-Environment.o /Users/jaigaurav/Library/Developer/Xcode/DerivedData/Broccoli-eapieicfqwxippexlubxawpdfesp/Build/Intermediates.noindex/GoogleUtilities.build/Debug-iphonesimulator/GoogleUtilities-Environment.build/Objects-normal/x86_64/Binary/GoogleUtilities-Environment.o -output /Users/jaigaurav/Library/Developer/Xcode/DerivedData/Broccoli-eapieicfqwxippexlubxawpdfesp/Build/Products/Debug-iphonesimulator/GoogleUtilities-Environment.o

RegisterExecutionPolicyException /Users/jaigaurav/Library/Developer/Xcode/DerivedData/Broccoli-eapieicfqwxippexlubxawpdfesp/Build/Products/Debug-iphonesimulator/GoogleUtilities-Environment.o (in target 'GoogleUtilities-Environment' from project 'GoogleUtilities')
    cd /Users/jaigaurav/Library/Developer/Xcode/DerivedData/Broccoli-eapieicfqwxippexlubxawpdfesp/SourcePackages/checkouts/GoogleUtilities
    builtin-RegisterExecutionPolicyException /Users/jaigaurav/Library/Developer/Xcode/DerivedData/Broccoli-eapieicfqwxippexlubxawpdfesp/Build/Products/Debug-iphonesimulator/GoogleUtilities-Environment.o

ExtractAppIntentsMetadata (in target 'GTMAppAuth' from project 'GTMAppAuth')
    cd /Users/jaigaurav/Library/Developer/Xcode/DerivedData/Broccoli-eapieicfqwxippexlubxawpdfesp/SourcePackages/checkouts/GTMAppAuth
    /Applications/Xcode.app/Contents/Developer/Toolchains/XcodeDefault.xctoolchain/usr/bin/appintentsmetadataprocessor --toolchain-dir /Applications/Xcode.app/Contents/Developer/Toolchains/XcodeDefault.xctoolchain --module-name GTMAppAuth --sdk-root /Applications/Xcode.app/Contents/Developer/Platforms/iPhoneSimulator.platform/Developer/SDKs/iPhoneSimulator26.5.sdk --xcode-version 17F113 --platform-family iOS --deployment-target 12.0 --bundle-identifier gtmappauth.GTMAppAuth --output /Users/jaigaurav/Library/Developer/Xcode/DerivedData/Broccoli-eapieicfqwxippexlubxawpdfesp/Build/Products/Debug-iphonesimulator/GTMAppAuth.appintents --target-triple arm64-apple-ios12.0-simulator --target-triple x86_64-apple-ios12.0-simulator --binary-file /Users/jaigaurav/Library/Developer/Xcode/DerivedData/Broccoli-eapieicfqwxippexlubxawpdfesp/Build/Products/Debug-iphonesimulator/GTMAppAuth.o --dependency-file /Users/jaigaurav/Library/Developer/Xcode/DerivedData/Broccoli-eapieicfqwxippexlubxawpdfesp/Build/Intermediates.noindex/GTMAppAuth.build/Debug-iphonesimulator/GTMAppAuth.build/Objects-normal/arm64/GTMAppAuth_dependency_info.dat --dependency-file /Users/jaigaurav/Library/Developer/Xcode/DerivedData/Broccoli-eapieicfqwxippexlubxawpdfesp/Build/Intermediates.noindex/GTMAppAuth.build/Debug-iphonesimulator/GTMAppAuth.build/Objects-normal/x86_64/GTMAppAuth_dependency_info.dat --stringsdata-file /Users/jaigaurav/Library/Developer/Xcode/DerivedData/Broccoli-eapieicfqwxippexlubxawpdfesp/Build/Intermediates.noindex/GTMAppAuth.build/Debug-iphonesimulator/GTMAppAuth.build/Objects-normal/arm64/ExtractedAppShortcutsMetadata.stringsdata --stringsdata-file /Users/jaigaurav/Library/Developer/Xcode/DerivedData/Broccoli-eapieicfqwxippexlubxawpdfesp/Build/Intermediates.noindex/GTMAppAuth.build/Debug-iphonesimulator/GTMAppAuth.build/Objects-normal/x86_64/ExtractedAppShortcutsMetadata.stringsdata --source-file-list /Users/jaigaurav/Library/Developer/Xcode/DerivedData/Broccoli-eapieicfqwxippexlubxawpdfesp/Build/Intermediates.noindex/GTMAppAuth.build/Debug-iphonesimulator/GTMAppAuth.build/Objects-normal/arm64/GTMAppAuth.SwiftFileList --source-file-list /Users/jaigaurav/Library/Developer/Xcode/DerivedData/Broccoli-eapieicfqwxippexlubxawpdfesp/Build/Intermediates.noindex/GTMAppAuth.build/Debug-iphonesimulator/GTMAppAuth.build/Objects-normal/x86_64/GTMAppAuth.SwiftFileList --metadata-file-list /Users/jaigaurav/Library/Developer/Xcode/DerivedData/Broccoli-eapieicfqwxippexlubxawpdfesp/Build/Intermediates.noindex/GTMAppAuth.build/Debug-iphonesimulator/GTMAppAuth.build/GTMAppAuth.DependencyMetadataFileList --static-metadata-file-list /Users/jaigaurav/Library/Developer/Xcode/DerivedData/Broccoli-eapieicfqwxippexlubxawpdfesp/Build/Intermediates.noindex/GTMAppAuth.build/Debug-iphonesimulator/GTMAppAuth.build/GTMAppAuth.DependencyStaticMetadataFileList --swift-const-vals-list /Users/jaigaurav/Library/Developer/Xcode/DerivedData/Broccoli-eapieicfqwxippexlubxawpdfesp/Build/Intermediates.noindex/GTMAppAuth.build/Debug-iphonesimulator/GTMAppAuth.build/Objects-normal/arm64/GTMAppAuth.SwiftConstValuesFileList --swift-const-vals-list /Users/jaigaurav/Library/Developer/Xcode/DerivedData/Broccoli-eapieicfqwxippexlubxawpdfesp/Build/Intermediates.noindex/GTMAppAuth.build/Debug-iphonesimulator/GTMAppAuth.build/Objects-normal/x86_64/GTMAppAuth.SwiftConstValuesFileList --force --compile-time-extraction --deployment-aware-processing --validate-assistant-intents --no-app-shortcuts-localization
2026-08-17 12:31:47.272 appintentsmetadataprocessor[8235:167394] Starting appintentsmetadataprocessor export
2026-08-17 12:31:47.282 appintentsmetadataprocessor[8235:167394] Extracted no relevant App Intents symbols, skipping writing output

ProcessInfoPlistFile /Users/jaigaurav/Library/Developer/Xcode/DerivedData/Broccoli-eapieicfqwxippexlubxawpdfesp/Build/Products/Debug-iphonesimulator/GoogleUtilities_GoogleUtilities-Logger.bundle/Info.plist /Users/jaigaurav/Library/Developer/Xcode/DerivedData/Broccoli-eapieicfqwxippexlubxawpdfesp/Build/Intermediates.noindex/GoogleUtilities.build/Debug-iphonesimulator/GoogleUtilities_GoogleUtilities-Logger.build/empty-GoogleUtilities_GoogleUtilities-Logger.plist (in target 'GoogleUtilities_GoogleUtilities-Logger' from project 'GoogleUtilities')
    cd /Users/jaigaurav/Library/Developer/Xcode/DerivedData/Broccoli-eapieicfqwxippexlubxawpdfesp/SourcePackages/checkouts/GoogleUtilities
    builtin-infoPlistUtility /Users/jaigaurav/Library/Developer/Xcode/DerivedData/Broccoli-eapieicfqwxippexlubxawpdfesp/Build/Intermediates.noindex/GoogleUtilities.build/Debug-iphonesimulator/GoogleUtilities_GoogleUtilities-Logger.build/empty-GoogleUtilities_GoogleUtilities-Logger.plist -producttype com.apple.product-type.bundle -expandbuildsettings -format binary -platform iphonesimulator -o /Users/jaigaurav/Library/Developer/Xcode/DerivedData/Broccoli-eapieicfqwxippexlubxawpdfesp/Build/Products/Debug-iphonesimulator/GoogleUtilities_GoogleUtilities-Logger.bundle/Info.plist

ProcessInfoPlistFile /Users/jaigaurav/Library/Developer/Xcode/DerivedData/Broccoli-eapieicfqwxippexlubxawpdfesp/Build/Products/Debug-iphonesimulator/Firebase_FirebaseCoreExtension.bundle/Info.plist /Users/jaigaurav/Library/Developer/Xcode/DerivedData/Broccoli-eapieicfqwxippexlubxawpdfesp/Build/Intermediates.noindex/Firebase.build/Debug-iphonesimulator/Firebase_FirebaseCoreExtension.build/empty-Firebase_FirebaseCoreExtension.plist (in target 'Firebase_FirebaseCoreExtension' from project 'Firebase')
    cd /Users/jaigaurav/Library/Developer/Xcode/DerivedData/Broccoli-eapieicfqwxippexlubxawpdfesp/SourcePackages/checkouts/firebase-ios-sdk
    builtin-infoPlistUtility /Users/jaigaurav/Library/Developer/Xcode/DerivedData/Broccoli-eapieicfqwxippexlubxawpdfesp/Build/Intermediates.noindex/Firebase.build/Debug-iphonesimulator/Firebase_FirebaseCoreExtension.build/empty-Firebase_FirebaseCoreExtension.plist -producttype com.apple.product-type.bundle -expandbuildsettings -format binary -platform iphonesimulator -o /Users/jaigaurav/Library/Developer/Xcode/DerivedData/Broccoli-eapieicfqwxippexlubxawpdfesp/Build/Products/Debug-iphonesimulator/Firebase_FirebaseCoreExtension.bundle/Info.plist

RegisterExecutionPolicyException /Users/jaigaurav/Library/Developer/Xcode/DerivedData/Broccoli-eapieicfqwxippexlubxawpdfesp/Build/Products/Debug-iphonesimulator/StripeCore.o (in target 'StripeCore' from project 'Stripe')
    cd /Users/jaigaurav/Library/Developer/Xcode/DerivedData/Broccoli-eapieicfqwxippexlubxawpdfesp/SourcePackages/checkouts/stripe-ios-spm
    builtin-RegisterExecutionPolicyException /Users/jaigaurav/Library/Developer/Xcode/DerivedData/Broccoli-eapieicfqwxippexlubxawpdfesp/Build/Products/Debug-iphonesimulator/StripeCore.o

Ld /Users/jaigaurav/Library/Developer/Xcode/DerivedData/Broccoli-eapieicfqwxippexlubxawpdfesp/Build/Intermediates.noindex/GoogleUtilities.build/Debug-iphonesimulator/GoogleUtilities-Logger.build/Objects-normal/x86_64/Binary/GoogleUtilities-Logger.o normal x86_64 (in target 'GoogleUtilities-Logger' from project 'GoogleUtilities')
    cd /Users/jaigaurav/Library/Developer/Xcode/DerivedData/Broccoli-eapieicfqwxippexlubxawpdfesp/SourcePackages/checkouts/GoogleUtilities
    /Applications/Xcode.app/Contents/Developer/Toolchains/XcodeDefault.xctoolchain/usr/bin/clang -Xlinker -reproducible -target x86_64-apple-ios12.0-simulator -r -isysroot /Applications/Xcode.app/Contents/Developer/Platforms/iPhoneSimulator.platform/Developer/SDKs/iPhoneSimulator26.5.sdk -O0 -w -F/Users/jaigaurav/Library/Developer/Xcode/DerivedData/Broccoli-eapieicfqwxippexlubxawpdfesp/Build/Intermediates.noindex/EagerLinkingTBDs/Debug-iphonesimulator -F/Users/jaigaurav/Library/Developer/Xcode/DerivedData/Broccoli-eapieicfqwxippexlubxawpdfesp/Build/Products/Debug-iphonesimulator/PackageFrameworks -F/Users/jaigaurav/Library/Developer/Xcode/DerivedData/Broccoli-eapieicfqwxippexlubxawpdfesp/Build/Products/Debug-iphonesimulator/PackageFrameworks -F/Users/jaigaurav/Library/Developer/Xcode/DerivedData/Broccoli-eapieicfqwxippexlubxawpdfesp/Build/Products/Debug-iphonesimulator -iframework /Applications/Xcode.app/Contents/Developer/Platforms/iPhoneSimulator.platform/Developer/Library/Frameworks -iframework /Applications/Xcode.app/Contents/Developer/Platforms/iPhoneSimulator.platform/Developer/SDKs/iPhoneSimulator26.5.sdk/Developer/Library/Frameworks -filelist /Users/jaigaurav/Library/Developer/Xcode/DerivedData/Broccoli-eapieicfqwxippexlubxawpdfesp/Build/Intermediates.noindex/GoogleUtilities.build/Debug-iphonesimulator/GoogleUtilities-Logger.build/Objects-normal/x86_64/GoogleUtilities-Logger.LinkFileList -nostdlib -Xlinker -object_path_lto -Xlinker /Users/jaigaurav/Library/Developer/Xcode/DerivedData/Broccoli-eapieicfqwxippexlubxawpdfesp/Build/Intermediates.noindex/GoogleUtilities.build/Debug-iphonesimulator/GoogleUtilities-Logger.build/Objects-normal/x86_64/GoogleUtilities-Logger_lto.o -Xlinker -no_deduplicate -Xlinker -objc_abi_version -Xlinker 2 -Xlinker -debug_variant -Xlinker -dependency_info -Xlinker /Users/jaigaurav/Library/Developer/Xcode/DerivedData/Broccoli-eapieicfqwxippexlubxawpdfesp/Build/Intermediates.noindex/GoogleUtilities.build/Debug-iphonesimulator/GoogleUtilities-Logger.build/Objects-normal/x86_64/GoogleUtilities-Logger_dependency_info.dat -fobjc-arc -fobjc-link-runtime -o /Users/jaigaurav/Library/Developer/Xcode/DerivedData/Broccoli-eapieicfqwxippexlubxawpdfesp/Build/Intermediates.noindex/GoogleUtilities.build/Debug-iphonesimulator/GoogleUtilities-Logger.build/Objects-normal/x86_64/Binary/GoogleUtilities-Logger.o

Ld /Users/jaigaurav/Library/Developer/Xcode/DerivedData/Broccoli-eapieicfqwxippexlubxawpdfesp/Build/Intermediates.noindex/Firebase.build/Debug-iphonesimulator/FirebaseCoreExtension.build/Objects-normal/x86_64/Binary/FirebaseCoreExtension.o normal x86_64 (in target 'FirebaseCoreExtension' from project 'Firebase')
    cd /Users/jaigaurav/Library/Developer/Xcode/DerivedData/Broccoli-eapieicfqwxippexlubxawpdfesp/SourcePackages/checkouts/firebase-ios-sdk
    /Applications/Xcode.app/Contents/Developer/Toolchains/XcodeDefault.xctoolchain/usr/bin/clang -Xlinker -reproducible -target x86_64-apple-ios15.0-simulator -r -isysroot /Applications/Xcode.app/Contents/Developer/Platforms/iPhoneSimulator.platform/Developer/SDKs/iPhoneSimulator26.5.sdk -O0 -w -F/Users/jaigaurav/Library/Developer/Xcode/DerivedData/Broccoli-eapieicfqwxippexlubxawpdfesp/Build/Intermediates.noindex/EagerLinkingTBDs/Debug-iphonesimulator -F/Users/jaigaurav/Library/Developer/Xcode/DerivedData/Broccoli-eapieicfqwxippexlubxawpdfesp/Build/Products/Debug-iphonesimulator -iframework /Applications/Xcode.app/Contents/Developer/Platforms/iPhoneSimulator.platform/Developer/Library/Frameworks -iframework /Applications/Xcode.app/Contents/Developer/Platforms/iPhoneSimulator.platform/Developer/SDKs/iPhoneSimulator26.5.sdk/Developer/Library/Frameworks -filelist /Users/jaigaurav/Library/Developer/Xcode/DerivedData/Broccoli-eapieicfqwxippexlubxawpdfesp/Build/Intermediates.noindex/Firebase.build/Debug-iphonesimulator/FirebaseCoreExtension.build/Objects-normal/x86_64/FirebaseCoreExtension.LinkFileList -nostdlib -Xlinker -object_path_lto -Xlinker /Users/jaigaurav/Library/Developer/Xcode/DerivedData/Broccoli-eapieicfqwxippexlubxawpdfesp/Build/Intermediates.noindex/Firebase.build/Debug-iphonesimulator/FirebaseCoreExtension.build/Objects-normal/x86_64/FirebaseCoreExtension_lto.o -Xlinker -no_deduplicate -Xlinker -objc_abi_version -Xlinker 2 -Xlinker -debug_variant -Xlinker -dependency_info -Xlinker /Users/jaigaurav/Library/Developer/Xcode/DerivedData/Broccoli-eapieicfqwxippexlubxawpdfesp/Build/Intermediates.noindex/Firebase.build/Debug-iphonesimulator/FirebaseCoreExtension.build/Objects-normal/x86_64/FirebaseCoreExtension_dependency_info.dat -fobjc-arc -fobjc-link-runtime -o /Users/jaigaurav/Library/Developer/Xcode/DerivedData/Broccoli-eapieicfqwxippexlubxawpdfesp/Build/Intermediates.noindex/Firebase.build/Debug-iphonesimulator/FirebaseCoreExtension.build/Objects-normal/x86_64/Binary/FirebaseCoreExtension.o

RegisterExecutionPolicyException /Users/jaigaurav/Library/Developer/Xcode/DerivedData/Broccoli-eapieicfqwxippexlubxawpdfesp/Build/Products/Debug-iphonesimulator/GTMAppAuth.o (in target 'GTMAppAuth' from project 'GTMAppAuth')
    cd /Users/jaigaurav/Library/Developer/Xcode/DerivedData/Broccoli-eapieicfqwxippexlubxawpdfesp/SourcePackages/checkouts/GTMAppAuth
    builtin-RegisterExecutionPolicyException /Users/jaigaurav/Library/Developer/Xcode/DerivedData/Broccoli-eapieicfqwxippexlubxawpdfesp/Build/Products/Debug-iphonesimulator/GTMAppAuth.o

Ld /Users/jaigaurav/Library/Developer/Xcode/DerivedData/Broccoli-eapieicfqwxippexlubxawpdfesp/Build/Intermediates.noindex/Stripe.build/Debug-iphonesimulator/StripeApplePay.build/Objects-normal/x86_64/Binary/StripeApplePay.o normal x86_64 (in target 'StripeApplePay' from project 'Stripe')
    cd /Users/jaigaurav/Library/Developer/Xcode/DerivedData/Broccoli-eapieicfqwxippexlubxawpdfesp/SourcePackages/checkouts/stripe-ios-spm
    /Applications/Xcode.app/Contents/Developer/Toolchains/XcodeDefault.xctoolchain/usr/bin/clang -Xlinker -reproducible -target x86_64-apple-ios13.0-simulator -r -isysroot /Applications/Xcode.app/Contents/Developer/Platforms/iPhoneSimulator.platform/Developer/SDKs/iPhoneSimulator26.5.sdk -O0 -w -F/Users/jaigaurav/Library/Developer/Xcode/DerivedData/Broccoli-eapieicfqwxippexlubxawpdfesp/Build/Intermediates.noindex/EagerLinkingTBDs/Debug-iphonesimulator -F/Users/jaigaurav/Library/Developer/Xcode/DerivedData/Broccoli-eapieicfqwxippexlubxawpdfesp/Build/Products/Debug-iphonesimulator/PackageFrameworks -F/Users/jaigaurav/Library/Developer/Xcode/DerivedData/Broccoli-eapieicfqwxippexlubxawpdfesp/Build/Products/Debug-iphonesimulator -iframework /Applications/Xcode.app/Contents/Developer/Platforms/iPhoneSimulator.platform/Developer/Library/Frameworks -iframework /Applications/Xcode.app/Contents/Developer/Platforms/iPhoneSimulator.platform/Developer/SDKs/iPhoneSimulator26.5.sdk/Developer/Library/Frameworks -filelist /Users/jaigaurav/Library/Developer/Xcode/DerivedData/Broccoli-eapieicfqwxippexlubxawpdfesp/Build/Intermediates.noindex/Stripe.build/Debug-iphonesimulator/StripeApplePay.build/Objects-normal/x86_64/StripeApplePay.LinkFileList -nostdlib -Xlinker -object_path_lto -Xlinker /Users/jaigaurav/Library/Developer/Xcode/DerivedData/Broccoli-eapieicfqwxippexlubxawpdfesp/Build/Intermediates.noindex/Stripe.build/Debug-iphonesimulator/StripeApplePay.build/Objects-normal/x86_64/StripeApplePay_lto.o -Xlinker -no_deduplicate -Xlinker -objc_abi_version -Xlinker 2 -Xlinker -debug_variant -Xlinker -dependency_info -Xlinker /Users/jaigaurav/Library/Developer/Xcode/DerivedData/Broccoli-eapieicfqwxippexlubxawpdfesp/Build/Intermediates.noindex/Stripe.build/Debug-iphonesimulator/StripeApplePay.build/Objects-normal/x86_64/StripeApplePay_dependency_info.dat -fobjc-link-runtime -L/Applications/Xcode.app/Contents/Developer/Toolchains/XcodeDefault.xctoolchain/usr/lib/swift/iphonesimulator -L/usr/lib/swift -Xlinker -add_ast_path -Xlinker /Users/jaigaurav/Library/Developer/Xcode/DerivedData/Broccoli-eapieicfqwxippexlubxawpdfesp/Build/Intermediates.noindex/Stripe.build/Debug-iphonesimulator/StripeApplePay.build/Objects-normal/x86_64/StripeApplePay.swiftmodule @/Users/jaigaurav/Library/Developer/Xcode/DerivedData/Broccoli-eapieicfqwxippexlubxawpdfesp/Build/Intermediates.noindex/Stripe.build/Debug-iphonesimulator/StripeApplePay.build/Objects-normal/x86_64/StripeApplePay-linker-args.resp -o /Users/jaigaurav/Library/Developer/Xcode/DerivedData/Broccoli-eapieicfqwxippexlubxawpdfesp/Build/Intermediates.noindex/Stripe.build/Debug-iphonesimulator/StripeApplePay.build/Objects-normal/x86_64/Binary/StripeApplePay.o

ProcessInfoPlistFile /Users/jaigaurav/Library/Developer/Xcode/DerivedData/Broccoli-eapieicfqwxippexlubxawpdfesp/Build/Products/Debug-iphonesimulator/AppAuth_AppAuth.bundle/Info.plist /Users/jaigaurav/Library/Developer/Xcode/DerivedData/Broccoli-eapieicfqwxippexlubxawpdfesp/Build/Intermediates.noindex/AppAuth.build/Debug-iphonesimulator/AppAuth_AppAuth.build/empty-AppAuth_AppAuth.plist (in target 'AppAuth_AppAuth' from project 'AppAuth')
    cd /Users/jaigaurav/Library/Developer/Xcode/DerivedData/Broccoli-eapieicfqwxippexlubxawpdfesp/SourcePackages/checkouts/AppAuth-iOS
    builtin-infoPlistUtility /Users/jaigaurav/Library/Developer/Xcode/DerivedData/Broccoli-eapieicfqwxippexlubxawpdfesp/Build/Intermediates.noindex/AppAuth.build/Debug-iphonesimulator/AppAuth_AppAuth.build/empty-AppAuth_AppAuth.plist -producttype com.apple.product-type.bundle -expandbuildsettings -format binary -platform iphonesimulator -o /Users/jaigaurav/Library/Developer/Xcode/DerivedData/Broccoli-eapieicfqwxippexlubxawpdfesp/Build/Products/Debug-iphonesimulator/AppAuth_AppAuth.bundle/Info.plist

Ld /Users/jaigaurav/Library/Developer/Xcode/DerivedData/Broccoli-eapieicfqwxippexlubxawpdfesp/Build/Intermediates.noindex/Firebase.build/Debug-iphonesimulator/FirebaseCoreExtension.build/Objects-normal/arm64/Binary/FirebaseCoreExtension.o normal arm64 (in target 'FirebaseCoreExtension' from project 'Firebase')
    cd /Users/jaigaurav/Library/Developer/Xcode/DerivedData/Broccoli-eapieicfqwxippexlubxawpdfesp/SourcePackages/checkouts/firebase-ios-sdk
    /Applications/Xcode.app/Contents/Developer/Toolchains/XcodeDefault.xctoolchain/usr/bin/clang -Xlinker -reproducible -target arm64-apple-ios15.0-simulator -r -isysroot /Applications/Xcode.app/Contents/Developer/Platforms/iPhoneSimulator.platform/Developer/SDKs/iPhoneSimulator26.5.sdk -O0 -w -F/Users/jaigaurav/Library/Developer/Xcode/DerivedData/Broccoli-eapieicfqwxippexlubxawpdfesp/Build/Intermediates.noindex/EagerLinkingTBDs/Debug-iphonesimulator -F/Users/jaigaurav/Library/Developer/Xcode/DerivedData/Broccoli-eapieicfqwxippexlubxawpdfesp/Build/Products/Debug-iphonesimulator -iframework /Applications/Xcode.app/Contents/Developer/Platforms/iPhoneSimulator.platform/Developer/Library/Frameworks -iframework /Applications/Xcode.app/Contents/Developer/Platforms/iPhoneSimulator.platform/Developer/SDKs/iPhoneSimulator26.5.sdk/Developer/Library/Frameworks -filelist /Users/jaigaurav/Library/Developer/Xcode/DerivedData/Broccoli-eapieicfqwxippexlubxawpdfesp/Build/Intermediates.noindex/Firebase.build/Debug-iphonesimulator/FirebaseCoreExtension.build/Objects-normal/arm64/FirebaseCoreExtension.LinkFileList -nostdlib -Xlinker -object_path_lto -Xlinker /Users/jaigaurav/Library/Developer/Xcode/DerivedData/Broccoli-eapieicfqwxippexlubxawpdfesp/Build/Intermediates.noindex/Firebase.build/Debug-iphonesimulator/FirebaseCoreExtension.build/Objects-normal/arm64/FirebaseCoreExtension_lto.o -Xlinker -no_deduplicate -Xlinker -objc_abi_version -Xlinker 2 -Xlinker -debug_variant -Xlinker -dependency_info -Xlinker /Users/jaigaurav/Library/Developer/Xcode/DerivedData/Broccoli-eapieicfqwxippexlubxawpdfesp/Build/Intermediates.noindex/Firebase.build/Debug-iphonesimulator/FirebaseCoreExtension.build/Objects-normal/arm64/FirebaseCoreExtension_dependency_info.dat -fobjc-arc -fobjc-link-runtime -o /Users/jaigaurav/Library/Developer/Xcode/DerivedData/Broccoli-eapieicfqwxippexlubxawpdfesp/Build/Intermediates.noindex/Firebase.build/Debug-iphonesimulator/FirebaseCoreExtension.build/Objects-normal/arm64/Binary/FirebaseCoreExtension.o

Ld /Users/jaigaurav/Library/Developer/Xcode/DerivedData/Broccoli-eapieicfqwxippexlubxawpdfesp/Build/Intermediates.noindex/AppAuth.build/Debug-iphonesimulator/AppAuth.build/Objects-normal/x86_64/Binary/AppAuth.o normal x86_64 (in target 'AppAuth' from project 'AppAuth')
    cd /Users/jaigaurav/Library/Developer/Xcode/DerivedData/Broccoli-eapieicfqwxippexlubxawpdfesp/SourcePackages/checkouts/AppAuth-iOS
    /Applications/Xcode.app/Contents/Developer/Toolchains/XcodeDefault.xctoolchain/usr/bin/clang -Xlinker -reproducible -target x86_64-apple-ios12.0-simulator -r -isysroot /Applications/Xcode.app/Contents/Developer/Platforms/iPhoneSimulator.platform/Developer/SDKs/iPhoneSimulator26.5.sdk -O0 -w -F/Users/jaigaurav/Library/Developer/Xcode/DerivedData/Broccoli-eapieicfqwxippexlubxawpdfesp/Build/Intermediates.noindex/EagerLinkingTBDs/Debug-iphonesimulator -F/Users/jaigaurav/Library/Developer/Xcode/DerivedData/Broccoli-eapieicfqwxippexlubxawpdfesp/Build/Products/Debug-iphonesimulator/PackageFrameworks -F/Users/jaigaurav/Library/Developer/Xcode/DerivedData/Broccoli-eapieicfqwxippexlubxawpdfesp/Build/Products/Debug-iphonesimulator -iframework /Applications/Xcode.app/Contents/Developer/Platforms/iPhoneSimulator.platform/Developer/Library/Frameworks -iframework /Applications/Xcode.app/Contents/Developer/Platforms/iPhoneSimulator.platform/Developer/SDKs/iPhoneSimulator26.5.sdk/Developer/Library/Frameworks -filelist /Users/jaigaurav/Library/Developer/Xcode/DerivedData/Broccoli-eapieicfqwxippexlubxawpdfesp/Build/Intermediates.noindex/AppAuth.build/Debug-iphonesimulator/AppAuth.build/Objects-normal/x86_64/AppAuth.LinkFileList -nostdlib -Xlinker -object_path_lto -Xlinker /Users/jaigaurav/Library/Developer/Xcode/DerivedData/Broccoli-eapieicfqwxippexlubxawpdfesp/Build/Intermediates.noindex/AppAuth.build/Debug-iphonesimulator/AppAuth.build/Objects-normal/x86_64/AppAuth_lto.o -Xlinker -no_deduplicate -Xlinker -objc_abi_version -Xlinker 2 -Xlinker -debug_variant -Xlinker -dependency_info -Xlinker /Users/jaigaurav/Library/Developer/Xcode/DerivedData/Broccoli-eapieicfqwxippexlubxawpdfesp/Build/Intermediates.noindex/AppAuth.build/Debug-iphonesimulator/AppAuth.build/Objects-normal/x86_64/AppAuth_dependency_info.dat -fobjc-arc -fobjc-link-runtime -o /Users/jaigaurav/Library/Developer/Xcode/DerivedData/Broccoli-eapieicfqwxippexlubxawpdfesp/Build/Intermediates.noindex/AppAuth.build/Debug-iphonesimulator/AppAuth.build/Objects-normal/x86_64/Binary/AppAuth.o

Ld /Users/jaigaurav/Library/Developer/Xcode/DerivedData/Broccoli-eapieicfqwxippexlubxawpdfesp/Build/Intermediates.noindex/GoogleUtilities.build/Debug-iphonesimulator/GoogleUtilities-Logger.build/Objects-normal/arm64/Binary/GoogleUtilities-Logger.o normal arm64 (in target 'GoogleUtilities-Logger' from project 'GoogleUtilities')
    cd /Users/jaigaurav/Library/Developer/Xcode/DerivedData/Broccoli-eapieicfqwxippexlubxawpdfesp/SourcePackages/checkouts/GoogleUtilities
    /Applications/Xcode.app/Contents/Developer/Toolchains/XcodeDefault.xctoolchain/usr/bin/clang -Xlinker -reproducible -target arm64-apple-ios12.0-simulator -r -isysroot /Applications/Xcode.app/Contents/Developer/Platforms/iPhoneSimulator.platform/Developer/SDKs/iPhoneSimulator26.5.sdk -O0 -w -F/Users/jaigaurav/Library/Developer/Xcode/DerivedData/Broccoli-eapieicfqwxippexlubxawpdfesp/Build/Intermediates.noindex/EagerLinkingTBDs/Debug-iphonesimulator -F/Users/jaigaurav/Library/Developer/Xcode/DerivedData/Broccoli-eapieicfqwxippexlubxawpdfesp/Build/Products/Debug-iphonesimulator/PackageFrameworks -F/Users/jaigaurav/Library/Developer/Xcode/DerivedData/Broccoli-eapieicfqwxippexlubxawpdfesp/Build/Products/Debug-iphonesimulator/PackageFrameworks -F/Users/jaigaurav/Library/Developer/Xcode/DerivedData/Broccoli-eapieicfqwxippexlubxawpdfesp/Build/Products/Debug-iphonesimulator -iframework /Applications/Xcode.app/Contents/Developer/Platforms/iPhoneSimulator.platform/Developer/Library/Frameworks -iframework /Applications/Xcode.app/Contents/Developer/Platforms/iPhoneSimulator.platform/Developer/SDKs/iPhoneSimulator26.5.sdk/Developer/Library/Frameworks -filelist /Users/jaigaurav/Library/Developer/Xcode/DerivedData/Broccoli-eapieicfqwxippexlubxawpdfesp/Build/Intermediates.noindex/GoogleUtilities.build/Debug-iphonesimulator/GoogleUtilities-Logger.build/Objects-normal/arm64/GoogleUtilities-Logger.LinkFileList -nostdlib -Xlinker -object_path_lto -Xlinker /Users/jaigaurav/Library/Developer/Xcode/DerivedData/Broccoli-eapieicfqwxippexlubxawpdfesp/Build/Intermediates.noindex/GoogleUtilities.build/Debug-iphonesimulator/GoogleUtilities-Logger.build/Objects-normal/arm64/GoogleUtilities-Logger_lto.o -Xlinker -no_deduplicate -Xlinker -objc_abi_version -Xlinker 2 -Xlinker -debug_variant -Xlinker -dependency_info -Xlinker /Users/jaigaurav/Library/Developer/Xcode/DerivedData/Broccoli-eapieicfqwxippexlubxawpdfesp/Build/Intermediates.noindex/GoogleUtilities.build/Debug-iphonesimulator/GoogleUtilities-Logger.build/Objects-normal/arm64/GoogleUtilities-Logger_dependency_info.dat -fobjc-arc -fobjc-link-runtime -o /Users/jaigaurav/Library/Developer/Xcode/DerivedData/Broccoli-eapieicfqwxippexlubxawpdfesp/Build/Intermediates.noindex/GoogleUtilities.build/Debug-iphonesimulator/GoogleUtilities-Logger.build/Objects-normal/arm64/Binary/GoogleUtilities-Logger.o

CreateUniversalBinary /Users/jaigaurav/Library/Developer/Xcode/DerivedData/Broccoli-eapieicfqwxippexlubxawpdfesp/Build/Products/Debug-iphonesimulator/FirebaseCoreExtension.o normal arm64\ x86_64 (in target 'FirebaseCoreExtension' from project 'Firebase')
    cd /Users/jaigaurav/Library/Developer/Xcode/DerivedData/Broccoli-eapieicfqwxippexlubxawpdfesp/SourcePackages/checkouts/firebase-ios-sdk
    /Applications/Xcode.app/Contents/Developer/Toolchains/XcodeDefault.xctoolchain/usr/bin/lipo -create /Users/jaigaurav/Library/Developer/Xcode/DerivedData/Broccoli-eapieicfqwxippexlubxawpdfesp/Build/Intermediates.noindex/Firebase.build/Debug-iphonesimulator/FirebaseCoreExtension.build/Objects-normal/arm64/Binary/FirebaseCoreExtension.o /Users/jaigaurav/Library/Developer/Xcode/DerivedData/Broccoli-eapieicfqwxippexlubxawpdfesp/Build/Intermediates.noindex/Firebase.build/Debug-iphonesimulator/FirebaseCoreExtension.build/Objects-normal/x86_64/Binary/FirebaseCoreExtension.o -output /Users/jaigaurav/Library/Developer/Xcode/DerivedData/Broccoli-eapieicfqwxippexlubxawpdfesp/Build/Products/Debug-iphonesimulator/FirebaseCoreExtension.o

Ld /Users/jaigaurav/Library/Developer/Xcode/DerivedData/Broccoli-eapieicfqwxippexlubxawpdfesp/Build/Intermediates.noindex/Stripe.build/Debug-iphonesimulator/StripeApplePay.build/Objects-normal/arm64/Binary/StripeApplePay.o normal arm64 (in target 'StripeApplePay' from project 'Stripe')
    cd /Users/jaigaurav/Library/Developer/Xcode/DerivedData/Broccoli-eapieicfqwxippexlubxawpdfesp/SourcePackages/checkouts/stripe-ios-spm
    /Applications/Xcode.app/Contents/Developer/Toolchains/XcodeDefault.xctoolchain/usr/bin/clang -Xlinker -reproducible -target arm64-apple-ios13.0-simulator -r -isysroot /Applications/Xcode.app/Contents/Developer/Platforms/iPhoneSimulator.platform/Developer/SDKs/iPhoneSimulator26.5.sdk -O0 -w -F/Users/jaigaurav/Library/Developer/Xcode/DerivedData/Broccoli-eapieicfqwxippexlubxawpdfesp/Build/Intermediates.noindex/EagerLinkingTBDs/Debug-iphonesimulator -F/Users/jaigaurav/Library/Developer/Xcode/DerivedData/Broccoli-eapieicfqwxippexlubxawpdfesp/Build/Products/Debug-iphonesimulator/PackageFrameworks -F/Users/jaigaurav/Library/Developer/Xcode/DerivedData/Broccoli-eapieicfqwxippexlubxawpdfesp/Build/Products/Debug-iphonesimulator -iframework /Applications/Xcode.app/Contents/Developer/Platforms/iPhoneSimulator.platform/Developer/Library/Frameworks -iframework /Applications/Xcode.app/Contents/Developer/Platforms/iPhoneSimulator.platform/Developer/SDKs/iPhoneSimulator26.5.sdk/Developer/Library/Frameworks -filelist /Users/jaigaurav/Library/Developer/Xcode/DerivedData/Broccoli-eapieicfqwxippexlubxawpdfesp/Build/Intermediates.noindex/Stripe.build/Debug-iphonesimulator/StripeApplePay.build/Objects-normal/arm64/StripeApplePay.LinkFileList -nostdlib -Xlinker -object_path_lto -Xlinker /Users/jaigaurav/Library/Developer/Xcode/DerivedData/Broccoli-eapieicfqwxippexlubxawpdfesp/Build/Intermediates.noindex/Stripe.build/Debug-iphonesimulator/StripeApplePay.build/Objects-normal/arm64/StripeApplePay_lto.o -Xlinker -no_deduplicate -Xlinker -objc_abi_version -Xlinker 2 -Xlinker -debug_variant -Xlinker -dependency_info -Xlinker /Users/jaigaurav/Library/Developer/Xcode/DerivedData/Broccoli-eapieicfqwxippexlubxawpdfesp/Build/Intermediates.noindex/Stripe.build/Debug-iphonesimulator/StripeApplePay.build/Objects-normal/arm64/StripeApplePay_dependency_info.dat -fobjc-link-runtime -L/Applications/Xcode.app/Contents/Developer/Toolchains/XcodeDefault.xctoolchain/usr/lib/swift/iphonesimulator -L/usr/lib/swift -Xlinker -add_ast_path -Xlinker /Users/jaigaurav/Library/Developer/Xcode/DerivedData/Broccoli-eapieicfqwxippexlubxawpdfesp/Build/Intermediates.noindex/Stripe.build/Debug-iphonesimulator/StripeApplePay.build/Objects-normal/arm64/StripeApplePay.swiftmodule @/Users/jaigaurav/Library/Developer/Xcode/DerivedData/Broccoli-eapieicfqwxippexlubxawpdfesp/Build/Intermediates.noindex/Stripe.build/Debug-iphonesimulator/StripeApplePay.build/Objects-normal/arm64/StripeApplePay-linker-args.resp -o /Users/jaigaurav/Library/Developer/Xcode/DerivedData/Broccoli-eapieicfqwxippexlubxawpdfesp/Build/Intermediates.noindex/Stripe.build/Debug-iphonesimulator/StripeApplePay.build/Objects-normal/arm64/Binary/StripeApplePay.o

CreateUniversalBinary /Users/jaigaurav/Library/Developer/Xcode/DerivedData/Broccoli-eapieicfqwxippexlubxawpdfesp/Build/Products/Debug-iphonesimulator/GoogleUtilities-Logger.o normal arm64\ x86_64 (in target 'GoogleUtilities-Logger' from project 'GoogleUtilities')
    cd /Users/jaigaurav/Library/Developer/Xcode/DerivedData/Broccoli-eapieicfqwxippexlubxawpdfesp/SourcePackages/checkouts/GoogleUtilities
    /Applications/Xcode.app/Contents/Developer/Toolchains/XcodeDefault.xctoolchain/usr/bin/lipo -create /Users/jaigaurav/Library/Developer/Xcode/DerivedData/Broccoli-eapieicfqwxippexlubxawpdfesp/Build/Intermediates.noindex/GoogleUtilities.build/Debug-iphonesimulator/GoogleUtilities-Logger.build/Objects-normal/arm64/Binary/GoogleUtilities-Logger.o /Users/jaigaurav/Library/Developer/Xcode/DerivedData/Broccoli-eapieicfqwxippexlubxawpdfesp/Build/Intermediates.noindex/GoogleUtilities.build/Debug-iphonesimulator/GoogleUtilities-Logger.build/Objects-normal/x86_64/Binary/GoogleUtilities-Logger.o -output /Users/jaigaurav/Library/Developer/Xcode/DerivedData/Broccoli-eapieicfqwxippexlubxawpdfesp/Build/Products/Debug-iphonesimulator/GoogleUtilities-Logger.o

Ld /Users/jaigaurav/Library/Developer/Xcode/DerivedData/Broccoli-eapieicfqwxippexlubxawpdfesp/Build/Intermediates.noindex/AppAuth.build/Debug-iphonesimulator/AppAuth.build/Objects-normal/arm64/Binary/AppAuth.o normal arm64 (in target 'AppAuth' from project 'AppAuth')
    cd /Users/jaigaurav/Library/Developer/Xcode/DerivedData/Broccoli-eapieicfqwxippexlubxawpdfesp/SourcePackages/checkouts/AppAuth-iOS
    /Applications/Xcode.app/Contents/Developer/Toolchains/XcodeDefault.xctoolchain/usr/bin/clang -Xlinker -reproducible -target arm64-apple-ios12.0-simulator -r -isysroot /Applications/Xcode.app/Contents/Developer/Platforms/iPhoneSimulator.platform/Developer/SDKs/iPhoneSimulator26.5.sdk -O0 -w -F/Users/jaigaurav/Library/Developer/Xcode/DerivedData/Broccoli-eapieicfqwxippexlubxawpdfesp/Build/Intermediates.noindex/EagerLinkingTBDs/Debug-iphonesimulator -F/Users/jaigaurav/Library/Developer/Xcode/DerivedData/Broccoli-eapieicfqwxippexlubxawpdfesp/Build/Products/Debug-iphonesimulator/PackageFrameworks -F/Users/jaigaurav/Library/Developer/Xcode/DerivedData/Broccoli-eapieicfqwxippexlubxawpdfesp/Build/Products/Debug-iphonesimulator -iframework /Applications/Xcode.app/Contents/Developer/Platforms/iPhoneSimulator.platform/Developer/Library/Frameworks -iframework /Applications/Xcode.app/Contents/Developer/Platforms/iPhoneSimulator.platform/Developer/SDKs/iPhoneSimulator26.5.sdk/Developer/Library/Frameworks -filelist /Users/jaigaurav/Library/Developer/Xcode/DerivedData/Broccoli-eapieicfqwxippexlubxawpdfesp/Build/Intermediates.noindex/AppAuth.build/Debug-iphonesimulator/AppAuth.build/Objects-normal/arm64/AppAuth.LinkFileList -nostdlib -Xlinker -object_path_lto -Xlinker /Users/jaigaurav/Library/Developer/Xcode/DerivedData/Broccoli-eapieicfqwxippexlubxawpdfesp/Build/Intermediates.noindex/AppAuth.build/Debug-iphonesimulator/AppAuth.build/Objects-normal/arm64/AppAuth_lto.o -Xlinker -no_deduplicate -Xlinker -objc_abi_version -Xlinker 2 -Xlinker -debug_variant -Xlinker -dependency_info -Xlinker /Users/jaigaurav/Library/Developer/Xcode/DerivedData/Broccoli-eapieicfqwxippexlubxawpdfesp/Build/Intermediates.noindex/AppAuth.build/Debug-iphonesimulator/AppAuth.build/Objects-normal/arm64/AppAuth_dependency_info.dat -fobjc-arc -fobjc-link-runtime -o /Users/jaigaurav/Library/Developer/Xcode/DerivedData/Broccoli-eapieicfqwxippexlubxawpdfesp/Build/Intermediates.noindex/AppAuth.build/Debug-iphonesimulator/AppAuth.build/Objects-normal/arm64/Binary/AppAuth.o

RegisterExecutionPolicyException /Users/jaigaurav/Library/Developer/Xcode/DerivedData/Broccoli-eapieicfqwxippexlubxawpdfesp/Build/Products/Debug-iphonesimulator/FirebaseCoreExtension.o (in target 'FirebaseCoreExtension' from project 'Firebase')
    cd /Users/jaigaurav/Library/Developer/Xcode/DerivedData/Broccoli-eapieicfqwxippexlubxawpdfesp/SourcePackages/checkouts/firebase-ios-sdk
    builtin-RegisterExecutionPolicyException /Users/jaigaurav/Library/Developer/Xcode/DerivedData/Broccoli-eapieicfqwxippexlubxawpdfesp/Build/Products/Debug-iphonesimulator/FirebaseCoreExtension.o

RegisterExecutionPolicyException /Users/jaigaurav/Library/Developer/Xcode/DerivedData/Broccoli-eapieicfqwxippexlubxawpdfesp/Build/Products/Debug-iphonesimulator/GoogleUtilities-Logger.o (in target 'GoogleUtilities-Logger' from project 'GoogleUtilities')
    cd /Users/jaigaurav/Library/Developer/Xcode/DerivedData/Broccoli-eapieicfqwxippexlubxawpdfesp/SourcePackages/checkouts/GoogleUtilities
    builtin-RegisterExecutionPolicyException /Users/jaigaurav/Library/Developer/Xcode/DerivedData/Broccoli-eapieicfqwxippexlubxawpdfesp/Build/Products/Debug-iphonesimulator/GoogleUtilities-Logger.o

ProcessInfoPlistFile /Users/jaigaurav/Library/Developer/Xcode/DerivedData/Broccoli-eapieicfqwxippexlubxawpdfesp/Build/Products/Debug-iphonesimulator/Firebase_FirebaseCoreInternal.bundle/Info.plist /Users/jaigaurav/Library/Developer/Xcode/DerivedData/Broccoli-eapieicfqwxippexlubxawpdfesp/Build/Intermediates.noindex/Firebase.build/Debug-iphonesimulator/Firebase_FirebaseCoreInternal.build/empty-Firebase_FirebaseCoreInternal.plist (in target 'Firebase_FirebaseCoreInternal' from project 'Firebase')
    cd /Users/jaigaurav/Library/Developer/Xcode/DerivedData/Broccoli-eapieicfqwxippexlubxawpdfesp/SourcePackages/checkouts/firebase-ios-sdk
    builtin-infoPlistUtility /Users/jaigaurav/Library/Developer/Xcode/DerivedData/Broccoli-eapieicfqwxippexlubxawpdfesp/Build/Intermediates.noindex/Firebase.build/Debug-iphonesimulator/Firebase_FirebaseCoreInternal.build/empty-Firebase_FirebaseCoreInternal.plist -producttype com.apple.product-type.bundle -expandbuildsettings -format binary -platform iphonesimulator -o /Users/jaigaurav/Library/Developer/Xcode/DerivedData/Broccoli-eapieicfqwxippexlubxawpdfesp/Build/Products/Debug-iphonesimulator/Firebase_FirebaseCoreInternal.bundle/Info.plist

ProcessInfoPlistFile /Users/jaigaurav/Library/Developer/Xcode/DerivedData/Broccoli-eapieicfqwxippexlubxawpdfesp/Build/Products/Debug-iphonesimulator/Promises_FBLPromises.bundle/Info.plist /Users/jaigaurav/Library/Developer/Xcode/DerivedData/Broccoli-eapieicfqwxippexlubxawpdfesp/Build/Intermediates.noindex/Promises.build/Debug-iphonesimulator/Promises_FBLPromises.build/empty-Promises_FBLPromises.plist (in target 'Promises_FBLPromises' from project 'Promises')
    cd /Users/jaigaurav/Library/Developer/Xcode/DerivedData/Broccoli-eapieicfqwxippexlubxawpdfesp/SourcePackages/checkouts/promises
    builtin-infoPlistUtility /Users/jaigaurav/Library/Developer/Xcode/DerivedData/Broccoli-eapieicfqwxippexlubxawpdfesp/Build/Intermediates.noindex/Promises.build/Debug-iphonesimulator/Promises_FBLPromises.build/empty-Promises_FBLPromises.plist -producttype com.apple.product-type.bundle -expandbuildsettings -format binary -platform iphonesimulator -o /Users/jaigaurav/Library/Developer/Xcode/DerivedData/Broccoli-eapieicfqwxippexlubxawpdfesp/Build/Products/Debug-iphonesimulator/Promises_FBLPromises.bundle/Info.plist

CreateUniversalBinary /Users/jaigaurav/Library/Developer/Xcode/DerivedData/Broccoli-eapieicfqwxippexlubxawpdfesp/Build/Products/Debug-iphonesimulator/AppAuth.o normal arm64\ x86_64 (in target 'AppAuth' from project 'AppAuth')
    cd /Users/jaigaurav/Library/Developer/Xcode/DerivedData/Broccoli-eapieicfqwxippexlubxawpdfesp/SourcePackages/checkouts/AppAuth-iOS
    /Applications/Xcode.app/Contents/Developer/Toolchains/XcodeDefault.xctoolchain/usr/bin/lipo -create /Users/jaigaurav/Library/Developer/Xcode/DerivedData/Broccoli-eapieicfqwxippexlubxawpdfesp/Build/Intermediates.noindex/AppAuth.build/Debug-iphonesimulator/AppAuth.build/Objects-normal/arm64/Binary/AppAuth.o /Users/jaigaurav/Library/Developer/Xcode/DerivedData/Broccoli-eapieicfqwxippexlubxawpdfesp/Build/Intermediates.noindex/AppAuth.build/Debug-iphonesimulator/AppAuth.build/Objects-normal/x86_64/Binary/AppAuth.o -output /Users/jaigaurav/Library/Developer/Xcode/DerivedData/Broccoli-eapieicfqwxippexlubxawpdfesp/Build/Products/Debug-iphonesimulator/AppAuth.o

Ld /Users/jaigaurav/Library/Developer/Xcode/DerivedData/Broccoli-eapieicfqwxippexlubxawpdfesp/Build/Intermediates.noindex/Firebase.build/Debug-iphonesimulator/FirebaseCoreInternal.build/Objects-normal/x86_64/Binary/FirebaseCoreInternal.o normal x86_64 (in target 'FirebaseCoreInternal' from project 'Firebase')
    cd /Users/jaigaurav/Library/Developer/Xcode/DerivedData/Broccoli-eapieicfqwxippexlubxawpdfesp/SourcePackages/checkouts/firebase-ios-sdk
    /Applications/Xcode.app/Contents/Developer/Toolchains/XcodeDefault.xctoolchain/usr/bin/clang -Xlinker -reproducible -target x86_64-apple-ios15.0-simulator -r -isysroot /Applications/Xcode.app/Contents/Developer/Platforms/iPhoneSimulator.platform/Developer/SDKs/iPhoneSimulator26.5.sdk -O0 -w -F/Users/jaigaurav/Library/Developer/Xcode/DerivedData/Broccoli-eapieicfqwxippexlubxawpdfesp/Build/Intermediates.noindex/EagerLinkingTBDs/Debug-iphonesimulator -F/Users/jaigaurav/Library/Developer/Xcode/DerivedData/Broccoli-eapieicfqwxippexlubxawpdfesp/Build/Products/Debug-iphonesimulator/PackageFrameworks -F/Users/jaigaurav/Library/Developer/Xcode/DerivedData/Broccoli-eapieicfqwxippexlubxawpdfesp/Build/Products/Debug-iphonesimulator -iframework /Applications/Xcode.app/Contents/Developer/Platforms/iPhoneSimulator.platform/Developer/Library/Frameworks -iframework /Applications/Xcode.app/Contents/Developer/Platforms/iPhoneSimulator.platform/Developer/SDKs/iPhoneSimulator26.5.sdk/Developer/Library/Frameworks -filelist /Users/jaigaurav/Library/Developer/Xcode/DerivedData/Broccoli-eapieicfqwxippexlubxawpdfesp/Build/Intermediates.noindex/Firebase.build/Debug-iphonesimulator/FirebaseCoreInternal.build/Objects-normal/x86_64/FirebaseCoreInternal.LinkFileList -nostdlib -Xlinker -object_path_lto -Xlinker /Users/jaigaurav/Library/Developer/Xcode/DerivedData/Broccoli-eapieicfqwxippexlubxawpdfesp/Build/Intermediates.noindex/Firebase.build/Debug-iphonesimulator/FirebaseCoreInternal.build/Objects-normal/x86_64/FirebaseCoreInternal_lto.o -Xlinker -no_deduplicate -Xlinker -objc_abi_version -Xlinker 2 -Xlinker -debug_variant -Xlinker -dependency_info -Xlinker /Users/jaigaurav/Library/Developer/Xcode/DerivedData/Broccoli-eapieicfqwxippexlubxawpdfesp/Build/Intermediates.noindex/Firebase.build/Debug-iphonesimulator/FirebaseCoreInternal.build/Objects-normal/x86_64/FirebaseCoreInternal_dependency_info.dat -fobjc-link-runtime -L/Applications/Xcode.app/Contents/Developer/Toolchains/XcodeDefault.xctoolchain/usr/lib/swift/iphonesimulator -L/usr/lib/swift -Xlinker -add_ast_path -Xlinker /Users/jaigaurav/Library/Developer/Xcode/DerivedData/Broccoli-eapieicfqwxippexlubxawpdfesp/Build/Intermediates.noindex/Firebase.build/Debug-iphonesimulator/FirebaseCoreInternal.build/Objects-normal/x86_64/FirebaseCoreInternal.swiftmodule @/Users/jaigaurav/Library/Developer/Xcode/DerivedData/Broccoli-eapieicfqwxippexlubxawpdfesp/Build/Intermediates.noindex/Firebase.build/Debug-iphonesimulator/FirebaseCoreInternal.build/Objects-normal/x86_64/FirebaseCoreInternal-linker-args.resp -o /Users/jaigaurav/Library/Developer/Xcode/DerivedData/Broccoli-eapieicfqwxippexlubxawpdfesp/Build/Intermediates.noindex/Firebase.build/Debug-iphonesimulator/FirebaseCoreInternal.build/Objects-normal/x86_64/Binary/FirebaseCoreInternal.o

Ld /Users/jaigaurav/Library/Developer/Xcode/DerivedData/Broccoli-eapieicfqwxippexlubxawpdfesp/Build/Intermediates.noindex/Promises.build/Debug-iphonesimulator/FBLPromises.build/Objects-normal/x86_64/Binary/FBLPromises.o normal x86_64 (in target 'FBLPromises' from project 'Promises')
    cd /Users/jaigaurav/Library/Developer/Xcode/DerivedData/Broccoli-eapieicfqwxippexlubxawpdfesp/SourcePackages/checkouts/promises
    /Applications/Xcode.app/Contents/Developer/Toolchains/XcodeDefault.xctoolchain/usr/bin/clang -Xlinker -reproducible -target x86_64-apple-ios12.0-simulator -r -isysroot /Applications/Xcode.app/Contents/Developer/Platforms/iPhoneSimulator.platform/Developer/SDKs/iPhoneSimulator26.5.sdk -O0 -w -F/Users/jaigaurav/Library/Developer/Xcode/DerivedData/Broccoli-eapieicfqwxippexlubxawpdfesp/Build/Intermediates.noindex/EagerLinkingTBDs/Debug-iphonesimulator -F/Users/jaigaurav/Library/Developer/Xcode/DerivedData/Broccoli-eapieicfqwxippexlubxawpdfesp/Build/Products/Debug-iphonesimulator -iframework /Applications/Xcode.app/Contents/Developer/Platforms/iPhoneSimulator.platform/Developer/Library/Frameworks -iframework /Applications/Xcode.app/Contents/Developer/Platforms/iPhoneSimulator.platform/Developer/SDKs/iPhoneSimulator26.5.sdk/Developer/Library/Frameworks -filelist /Users/jaigaurav/Library/Developer/Xcode/DerivedData/Broccoli-eapieicfqwxippexlubxawpdfesp/Build/Intermediates.noindex/Promises.build/Debug-iphonesimulator/FBLPromises.build/Objects-normal/x86_64/FBLPromises.LinkFileList -nostdlib -Xlinker -object_path_lto -Xlinker /Users/jaigaurav/Library/Developer/Xcode/DerivedData/Broccoli-eapieicfqwxippexlubxawpdfesp/Build/Intermediates.noindex/Promises.build/Debug-iphonesimulator/FBLPromises.build/Objects-normal/x86_64/FBLPromises_lto.o -Xlinker -no_deduplicate -Xlinker -objc_abi_version -Xlinker 2 -Xlinker -debug_variant -Xlinker -dependency_info -Xlinker /Users/jaigaurav/Library/Developer/Xcode/DerivedData/Broccoli-eapieicfqwxippexlubxawpdfesp/Build/Intermediates.noindex/Promises.build/Debug-iphonesimulator/FBLPromises.build/Objects-normal/x86_64/FBLPromises_dependency_info.dat -fobjc-arc -fobjc-link-runtime -o /Users/jaigaurav/Library/Developer/Xcode/DerivedData/Broccoli-eapieicfqwxippexlubxawpdfesp/Build/Intermediates.noindex/Promises.build/Debug-iphonesimulator/FBLPromises.build/Objects-normal/x86_64/Binary/FBLPromises.o

CreateUniversalBinary /Users/jaigaurav/Library/Developer/Xcode/DerivedData/Broccoli-eapieicfqwxippexlubxawpdfesp/Build/Products/Debug-iphonesimulator/StripeApplePay.o normal arm64\ x86_64 (in target 'StripeApplePay' from project 'Stripe')
    cd /Users/jaigaurav/Library/Developer/Xcode/DerivedData/Broccoli-eapieicfqwxippexlubxawpdfesp/SourcePackages/checkouts/stripe-ios-spm
    /Applications/Xcode.app/Contents/Developer/Toolchains/XcodeDefault.xctoolchain/usr/bin/lipo -create /Users/jaigaurav/Library/Developer/Xcode/DerivedData/Broccoli-eapieicfqwxippexlubxawpdfesp/Build/Intermediates.noindex/Stripe.build/Debug-iphonesimulator/StripeApplePay.build/Objects-normal/arm64/Binary/StripeApplePay.o /Users/jaigaurav/Library/Developer/Xcode/DerivedData/Broccoli-eapieicfqwxippexlubxawpdfesp/Build/Intermediates.noindex/Stripe.build/Debug-iphonesimulator/StripeApplePay.build/Objects-normal/x86_64/Binary/StripeApplePay.o -output /Users/jaigaurav/Library/Developer/Xcode/DerivedData/Broccoli-eapieicfqwxippexlubxawpdfesp/Build/Products/Debug-iphonesimulator/StripeApplePay.o

RegisterExecutionPolicyException /Users/jaigaurav/Library/Developer/Xcode/DerivedData/Broccoli-eapieicfqwxippexlubxawpdfesp/Build/Products/Debug-iphonesimulator/AppAuth.o (in target 'AppAuth' from project 'AppAuth')
    cd /Users/jaigaurav/Library/Developer/Xcode/DerivedData/Broccoli-eapieicfqwxippexlubxawpdfesp/SourcePackages/checkouts/AppAuth-iOS
    builtin-RegisterExecutionPolicyException /Users/jaigaurav/Library/Developer/Xcode/DerivedData/Broccoli-eapieicfqwxippexlubxawpdfesp/Build/Products/Debug-iphonesimulator/AppAuth.o

Ld /Users/jaigaurav/Library/Developer/Xcode/DerivedData/Broccoli-eapieicfqwxippexlubxawpdfesp/Build/Intermediates.noindex/Firebase.build/Debug-iphonesimulator/FirebaseCoreInternal.build/Objects-normal/arm64/Binary/FirebaseCoreInternal.o normal arm64 (in target 'FirebaseCoreInternal' from project 'Firebase')
    cd /Users/jaigaurav/Library/Developer/Xcode/DerivedData/Broccoli-eapieicfqwxippexlubxawpdfesp/SourcePackages/checkouts/firebase-ios-sdk
    /Applications/Xcode.app/Contents/Developer/Toolchains/XcodeDefault.xctoolchain/usr/bin/clang -Xlinker -reproducible -target arm64-apple-ios15.0-simulator -r -isysroot /Applications/Xcode.app/Contents/Developer/Platforms/iPhoneSimulator.platform/Developer/SDKs/iPhoneSimulator26.5.sdk -O0 -w -F/Users/jaigaurav/Library/Developer/Xcode/DerivedData/Broccoli-eapieicfqwxippexlubxawpdfesp/Build/Intermediates.noindex/EagerLinkingTBDs/Debug-iphonesimulator -F/Users/jaigaurav/Library/Developer/Xcode/DerivedData/Broccoli-eapieicfqwxippexlubxawpdfesp/Build/Products/Debug-iphonesimulator/PackageFrameworks -F/Users/jaigaurav/Library/Developer/Xcode/DerivedData/Broccoli-eapieicfqwxippexlubxawpdfesp/Build/Products/Debug-iphonesimulator -iframework /Applications/Xcode.app/Contents/Developer/Platforms/iPhoneSimulator.platform/Developer/Library/Frameworks -iframework /Applications/Xcode.app/Contents/Developer/Platforms/iPhoneSimulator.platform/Developer/SDKs/iPhoneSimulator26.5.sdk/Developer/Library/Frameworks -filelist /Users/jaigaurav/Library/Developer/Xcode/DerivedData/Broccoli-eapieicfqwxippexlubxawpdfesp/Build/Intermediates.noindex/Firebase.build/Debug-iphonesimulator/FirebaseCoreInternal.build/Objects-normal/arm64/FirebaseCoreInternal.LinkFileList -nostdlib -Xlinker -object_path_lto -Xlinker /Users/jaigaurav/Library/Developer/Xcode/DerivedData/Broccoli-eapieicfqwxippexlubxawpdfesp/Build/Intermediates.noindex/Firebase.build/Debug-iphonesimulator/FirebaseCoreInternal.build/Objects-normal/arm64/FirebaseCoreInternal_lto.o -Xlinker -no_deduplicate -Xlinker -objc_abi_version -Xlinker 2 -Xlinker -debug_variant -Xlinker -dependency_info -Xlinker /Users/jaigaurav/Library/Developer/Xcode/DerivedData/Broccoli-eapieicfqwxippexlubxawpdfesp/Build/Intermediates.noindex/Firebase.build/Debug-iphonesimulator/FirebaseCoreInternal.build/Objects-normal/arm64/FirebaseCoreInternal_dependency_info.dat -fobjc-link-runtime -L/Applications/Xcode.app/Contents/Developer/Toolchains/XcodeDefault.xctoolchain/usr/lib/swift/iphonesimulator -L/usr/lib/swift -Xlinker -add_ast_path -Xlinker /Users/jaigaurav/Library/Developer/Xcode/DerivedData/Broccoli-eapieicfqwxippexlubxawpdfesp/Build/Intermediates.noindex/Firebase.build/Debug-iphonesimulator/FirebaseCoreInternal.build/Objects-normal/arm64/FirebaseCoreInternal.swiftmodule @/Users/jaigaurav/Library/Developer/Xcode/DerivedData/Broccoli-eapieicfqwxippexlubxawpdfesp/Build/Intermediates.noindex/Firebase.build/Debug-iphonesimulator/FirebaseCoreInternal.build/Objects-normal/arm64/FirebaseCoreInternal-linker-args.resp -o /Users/jaigaurav/Library/Developer/Xcode/DerivedData/Broccoli-eapieicfqwxippexlubxawpdfesp/Build/Intermediates.noindex/Firebase.build/Debug-iphonesimulator/FirebaseCoreInternal.build/Objects-normal/arm64/Binary/FirebaseCoreInternal.o

ExtractAppIntentsMetadata (in target 'StripeApplePay' from project 'Stripe')
    cd /Users/jaigaurav/Library/Developer/Xcode/DerivedData/Broccoli-eapieicfqwxippexlubxawpdfesp/SourcePackages/checkouts/stripe-ios-spm
    /Applications/Xcode.app/Contents/Developer/Toolchains/XcodeDefault.xctoolchain/usr/bin/appintentsmetadataprocessor --toolchain-dir /Applications/Xcode.app/Contents/Developer/Toolchains/XcodeDefault.xctoolchain --module-name StripeApplePay --sdk-root /Applications/Xcode.app/Contents/Developer/Platforms/iPhoneSimulator.platform/Developer/SDKs/iPhoneSimulator26.5.sdk --xcode-version 17F113 --platform-family iOS --deployment-target 13.0 --bundle-identifier stripe-ios-spm.StripeApplePay --output /Users/jaigaurav/Library/Developer/Xcode/DerivedData/Broccoli-eapieicfqwxippexlubxawpdfesp/Build/Products/Debug-iphonesimulator/StripeApplePay.appintents --target-triple arm64-apple-ios13.0-simulator --target-triple x86_64-apple-ios13.0-simulator --binary-file /Users/jaigaurav/Library/Developer/Xcode/DerivedData/Broccoli-eapieicfqwxippexlubxawpdfesp/Build/Products/Debug-iphonesimulator/StripeApplePay.o --dependency-file /Users/jaigaurav/Library/Developer/Xcode/DerivedData/Broccoli-eapieicfqwxippexlubxawpdfesp/Build/Intermediates.noindex/Stripe.build/Debug-iphonesimulator/StripeApplePay.build/Objects-normal/arm64/StripeApplePay_dependency_info.dat --dependency-file /Users/jaigaurav/Library/Developer/Xcode/DerivedData/Broccoli-eapieicfqwxippexlubxawpdfesp/Build/Intermediates.noindex/Stripe.build/Debug-iphonesimulator/StripeApplePay.build/Objects-normal/x86_64/StripeApplePay_dependency_info.dat --stringsdata-file /Users/jaigaurav/Library/Developer/Xcode/DerivedData/Broccoli-eapieicfqwxippexlubxawpdfesp/Build/Intermediates.noindex/Stripe.build/Debug-iphonesimulator/StripeApplePay.build/Objects-normal/arm64/ExtractedAppShortcutsMetadata.stringsdata --stringsdata-file /Users/jaigaurav/Library/Developer/Xcode/DerivedData/Broccoli-eapieicfqwxippexlubxawpdfesp/Build/Intermediates.noindex/Stripe.build/Debug-iphonesimulator/StripeApplePay.build/Objects-normal/x86_64/ExtractedAppShortcutsMetadata.stringsdata --source-file-list /Users/jaigaurav/Library/Developer/Xcode/DerivedData/Broccoli-eapieicfqwxippexlubxawpdfesp/Build/Intermediates.noindex/Stripe.build/Debug-iphonesimulator/StripeApplePay.build/Objects-normal/arm64/StripeApplePay.SwiftFileList --source-file-list /Users/jaigaurav/Library/Developer/Xcode/DerivedData/Broccoli-eapieicfqwxippexlubxawpdfesp/Build/Intermediates.noindex/Stripe.build/Debug-iphonesimulator/StripeApplePay.build/Objects-normal/x86_64/StripeApplePay.SwiftFileList --metadata-file-list /Users/jaigaurav/Library/Developer/Xcode/DerivedData/Broccoli-eapieicfqwxippexlubxawpdfesp/Build/Intermediates.noindex/Stripe.build/Debug-iphonesimulator/StripeApplePay.build/StripeApplePay.DependencyMetadataFileList --static-metadata-file-list /Users/jaigaurav/Library/Developer/Xcode/DerivedData/Broccoli-eapieicfqwxippexlubxawpdfesp/Build/Intermediates.noindex/Stripe.build/Debug-iphonesimulator/StripeApplePay.build/StripeApplePay.DependencyStaticMetadataFileList --swift-const-vals-list /Users/jaigaurav/Library/Developer/Xcode/DerivedData/Broccoli-eapieicfqwxippexlubxawpdfesp/Build/Intermediates.noindex/Stripe.build/Debug-iphonesimulator/StripeApplePay.build/Objects-normal/arm64/StripeApplePay.SwiftConstValuesFileList --swift-const-vals-list /Users/jaigaurav/Library/Developer/Xcode/DerivedData/Broccoli-eapieicfqwxippexlubxawpdfesp/Build/Intermediates.noindex/Stripe.build/Debug-iphonesimulator/StripeApplePay.build/Objects-normal/x86_64/StripeApplePay.SwiftConstValuesFileList --force --compile-time-extraction --deployment-aware-processing --validate-assistant-intents --no-app-shortcuts-localization
2026-08-17 12:31:47.423 appintentsmetadataprocessor[8263:167522] Starting appintentsmetadataprocessor export
2026-08-17 12:31:47.437 appintentsmetadataprocessor[8263:167522] Extracted no relevant App Intents symbols, skipping writing output

Ld /Users/jaigaurav/Library/Developer/Xcode/DerivedData/Broccoli-eapieicfqwxippexlubxawpdfesp/Build/Intermediates.noindex/Promises.build/Debug-iphonesimulator/FBLPromises.build/Objects-normal/arm64/Binary/FBLPromises.o normal arm64 (in target 'FBLPromises' from project 'Promises')
    cd /Users/jaigaurav/Library/Developer/Xcode/DerivedData/Broccoli-eapieicfqwxippexlubxawpdfesp/SourcePackages/checkouts/promises
    /Applications/Xcode.app/Contents/Developer/Toolchains/XcodeDefault.xctoolchain/usr/bin/clang -Xlinker -reproducible -target arm64-apple-ios12.0-simulator -r -isysroot /Applications/Xcode.app/Contents/Developer/Platforms/iPhoneSimulator.platform/Developer/SDKs/iPhoneSimulator26.5.sdk -O0 -w -F/Users/jaigaurav/Library/Developer/Xcode/DerivedData/Broccoli-eapieicfqwxippexlubxawpdfesp/Build/Intermediates.noindex/EagerLinkingTBDs/Debug-iphonesimulator -F/Users/jaigaurav/Library/Developer/Xcode/DerivedData/Broccoli-eapieicfqwxippexlubxawpdfesp/Build/Products/Debug-iphonesimulator -iframework /Applications/Xcode.app/Contents/Developer/Platforms/iPhoneSimulator.platform/Developer/Library/Frameworks -iframework /Applications/Xcode.app/Contents/Developer/Platforms/iPhoneSimulator.platform/Developer/SDKs/iPhoneSimulator26.5.sdk/Developer/Library/Frameworks -filelist /Users/jaigaurav/Library/Developer/Xcode/DerivedData/Broccoli-eapieicfqwxippexlubxawpdfesp/Build/Intermediates.noindex/Promises.build/Debug-iphonesimulator/FBLPromises.build/Objects-normal/arm64/FBLPromises.LinkFileList -nostdlib -Xlinker -object_path_lto -Xlinker /Users/jaigaurav/Library/Developer/Xcode/DerivedData/Broccoli-eapieicfqwxippexlubxawpdfesp/Build/Intermediates.noindex/Promises.build/Debug-iphonesimulator/FBLPromises.build/Objects-normal/arm64/FBLPromises_lto.o -Xlinker -no_deduplicate -Xlinker -objc_abi_version -Xlinker 2 -Xlinker -debug_variant -Xlinker -dependency_info -Xlinker /Users/jaigaurav/Library/Developer/Xcode/DerivedData/Broccoli-eapieicfqwxippexlubxawpdfesp/Build/Intermediates.noindex/Promises.build/Debug-iphonesimulator/FBLPromises.build/Objects-normal/arm64/FBLPromises_dependency_info.dat -fobjc-arc -fobjc-link-runtime -o /Users/jaigaurav/Library/Developer/Xcode/DerivedData/Broccoli-eapieicfqwxippexlubxawpdfesp/Build/Intermediates.noindex/Promises.build/Debug-iphonesimulator/FBLPromises.build/Objects-normal/arm64/Binary/FBLPromises.o

CreateUniversalBinary /Users/jaigaurav/Library/Developer/Xcode/DerivedData/Broccoli-eapieicfqwxippexlubxawpdfesp/Build/Products/Debug-iphonesimulator/FirebaseCoreInternal.o normal arm64\ x86_64 (in target 'FirebaseCoreInternal' from project 'Firebase')
    cd /Users/jaigaurav/Library/Developer/Xcode/DerivedData/Broccoli-eapieicfqwxippexlubxawpdfesp/SourcePackages/checkouts/firebase-ios-sdk
    /Applications/Xcode.app/Contents/Developer/Toolchains/XcodeDefault.xctoolchain/usr/bin/lipo -create /Users/jaigaurav/Library/Developer/Xcode/DerivedData/Broccoli-eapieicfqwxippexlubxawpdfesp/Build/Intermediates.noindex/Firebase.build/Debug-iphonesimulator/FirebaseCoreInternal.build/Objects-normal/arm64/Binary/FirebaseCoreInternal.o /Users/jaigaurav/Library/Developer/Xcode/DerivedData/Broccoli-eapieicfqwxippexlubxawpdfesp/Build/Intermediates.noindex/Firebase.build/Debug-iphonesimulator/FirebaseCoreInternal.build/Objects-normal/x86_64/Binary/FirebaseCoreInternal.o -output /Users/jaigaurav/Library/Developer/Xcode/DerivedData/Broccoli-eapieicfqwxippexlubxawpdfesp/Build/Products/Debug-iphonesimulator/FirebaseCoreInternal.o

RegisterExecutionPolicyException /Users/jaigaurav/Library/Developer/Xcode/DerivedData/Broccoli-eapieicfqwxippexlubxawpdfesp/Build/Products/Debug-iphonesimulator/StripeApplePay.o (in target 'StripeApplePay' from project 'Stripe')
    cd /Users/jaigaurav/Library/Developer/Xcode/DerivedData/Broccoli-eapieicfqwxippexlubxawpdfesp/SourcePackages/checkouts/stripe-ios-spm
    builtin-RegisterExecutionPolicyException /Users/jaigaurav/Library/Developer/Xcode/DerivedData/Broccoli-eapieicfqwxippexlubxawpdfesp/Build/Products/Debug-iphonesimulator/StripeApplePay.o

ExtractAppIntentsMetadata (in target 'FirebaseCoreInternal' from project 'Firebase')
    cd /Users/jaigaurav/Library/Developer/Xcode/DerivedData/Broccoli-eapieicfqwxippexlubxawpdfesp/SourcePackages/checkouts/firebase-ios-sdk
    /Applications/Xcode.app/Contents/Developer/Toolchains/XcodeDefault.xctoolchain/usr/bin/appintentsmetadataprocessor --toolchain-dir /Applications/Xcode.app/Contents/Developer/Toolchains/XcodeDefault.xctoolchain --module-name FirebaseCoreInternal --sdk-root /Applications/Xcode.app/Contents/Developer/Platforms/iPhoneSimulator.platform/Developer/SDKs/iPhoneSimulator26.5.sdk --xcode-version 17F113 --platform-family iOS --deployment-target 15.0 --bundle-identifier firebase-ios-sdk.FirebaseCoreInternal --output /Users/jaigaurav/Library/Developer/Xcode/DerivedData/Broccoli-eapieicfqwxippexlubxawpdfesp/Build/Products/Debug-iphonesimulator/FirebaseCoreInternal.appintents --target-triple arm64-apple-ios15.0-simulator --target-triple x86_64-apple-ios15.0-simulator --binary-file /Users/jaigaurav/Library/Developer/Xcode/DerivedData/Broccoli-eapieicfqwxippexlubxawpdfesp/Build/Products/Debug-iphonesimulator/FirebaseCoreInternal.o --dependency-file /Users/jaigaurav/Library/Developer/Xcode/DerivedData/Broccoli-eapieicfqwxippexlubxawpdfesp/Build/Intermediates.noindex/Firebase.build/Debug-iphonesimulator/FirebaseCoreInternal.build/Objects-normal/arm64/FirebaseCoreInternal_dependency_info.dat --dependency-file /Users/jaigaurav/Library/Developer/Xcode/DerivedData/Broccoli-eapieicfqwxippexlubxawpdfesp/Build/Intermediates.noindex/Firebase.build/Debug-iphonesimulator/FirebaseCoreInternal.build/Objects-normal/x86_64/FirebaseCoreInternal_dependency_info.dat --stringsdata-file /Users/jaigaurav/Library/Developer/Xcode/DerivedData/Broccoli-eapieicfqwxippexlubxawpdfesp/Build/Intermediates.noindex/Firebase.build/Debug-iphonesimulator/FirebaseCoreInternal.build/Objects-normal/arm64/ExtractedAppShortcutsMetadata.stringsdata --stringsdata-file /Users/jaigaurav/Library/Developer/Xcode/DerivedData/Broccoli-eapieicfqwxippexlubxawpdfesp/Build/Intermediates.noindex/Firebase.build/Debug-iphonesimulator/FirebaseCoreInternal.build/Objects-normal/x86_64/ExtractedAppShortcutsMetadata.stringsdata --source-file-list /Users/jaigaurav/Library/Developer/Xcode/DerivedData/Broccoli-eapieicfqwxippexlubxawpdfesp/Build/Intermediates.noindex/Firebase.build/Debug-iphonesimulator/FirebaseCoreInternal.build/Objects-normal/arm64/FirebaseCoreInternal.SwiftFileList --source-file-list /Users/jaigaurav/Library/Developer/Xcode/DerivedData/Broccoli-eapieicfqwxippexlubxawpdfesp/Build/Intermediates.noindex/Firebase.build/Debug-iphonesimulator/FirebaseCoreInternal.build/Objects-normal/x86_64/FirebaseCoreInternal.SwiftFileList --metadata-file-list /Users/jaigaurav/Library/Developer/Xcode/DerivedData/Broccoli-eapieicfqwxippexlubxawpdfesp/Build/Intermediates.noindex/Firebase.build/Debug-iphonesimulator/FirebaseCoreInternal.build/FirebaseCoreInternal.DependencyMetadataFileList --static-metadata-file-list /Users/jaigaurav/Library/Developer/Xcode/DerivedData/Broccoli-eapieicfqwxippexlubxawpdfesp/Build/Intermediates.noindex/Firebase.build/Debug-iphonesimulator/FirebaseCoreInternal.build/FirebaseCoreInternal.DependencyStaticMetadataFileList --swift-const-vals-list /Users/jaigaurav/Library/Developer/Xcode/DerivedData/Broccoli-eapieicfqwxippexlubxawpdfesp/Build/Intermediates.noindex/Firebase.build/Debug-iphonesimulator/FirebaseCoreInternal.build/Objects-normal/arm64/FirebaseCoreInternal.SwiftConstValuesFileList --swift-const-vals-list /Users/jaigaurav/Library/Developer/Xcode/DerivedData/Broccoli-eapieicfqwxippexlubxawpdfesp/Build/Intermediates.noindex/Firebase.build/Debug-iphonesimulator/FirebaseCoreInternal.build/Objects-normal/x86_64/FirebaseCoreInternal.SwiftConstValuesFileList --force --compile-time-extraction --deployment-aware-processing --validate-assistant-intents --no-app-shortcuts-localization
2026-08-17 12:31:47.456 appintentsmetadataprocessor[8268:167546] Starting appintentsmetadataprocessor export
2026-08-17 12:31:47.465 appintentsmetadataprocessor[8268:167546] Extracted no relevant App Intents symbols, skipping writing output

CreateUniversalBinary /Users/jaigaurav/Library/Developer/Xcode/DerivedData/Broccoli-eapieicfqwxippexlubxawpdfesp/Build/Products/Debug-iphonesimulator/FBLPromises.o normal arm64\ x86_64 (in target 'FBLPromises' from project 'Promises')
    cd /Users/jaigaurav/Library/Developer/Xcode/DerivedData/Broccoli-eapieicfqwxippexlubxawpdfesp/SourcePackages/checkouts/promises
    /Applications/Xcode.app/Contents/Developer/Toolchains/XcodeDefault.xctoolchain/usr/bin/lipo -create /Users/jaigaurav/Library/Developer/Xcode/DerivedData/Broccoli-eapieicfqwxippexlubxawpdfesp/Build/Intermediates.noindex/Promises.build/Debug-iphonesimulator/FBLPromises.build/Objects-normal/arm64/Binary/FBLPromises.o /Users/jaigaurav/Library/Developer/Xcode/DerivedData/Broccoli-eapieicfqwxippexlubxawpdfesp/Build/Intermediates.noindex/Promises.build/Debug-iphonesimulator/FBLPromises.build/Objects-normal/x86_64/Binary/FBLPromises.o -output /Users/jaigaurav/Library/Developer/Xcode/DerivedData/Broccoli-eapieicfqwxippexlubxawpdfesp/Build/Products/Debug-iphonesimulator/FBLPromises.o

RegisterExecutionPolicyException /Users/jaigaurav/Library/Developer/Xcode/DerivedData/Broccoli-eapieicfqwxippexlubxawpdfesp/Build/Products/Debug-iphonesimulator/FBLPromises.o (in target 'FBLPromises' from project 'Promises')
    cd /Users/jaigaurav/Library/Developer/Xcode/DerivedData/Broccoli-eapieicfqwxippexlubxawpdfesp/SourcePackages/checkouts/promises
    builtin-RegisterExecutionPolicyException /Users/jaigaurav/Library/Developer/Xcode/DerivedData/Broccoli-eapieicfqwxippexlubxawpdfesp/Build/Products/Debug-iphonesimulator/FBLPromises.o

ProcessInfoPlistFile /Users/jaigaurav/Library/Developer/Xcode/DerivedData/Broccoli-eapieicfqwxippexlubxawpdfesp/Build/Products/Debug-iphonesimulator/Stripe_StripeUICore.bundle/Info.plist /Users/jaigaurav/Library/Developer/Xcode/DerivedData/Broccoli-eapieicfqwxippexlubxawpdfesp/Build/Intermediates.noindex/Stripe.build/Debug-iphonesimulator/Stripe_StripeUICore.build/empty-Stripe_StripeUICore.plist (in target 'Stripe_StripeUICore' from project 'Stripe')
    cd /Users/jaigaurav/Library/Developer/Xcode/DerivedData/Broccoli-eapieicfqwxippexlubxawpdfesp/SourcePackages/checkouts/stripe-ios-spm
    builtin-infoPlistUtility /Users/jaigaurav/Library/Developer/Xcode/DerivedData/Broccoli-eapieicfqwxippexlubxawpdfesp/Build/Intermediates.noindex/Stripe.build/Debug-iphonesimulator/Stripe_StripeUICore.build/empty-Stripe_StripeUICore.plist -producttype com.apple.product-type.bundle -expandbuildsettings -format binary -platform iphonesimulator -additionalcontentfile /Users/jaigaurav/Library/Developer/Xcode/DerivedData/Broccoli-eapieicfqwxippexlubxawpdfesp/Build/Intermediates.noindex/Stripe.build/Debug-iphonesimulator/Stripe_StripeUICore.build/assetcatalog_generated_info.plist -o /Users/jaigaurav/Library/Developer/Xcode/DerivedData/Broccoli-eapieicfqwxippexlubxawpdfesp/Build/Products/Debug-iphonesimulator/Stripe_StripeUICore.bundle/Info.plist

ProcessInfoPlistFile /Users/jaigaurav/Library/Developer/Xcode/DerivedData/Broccoli-eapieicfqwxippexlubxawpdfesp/Build/Products/Debug-iphonesimulator/GoogleUtilities_GoogleUtilities-UserDefaults.bundle/Info.plist /Users/jaigaurav/Library/Developer/Xcode/DerivedData/Broccoli-eapieicfqwxippexlubxawpdfesp/Build/Intermediates.noindex/GoogleUtilities.build/Debug-iphonesimulator/GoogleUtilities_GoogleUtilities-UserDefaults.build/empty-GoogleUtilities_GoogleUtilities-UserDefaults.plist (in target 'GoogleUtilities_GoogleUtilities-UserDefaults' from project 'GoogleUtilities')
    cd /Users/jaigaurav/Library/Developer/Xcode/DerivedData/Broccoli-eapieicfqwxippexlubxawpdfesp/SourcePackages/checkouts/GoogleUtilities
    builtin-infoPlistUtility /Users/jaigaurav/Library/Developer/Xcode/DerivedData/Broccoli-eapieicfqwxippexlubxawpdfesp/Build/Intermediates.noindex/GoogleUtilities.build/Debug-iphonesimulator/GoogleUtilities_GoogleUtilities-UserDefaults.build/empty-GoogleUtilities_GoogleUtilities-UserDefaults.plist -producttype com.apple.product-type.bundle -expandbuildsettings -format binary -platform iphonesimulator -o /Users/jaigaurav/Library/Developer/Xcode/DerivedData/Broccoli-eapieicfqwxippexlubxawpdfesp/Build/Products/Debug-iphonesimulator/GoogleUtilities_GoogleUtilities-UserDefaults.bundle/Info.plist

Ld /Users/jaigaurav/Library/Developer/Xcode/DerivedData/Broccoli-eapieicfqwxippexlubxawpdfesp/Build/Intermediates.noindex/Stripe.build/Debug-iphonesimulator/StripeUICore.build/Objects-normal/x86_64/Binary/StripeUICore.o normal x86_64 (in target 'StripeUICore' from project 'Stripe')
    cd /Users/jaigaurav/Library/Developer/Xcode/DerivedData/Broccoli-eapieicfqwxippexlubxawpdfesp/SourcePackages/checkouts/stripe-ios-spm
    /Applications/Xcode.app/Contents/Developer/Toolchains/XcodeDefault.xctoolchain/usr/bin/clang -Xlinker -reproducible -target x86_64-apple-ios13.0-simulator -r -isysroot /Applications/Xcode.app/Contents/Developer/Platforms/iPhoneSimulator.platform/Developer/SDKs/iPhoneSimulator26.5.sdk -O0 -w -F/Users/jaigaurav/Library/Developer/Xcode/DerivedData/Broccoli-eapieicfqwxippexlubxawpdfesp/Build/Intermediates.noindex/EagerLinkingTBDs/Debug-iphonesimulator -F/Users/jaigaurav/Library/Developer/Xcode/DerivedData/Broccoli-eapieicfqwxippexlubxawpdfesp/Build/Products/Debug-iphonesimulator/PackageFrameworks -F/Users/jaigaurav/Library/Developer/Xcode/DerivedData/Broccoli-eapieicfqwxippexlubxawpdfesp/Build/Products/Debug-iphonesimulator -iframework /Applications/Xcode.app/Contents/Developer/Platforms/iPhoneSimulator.platform/Developer/Library/Frameworks -iframework /Applications/Xcode.app/Contents/Developer/Platforms/iPhoneSimulator.platform/Developer/SDKs/iPhoneSimulator26.5.sdk/Developer/Library/Frameworks -filelist /Users/jaigaurav/Library/Developer/Xcode/DerivedData/Broccoli-eapieicfqwxippexlubxawpdfesp/Build/Intermediates.noindex/Stripe.build/Debug-iphonesimulator/StripeUICore.build/Objects-normal/x86_64/StripeUICore.LinkFileList -nostdlib -Xlinker -object_path_lto -Xlinker /Users/jaigaurav/Library/Developer/Xcode/DerivedData/Broccoli-eapieicfqwxippexlubxawpdfesp/Build/Intermediates.noindex/Stripe.build/Debug-iphonesimulator/StripeUICore.build/Objects-normal/x86_64/StripeUICore_lto.o -Xlinker -no_deduplicate -Xlinker -objc_abi_version -Xlinker 2 -Xlinker -debug_variant -Xlinker -dependency_info -Xlinker /Users/jaigaurav/Library/Developer/Xcode/DerivedData/Broccoli-eapieicfqwxippexlubxawpdfesp/Build/Intermediates.noindex/Stripe.build/Debug-iphonesimulator/StripeUICore.build/Objects-normal/x86_64/StripeUICore_dependency_info.dat -fobjc-link-runtime -L/Applications/Xcode.app/Contents/Developer/Toolchains/XcodeDefault.xctoolchain/usr/lib/swift/iphonesimulator -L/usr/lib/swift -Xlinker -add_ast_path -Xlinker /Users/jaigaurav/Library/Developer/Xcode/DerivedData/Broccoli-eapieicfqwxippexlubxawpdfesp/Build/Intermediates.noindex/Stripe.build/Debug-iphonesimulator/StripeUICore.build/Objects-normal/x86_64/StripeUICore.swiftmodule @/Users/jaigaurav/Library/Developer/Xcode/DerivedData/Broccoli-eapieicfqwxippexlubxawpdfesp/Build/Intermediates.noindex/Stripe.build/Debug-iphonesimulator/StripeUICore.build/Objects-normal/x86_64/StripeUICore-linker-args.resp -o /Users/jaigaurav/Library/Developer/Xcode/DerivedData/Broccoli-eapieicfqwxippexlubxawpdfesp/Build/Intermediates.noindex/Stripe.build/Debug-iphonesimulator/StripeUICore.build/Objects-normal/x86_64/Binary/StripeUICore.o

Ld /Users/jaigaurav/Library/Developer/Xcode/DerivedData/Broccoli-eapieicfqwxippexlubxawpdfesp/Build/Intermediates.noindex/GoogleUtilities.build/Debug-iphonesimulator/GoogleUtilities-UserDefaults.build/Objects-normal/arm64/Binary/GoogleUtilities-UserDefaults.o normal arm64 (in target 'GoogleUtilities-UserDefaults' from project 'GoogleUtilities')
    cd /Users/jaigaurav/Library/Developer/Xcode/DerivedData/Broccoli-eapieicfqwxippexlubxawpdfesp/SourcePackages/checkouts/GoogleUtilities
    /Applications/Xcode.app/Contents/Developer/Toolchains/XcodeDefault.xctoolchain/usr/bin/clang -Xlinker -reproducible -target arm64-apple-ios12.0-simulator -r -isysroot /Applications/Xcode.app/Contents/Developer/Platforms/iPhoneSimulator.platform/Developer/SDKs/iPhoneSimulator26.5.sdk -O0 -w -F/Users/jaigaurav/Library/Developer/Xcode/DerivedData/Broccoli-eapieicfqwxippexlubxawpdfesp/Build/Intermediates.noindex/EagerLinkingTBDs/Debug-iphonesimulator -F/Users/jaigaurav/Library/Developer/Xcode/DerivedData/Broccoli-eapieicfqwxippexlubxawpdfesp/Build/Products/Debug-iphonesimulator/PackageFrameworks -F/Users/jaigaurav/Library/Developer/Xcode/DerivedData/Broccoli-eapieicfqwxippexlubxawpdfesp/Build/Products/Debug-iphonesimulator/PackageFrameworks -F/Users/jaigaurav/Library/Developer/Xcode/DerivedData/Broccoli-eapieicfqwxippexlubxawpdfesp/Build/Products/Debug-iphonesimulator/PackageFrameworks -F/Users/jaigaurav/Library/Developer/Xcode/DerivedData/Broccoli-eapieicfqwxippexlubxawpdfesp/Build/Products/Debug-iphonesimulator -iframework /Applications/Xcode.app/Contents/Developer/Platforms/iPhoneSimulator.platform/Developer/Library/Frameworks -iframework /Applications/Xcode.app/Contents/Developer/Platforms/iPhoneSimulator.platform/Developer/SDKs/iPhoneSimulator26.5.sdk/Developer/Library/Frameworks -filelist /Users/jaigaurav/Library/Developer/Xcode/DerivedData/Broccoli-eapieicfqwxippexlubxawpdfesp/Build/Intermediates.noindex/GoogleUtilities.build/Debug-iphonesimulator/GoogleUtilities-UserDefaults.build/Objects-normal/arm64/GoogleUtilities-UserDefaults.LinkFileList -nostdlib -Xlinker -object_path_lto -Xlinker /Users/jaigaurav/Library/Developer/Xcode/DerivedData/Broccoli-eapieicfqwxippexlubxawpdfesp/Build/Intermediates.noindex/GoogleUtilities.build/Debug-iphonesimulator/GoogleUtilities-UserDefaults.build/Objects-normal/arm64/GoogleUtilities-UserDefaults_lto.o -Xlinker -no_deduplicate -Xlinker -objc_abi_version -Xlinker 2 -Xlinker -debug_variant -Xlinker -dependency_info -Xlinker /Users/jaigaurav/Library/Developer/Xcode/DerivedData/Broccoli-eapieicfqwxippexlubxawpdfesp/Build/Intermediates.noindex/GoogleUtilities.build/Debug-iphonesimulator/GoogleUtilities-UserDefaults.build/Objects-normal/arm64/GoogleUtilities-UserDefaults_dependency_info.dat -fobjc-arc -fobjc-link-runtime -o /Users/jaigaurav/Library/Developer/Xcode/DerivedData/Broccoli-eapieicfqwxippexlubxawpdfesp/Build/Intermediates.noindex/GoogleUtilities.build/Debug-iphonesimulator/GoogleUtilities-UserDefaults.build/Objects-normal/arm64/Binary/GoogleUtilities-UserDefaults.o

RegisterExecutionPolicyException /Users/jaigaurav/Library/Developer/Xcode/DerivedData/Broccoli-eapieicfqwxippexlubxawpdfesp/Build/Products/Debug-iphonesimulator/FirebaseCoreInternal.o (in target 'FirebaseCoreInternal' from project 'Firebase')
    cd /Users/jaigaurav/Library/Developer/Xcode/DerivedData/Broccoli-eapieicfqwxippexlubxawpdfesp/SourcePackages/checkouts/firebase-ios-sdk
    builtin-RegisterExecutionPolicyException /Users/jaigaurav/Library/Developer/Xcode/DerivedData/Broccoli-eapieicfqwxippexlubxawpdfesp/Build/Products/Debug-iphonesimulator/FirebaseCoreInternal.o

Ld /Users/jaigaurav/Library/Developer/Xcode/DerivedData/Broccoli-eapieicfqwxippexlubxawpdfesp/Build/Intermediates.noindex/Firebase.build/Debug-iphonesimulator/FirebaseCore.build/Objects-normal/x86_64/Binary/FirebaseCore.o normal x86_64 (in target 'FirebaseCore' from project 'Firebase')
    cd /Users/jaigaurav/Library/Developer/Xcode/DerivedData/Broccoli-eapieicfqwxippexlubxawpdfesp/SourcePackages/checkouts/firebase-ios-sdk
    /Applications/Xcode.app/Contents/Developer/Toolchains/XcodeDefault.xctoolchain/usr/bin/clang -Xlinker -reproducible -target x86_64-apple-ios15.0-simulator -r -isysroot /Applications/Xcode.app/Contents/Developer/Platforms/iPhoneSimulator.platform/Developer/SDKs/iPhoneSimulator26.5.sdk -O0 -w -F/Users/jaigaurav/Library/Developer/Xcode/DerivedData/Broccoli-eapieicfqwxippexlubxawpdfesp/Build/Intermediates.noindex/EagerLinkingTBDs/Debug-iphonesimulator -F/Users/jaigaurav/Library/Developer/Xcode/DerivedData/Broccoli-eapieicfqwxippexlubxawpdfesp/Build/Products/Debug-iphonesimulator/PackageFrameworks -F/Users/jaigaurav/Library/Developer/Xcode/DerivedData/Broccoli-eapieicfqwxippexlubxawpdfesp/Build/Products/Debug-iphonesimulator/PackageFrameworks -F/Users/jaigaurav/Library/Developer/Xcode/DerivedData/Broccoli-eapieicfqwxippexlubxawpdfesp/Build/Products/Debug-iphonesimulator/PackageFrameworks -F/Users/jaigaurav/Library/Developer/Xcode/DerivedData/Broccoli-eapieicfqwxippexlubxawpdfesp/Build/Products/Debug-iphonesimulator/PackageFrameworks -F/Users/jaigaurav/Library/Developer/Xcode/DerivedData/Broccoli-eapieicfqwxippexlubxawpdfesp/Build/Products/Debug-iphonesimulator/PackageFrameworks -F/Users/jaigaurav/Library/Developer/Xcode/DerivedData/Broccoli-eapieicfqwxippexlubxawpdfesp/Build/Products/Debug-iphonesimulator/PackageFrameworks -F/Users/jaigaurav/Library/Developer/Xcode/DerivedData/Broccoli-eapieicfqwxippexlubxawpdfesp/Build/Products/Debug-iphonesimulator -iframework /Applications/Xcode.app/Contents/Developer/Platforms/iPhoneSimulator.platform/Developer/Library/Frameworks -iframework /Applications/Xcode.app/Contents/Developer/Platforms/iPhoneSimulator.platform/Developer/SDKs/iPhoneSimulator26.5.sdk/Developer/Library/Frameworks -filelist /Users/jaigaurav/Library/Developer/Xcode/DerivedData/Broccoli-eapieicfqwxippexlubxawpdfesp/Build/Intermediates.noindex/Firebase.build/Debug-iphonesimulator/FirebaseCore.build/Objects-normal/x86_64/FirebaseCore.LinkFileList -nostdlib -Xlinker -object_path_lto -Xlinker /Users/jaigaurav/Library/Developer/Xcode/DerivedData/Broccoli-eapieicfqwxippexlubxawpdfesp/Build/Intermediates.noindex/Firebase.build/Debug-iphonesimulator/FirebaseCore.build/Objects-normal/x86_64/FirebaseCore_lto.o -Xlinker -no_deduplicate -Xlinker -objc_abi_version -Xlinker 2 -Xlinker -debug_variant -Xlinker -dependency_info -Xlinker /Users/jaigaurav/Library/Developer/Xcode/DerivedData/Broccoli-eapieicfqwxippexlubxawpdfesp/Build/Intermediates.noindex/Firebase.build/Debug-iphonesimulator/FirebaseCore.build/Objects-normal/x86_64/FirebaseCore_dependency_info.dat -fobjc-arc -fobjc-link-runtime -o /Users/jaigaurav/Library/Developer/Xcode/DerivedData/Broccoli-eapieicfqwxippexlubxawpdfesp/Build/Intermediates.noindex/Firebase.build/Debug-iphonesimulator/FirebaseCore.build/Objects-normal/x86_64/Binary/FirebaseCore.o

Ld /Users/jaigaurav/Library/Developer/Xcode/DerivedData/Broccoli-eapieicfqwxippexlubxawpdfesp/Build/Intermediates.noindex/GoogleUtilities.build/Debug-iphonesimulator/GoogleUtilities-UserDefaults.build/Objects-normal/x86_64/Binary/GoogleUtilities-UserDefaults.o normal x86_64 (in target 'GoogleUtilities-UserDefaults' from project 'GoogleUtilities')
    cd /Users/jaigaurav/Library/Developer/Xcode/DerivedData/Broccoli-eapieicfqwxippexlubxawpdfesp/SourcePackages/checkouts/GoogleUtilities
    /Applications/Xcode.app/Contents/Developer/Toolchains/XcodeDefault.xctoolchain/usr/bin/clang -Xlinker -reproducible -target x86_64-apple-ios12.0-simulator -r -isysroot /Applications/Xcode.app/Contents/Developer/Platforms/iPhoneSimulator.platform/Developer/SDKs/iPhoneSimulator26.5.sdk -O0 -w -F/Users/jaigaurav/Library/Developer/Xcode/DerivedData/Broccoli-eapieicfqwxippexlubxawpdfesp/Build/Intermediates.noindex/EagerLinkingTBDs/Debug-iphonesimulator -F/Users/jaigaurav/Library/Developer/Xcode/DerivedData/Broccoli-eapieicfqwxippexlubxawpdfesp/Build/Products/Debug-iphonesimulator/PackageFrameworks -F/Users/jaigaurav/Library/Developer/Xcode/DerivedData/Broccoli-eapieicfqwxippexlubxawpdfesp/Build/Products/Debug-iphonesimulator/PackageFrameworks -F/Users/jaigaurav/Library/Developer/Xcode/DerivedData/Broccoli-eapieicfqwxippexlubxawpdfesp/Build/Products/Debug-iphonesimulator/PackageFrameworks -F/Users/jaigaurav/Library/Developer/Xcode/DerivedData/Broccoli-eapieicfqwxippexlubxawpdfesp/Build/Products/Debug-iphonesimulator -iframework /Applications/Xcode.app/Contents/Developer/Platforms/iPhoneSimulator.platform/Developer/Library/Frameworks -iframework /Applications/Xcode.app/Contents/Developer/Platforms/iPhoneSimulator.platform/Developer/SDKs/iPhoneSimulator26.5.sdk/Developer/Library/Frameworks -filelist /Users/jaigaurav/Library/Developer/Xcode/DerivedData/Broccoli-eapieicfqwxippexlubxawpdfesp/Build/Intermediates.noindex/GoogleUtilities.build/Debug-iphonesimulator/GoogleUtilities-UserDefaults.build/Objects-normal/x86_64/GoogleUtilities-UserDefaults.LinkFileList -nostdlib -Xlinker -object_path_lto -Xlinker /Users/jaigaurav/Library/Developer/Xcode/DerivedData/Broccoli-eapieicfqwxippexlubxawpdfesp/Build/Intermediates.noindex/GoogleUtilities.build/Debug-iphonesimulator/GoogleUtilities-UserDefaults.build/Objects-normal/x86_64/GoogleUtilities-UserDefaults_lto.o -Xlinker -no_deduplicate -Xlinker -objc_abi_version -Xlinker 2 -Xlinker -debug_variant -Xlinker -dependency_info -Xlinker /Users/jaigaurav/Library/Developer/Xcode/DerivedData/Broccoli-eapieicfqwxippexlubxawpdfesp/Build/Intermediates.noindex/GoogleUtilities.build/Debug-iphonesimulator/GoogleUtilities-UserDefaults.build/Objects-normal/x86_64/GoogleUtilities-UserDefaults_dependency_info.dat -fobjc-arc -fobjc-link-runtime -o /Users/jaigaurav/Library/Developer/Xcode/DerivedData/Broccoli-eapieicfqwxippexlubxawpdfesp/Build/Intermediates.noindex/GoogleUtilities.build/Debug-iphonesimulator/GoogleUtilities-UserDefaults.build/Objects-normal/x86_64/Binary/GoogleUtilities-UserDefaults.o

CreateUniversalBinary /Users/jaigaurav/Library/Developer/Xcode/DerivedData/Broccoli-eapieicfqwxippexlubxawpdfesp/Build/Products/Debug-iphonesimulator/GoogleUtilities-UserDefaults.o normal arm64\ x86_64 (in target 'GoogleUtilities-UserDefaults' from project 'GoogleUtilities')
    cd /Users/jaigaurav/Library/Developer/Xcode/DerivedData/Broccoli-eapieicfqwxippexlubxawpdfesp/SourcePackages/checkouts/GoogleUtilities
    /Applications/Xcode.app/Contents/Developer/Toolchains/XcodeDefault.xctoolchain/usr/bin/lipo -create /Users/jaigaurav/Library/Developer/Xcode/DerivedData/Broccoli-eapieicfqwxippexlubxawpdfesp/Build/Intermediates.noindex/GoogleUtilities.build/Debug-iphonesimulator/GoogleUtilities-UserDefaults.build/Objects-normal/arm64/Binary/GoogleUtilities-UserDefaults.o /Users/jaigaurav/Library/Developer/Xcode/DerivedData/Broccoli-eapieicfqwxippexlubxawpdfesp/Build/Intermediates.noindex/GoogleUtilities.build/Debug-iphonesimulator/GoogleUtilities-UserDefaults.build/Objects-normal/x86_64/Binary/GoogleUtilities-UserDefaults.o -output /Users/jaigaurav/Library/Developer/Xcode/DerivedData/Broccoli-eapieicfqwxippexlubxawpdfesp/Build/Products/Debug-iphonesimulator/GoogleUtilities-UserDefaults.o

Ld /Users/jaigaurav/Library/Developer/Xcode/DerivedData/Broccoli-eapieicfqwxippexlubxawpdfesp/Build/Intermediates.noindex/Firebase.build/Debug-iphonesimulator/FirebaseCore.build/Objects-normal/arm64/Binary/FirebaseCore.o normal arm64 (in target 'FirebaseCore' from project 'Firebase')
    cd /Users/jaigaurav/Library/Developer/Xcode/DerivedData/Broccoli-eapieicfqwxippexlubxawpdfesp/SourcePackages/checkouts/firebase-ios-sdk
    /Applications/Xcode.app/Contents/Developer/Toolchains/XcodeDefault.xctoolchain/usr/bin/clang -Xlinker -reproducible -target arm64-apple-ios15.0-simulator -r -isysroot /Applications/Xcode.app/Contents/Developer/Platforms/iPhoneSimulator.platform/Developer/SDKs/iPhoneSimulator26.5.sdk -O0 -w -F/Users/jaigaurav/Library/Developer/Xcode/DerivedData/Broccoli-eapieicfqwxippexlubxawpdfesp/Build/Intermediates.noindex/EagerLinkingTBDs/Debug-iphonesimulator -F/Users/jaigaurav/Library/Developer/Xcode/DerivedData/Broccoli-eapieicfqwxippexlubxawpdfesp/Build/Products/Debug-iphonesimulator/PackageFrameworks -F/Users/jaigaurav/Library/Developer/Xcode/DerivedData/Broccoli-eapieicfqwxippexlubxawpdfesp/Build/Products/Debug-iphonesimulator/PackageFrameworks -F/Users/jaigaurav/Library/Developer/Xcode/DerivedData/Broccoli-eapieicfqwxippexlubxawpdfesp/Build/Products/Debug-iphonesimulator/PackageFrameworks -F/Users/jaigaurav/Library/Developer/Xcode/DerivedData/Broccoli-eapieicfqwxippexlubxawpdfesp/Build/Products/Debug-iphonesimulator/PackageFrameworks -F/Users/jaigaurav/Library/Developer/Xcode/DerivedData/Broccoli-eapieicfqwxippexlubxawpdfesp/Build/Products/Debug-iphonesimulator/PackageFrameworks -F/Users/jaigaurav/Library/Developer/Xcode/DerivedData/Broccoli-eapieicfqwxippexlubxawpdfesp/Build/Products/Debug-iphonesimulator/PackageFrameworks -F/Users/jaigaurav/Library/Developer/Xcode/DerivedData/Broccoli-eapieicfqwxippexlubxawpdfesp/Build/Products/Debug-iphonesimulator -iframework /Applications/Xcode.app/Contents/Developer/Platforms/iPhoneSimulator.platform/Developer/Library/Frameworks -iframework /Applications/Xcode.app/Contents/Developer/Platforms/iPhoneSimulator.platform/Developer/SDKs/iPhoneSimulator26.5.sdk/Developer/Library/Frameworks -filelist /Users/jaigaurav/Library/Developer/Xcode/DerivedData/Broccoli-eapieicfqwxippexlubxawpdfesp/Build/Intermediates.noindex/Firebase.build/Debug-iphonesimulator/FirebaseCore.build/Objects-normal/arm64/FirebaseCore.LinkFileList -nostdlib -Xlinker -object_path_lto -Xlinker /Users/jaigaurav/Library/Developer/Xcode/DerivedData/Broccoli-eapieicfqwxippexlubxawpdfesp/Build/Intermediates.noindex/Firebase.build/Debug-iphonesimulator/FirebaseCore.build/Objects-normal/arm64/FirebaseCore_lto.o -Xlinker -no_deduplicate -Xlinker -objc_abi_version -Xlinker 2 -Xlinker -debug_variant -Xlinker -dependency_info -Xlinker /Users/jaigaurav/Library/Developer/Xcode/DerivedData/Broccoli-eapieicfqwxippexlubxawpdfesp/Build/Intermediates.noindex/Firebase.build/Debug-iphonesimulator/FirebaseCore.build/Objects-normal/arm64/FirebaseCore_dependency_info.dat -fobjc-arc -fobjc-link-runtime -o /Users/jaigaurav/Library/Developer/Xcode/DerivedData/Broccoli-eapieicfqwxippexlubxawpdfesp/Build/Intermediates.noindex/Firebase.build/Debug-iphonesimulator/FirebaseCore.build/Objects-normal/arm64/Binary/FirebaseCore.o

RegisterExecutionPolicyException /Users/jaigaurav/Library/Developer/Xcode/DerivedData/Broccoli-eapieicfqwxippexlubxawpdfesp/Build/Products/Debug-iphonesimulator/GoogleUtilities-UserDefaults.o (in target 'GoogleUtilities-UserDefaults' from project 'GoogleUtilities')
    cd /Users/jaigaurav/Library/Developer/Xcode/DerivedData/Broccoli-eapieicfqwxippexlubxawpdfesp/SourcePackages/checkouts/GoogleUtilities
    builtin-RegisterExecutionPolicyException /Users/jaigaurav/Library/Developer/Xcode/DerivedData/Broccoli-eapieicfqwxippexlubxawpdfesp/Build/Products/Debug-iphonesimulator/GoogleUtilities-UserDefaults.o

Ld /Users/jaigaurav/Library/Developer/Xcode/DerivedData/Broccoli-eapieicfqwxippexlubxawpdfesp/Build/Intermediates.noindex/Stripe.build/Debug-iphonesimulator/StripeUICore.build/Objects-normal/arm64/Binary/StripeUICore.o normal arm64 (in target 'StripeUICore' from project 'Stripe')
    cd /Users/jaigaurav/Library/Developer/Xcode/DerivedData/Broccoli-eapieicfqwxippexlubxawpdfesp/SourcePackages/checkouts/stripe-ios-spm
    /Applications/Xcode.app/Contents/Developer/Toolchains/XcodeDefault.xctoolchain/usr/bin/clang -Xlinker -reproducible -target arm64-apple-ios13.0-simulator -r -isysroot /Applications/Xcode.app/Contents/Developer/Platforms/iPhoneSimulator.platform/Developer/SDKs/iPhoneSimulator26.5.sdk -O0 -w -F/Users/jaigaurav/Library/Developer/Xcode/DerivedData/Broccoli-eapieicfqwxippexlubxawpdfesp/Build/Intermediates.noindex/EagerLinkingTBDs/Debug-iphonesimulator -F/Users/jaigaurav/Library/Developer/Xcode/DerivedData/Broccoli-eapieicfqwxippexlubxawpdfesp/Build/Products/Debug-iphonesimulator/PackageFrameworks -F/Users/jaigaurav/Library/Developer/Xcode/DerivedData/Broccoli-eapieicfqwxippexlubxawpdfesp/Build/Products/Debug-iphonesimulator -iframework /Applications/Xcode.app/Contents/Developer/Platforms/iPhoneSimulator.platform/Developer/Library/Frameworks -iframework /Applications/Xcode.app/Contents/Developer/Platforms/iPhoneSimulator.platform/Developer/SDKs/iPhoneSimulator26.5.sdk/Developer/Library/Frameworks -filelist /Users/jaigaurav/Library/Developer/Xcode/DerivedData/Broccoli-eapieicfqwxippexlubxawpdfesp/Build/Intermediates.noindex/Stripe.build/Debug-iphonesimulator/StripeUICore.build/Objects-normal/arm64/StripeUICore.LinkFileList -nostdlib -Xlinker -object_path_lto -Xlinker /Users/jaigaurav/Library/Developer/Xcode/DerivedData/Broccoli-eapieicfqwxippexlubxawpdfesp/Build/Intermediates.noindex/Stripe.build/Debug-iphonesimulator/StripeUICore.build/Objects-normal/arm64/StripeUICore_lto.o -Xlinker -no_deduplicate -Xlinker -objc_abi_version -Xlinker 2 -Xlinker -debug_variant -Xlinker -dependency_info -Xlinker /Users/jaigaurav/Library/Developer/Xcode/DerivedData/Broccoli-eapieicfqwxippexlubxawpdfesp/Build/Intermediates.noindex/Stripe.build/Debug-iphonesimulator/StripeUICore.build/Objects-normal/arm64/StripeUICore_dependency_info.dat -fobjc-link-runtime -L/Applications/Xcode.app/Contents/Developer/Toolchains/XcodeDefault.xctoolchain/usr/lib/swift/iphonesimulator -L/usr/lib/swift -Xlinker -add_ast_path -Xlinker /Users/jaigaurav/Library/Developer/Xcode/DerivedData/Broccoli-eapieicfqwxippexlubxawpdfesp/Build/Intermediates.noindex/Stripe.build/Debug-iphonesimulator/StripeUICore.build/Objects-normal/arm64/StripeUICore.swiftmodule @/Users/jaigaurav/Library/Developer/Xcode/DerivedData/Broccoli-eapieicfqwxippexlubxawpdfesp/Build/Intermediates.noindex/Stripe.build/Debug-iphonesimulator/StripeUICore.build/Objects-normal/arm64/StripeUICore-linker-args.resp -o /Users/jaigaurav/Library/Developer/Xcode/DerivedData/Broccoli-eapieicfqwxippexlubxawpdfesp/Build/Intermediates.noindex/Stripe.build/Debug-iphonesimulator/StripeUICore.build/Objects-normal/arm64/Binary/StripeUICore.o

CreateUniversalBinary /Users/jaigaurav/Library/Developer/Xcode/DerivedData/Broccoli-eapieicfqwxippexlubxawpdfesp/Build/Products/Debug-iphonesimulator/FirebaseCore.o normal arm64\ x86_64 (in target 'FirebaseCore' from project 'Firebase')
    cd /Users/jaigaurav/Library/Developer/Xcode/DerivedData/Broccoli-eapieicfqwxippexlubxawpdfesp/SourcePackages/checkouts/firebase-ios-sdk
    /Applications/Xcode.app/Contents/Developer/Toolchains/XcodeDefault.xctoolchain/usr/bin/lipo -create /Users/jaigaurav/Library/Developer/Xcode/DerivedData/Broccoli-eapieicfqwxippexlubxawpdfesp/Build/Intermediates.noindex/Firebase.build/Debug-iphonesimulator/FirebaseCore.build/Objects-normal/arm64/Binary/FirebaseCore.o /Users/jaigaurav/Library/Developer/Xcode/DerivedData/Broccoli-eapieicfqwxippexlubxawpdfesp/Build/Intermediates.noindex/Firebase.build/Debug-iphonesimulator/FirebaseCore.build/Objects-normal/x86_64/Binary/FirebaseCore.o -output /Users/jaigaurav/Library/Developer/Xcode/DerivedData/Broccoli-eapieicfqwxippexlubxawpdfesp/Build/Products/Debug-iphonesimulator/FirebaseCore.o

ProcessInfoPlistFile /Users/jaigaurav/Library/Developer/Xcode/DerivedData/Broccoli-eapieicfqwxippexlubxawpdfesp/Build/Products/Debug-iphonesimulator/GoogleUtilities_GoogleUtilities-Reachability.bundle/Info.plist /Users/jaigaurav/Library/Developer/Xcode/DerivedData/Broccoli-eapieicfqwxippexlubxawpdfesp/Build/Intermediates.noindex/GoogleUtilities.build/Debug-iphonesimulator/GoogleUtilities_GoogleUtilities-Reachability.build/empty-GoogleUtilities_GoogleUtilities-Reachability.plist (in target 'GoogleUtilities_GoogleUtilities-Reachability' from project 'GoogleUtilities')
    cd /Users/jaigaurav/Library/Developer/Xcode/DerivedData/Broccoli-eapieicfqwxippexlubxawpdfesp/SourcePackages/checkouts/GoogleUtilities
    builtin-infoPlistUtility /Users/jaigaurav/Library/Developer/Xcode/DerivedData/Broccoli-eapieicfqwxippexlubxawpdfesp/Build/Intermediates.noindex/GoogleUtilities.build/Debug-iphonesimulator/GoogleUtilities_GoogleUtilities-Reachability.build/empty-GoogleUtilities_GoogleUtilities-Reachability.plist -producttype com.apple.product-type.bundle -expandbuildsettings -format binary -platform iphonesimulator -o /Users/jaigaurav/Library/Developer/Xcode/DerivedData/Broccoli-eapieicfqwxippexlubxawpdfesp/Build/Products/Debug-iphonesimulator/GoogleUtilities_GoogleUtilities-Reachability.bundle/Info.plist

Ld /Users/jaigaurav/Library/Developer/Xcode/DerivedData/Broccoli-eapieicfqwxippexlubxawpdfesp/Build/Intermediates.noindex/AppCheck.build/Debug-iphonesimulator/AppCheckCore.build/Objects-normal/arm64/Binary/AppCheckCore.o normal arm64 (in target 'AppCheckCore' from project 'AppCheck')
    cd /Users/jaigaurav/Library/Developer/Xcode/DerivedData/Broccoli-eapieicfqwxippexlubxawpdfesp/SourcePackages/checkouts/app-check
    /Applications/Xcode.app/Contents/Developer/Toolchains/XcodeDefault.xctoolchain/usr/bin/clang -Xlinker -reproducible -target arm64-apple-ios12.0-simulator -r -isysroot /Applications/Xcode.app/Contents/Developer/Platforms/iPhoneSimulator.platform/Developer/SDKs/iPhoneSimulator26.5.sdk -O0 -w -F/Users/jaigaurav/Library/Developer/Xcode/DerivedData/Broccoli-eapieicfqwxippexlubxawpdfesp/Build/Intermediates.noindex/EagerLinkingTBDs/Debug-iphonesimulator -F/Users/jaigaurav/Library/Developer/Xcode/DerivedData/Broccoli-eapieicfqwxippexlubxawpdfesp/Build/Products/Debug-iphonesimulator/PackageFrameworks -F/Users/jaigaurav/Library/Developer/Xcode/DerivedData/Broccoli-eapieicfqwxippexlubxawpdfesp/Build/Products/Debug-iphonesimulator/PackageFrameworks -F/Users/jaigaurav/Library/Developer/Xcode/DerivedData/Broccoli-eapieicfqwxippexlubxawpdfesp/Build/Products/Debug-iphonesimulator/PackageFrameworks -F/Users/jaigaurav/Library/Developer/Xcode/DerivedData/Broccoli-eapieicfqwxippexlubxawpdfesp/Build/Products/Debug-iphonesimulator/PackageFrameworks -F/Users/jaigaurav/Library/Developer/Xcode/DerivedData/Broccoli-eapieicfqwxippexlubxawpdfesp/Build/Products/Debug-iphonesimulator/PackageFrameworks -F/Users/jaigaurav/Library/Developer/Xcode/DerivedData/Broccoli-eapieicfqwxippexlubxawpdfesp/Build/Products/Debug-iphonesimulator -iframework /Applications/Xcode.app/Contents/Developer/Platforms/iPhoneSimulator.platform/Developer/Library/Frameworks -iframework /Applications/Xcode.app/Contents/Developer/Platforms/iPhoneSimulator.platform/Developer/SDKs/iPhoneSimulator26.5.sdk/Developer/Library/Frameworks -filelist /Users/jaigaurav/Library/Developer/Xcode/DerivedData/Broccoli-eapieicfqwxippexlubxawpdfesp/Build/Intermediates.noindex/AppCheck.build/Debug-iphonesimulator/AppCheckCore.build/Objects-normal/arm64/AppCheckCore.LinkFileList -nostdlib -Xlinker -object_path_lto -Xlinker /Users/jaigaurav/Library/Developer/Xcode/DerivedData/Broccoli-eapieicfqwxippexlubxawpdfesp/Build/Intermediates.noindex/AppCheck.build/Debug-iphonesimulator/AppCheckCore.build/Objects-normal/arm64/AppCheckCore_lto.o -Xlinker -no_deduplicate -Xlinker -objc_abi_version -Xlinker 2 -Xlinker -debug_variant -Xlinker -dependency_info -Xlinker /Users/jaigaurav/Library/Developer/Xcode/DerivedData/Broccoli-eapieicfqwxippexlubxawpdfesp/Build/Intermediates.noindex/AppCheck.build/Debug-iphonesimulator/AppCheckCore.build/Objects-normal/arm64/AppCheckCore_dependency_info.dat -fobjc-arc -fobjc-link-runtime -o /Users/jaigaurav/Library/Developer/Xcode/DerivedData/Broccoli-eapieicfqwxippexlubxawpdfesp/Build/Intermediates.noindex/AppCheck.build/Debug-iphonesimulator/AppCheckCore.build/Objects-normal/arm64/Binary/AppCheckCore.o

ProcessInfoPlistFile /Users/jaigaurav/Library/Developer/Xcode/DerivedData/Broccoli-eapieicfqwxippexlubxawpdfesp/Build/Products/Debug-iphonesimulator/GoogleDataTransport_GoogleDataTransport.bundle/Info.plist /Users/jaigaurav/Library/Developer/Xcode/DerivedData/Broccoli-eapieicfqwxippexlubxawpdfesp/Build/Intermediates.noindex/GoogleDataTransport.build/Debug-iphonesimulator/GoogleDataTransport_GoogleDataTransport.build/empty-GoogleDataTransport_GoogleDataTransport.plist (in target 'GoogleDataTransport_GoogleDataTransport' from project 'GoogleDataTransport')
    cd /Users/jaigaurav/Library/Developer/Xcode/DerivedData/Broccoli-eapieicfqwxippexlubxawpdfesp/SourcePackages/checkouts/GoogleDataTransport
    builtin-infoPlistUtility /Users/jaigaurav/Library/Developer/Xcode/DerivedData/Broccoli-eapieicfqwxippexlubxawpdfesp/Build/Intermediates.noindex/GoogleDataTransport.build/Debug-iphonesimulator/GoogleDataTransport_GoogleDataTransport.build/empty-GoogleDataTransport_GoogleDataTransport.plist -producttype com.apple.product-type.bundle -expandbuildsettings -format binary -platform iphonesimulator -o /Users/jaigaurav/Library/Developer/Xcode/DerivedData/Broccoli-eapieicfqwxippexlubxawpdfesp/Build/Products/Debug-iphonesimulator/GoogleDataTransport_GoogleDataTransport.bundle/Info.plist

RegisterExecutionPolicyException /Users/jaigaurav/Library/Developer/Xcode/DerivedData/Broccoli-eapieicfqwxippexlubxawpdfesp/Build/Products/Debug-iphonesimulator/FirebaseCore.o (in target 'FirebaseCore' from project 'Firebase')
    cd /Users/jaigaurav/Library/Developer/Xcode/DerivedData/Broccoli-eapieicfqwxippexlubxawpdfesp/SourcePackages/checkouts/firebase-ios-sdk
    builtin-RegisterExecutionPolicyException /Users/jaigaurav/Library/Developer/Xcode/DerivedData/Broccoli-eapieicfqwxippexlubxawpdfesp/Build/Products/Debug-iphonesimulator/FirebaseCore.o

Ld /Users/jaigaurav/Library/Developer/Xcode/DerivedData/Broccoli-eapieicfqwxippexlubxawpdfesp/Build/Intermediates.noindex/GoogleDataTransport.build/Debug-iphonesimulator/GoogleDataTransport.build/Objects-normal/x86_64/Binary/GoogleDataTransport.o normal x86_64 (in target 'GoogleDataTransport' from project 'GoogleDataTransport')
    cd /Users/jaigaurav/Library/Developer/Xcode/DerivedData/Broccoli-eapieicfqwxippexlubxawpdfesp/SourcePackages/checkouts/GoogleDataTransport
    /Applications/Xcode.app/Contents/Developer/Toolchains/XcodeDefault.xctoolchain/usr/bin/clang -Xlinker -reproducible -target x86_64-apple-ios12.0-simulator -r -isysroot /Applications/Xcode.app/Contents/Developer/Platforms/iPhoneSimulator.platform/Developer/SDKs/iPhoneSimulator26.5.sdk -O0 -w -F/Users/jaigaurav/Library/Developer/Xcode/DerivedData/Broccoli-eapieicfqwxippexlubxawpdfesp/Build/Intermediates.noindex/EagerLinkingTBDs/Debug-iphonesimulator -F/Users/jaigaurav/Library/Developer/Xcode/DerivedData/Broccoli-eapieicfqwxippexlubxawpdfesp/Build/Products/Debug-iphonesimulator/PackageFrameworks -F/Users/jaigaurav/Library/Developer/Xcode/DerivedData/Broccoli-eapieicfqwxippexlubxawpdfesp/Build/Products/Debug-iphonesimulator/PackageFrameworks -F/Users/jaigaurav/Library/Developer/Xcode/DerivedData/Broccoli-eapieicfqwxippexlubxawpdfesp/Build/Products/Debug-iphonesimulator -iframework /Applications/Xcode.app/Contents/Developer/Platforms/iPhoneSimulator.platform/Developer/Library/Frameworks -iframework /Applications/Xcode.app/Contents/Developer/Platforms/iPhoneSimulator.platform/Developer/SDKs/iPhoneSimulator26.5.sdk/Developer/Library/Frameworks -filelist /Users/jaigaurav/Library/Developer/Xcode/DerivedData/Broccoli-eapieicfqwxippexlubxawpdfesp/Build/Intermediates.noindex/GoogleDataTransport.build/Debug-iphonesimulator/GoogleDataTransport.build/Objects-normal/x86_64/GoogleDataTransport.LinkFileList -nostdlib -Xlinker -object_path_lto -Xlinker /Users/jaigaurav/Library/Developer/Xcode/DerivedData/Broccoli-eapieicfqwxippexlubxawpdfesp/Build/Intermediates.noindex/GoogleDataTransport.build/Debug-iphonesimulator/GoogleDataTransport.build/Objects-normal/x86_64/GoogleDataTransport_lto.o -Xlinker -no_deduplicate -Xlinker -objc_abi_version -Xlinker 2 -Xlinker -debug_variant -Xlinker -dependency_info -Xlinker /Users/jaigaurav/Library/Developer/Xcode/DerivedData/Broccoli-eapieicfqwxippexlubxawpdfesp/Build/Intermediates.noindex/GoogleDataTransport.build/Debug-iphonesimulator/GoogleDataTransport.build/Objects-normal/x86_64/GoogleDataTransport_dependency_info.dat -fobjc-arc -fobjc-link-runtime -o /Users/jaigaurav/Library/Developer/Xcode/DerivedData/Broccoli-eapieicfqwxippexlubxawpdfesp/Build/Intermediates.noindex/GoogleDataTransport.build/Debug-iphonesimulator/GoogleDataTransport.build/Objects-normal/x86_64/Binary/GoogleDataTransport.o

CreateUniversalBinary /Users/jaigaurav/Library/Developer/Xcode/DerivedData/Broccoli-eapieicfqwxippexlubxawpdfesp/Build/Products/Debug-iphonesimulator/StripeUICore.o normal arm64\ x86_64 (in target 'StripeUICore' from project 'Stripe')
    cd /Users/jaigaurav/Library/Developer/Xcode/DerivedData/Broccoli-eapieicfqwxippexlubxawpdfesp/SourcePackages/checkouts/stripe-ios-spm
    /Applications/Xcode.app/Contents/Developer/Toolchains/XcodeDefault.xctoolchain/usr/bin/lipo -create /Users/jaigaurav/Library/Developer/Xcode/DerivedData/Broccoli-eapieicfqwxippexlubxawpdfesp/Build/Intermediates.noindex/Stripe.build/Debug-iphonesimulator/StripeUICore.build/Objects-normal/arm64/Binary/StripeUICore.o /Users/jaigaurav/Library/Developer/Xcode/DerivedData/Broccoli-eapieicfqwxippexlubxawpdfesp/Build/Intermediates.noindex/Stripe.build/Debug-iphonesimulator/StripeUICore.build/Objects-normal/x86_64/Binary/StripeUICore.o -output /Users/jaigaurav/Library/Developer/Xcode/DerivedData/Broccoli-eapieicfqwxippexlubxawpdfesp/Build/Products/Debug-iphonesimulator/StripeUICore.o

Ld /Users/jaigaurav/Library/Developer/Xcode/DerivedData/Broccoli-eapieicfqwxippexlubxawpdfesp/Build/Intermediates.noindex/GoogleUtilities.build/Debug-iphonesimulator/GoogleUtilities-Reachability.build/Objects-normal/arm64/Binary/GoogleUtilities-Reachability.o normal arm64 (in target 'GoogleUtilities-Reachability' from project 'GoogleUtilities')
    cd /Users/jaigaurav/Library/Developer/Xcode/DerivedData/Broccoli-eapieicfqwxippexlubxawpdfesp/SourcePackages/checkouts/GoogleUtilities
    /Applications/Xcode.app/Contents/Developer/Toolchains/XcodeDefault.xctoolchain/usr/bin/clang -Xlinker -reproducible -target arm64-apple-ios12.0-simulator -r -isysroot /Applications/Xcode.app/Contents/Developer/Platforms/iPhoneSimulator.platform/Developer/SDKs/iPhoneSimulator26.5.sdk -O0 -w -F/Users/jaigaurav/Library/Developer/Xcode/DerivedData/Broccoli-eapieicfqwxippexlubxawpdfesp/Build/Intermediates.noindex/EagerLinkingTBDs/Debug-iphonesimulator -F/Users/jaigaurav/Library/Developer/Xcode/DerivedData/Broccoli-eapieicfqwxippexlubxawpdfesp/Build/Products/Debug-iphonesimulator/PackageFrameworks -F/Users/jaigaurav/Library/Developer/Xcode/DerivedData/Broccoli-eapieicfqwxippexlubxawpdfesp/Build/Products/Debug-iphonesimulator/PackageFrameworks -F/Users/jaigaurav/Library/Developer/Xcode/DerivedData/Broccoli-eapieicfqwxippexlubxawpdfesp/Build/Products/Debug-iphonesimulator/PackageFrameworks -F/Users/jaigaurav/Library/Developer/Xcode/DerivedData/Broccoli-eapieicfqwxippexlubxawpdfesp/Build/Products/Debug-iphonesimulator -iframework /Applications/Xcode.app/Contents/Developer/Platforms/iPhoneSimulator.platform/Developer/Library/Frameworks -iframework /Applications/Xcode.app/Contents/Developer/Platforms/iPhoneSimulator.platform/Developer/SDKs/iPhoneSimulator26.5.sdk/Developer/Library/Frameworks -filelist /Users/jaigaurav/Library/Developer/Xcode/DerivedData/Broccoli-eapieicfqwxippexlubxawpdfesp/Build/Intermediates.noindex/GoogleUtilities.build/Debug-iphonesimulator/GoogleUtilities-Reachability.build/Objects-normal/arm64/GoogleUtilities-Reachability.LinkFileList -nostdlib -Xlinker -object_path_lto -Xlinker /Users/jaigaurav/Library/Developer/Xcode/DerivedData/Broccoli-eapieicfqwxippexlubxawpdfesp/Build/Intermediates.noindex/GoogleUtilities.build/Debug-iphonesimulator/GoogleUtilities-Reachability.build/Objects-normal/arm64/GoogleUtilities-Reachability_lto.o -Xlinker -no_deduplicate -Xlinker -objc_abi_version -Xlinker 2 -Xlinker -debug_variant -Xlinker -dependency_info -Xlinker /Users/jaigaurav/Library/Developer/Xcode/DerivedData/Broccoli-eapieicfqwxippexlubxawpdfesp/Build/Intermediates.noindex/GoogleUtilities.build/Debug-iphonesimulator/GoogleUtilities-Reachability.build/Objects-normal/arm64/GoogleUtilities-Reachability_dependency_info.dat -fobjc-arc -fobjc-link-runtime -o /Users/jaigaurav/Library/Developer/Xcode/DerivedData/Broccoli-eapieicfqwxippexlubxawpdfesp/Build/Intermediates.noindex/GoogleUtilities.build/Debug-iphonesimulator/GoogleUtilities-Reachability.build/Objects-normal/arm64/Binary/GoogleUtilities-Reachability.o

Ld /Users/jaigaurav/Library/Developer/Xcode/DerivedData/Broccoli-eapieicfqwxippexlubxawpdfesp/Build/Intermediates.noindex/AppCheck.build/Debug-iphonesimulator/AppCheckCore.build/Objects-normal/x86_64/Binary/AppCheckCore.o normal x86_64 (in target 'AppCheckCore' from project 'AppCheck')
    cd /Users/jaigaurav/Library/Developer/Xcode/DerivedData/Broccoli-eapieicfqwxippexlubxawpdfesp/SourcePackages/checkouts/app-check
    /Applications/Xcode.app/Contents/Developer/Toolchains/XcodeDefault.xctoolchain/usr/bin/clang -Xlinker -reproducible -target x86_64-apple-ios12.0-simulator -r -isysroot /Applications/Xcode.app/Contents/Developer/Platforms/iPhoneSimulator.platform/Developer/SDKs/iPhoneSimulator26.5.sdk -O0 -w -F/Users/jaigaurav/Library/Developer/Xcode/DerivedData/Broccoli-eapieicfqwxippexlubxawpdfesp/Build/Intermediates.noindex/EagerLinkingTBDs/Debug-iphonesimulator -F/Users/jaigaurav/Library/Developer/Xcode/DerivedData/Broccoli-eapieicfqwxippexlubxawpdfesp/Build/Products/Debug-iphonesimulator/PackageFrameworks -F/Users/jaigaurav/Library/Developer/Xcode/DerivedData/Broccoli-eapieicfqwxippexlubxawpdfesp/Build/Products/Debug-iphonesimulator/PackageFrameworks -F/Users/jaigaurav/Library/Developer/Xcode/DerivedData/Broccoli-eapieicfqwxippexlubxawpdfesp/Build/Products/Debug-iphonesimulator/PackageFrameworks -F/Users/jaigaurav/Library/Developer/Xcode/DerivedData/Broccoli-eapieicfqwxippexlubxawpdfesp/Build/Products/Debug-iphonesimulator/PackageFrameworks -F/Users/jaigaurav/Library/Developer/Xcode/DerivedData/Broccoli-eapieicfqwxippexlubxawpdfesp/Build/Products/Debug-iphonesimulator/PackageFrameworks -F/Users/jaigaurav/Library/Developer/Xcode/DerivedData/Broccoli-eapieicfqwxippexlubxawpdfesp/Build/Products/Debug-iphonesimulator -iframework /Applications/Xcode.app/Contents/Developer/Platforms/iPhoneSimulator.platform/Developer/Library/Frameworks -iframework /Applications/Xcode.app/Contents/Developer/Platforms/iPhoneSimulator.platform/Developer/SDKs/iPhoneSimulator26.5.sdk/Developer/Library/Frameworks -filelist /Users/jaigaurav/Library/Developer/Xcode/DerivedData/Broccoli-eapieicfqwxippexlubxawpdfesp/Build/Intermediates.noindex/AppCheck.build/Debug-iphonesimulator/AppCheckCore.build/Objects-normal/x86_64/AppCheckCore.LinkFileList -nostdlib -Xlinker -object_path_lto -Xlinker /Users/jaigaurav/Library/Developer/Xcode/DerivedData/Broccoli-eapieicfqwxippexlubxawpdfesp/Build/Intermediates.noindex/AppCheck.build/Debug-iphonesimulator/AppCheckCore.build/Objects-normal/x86_64/AppCheckCore_lto.o -Xlinker -no_deduplicate -Xlinker -objc_abi_version -Xlinker 2 -Xlinker -debug_variant -Xlinker -dependency_info -Xlinker /Users/jaigaurav/Library/Developer/Xcode/DerivedData/Broccoli-eapieicfqwxippexlubxawpdfesp/Build/Intermediates.noindex/AppCheck.build/Debug-iphonesimulator/AppCheckCore.build/Objects-normal/x86_64/AppCheckCore_dependency_info.dat -fobjc-arc -fobjc-link-runtime -o /Users/jaigaurav/Library/Developer/Xcode/DerivedData/Broccoli-eapieicfqwxippexlubxawpdfesp/Build/Intermediates.noindex/AppCheck.build/Debug-iphonesimulator/AppCheckCore.build/Objects-normal/x86_64/Binary/AppCheckCore.o

Ld /Users/jaigaurav/Library/Developer/Xcode/DerivedData/Broccoli-eapieicfqwxippexlubxawpdfesp/Build/Intermediates.noindex/GoogleUtilities.build/Debug-iphonesimulator/GoogleUtilities-Reachability.build/Objects-normal/x86_64/Binary/GoogleUtilities-Reachability.o normal x86_64 (in target 'GoogleUtilities-Reachability' from project 'GoogleUtilities')
    cd /Users/jaigaurav/Library/Developer/Xcode/DerivedData/Broccoli-eapieicfqwxippexlubxawpdfesp/SourcePackages/checkouts/GoogleUtilities
    /Applications/Xcode.app/Contents/Developer/Toolchains/XcodeDefault.xctoolchain/usr/bin/clang -Xlinker -reproducible -target x86_64-apple-ios12.0-simulator -r -isysroot /Applications/Xcode.app/Contents/Developer/Platforms/iPhoneSimulator.platform/Developer/SDKs/iPhoneSimulator26.5.sdk -O0 -w -F/Users/jaigaurav/Library/Developer/Xcode/DerivedData/Broccoli-eapieicfqwxippexlubxawpdfesp/Build/Intermediates.noindex/EagerLinkingTBDs/Debug-iphonesimulator -F/Users/jaigaurav/Library/Developer/Xcode/DerivedData/Broccoli-eapieicfqwxippexlubxawpdfesp/Build/Products/Debug-iphonesimulator/PackageFrameworks -F/Users/jaigaurav/Library/Developer/Xcode/DerivedData/Broccoli-eapieicfqwxippexlubxawpdfesp/Build/Products/Debug-iphonesimulator/PackageFrameworks -F/Users/jaigaurav/Library/Developer/Xcode/DerivedData/Broccoli-eapieicfqwxippexlubxawpdfesp/Build/Products/Debug-iphonesimulator/PackageFrameworks -F/Users/jaigaurav/Library/Developer/Xcode/DerivedData/Broccoli-eapieicfqwxippexlubxawpdfesp/Build/Products/Debug-iphonesimulator -iframework /Applications/Xcode.app/Contents/Developer/Platforms/iPhoneSimulator.platform/Developer/Library/Frameworks -iframework /Applications/Xcode.app/Contents/Developer/Platforms/iPhoneSimulator.platform/Developer/SDKs/iPhoneSimulator26.5.sdk/Developer/Library/Frameworks -filelist /Users/jaigaurav/Library/Developer/Xcode/DerivedData/Broccoli-eapieicfqwxippexlubxawpdfesp/Build/Intermediates.noindex/GoogleUtilities.build/Debug-iphonesimulator/GoogleUtilities-Reachability.build/Objects-normal/x86_64/GoogleUtilities-Reachability.LinkFileList -nostdlib -Xlinker -object_path_lto -Xlinker /Users/jaigaurav/Library/Developer/Xcode/DerivedData/Broccoli-eapieicfqwxippexlubxawpdfesp/Build/Intermediates.noindex/GoogleUtilities.build/Debug-iphonesimulator/GoogleUtilities-Reachability.build/Objects-normal/x86_64/GoogleUtilities-Reachability_lto.o -Xlinker -no_deduplicate -Xlinker -objc_abi_version -Xlinker 2 -Xlinker -debug_variant -Xlinker -dependency_info -Xlinker /Users/jaigaurav/Library/Developer/Xcode/DerivedData/Broccoli-eapieicfqwxippexlubxawpdfesp/Build/Intermediates.noindex/GoogleUtilities.build/Debug-iphonesimulator/GoogleUtilities-Reachability.build/Objects-normal/x86_64/GoogleUtilities-Reachability_dependency_info.dat -fobjc-arc -fobjc-link-runtime -o /Users/jaigaurav/Library/Developer/Xcode/DerivedData/Broccoli-eapieicfqwxippexlubxawpdfesp/Build/Intermediates.noindex/GoogleUtilities.build/Debug-iphonesimulator/GoogleUtilities-Reachability.build/Objects-normal/x86_64/Binary/GoogleUtilities-Reachability.o

ExtractAppIntentsMetadata (in target 'StripeUICore' from project 'Stripe')
    cd /Users/jaigaurav/Library/Developer/Xcode/DerivedData/Broccoli-eapieicfqwxippexlubxawpdfesp/SourcePackages/checkouts/stripe-ios-spm
    /Applications/Xcode.app/Contents/Developer/Toolchains/XcodeDefault.xctoolchain/usr/bin/appintentsmetadataprocessor --toolchain-dir /Applications/Xcode.app/Contents/Developer/Toolchains/XcodeDefault.xctoolchain --module-name StripeUICore --sdk-root /Applications/Xcode.app/Contents/Developer/Platforms/iPhoneSimulator.platform/Developer/SDKs/iPhoneSimulator26.5.sdk --xcode-version 17F113 --platform-family iOS --deployment-target 13.0 --bundle-identifier stripe-ios-spm.StripeUICore --output /Users/jaigaurav/Library/Developer/Xcode/DerivedData/Broccoli-eapieicfqwxippexlubxawpdfesp/Build/Products/Debug-iphonesimulator/StripeUICore.appintents --target-triple arm64-apple-ios13.0-simulator --target-triple x86_64-apple-ios13.0-simulator --binary-file /Users/jaigaurav/Library/Developer/Xcode/DerivedData/Broccoli-eapieicfqwxippexlubxawpdfesp/Build/Products/Debug-iphonesimulator/StripeUICore.o --dependency-file /Users/jaigaurav/Library/Developer/Xcode/DerivedData/Broccoli-eapieicfqwxippexlubxawpdfesp/Build/Intermediates.noindex/Stripe.build/Debug-iphonesimulator/StripeUICore.build/Objects-normal/arm64/StripeUICore_dependency_info.dat --dependency-file /Users/jaigaurav/Library/Developer/Xcode/DerivedData/Broccoli-eapieicfqwxippexlubxawpdfesp/Build/Intermediates.noindex/Stripe.build/Debug-iphonesimulator/StripeUICore.build/Objects-normal/x86_64/StripeUICore_dependency_info.dat --stringsdata-file /Users/jaigaurav/Library/Developer/Xcode/DerivedData/Broccoli-eapieicfqwxippexlubxawpdfesp/Build/Intermediates.noindex/Stripe.build/Debug-iphonesimulator/StripeUICore.build/Objects-normal/arm64/ExtractedAppShortcutsMetadata.stringsdata --stringsdata-file /Users/jaigaurav/Library/Developer/Xcode/DerivedData/Broccoli-eapieicfqwxippexlubxawpdfesp/Build/Intermediates.noindex/Stripe.build/Debug-iphonesimulator/StripeUICore.build/Objects-normal/x86_64/ExtractedAppShortcutsMetadata.stringsdata --source-file-list /Users/jaigaurav/Library/Developer/Xcode/DerivedData/Broccoli-eapieicfqwxippexlubxawpdfesp/Build/Intermediates.noindex/Stripe.build/Debug-iphonesimulator/StripeUICore.build/Objects-normal/arm64/StripeUICore.SwiftFileList --source-file-list /Users/jaigaurav/Library/Developer/Xcode/DerivedData/Broccoli-eapieicfqwxippexlubxawpdfesp/Build/Intermediates.noindex/Stripe.build/Debug-iphonesimulator/StripeUICore.build/Objects-normal/x86_64/StripeUICore.SwiftFileList --metadata-file-list /Users/jaigaurav/Library/Developer/Xcode/DerivedData/Broccoli-eapieicfqwxippexlubxawpdfesp/Build/Intermediates.noindex/Stripe.build/Debug-iphonesimulator/StripeUICore.build/StripeUICore.DependencyMetadataFileList --static-metadata-file-list /Users/jaigaurav/Library/Developer/Xcode/DerivedData/Broccoli-eapieicfqwxippexlubxawpdfesp/Build/Intermediates.noindex/Stripe.build/Debug-iphonesimulator/StripeUICore.build/StripeUICore.DependencyStaticMetadataFileList --swift-const-vals-list /Users/jaigaurav/Library/Developer/Xcode/DerivedData/Broccoli-eapieicfqwxippexlubxawpdfesp/Build/Intermediates.noindex/Stripe.build/Debug-iphonesimulator/StripeUICore.build/Objects-normal/arm64/StripeUICore.SwiftConstValuesFileList --swift-const-vals-list /Users/jaigaurav/Library/Developer/Xcode/DerivedData/Broccoli-eapieicfqwxippexlubxawpdfesp/Build/Intermediates.noindex/Stripe.build/Debug-iphonesimulator/StripeUICore.build/Objects-normal/x86_64/StripeUICore.SwiftConstValuesFileList --force --compile-time-extraction --deployment-aware-processing --validate-assistant-intents --no-app-shortcuts-localization
2026-08-17 12:31:47.661 appintentsmetadataprocessor[8295:167651] Starting appintentsmetadataprocessor export
2026-08-17 12:31:47.688 appintentsmetadataprocessor[8295:167651] Extracted no relevant App Intents symbols, skipping writing output

Ld /Users/jaigaurav/Library/Developer/Xcode/DerivedData/Broccoli-eapieicfqwxippexlubxawpdfesp/Build/Intermediates.noindex/GoogleDataTransport.build/Debug-iphonesimulator/GoogleDataTransport.build/Objects-normal/arm64/Binary/GoogleDataTransport.o normal arm64 (in target 'GoogleDataTransport' from project 'GoogleDataTransport')
    cd /Users/jaigaurav/Library/Developer/Xcode/DerivedData/Broccoli-eapieicfqwxippexlubxawpdfesp/SourcePackages/checkouts/GoogleDataTransport
    /Applications/Xcode.app/Contents/Developer/Toolchains/XcodeDefault.xctoolchain/usr/bin/clang -Xlinker -reproducible -target arm64-apple-ios12.0-simulator -r -isysroot /Applications/Xcode.app/Contents/Developer/Platforms/iPhoneSimulator.platform/Developer/SDKs/iPhoneSimulator26.5.sdk -O0 -w -F/Users/jaigaurav/Library/Developer/Xcode/DerivedData/Broccoli-eapieicfqwxippexlubxawpdfesp/Build/Intermediates.noindex/EagerLinkingTBDs/Debug-iphonesimulator -F/Users/jaigaurav/Library/Developer/Xcode/DerivedData/Broccoli-eapieicfqwxippexlubxawpdfesp/Build/Products/Debug-iphonesimulator/PackageFrameworks -F/Users/jaigaurav/Library/Developer/Xcode/DerivedData/Broccoli-eapieicfqwxippexlubxawpdfesp/Build/Products/Debug-iphonesimulator/PackageFrameworks -F/Users/jaigaurav/Library/Developer/Xcode/DerivedData/Broccoli-eapieicfqwxippexlubxawpdfesp/Build/Products/Debug-iphonesimulator -iframework /Applications/Xcode.app/Contents/Developer/Platforms/iPhoneSimulator.platform/Developer/Library/Frameworks -iframework /Applications/Xcode.app/Contents/Developer/Platforms/iPhoneSimulator.platform/Developer/SDKs/iPhoneSimulator26.5.sdk/Developer/Library/Frameworks -filelist /Users/jaigaurav/Library/Developer/Xcode/DerivedData/Broccoli-eapieicfqwxippexlubxawpdfesp/Build/Intermediates.noindex/GoogleDataTransport.build/Debug-iphonesimulator/GoogleDataTransport.build/Objects-normal/arm64/GoogleDataTransport.LinkFileList -nostdlib -Xlinker -object_path_lto -Xlinker /Users/jaigaurav/Library/Developer/Xcode/DerivedData/Broccoli-eapieicfqwxippexlubxawpdfesp/Build/Intermediates.noindex/GoogleDataTransport.build/Debug-iphonesimulator/GoogleDataTransport.build/Objects-normal/arm64/GoogleDataTransport_lto.o -Xlinker -no_deduplicate -Xlinker -objc_abi_version -Xlinker 2 -Xlinker -debug_variant -Xlinker -dependency_info -Xlinker /Users/jaigaurav/Library/Developer/Xcode/DerivedData/Broccoli-eapieicfqwxippexlubxawpdfesp/Build/Intermediates.noindex/GoogleDataTransport.build/Debug-iphonesimulator/GoogleDataTransport.build/Objects-normal/arm64/GoogleDataTransport_dependency_info.dat -fobjc-arc -fobjc-link-runtime -o /Users/jaigaurav/Library/Developer/Xcode/DerivedData/Broccoli-eapieicfqwxippexlubxawpdfesp/Build/Intermediates.noindex/GoogleDataTransport.build/Debug-iphonesimulator/GoogleDataTransport.build/Objects-normal/arm64/Binary/GoogleDataTransport.o

CreateUniversalBinary /Users/jaigaurav/Library/Developer/Xcode/DerivedData/Broccoli-eapieicfqwxippexlubxawpdfesp/Build/Products/Debug-iphonesimulator/GoogleUtilities-Reachability.o normal arm64\ x86_64 (in target 'GoogleUtilities-Reachability' from project 'GoogleUtilities')
    cd /Users/jaigaurav/Library/Developer/Xcode/DerivedData/Broccoli-eapieicfqwxippexlubxawpdfesp/SourcePackages/checkouts/GoogleUtilities
    /Applications/Xcode.app/Contents/Developer/Toolchains/XcodeDefault.xctoolchain/usr/bin/lipo -create /Users/jaigaurav/Library/Developer/Xcode/DerivedData/Broccoli-eapieicfqwxippexlubxawpdfesp/Build/Intermediates.noindex/GoogleUtilities.build/Debug-iphonesimulator/GoogleUtilities-Reachability.build/Objects-normal/arm64/Binary/GoogleUtilities-Reachability.o /Users/jaigaurav/Library/Developer/Xcode/DerivedData/Broccoli-eapieicfqwxippexlubxawpdfesp/Build/Intermediates.noindex/GoogleUtilities.build/Debug-iphonesimulator/GoogleUtilities-Reachability.build/Objects-normal/x86_64/Binary/GoogleUtilities-Reachability.o -output /Users/jaigaurav/Library/Developer/Xcode/DerivedData/Broccoli-eapieicfqwxippexlubxawpdfesp/Build/Products/Debug-iphonesimulator/GoogleUtilities-Reachability.o

CreateUniversalBinary /Users/jaigaurav/Library/Developer/Xcode/DerivedData/Broccoli-eapieicfqwxippexlubxawpdfesp/Build/Products/Debug-iphonesimulator/AppCheckCore.o normal arm64\ x86_64 (in target 'AppCheckCore' from project 'AppCheck')
    cd /Users/jaigaurav/Library/Developer/Xcode/DerivedData/Broccoli-eapieicfqwxippexlubxawpdfesp/SourcePackages/checkouts/app-check
    /Applications/Xcode.app/Contents/Developer/Toolchains/XcodeDefault.xctoolchain/usr/bin/lipo -create /Users/jaigaurav/Library/Developer/Xcode/DerivedData/Broccoli-eapieicfqwxippexlubxawpdfesp/Build/Intermediates.noindex/AppCheck.build/Debug-iphonesimulator/AppCheckCore.build/Objects-normal/arm64/Binary/AppCheckCore.o /Users/jaigaurav/Library/Developer/Xcode/DerivedData/Broccoli-eapieicfqwxippexlubxawpdfesp/Build/Intermediates.noindex/AppCheck.build/Debug-iphonesimulator/AppCheckCore.build/Objects-normal/x86_64/Binary/AppCheckCore.o -output /Users/jaigaurav/Library/Developer/Xcode/DerivedData/Broccoli-eapieicfqwxippexlubxawpdfesp/Build/Products/Debug-iphonesimulator/AppCheckCore.o

RegisterExecutionPolicyException /Users/jaigaurav/Library/Developer/Xcode/DerivedData/Broccoli-eapieicfqwxippexlubxawpdfesp/Build/Products/Debug-iphonesimulator/GoogleUtilities-Reachability.o (in target 'GoogleUtilities-Reachability' from project 'GoogleUtilities')
    cd /Users/jaigaurav/Library/Developer/Xcode/DerivedData/Broccoli-eapieicfqwxippexlubxawpdfesp/SourcePackages/checkouts/GoogleUtilities
    builtin-RegisterExecutionPolicyException /Users/jaigaurav/Library/Developer/Xcode/DerivedData/Broccoli-eapieicfqwxippexlubxawpdfesp/Build/Products/Debug-iphonesimulator/GoogleUtilities-Reachability.o

RegisterExecutionPolicyException /Users/jaigaurav/Library/Developer/Xcode/DerivedData/Broccoli-eapieicfqwxippexlubxawpdfesp/Build/Products/Debug-iphonesimulator/AppCheckCore.o (in target 'AppCheckCore' from project 'AppCheck')
    cd /Users/jaigaurav/Library/Developer/Xcode/DerivedData/Broccoli-eapieicfqwxippexlubxawpdfesp/SourcePackages/checkouts/app-check
    builtin-RegisterExecutionPolicyException /Users/jaigaurav/Library/Developer/Xcode/DerivedData/Broccoli-eapieicfqwxippexlubxawpdfesp/Build/Products/Debug-iphonesimulator/AppCheckCore.o

RegisterExecutionPolicyException /Users/jaigaurav/Library/Developer/Xcode/DerivedData/Broccoli-eapieicfqwxippexlubxawpdfesp/Build/Products/Debug-iphonesimulator/StripeUICore.o (in target 'StripeUICore' from project 'Stripe')
    cd /Users/jaigaurav/Library/Developer/Xcode/DerivedData/Broccoli-eapieicfqwxippexlubxawpdfesp/SourcePackages/checkouts/stripe-ios-spm
    builtin-RegisterExecutionPolicyException /Users/jaigaurav/Library/Developer/Xcode/DerivedData/Broccoli-eapieicfqwxippexlubxawpdfesp/Build/Products/Debug-iphonesimulator/StripeUICore.o

CreateUniversalBinary /Users/jaigaurav/Library/Developer/Xcode/DerivedData/Broccoli-eapieicfqwxippexlubxawpdfesp/Build/Products/Debug-iphonesimulator/GoogleDataTransport.o normal arm64\ x86_64 (in target 'GoogleDataTransport' from project 'GoogleDataTransport')
    cd /Users/jaigaurav/Library/Developer/Xcode/DerivedData/Broccoli-eapieicfqwxippexlubxawpdfesp/SourcePackages/checkouts/GoogleDataTransport
    /Applications/Xcode.app/Contents/Developer/Toolchains/XcodeDefault.xctoolchain/usr/bin/lipo -create /Users/jaigaurav/Library/Developer/Xcode/DerivedData/Broccoli-eapieicfqwxippexlubxawpdfesp/Build/Intermediates.noindex/GoogleDataTransport.build/Debug-iphonesimulator/GoogleDataTransport.build/Objects-normal/arm64/Binary/GoogleDataTransport.o /Users/jaigaurav/Library/Developer/Xcode/DerivedData/Broccoli-eapieicfqwxippexlubxawpdfesp/Build/Intermediates.noindex/GoogleDataTransport.build/Debug-iphonesimulator/GoogleDataTransport.build/Objects-normal/x86_64/Binary/GoogleDataTransport.o -output /Users/jaigaurav/Library/Developer/Xcode/DerivedData/Broccoli-eapieicfqwxippexlubxawpdfesp/Build/Products/Debug-iphonesimulator/GoogleDataTransport.o

Ld /Users/jaigaurav/Library/Developer/Xcode/DerivedData/Broccoli-eapieicfqwxippexlubxawpdfesp/Build/Intermediates.noindex/GoogleSignIn.build/Debug-iphonesimulator/GoogleSignIn.build/Objects-normal/x86_64/Binary/GoogleSignIn.o normal x86_64 (in target 'GoogleSignIn' from project 'GoogleSignIn')
    cd /Users/jaigaurav/Library/Developer/Xcode/DerivedData/Broccoli-eapieicfqwxippexlubxawpdfesp/SourcePackages/checkouts/GoogleSignIn-iOS
    /Applications/Xcode.app/Contents/Developer/Toolchains/XcodeDefault.xctoolchain/usr/bin/clang -Xlinker -reproducible -target x86_64-apple-ios12.0-simulator -r -isysroot /Applications/Xcode.app/Contents/Developer/Platforms/iPhoneSimulator.platform/Developer/SDKs/iPhoneSimulator26.5.sdk -O0 -w -F/Users/jaigaurav/Library/Developer/Xcode/DerivedData/Broccoli-eapieicfqwxippexlubxawpdfesp/Build/Intermediates.noindex/EagerLinkingTBDs/Debug-iphonesimulator -F/Users/jaigaurav/Library/Developer/Xcode/DerivedData/Broccoli-eapieicfqwxippexlubxawpdfesp/Build/Products/Debug-iphonesimulator/PackageFrameworks -F/Users/jaigaurav/Library/Developer/Xcode/DerivedData/Broccoli-eapieicfqwxippexlubxawpdfesp/Build/Products/Debug-iphonesimulator/PackageFrameworks -F/Users/jaigaurav/Library/Developer/Xcode/DerivedData/Broccoli-eapieicfqwxippexlubxawpdfesp/Build/Products/Debug-iphonesimulator/PackageFrameworks -F/Users/jaigaurav/Library/Developer/Xcode/DerivedData/Broccoli-eapieicfqwxippexlubxawpdfesp/Build/Products/Debug-iphonesimulator/PackageFrameworks -F/Users/jaigaurav/Library/Developer/Xcode/DerivedData/Broccoli-eapieicfqwxippexlubxawpdfesp/Build/Products/Debug-iphonesimulator/PackageFrameworks -F/Users/jaigaurav/Library/Developer/Xcode/DerivedData/Broccoli-eapieicfqwxippexlubxawpdfesp/Build/Products/Debug-iphonesimulator/PackageFrameworks -F/Users/jaigaurav/Library/Developer/Xcode/DerivedData/Broccoli-eapieicfqwxippexlubxawpdfesp/Build/Products/Debug-iphonesimulator/PackageFrameworks -F/Users/jaigaurav/Library/Developer/Xcode/DerivedData/Broccoli-eapieicfqwxippexlubxawpdfesp/Build/Products/Debug-iphonesimulator/PackageFrameworks -F/Users/jaigaurav/Library/Developer/Xcode/DerivedData/Broccoli-eapieicfqwxippexlubxawpdfesp/Build/Products/Debug-iphonesimulator/PackageFrameworks -F/Users/jaigaurav/Library/Developer/Xcode/DerivedData/Broccoli-eapieicfqwxippexlubxawpdfesp/Build/Products/Debug-iphonesimulator/PackageFrameworks -F/Users/jaigaurav/Library/Developer/Xcode/DerivedData/Broccoli-eapieicfqwxippexlubxawpdfesp/Build/Products/Debug-iphonesimulator -iframework /Applications/Xcode.app/Contents/Developer/Platforms/iPhoneSimulator.platform/Developer/Library/Frameworks -iframework /Applications/Xcode.app/Contents/Developer/Platforms/iPhoneSimulator.platform/Developer/SDKs/iPhoneSimulator26.5.sdk/Developer/Library/Frameworks -filelist /Users/jaigaurav/Library/Developer/Xcode/DerivedData/Broccoli-eapieicfqwxippexlubxawpdfesp/Build/Intermediates.noindex/GoogleSignIn.build/Debug-iphonesimulator/GoogleSignIn.build/Objects-normal/x86_64/GoogleSignIn.LinkFileList -nostdlib -Xlinker -object_path_lto -Xlinker /Users/jaigaurav/Library/Developer/Xcode/DerivedData/Broccoli-eapieicfqwxippexlubxawpdfesp/Build/Intermediates.noindex/GoogleSignIn.build/Debug-iphonesimulator/GoogleSignIn.build/Objects-normal/x86_64/GoogleSignIn_lto.o -Xlinker -no_deduplicate -Xlinker -objc_abi_version -Xlinker 2 -Xlinker -debug_variant -Xlinker -dependency_info -Xlinker /Users/jaigaurav/Library/Developer/Xcode/DerivedData/Broccoli-eapieicfqwxippexlubxawpdfesp/Build/Intermediates.noindex/GoogleSignIn.build/Debug-iphonesimulator/GoogleSignIn.build/Objects-normal/x86_64/GoogleSignIn_dependency_info.dat -fobjc-arc -fobjc-link-runtime -o /Users/jaigaurav/Library/Developer/Xcode/DerivedData/Broccoli-eapieicfqwxippexlubxawpdfesp/Build/Intermediates.noindex/GoogleSignIn.build/Debug-iphonesimulator/GoogleSignIn.build/Objects-normal/x86_64/Binary/GoogleSignIn.o

ProcessInfoPlistFile /Users/jaigaurav/Library/Developer/Xcode/DerivedData/Broccoli-eapieicfqwxippexlubxawpdfesp/Build/Products/Debug-iphonesimulator/Stripe_StripePayments.bundle/Info.plist /Users/jaigaurav/Library/Developer/Xcode/DerivedData/Broccoli-eapieicfqwxippexlubxawpdfesp/Build/Intermediates.noindex/Stripe.build/Debug-iphonesimulator/Stripe_StripePayments.build/empty-Stripe_StripePayments.plist (in target 'Stripe_StripePayments' from project 'Stripe')
    cd /Users/jaigaurav/Library/Developer/Xcode/DerivedData/Broccoli-eapieicfqwxippexlubxawpdfesp/SourcePackages/checkouts/stripe-ios-spm
    builtin-infoPlistUtility /Users/jaigaurav/Library/Developer/Xcode/DerivedData/Broccoli-eapieicfqwxippexlubxawpdfesp/Build/Intermediates.noindex/Stripe.build/Debug-iphonesimulator/Stripe_StripePayments.build/empty-Stripe_StripePayments.plist -producttype com.apple.product-type.bundle -expandbuildsettings -format binary -platform iphonesimulator -o /Users/jaigaurav/Library/Developer/Xcode/DerivedData/Broccoli-eapieicfqwxippexlubxawpdfesp/Build/Products/Debug-iphonesimulator/Stripe_StripePayments.bundle/Info.plist

RegisterExecutionPolicyException /Users/jaigaurav/Library/Developer/Xcode/DerivedData/Broccoli-eapieicfqwxippexlubxawpdfesp/Build/Products/Debug-iphonesimulator/GoogleDataTransport.o (in target 'GoogleDataTransport' from project 'GoogleDataTransport')
    cd /Users/jaigaurav/Library/Developer/Xcode/DerivedData/Broccoli-eapieicfqwxippexlubxawpdfesp/SourcePackages/checkouts/GoogleDataTransport
    builtin-RegisterExecutionPolicyException /Users/jaigaurav/Library/Developer/Xcode/DerivedData/Broccoli-eapieicfqwxippexlubxawpdfesp/Build/Products/Debug-iphonesimulator/GoogleDataTransport.o

Ld /Users/jaigaurav/Library/Developer/Xcode/DerivedData/Broccoli-eapieicfqwxippexlubxawpdfesp/Build/Intermediates.noindex/Stripe.build/Debug-iphonesimulator/StripePayments.build/Objects-normal/x86_64/Binary/StripePayments.o normal x86_64 (in target 'StripePayments' from project 'Stripe')
    cd /Users/jaigaurav/Library/Developer/Xcode/DerivedData/Broccoli-eapieicfqwxippexlubxawpdfesp/SourcePackages/checkouts/stripe-ios-spm
    /Applications/Xcode.app/Contents/Developer/Toolchains/XcodeDefault.xctoolchain/usr/bin/clang -Xlinker -reproducible -target x86_64-apple-ios13.0-simulator -r -isysroot /Applications/Xcode.app/Contents/Developer/Platforms/iPhoneSimulator.platform/Developer/SDKs/iPhoneSimulator26.5.sdk -O0 -w -F/Users/jaigaurav/Library/Developer/Xcode/DerivedData/Broccoli-eapieicfqwxippexlubxawpdfesp/Build/Intermediates.noindex/EagerLinkingTBDs/Debug-iphonesimulator -F/Users/jaigaurav/Library/Developer/Xcode/DerivedData/Broccoli-eapieicfqwxippexlubxawpdfesp/Build/Products/Debug-iphonesimulator/PackageFrameworks -F/Users/jaigaurav/Library/Developer/Xcode/DerivedData/Broccoli-eapieicfqwxippexlubxawpdfesp/Build/Products/Debug-iphonesimulator/PackageFrameworks -F/Users/jaigaurav/Library/Developer/Xcode/DerivedData/Broccoli-eapieicfqwxippexlubxawpdfesp/Build/Products/Debug-iphonesimulator -iframework /Applications/Xcode.app/Contents/Developer/Platforms/iPhoneSimulator.platform/Developer/Library/Frameworks -iframework /Applications/Xcode.app/Contents/Developer/Platforms/iPhoneSimulator.platform/Developer/SDKs/iPhoneSimulator26.5.sdk/Developer/Library/Frameworks -filelist /Users/jaigaurav/Library/Developer/Xcode/DerivedData/Broccoli-eapieicfqwxippexlubxawpdfesp/Build/Intermediates.noindex/Stripe.build/Debug-iphonesimulator/StripePayments.build/Objects-normal/x86_64/StripePayments.LinkFileList -nostdlib -Xlinker -object_path_lto -Xlinker /Users/jaigaurav/Library/Developer/Xcode/DerivedData/Broccoli-eapieicfqwxippexlubxawpdfesp/Build/Intermediates.noindex/Stripe.build/Debug-iphonesimulator/StripePayments.build/Objects-normal/x86_64/StripePayments_lto.o -Xlinker -no_deduplicate -Xlinker -objc_abi_version -Xlinker 2 -Xlinker -debug_variant -Xlinker -dependency_info -Xlinker /Users/jaigaurav/Library/Developer/Xcode/DerivedData/Broccoli-eapieicfqwxippexlubxawpdfesp/Build/Intermediates.noindex/Stripe.build/Debug-iphonesimulator/StripePayments.build/Objects-normal/x86_64/StripePayments_dependency_info.dat -fobjc-link-runtime -L/Applications/Xcode.app/Contents/Developer/Toolchains/XcodeDefault.xctoolchain/usr/lib/swift/iphonesimulator -L/usr/lib/swift -Xlinker -add_ast_path -Xlinker /Users/jaigaurav/Library/Developer/Xcode/DerivedData/Broccoli-eapieicfqwxippexlubxawpdfesp/Build/Intermediates.noindex/Stripe.build/Debug-iphonesimulator/StripePayments.build/Objects-normal/x86_64/StripePayments.swiftmodule @/Users/jaigaurav/Library/Developer/Xcode/DerivedData/Broccoli-eapieicfqwxippexlubxawpdfesp/Build/Intermediates.noindex/Stripe.build/Debug-iphonesimulator/StripePayments.build/Objects-normal/x86_64/StripePayments-linker-args.resp -o /Users/jaigaurav/Library/Developer/Xcode/DerivedData/Broccoli-eapieicfqwxippexlubxawpdfesp/Build/Intermediates.noindex/Stripe.build/Debug-iphonesimulator/StripePayments.build/Objects-normal/x86_64/Binary/StripePayments.o

Ld /Users/jaigaurav/Library/Developer/Xcode/DerivedData/Broccoli-eapieicfqwxippexlubxawpdfesp/Build/Intermediates.noindex/GoogleSignIn.build/Debug-iphonesimulator/GoogleSignIn.build/Objects-normal/arm64/Binary/GoogleSignIn.o normal arm64 (in target 'GoogleSignIn' from project 'GoogleSignIn')
    cd /Users/jaigaurav/Library/Developer/Xcode/DerivedData/Broccoli-eapieicfqwxippexlubxawpdfesp/SourcePackages/checkouts/GoogleSignIn-iOS
    /Applications/Xcode.app/Contents/Developer/Toolchains/XcodeDefault.xctoolchain/usr/bin/clang -Xlinker -reproducible -target arm64-apple-ios12.0-simulator -r -isysroot /Applications/Xcode.app/Contents/Developer/Platforms/iPhoneSimulator.platform/Developer/SDKs/iPhoneSimulator26.5.sdk -O0 -w -F/Users/jaigaurav/Library/Developer/Xcode/DerivedData/Broccoli-eapieicfqwxippexlubxawpdfesp/Build/Intermediates.noindex/EagerLinkingTBDs/Debug-iphonesimulator -F/Users/jaigaurav/Library/Developer/Xcode/DerivedData/Broccoli-eapieicfqwxippexlubxawpdfesp/Build/Products/Debug-iphonesimulator/PackageFrameworks -F/Users/jaigaurav/Library/Developer/Xcode/DerivedData/Broccoli-eapieicfqwxippexlubxawpdfesp/Build/Products/Debug-iphonesimulator/PackageFrameworks -F/Users/jaigaurav/Library/Developer/Xcode/DerivedData/Broccoli-eapieicfqwxippexlubxawpdfesp/Build/Products/Debug-iphonesimulator/PackageFrameworks -F/Users/jaigaurav/Library/Developer/Xcode/DerivedData/Broccoli-eapieicfqwxippexlubxawpdfesp/Build/Products/Debug-iphonesimulator/PackageFrameworks -F/Users/jaigaurav/Library/Developer/Xcode/DerivedData/Broccoli-eapieicfqwxippexlubxawpdfesp/Build/Products/Debug-iphonesimulator/PackageFrameworks -F/Users/jaigaurav/Library/Developer/Xcode/DerivedData/Broccoli-eapieicfqwxippexlubxawpdfesp/Build/Products/Debug-iphonesimulator/PackageFrameworks -F/Users/jaigaurav/Library/Developer/Xcode/DerivedData/Broccoli-eapieicfqwxippexlubxawpdfesp/Build/Products/Debug-iphonesimulator/PackageFrameworks -F/Users/jaigaurav/Library/Developer/Xcode/DerivedData/Broccoli-eapieicfqwxippexlubxawpdfesp/Build/Products/Debug-iphonesimulator/PackageFrameworks -F/Users/jaigaurav/Library/Developer/Xcode/DerivedData/Broccoli-eapieicfqwxippexlubxawpdfesp/Build/Products/Debug-iphonesimulator/PackageFrameworks -F/Users/jaigaurav/Library/Developer/Xcode/DerivedData/Broccoli-eapieicfqwxippexlubxawpdfesp/Build/Products/Debug-iphonesimulator/PackageFrameworks -F/Users/jaigaurav/Library/Developer/Xcode/DerivedData/Broccoli-eapieicfqwxippexlubxawpdfesp/Build/Products/Debug-iphonesimulator -iframework /Applications/Xcode.app/Contents/Developer/Platforms/iPhoneSimulator.platform/Developer/Library/Frameworks -iframework /Applications/Xcode.app/Contents/Developer/Platforms/iPhoneSimulator.platform/Developer/SDKs/iPhoneSimulator26.5.sdk/Developer/Library/Frameworks -filelist /Users/jaigaurav/Library/Developer/Xcode/DerivedData/Broccoli-eapieicfqwxippexlubxawpdfesp/Build/Intermediates.noindex/GoogleSignIn.build/Debug-iphonesimulator/GoogleSignIn.build/Objects-normal/arm64/GoogleSignIn.LinkFileList -nostdlib -Xlinker -object_path_lto -Xlinker /Users/jaigaurav/Library/Developer/Xcode/DerivedData/Broccoli-eapieicfqwxippexlubxawpdfesp/Build/Intermediates.noindex/GoogleSignIn.build/Debug-iphonesimulator/GoogleSignIn.build/Objects-normal/arm64/GoogleSignIn_lto.o -Xlinker -no_deduplicate -Xlinker -objc_abi_version -Xlinker 2 -Xlinker -debug_variant -Xlinker -dependency_info -Xlinker /Users/jaigaurav/Library/Developer/Xcode/DerivedData/Broccoli-eapieicfqwxippexlubxawpdfesp/Build/Intermediates.noindex/GoogleSignIn.build/Debug-iphonesimulator/GoogleSignIn.build/Objects-normal/arm64/GoogleSignIn_dependency_info.dat -fobjc-arc -fobjc-link-runtime -o /Users/jaigaurav/Library/Developer/Xcode/DerivedData/Broccoli-eapieicfqwxippexlubxawpdfesp/Build/Intermediates.noindex/GoogleSignIn.build/Debug-iphonesimulator/GoogleSignIn.build/Objects-normal/arm64/Binary/GoogleSignIn.o

ProcessInfoPlistFile /Users/jaigaurav/Library/Developer/Xcode/DerivedData/Broccoli-eapieicfqwxippexlubxawpdfesp/Build/Products/Debug-iphonesimulator/Promises_Promises.bundle/Info.plist /Users/jaigaurav/Library/Developer/Xcode/DerivedData/Broccoli-eapieicfqwxippexlubxawpdfesp/Build/Intermediates.noindex/Promises.build/Debug-iphonesimulator/Promises_Promises.build/empty-Promises_Promises.plist (in target 'Promises_Promises' from project 'Promises')
    cd /Users/jaigaurav/Library/Developer/Xcode/DerivedData/Broccoli-eapieicfqwxippexlubxawpdfesp/SourcePackages/checkouts/promises
    builtin-infoPlistUtility /Users/jaigaurav/Library/Developer/Xcode/DerivedData/Broccoli-eapieicfqwxippexlubxawpdfesp/Build/Intermediates.noindex/Promises.build/Debug-iphonesimulator/Promises_Promises.build/empty-Promises_Promises.plist -producttype com.apple.product-type.bundle -expandbuildsettings -format binary -platform iphonesimulator -o /Users/jaigaurav/Library/Developer/Xcode/DerivedData/Broccoli-eapieicfqwxippexlubxawpdfesp/Build/Products/Debug-iphonesimulator/Promises_Promises.bundle/Info.plist

ProcessInfoPlistFile /Users/jaigaurav/Library/Developer/Xcode/DerivedData/Broccoli-eapieicfqwxippexlubxawpdfesp/Build/Products/Debug-iphonesimulator/GoogleUtilities_GoogleUtilities-AppDelegateSwizzler.bundle/Info.plist /Users/jaigaurav/Library/Developer/Xcode/DerivedData/Broccoli-eapieicfqwxippexlubxawpdfesp/Build/Intermediates.noindex/GoogleUtilities.build/Debug-iphonesimulator/GoogleUtilities_GoogleUtilities-AppDelegateSwizzler.build/empty-GoogleUtilities_GoogleUtilities-AppDelegateSwizzler.plist (in target 'GoogleUtilities_GoogleUtilities-AppDelegateSwizzler' from project 'GoogleUtilities')
    cd /Users/jaigaurav/Library/Developer/Xcode/DerivedData/Broccoli-eapieicfqwxippexlubxawpdfesp/SourcePackages/checkouts/GoogleUtilities
    builtin-infoPlistUtility /Users/jaigaurav/Library/Developer/Xcode/DerivedData/Broccoli-eapieicfqwxippexlubxawpdfesp/Build/Intermediates.noindex/GoogleUtilities.build/Debug-iphonesimulator/GoogleUtilities_GoogleUtilities-AppDelegateSwizzler.build/empty-GoogleUtilities_GoogleUtilities-AppDelegateSwizzler.plist -producttype com.apple.product-type.bundle -expandbuildsettings -format binary -platform iphonesimulator -o /Users/jaigaurav/Library/Developer/Xcode/DerivedData/Broccoli-eapieicfqwxippexlubxawpdfesp/Build/Products/Debug-iphonesimulator/GoogleUtilities_GoogleUtilities-AppDelegateSwizzler.bundle/Info.plist

Ld /Users/jaigaurav/Library/Developer/Xcode/DerivedData/Broccoli-eapieicfqwxippexlubxawpdfesp/Build/Intermediates.noindex/Promises.build/Debug-iphonesimulator/Promises.build/Objects-normal/x86_64/Binary/Promises.o normal x86_64 (in target 'Promises' from project 'Promises')
    cd /Users/jaigaurav/Library/Developer/Xcode/DerivedData/Broccoli-eapieicfqwxippexlubxawpdfesp/SourcePackages/checkouts/promises
    /Applications/Xcode.app/Contents/Developer/Toolchains/XcodeDefault.xctoolchain/usr/bin/clang -Xlinker -reproducible -target x86_64-apple-ios12.0-simulator -r -isysroot /Applications/Xcode.app/Contents/Developer/Platforms/iPhoneSimulator.platform/Developer/SDKs/iPhoneSimulator26.5.sdk -O0 -w -F/Users/jaigaurav/Library/Developer/Xcode/DerivedData/Broccoli-eapieicfqwxippexlubxawpdfesp/Build/Intermediates.noindex/EagerLinkingTBDs/Debug-iphonesimulator -F/Users/jaigaurav/Library/Developer/Xcode/DerivedData/Broccoli-eapieicfqwxippexlubxawpdfesp/Build/Products/Debug-iphonesimulator/PackageFrameworks -F/Users/jaigaurav/Library/Developer/Xcode/DerivedData/Broccoli-eapieicfqwxippexlubxawpdfesp/Build/Products/Debug-iphonesimulator -iframework /Applications/Xcode.app/Contents/Developer/Platforms/iPhoneSimulator.platform/Developer/Library/Frameworks -iframework /Applications/Xcode.app/Contents/Developer/Platforms/iPhoneSimulator.platform/Developer/SDKs/iPhoneSimulator26.5.sdk/Developer/Library/Frameworks -filelist /Users/jaigaurav/Library/Developer/Xcode/DerivedData/Broccoli-eapieicfqwxippexlubxawpdfesp/Build/Intermediates.noindex/Promises.build/Debug-iphonesimulator/Promises.build/Objects-normal/x86_64/Promises.LinkFileList -nostdlib -Xlinker -object_path_lto -Xlinker /Users/jaigaurav/Library/Developer/Xcode/DerivedData/Broccoli-eapieicfqwxippexlubxawpdfesp/Build/Intermediates.noindex/Promises.build/Debug-iphonesimulator/Promises.build/Objects-normal/x86_64/Promises_lto.o -Xlinker -no_deduplicate -Xlinker -objc_abi_version -Xlinker 2 -Xlinker -debug_variant -Xlinker -dependency_info -Xlinker /Users/jaigaurav/Library/Developer/Xcode/DerivedData/Broccoli-eapieicfqwxippexlubxawpdfesp/Build/Intermediates.noindex/Promises.build/Debug-iphonesimulator/Promises.build/Objects-normal/x86_64/Promises_dependency_info.dat -fobjc-link-runtime -L/Applications/Xcode.app/Contents/Developer/Toolchains/XcodeDefault.xctoolchain/usr/lib/swift/iphonesimulator -L/usr/lib/swift -Xlinker -add_ast_path -Xlinker /Users/jaigaurav/Library/Developer/Xcode/DerivedData/Broccoli-eapieicfqwxippexlubxawpdfesp/Build/Intermediates.noindex/Promises.build/Debug-iphonesimulator/Promises.build/Objects-normal/x86_64/Promises.swiftmodule @/Users/jaigaurav/Library/Developer/Xcode/DerivedData/Broccoli-eapieicfqwxippexlubxawpdfesp/Build/Intermediates.noindex/Promises.build/Debug-iphonesimulator/Promises.build/Objects-normal/x86_64/Promises-linker-args.resp -o /Users/jaigaurav/Library/Developer/Xcode/DerivedData/Broccoli-eapieicfqwxippexlubxawpdfesp/Build/Intermediates.noindex/Promises.build/Debug-iphonesimulator/Promises.build/Objects-normal/x86_64/Binary/Promises.o

ProcessInfoPlistFile /Users/jaigaurav/Library/Developer/Xcode/DerivedData/Broccoli-eapieicfqwxippexlubxawpdfesp/Build/Products/Debug-iphonesimulator/GoogleUtilities_GoogleUtilities-Network.bundle/Info.plist /Users/jaigaurav/Library/Developer/Xcode/DerivedData/Broccoli-eapieicfqwxippexlubxawpdfesp/Build/Intermediates.noindex/GoogleUtilities.build/Debug-iphonesimulator/GoogleUtilities_GoogleUtilities-Network.build/empty-GoogleUtilities_GoogleUtilities-Network.plist (in target 'GoogleUtilities_GoogleUtilities-Network' from project 'GoogleUtilities')
    cd /Users/jaigaurav/Library/Developer/Xcode/DerivedData/Broccoli-eapieicfqwxippexlubxawpdfesp/SourcePackages/checkouts/GoogleUtilities
    builtin-infoPlistUtility /Users/jaigaurav/Library/Developer/Xcode/DerivedData/Broccoli-eapieicfqwxippexlubxawpdfesp/Build/Intermediates.noindex/GoogleUtilities.build/Debug-iphonesimulator/GoogleUtilities_GoogleUtilities-Network.build/empty-GoogleUtilities_GoogleUtilities-Network.plist -producttype com.apple.product-type.bundle -expandbuildsettings -format binary -platform iphonesimulator -o /Users/jaigaurav/Library/Developer/Xcode/DerivedData/Broccoli-eapieicfqwxippexlubxawpdfesp/Build/Products/Debug-iphonesimulator/GoogleUtilities_GoogleUtilities-Network.bundle/Info.plist

Ld /Users/jaigaurav/Library/Developer/Xcode/DerivedData/Broccoli-eapieicfqwxippexlubxawpdfesp/Build/Intermediates.noindex/GoogleUtilities.build/Debug-iphonesimulator/GoogleUtilities-Network.build/Objects-normal/x86_64/Binary/GoogleUtilities-Network.o normal x86_64 (in target 'GoogleUtilities-Network' from project 'GoogleUtilities')
    cd /Users/jaigaurav/Library/Developer/Xcode/DerivedData/Broccoli-eapieicfqwxippexlubxawpdfesp/SourcePackages/checkouts/GoogleUtilities
    /Applications/Xcode.app/Contents/Developer/Toolchains/XcodeDefault.xctoolchain/usr/bin/clang -Xlinker -reproducible -target x86_64-apple-ios12.0-simulator -r -isysroot /Applications/Xcode.app/Contents/Developer/Platforms/iPhoneSimulator.platform/Developer/SDKs/iPhoneSimulator26.5.sdk -O0 -w -F/Users/jaigaurav/Library/Developer/Xcode/DerivedData/Broccoli-eapieicfqwxippexlubxawpdfesp/Build/Intermediates.noindex/EagerLinkingTBDs/Debug-iphonesimulator -F/Users/jaigaurav/Library/Developer/Xcode/DerivedData/Broccoli-eapieicfqwxippexlubxawpdfesp/Build/Products/Debug-iphonesimulator/PackageFrameworks -F/Users/jaigaurav/Library/Developer/Xcode/DerivedData/Broccoli-eapieicfqwxippexlubxawpdfesp/Build/Products/Debug-iphonesimulator/PackageFrameworks -F/Users/jaigaurav/Library/Developer/Xcode/DerivedData/Broccoli-eapieicfqwxippexlubxawpdfesp/Build/Products/Debug-iphonesimulator/PackageFrameworks -F/Users/jaigaurav/Library/Developer/Xcode/DerivedData/Broccoli-eapieicfqwxippexlubxawpdfesp/Build/Products/Debug-iphonesimulator/PackageFrameworks -F/Users/jaigaurav/Library/Developer/Xcode/DerivedData/Broccoli-eapieicfqwxippexlubxawpdfesp/Build/Products/Debug-iphonesimulator/PackageFrameworks -F/Users/jaigaurav/Library/Developer/Xcode/DerivedData/Broccoli-eapieicfqwxippexlubxawpdfesp/Build/Products/Debug-iphonesimulator -iframework /Applications/Xcode.app/Contents/Developer/Platforms/iPhoneSimulator.platform/Developer/Library/Frameworks -iframework /Applications/Xcode.app/Contents/Developer/Platforms/iPhoneSimulator.platform/Developer/SDKs/iPhoneSimulator26.5.sdk/Developer/Library/Frameworks -filelist /Users/jaigaurav/Library/Developer/Xcode/DerivedData/Broccoli-eapieicfqwxippexlubxawpdfesp/Build/Intermediates.noindex/GoogleUtilities.build/Debug-iphonesimulator/GoogleUtilities-Network.build/Objects-normal/x86_64/GoogleUtilities-Network.LinkFileList -nostdlib -Xlinker -object_path_lto -Xlinker /Users/jaigaurav/Library/Developer/Xcode/DerivedData/Broccoli-eapieicfqwxippexlubxawpdfesp/Build/Intermediates.noindex/GoogleUtilities.build/Debug-iphonesimulator/GoogleUtilities-Network.build/Objects-normal/x86_64/GoogleUtilities-Network_lto.o -Xlinker -no_deduplicate -Xlinker -objc_abi_version -Xlinker 2 -Xlinker -debug_variant -Xlinker -dependency_info -Xlinker /Users/jaigaurav/Library/Developer/Xcode/DerivedData/Broccoli-eapieicfqwxippexlubxawpdfesp/Build/Intermediates.noindex/GoogleUtilities.build/Debug-iphonesimulator/GoogleUtilities-Network.build/Objects-normal/x86_64/GoogleUtilities-Network_dependency_info.dat -fobjc-arc -fobjc-link-runtime -o /Users/jaigaurav/Library/Developer/Xcode/DerivedData/Broccoli-eapieicfqwxippexlubxawpdfesp/Build/Intermediates.noindex/GoogleUtilities.build/Debug-iphonesimulator/GoogleUtilities-Network.build/Objects-normal/x86_64/Binary/GoogleUtilities-Network.o

CreateUniversalBinary /Users/jaigaurav/Library/Developer/Xcode/DerivedData/Broccoli-eapieicfqwxippexlubxawpdfesp/Build/Products/Debug-iphonesimulator/GoogleSignIn.o normal arm64\ x86_64 (in target 'GoogleSignIn' from project 'GoogleSignIn')
    cd /Users/jaigaurav/Library/Developer/Xcode/DerivedData/Broccoli-eapieicfqwxippexlubxawpdfesp/SourcePackages/checkouts/GoogleSignIn-iOS
    /Applications/Xcode.app/Contents/Developer/Toolchains/XcodeDefault.xctoolchain/usr/bin/lipo -create /Users/jaigaurav/Library/Developer/Xcode/DerivedData/Broccoli-eapieicfqwxippexlubxawpdfesp/Build/Intermediates.noindex/GoogleSignIn.build/Debug-iphonesimulator/GoogleSignIn.build/Objects-normal/arm64/Binary/GoogleSignIn.o /Users/jaigaurav/Library/Developer/Xcode/DerivedData/Broccoli-eapieicfqwxippexlubxawpdfesp/Build/Intermediates.noindex/GoogleSignIn.build/Debug-iphonesimulator/GoogleSignIn.build/Objects-normal/x86_64/Binary/GoogleSignIn.o -output /Users/jaigaurav/Library/Developer/Xcode/DerivedData/Broccoli-eapieicfqwxippexlubxawpdfesp/Build/Products/Debug-iphonesimulator/GoogleSignIn.o

RegisterExecutionPolicyException /Users/jaigaurav/Library/Developer/Xcode/DerivedData/Broccoli-eapieicfqwxippexlubxawpdfesp/Build/Products/Debug-iphonesimulator/GoogleSignIn.o (in target 'GoogleSignIn' from project 'GoogleSignIn')
    cd /Users/jaigaurav/Library/Developer/Xcode/DerivedData/Broccoli-eapieicfqwxippexlubxawpdfesp/SourcePackages/checkouts/GoogleSignIn-iOS
    builtin-RegisterExecutionPolicyException /Users/jaigaurav/Library/Developer/Xcode/DerivedData/Broccoli-eapieicfqwxippexlubxawpdfesp/Build/Products/Debug-iphonesimulator/GoogleSignIn.o

Ld /Users/jaigaurav/Library/Developer/Xcode/DerivedData/Broccoli-eapieicfqwxippexlubxawpdfesp/Build/Intermediates.noindex/Promises.build/Debug-iphonesimulator/Promises.build/Objects-normal/arm64/Binary/Promises.o normal arm64 (in target 'Promises' from project 'Promises')
    cd /Users/jaigaurav/Library/Developer/Xcode/DerivedData/Broccoli-eapieicfqwxippexlubxawpdfesp/SourcePackages/checkouts/promises
    /Applications/Xcode.app/Contents/Developer/Toolchains/XcodeDefault.xctoolchain/usr/bin/clang -Xlinker -reproducible -target arm64-apple-ios12.0-simulator -r -isysroot /Applications/Xcode.app/Contents/Developer/Platforms/iPhoneSimulator.platform/Developer/SDKs/iPhoneSimulator26.5.sdk -O0 -w -F/Users/jaigaurav/Library/Developer/Xcode/DerivedData/Broccoli-eapieicfqwxippexlubxawpdfesp/Build/Intermediates.noindex/EagerLinkingTBDs/Debug-iphonesimulator -F/Users/jaigaurav/Library/Developer/Xcode/DerivedData/Broccoli-eapieicfqwxippexlubxawpdfesp/Build/Products/Debug-iphonesimulator/PackageFrameworks -F/Users/jaigaurav/Library/Developer/Xcode/DerivedData/Broccoli-eapieicfqwxippexlubxawpdfesp/Build/Products/Debug-iphonesimulator -iframework /Applications/Xcode.app/Contents/Developer/Platforms/iPhoneSimulator.platform/Developer/Library/Frameworks -iframework /Applications/Xcode.app/Contents/Developer/Platforms/iPhoneSimulator.platform/Developer/SDKs/iPhoneSimulator26.5.sdk/Developer/Library/Frameworks -filelist /Users/jaigaurav/Library/Developer/Xcode/DerivedData/Broccoli-eapieicfqwxippexlubxawpdfesp/Build/Intermediates.noindex/Promises.build/Debug-iphonesimulator/Promises.build/Objects-normal/arm64/Promises.LinkFileList -nostdlib -Xlinker -object_path_lto -Xlinker /Users/jaigaurav/Library/Developer/Xcode/DerivedData/Broccoli-eapieicfqwxippexlubxawpdfesp/Build/Intermediates.noindex/Promises.build/Debug-iphonesimulator/Promises.build/Objects-normal/arm64/Promises_lto.o -Xlinker -no_deduplicate -Xlinker -objc_abi_version -Xlinker 2 -Xlinker -debug_variant -Xlinker -dependency_info -Xlinker /Users/jaigaurav/Library/Developer/Xcode/DerivedData/Broccoli-eapieicfqwxippexlubxawpdfesp/Build/Intermediates.noindex/Promises.build/Debug-iphonesimulator/Promises.build/Objects-normal/arm64/Promises_dependency_info.dat -fobjc-link-runtime -L/Applications/Xcode.app/Contents/Developer/Toolchains/XcodeDefault.xctoolchain/usr/lib/swift/iphonesimulator -L/usr/lib/swift -Xlinker -add_ast_path -Xlinker /Users/jaigaurav/Library/Developer/Xcode/DerivedData/Broccoli-eapieicfqwxippexlubxawpdfesp/Build/Intermediates.noindex/Promises.build/Debug-iphonesimulator/Promises.build/Objects-normal/arm64/Promises.swiftmodule @/Users/jaigaurav/Library/Developer/Xcode/DerivedData/Broccoli-eapieicfqwxippexlubxawpdfesp/Build/Intermediates.noindex/Promises.build/Debug-iphonesimulator/Promises.build/Objects-normal/arm64/Promises-linker-args.resp -o /Users/jaigaurav/Library/Developer/Xcode/DerivedData/Broccoli-eapieicfqwxippexlubxawpdfesp/Build/Intermediates.noindex/Promises.build/Debug-iphonesimulator/Promises.build/Objects-normal/arm64/Binary/Promises.o

Ld /Users/jaigaurav/Library/Developer/Xcode/DerivedData/Broccoli-eapieicfqwxippexlubxawpdfesp/Build/Intermediates.noindex/GoogleUtilities.build/Debug-iphonesimulator/GoogleUtilities-Network.build/Objects-normal/arm64/Binary/GoogleUtilities-Network.o normal arm64 (in target 'GoogleUtilities-Network' from project 'GoogleUtilities')
    cd /Users/jaigaurav/Library/Developer/Xcode/DerivedData/Broccoli-eapieicfqwxippexlubxawpdfesp/SourcePackages/checkouts/GoogleUtilities
    /Applications/Xcode.app/Contents/Developer/Toolchains/XcodeDefault.xctoolchain/usr/bin/clang -Xlinker -reproducible -target arm64-apple-ios12.0-simulator -r -isysroot /Applications/Xcode.app/Contents/Developer/Platforms/iPhoneSimulator.platform/Developer/SDKs/iPhoneSimulator26.5.sdk -O0 -w -F/Users/jaigaurav/Library/Developer/Xcode/DerivedData/Broccoli-eapieicfqwxippexlubxawpdfesp/Build/Intermediates.noindex/EagerLinkingTBDs/Debug-iphonesimulator -F/Users/jaigaurav/Library/Developer/Xcode/DerivedData/Broccoli-eapieicfqwxippexlubxawpdfesp/Build/Products/Debug-iphonesimulator/PackageFrameworks -F/Users/jaigaurav/Library/Developer/Xcode/DerivedData/Broccoli-eapieicfqwxippexlubxawpdfesp/Build/Products/Debug-iphonesimulator/PackageFrameworks -F/Users/jaigaurav/Library/Developer/Xcode/DerivedData/Broccoli-eapieicfqwxippexlubxawpdfesp/Build/Products/Debug-iphonesimulator/PackageFrameworks -F/Users/jaigaurav/Library/Developer/Xcode/DerivedData/Broccoli-eapieicfqwxippexlubxawpdfesp/Build/Products/Debug-iphonesimulator/PackageFrameworks -F/Users/jaigaurav/Library/Developer/Xcode/DerivedData/Broccoli-eapieicfqwxippexlubxawpdfesp/Build/Products/Debug-iphonesimulator/PackageFrameworks -F/Users/jaigaurav/Library/Developer/Xcode/DerivedData/Broccoli-eapieicfqwxippexlubxawpdfesp/Build/Products/Debug-iphonesimulator -iframework /Applications/Xcode.app/Contents/Developer/Platforms/iPhoneSimulator.platform/Developer/Library/Frameworks -iframework /Applications/Xcode.app/Contents/Developer/Platforms/iPhoneSimulator.platform/Developer/SDKs/iPhoneSimulator26.5.sdk/Developer/Library/Frameworks -filelist /Users/jaigaurav/Library/Developer/Xcode/DerivedData/Broccoli-eapieicfqwxippexlubxawpdfesp/Build/Intermediates.noindex/GoogleUtilities.build/Debug-iphonesimulator/GoogleUtilities-Network.build/Objects-normal/arm64/GoogleUtilities-Network.LinkFileList -nostdlib -Xlinker -object_path_lto -Xlinker /Users/jaigaurav/Library/Developer/Xcode/DerivedData/Broccoli-eapieicfqwxippexlubxawpdfesp/Build/Intermediates.noindex/GoogleUtilities.build/Debug-iphonesimulator/GoogleUtilities-Network.build/Objects-normal/arm64/GoogleUtilities-Network_lto.o -Xlinker -no_deduplicate -Xlinker -objc_abi_version -Xlinker 2 -Xlinker -debug_variant -Xlinker -dependency_info -Xlinker /Users/jaigaurav/Library/Developer/Xcode/DerivedData/Broccoli-eapieicfqwxippexlubxawpdfesp/Build/Intermediates.noindex/GoogleUtilities.build/Debug-iphonesimulator/GoogleUtilities-Network.build/Objects-normal/arm64/GoogleUtilities-Network_dependency_info.dat -fobjc-arc -fobjc-link-runtime -o /Users/jaigaurav/Library/Developer/Xcode/DerivedData/Broccoli-eapieicfqwxippexlubxawpdfesp/Build/Intermediates.noindex/GoogleUtilities.build/Debug-iphonesimulator/GoogleUtilities-Network.build/Objects-normal/arm64/Binary/GoogleUtilities-Network.o

Ld /Users/jaigaurav/Library/Developer/Xcode/DerivedData/Broccoli-eapieicfqwxippexlubxawpdfesp/Build/Intermediates.noindex/GoogleSignIn.build/Debug-iphonesimulator/GoogleSignInSwift.build/Objects-normal/x86_64/Binary/GoogleSignInSwift.o normal x86_64 (in target 'GoogleSignInSwift' from project 'GoogleSignIn')
    cd /Users/jaigaurav/Library/Developer/Xcode/DerivedData/Broccoli-eapieicfqwxippexlubxawpdfesp/SourcePackages/checkouts/GoogleSignIn-iOS
    /Applications/Xcode.app/Contents/Developer/Toolchains/XcodeDefault.xctoolchain/usr/bin/clang -Xlinker -reproducible -target x86_64-apple-ios12.0-simulator -r -isysroot /Applications/Xcode.app/Contents/Developer/Platforms/iPhoneSimulator.platform/Developer/SDKs/iPhoneSimulator26.5.sdk -O0 -w -F/Users/jaigaurav/Library/Developer/Xcode/DerivedData/Broccoli-eapieicfqwxippexlubxawpdfesp/Build/Intermediates.noindex/EagerLinkingTBDs/Debug-iphonesimulator -F/Users/jaigaurav/Library/Developer/Xcode/DerivedData/Broccoli-eapieicfqwxippexlubxawpdfesp/Build/Products/Debug-iphonesimulator/PackageFrameworks -F/Users/jaigaurav/Library/Developer/Xcode/DerivedData/Broccoli-eapieicfqwxippexlubxawpdfesp/Build/Products/Debug-iphonesimulator/PackageFrameworks -F/Users/jaigaurav/Library/Developer/Xcode/DerivedData/Broccoli-eapieicfqwxippexlubxawpdfesp/Build/Products/Debug-iphonesimulator/PackageFrameworks -F/Users/jaigaurav/Library/Developer/Xcode/DerivedData/Broccoli-eapieicfqwxippexlubxawpdfesp/Build/Products/Debug-iphonesimulator/PackageFrameworks -F/Users/jaigaurav/Library/Developer/Xcode/DerivedData/Broccoli-eapieicfqwxippexlubxawpdfesp/Build/Products/Debug-iphonesimulator/PackageFrameworks -F/Users/jaigaurav/Library/Developer/Xcode/DerivedData/Broccoli-eapieicfqwxippexlubxawpdfesp/Build/Products/Debug-iphonesimulator/PackageFrameworks -F/Users/jaigaurav/Library/Developer/Xcode/DerivedData/Broccoli-eapieicfqwxippexlubxawpdfesp/Build/Products/Debug-iphonesimulator/PackageFrameworks -F/Users/jaigaurav/Library/Developer/Xcode/DerivedData/Broccoli-eapieicfqwxippexlubxawpdfesp/Build/Products/Debug-iphonesimulator/PackageFrameworks -F/Users/jaigaurav/Library/Developer/Xcode/DerivedData/Broccoli-eapieicfqwxippexlubxawpdfesp/Build/Products/Debug-iphonesimulator/PackageFrameworks -F/Users/jaigaurav/Library/Developer/Xcode/DerivedData/Broccoli-eapieicfqwxippexlubxawpdfesp/Build/Products/Debug-iphonesimulator/PackageFrameworks -F/Users/jaigaurav/Library/Developer/Xcode/DerivedData/Broccoli-eapieicfqwxippexlubxawpdfesp/Build/Products/Debug-iphonesimulator/PackageFrameworks -F/Users/jaigaurav/Library/Developer/Xcode/DerivedData/Broccoli-eapieicfqwxippexlubxawpdfesp/Build/Products/Debug-iphonesimulator -iframework /Applications/Xcode.app/Contents/Developer/Platforms/iPhoneSimulator.platform/Developer/Library/Frameworks -iframework /Applications/Xcode.app/Contents/Developer/Platforms/iPhoneSimulator.platform/Developer/SDKs/iPhoneSimulator26.5.sdk/Developer/Library/Frameworks -filelist /Users/jaigaurav/Library/Developer/Xcode/DerivedData/Broccoli-eapieicfqwxippexlubxawpdfesp/Build/Intermediates.noindex/GoogleSignIn.build/Debug-iphonesimulator/GoogleSignInSwift.build/Objects-normal/x86_64/GoogleSignInSwift.LinkFileList -nostdlib -Xlinker -object_path_lto -Xlinker /Users/jaigaurav/Library/Developer/Xcode/DerivedData/Broccoli-eapieicfqwxippexlubxawpdfesp/Build/Intermediates.noindex/GoogleSignIn.build/Debug-iphonesimulator/GoogleSignInSwift.build/Objects-normal/x86_64/GoogleSignInSwift_lto.o -Xlinker -no_deduplicate -Xlinker -objc_abi_version -Xlinker 2 -Xlinker -debug_variant -Xlinker -dependency_info -Xlinker /Users/jaigaurav/Library/Developer/Xcode/DerivedData/Broccoli-eapieicfqwxippexlubxawpdfesp/Build/Intermediates.noindex/GoogleSignIn.build/Debug-iphonesimulator/GoogleSignInSwift.build/Objects-normal/x86_64/GoogleSignInSwift_dependency_info.dat -fobjc-link-runtime -L/Applications/Xcode.app/Contents/Developer/Toolchains/XcodeDefault.xctoolchain/usr/lib/swift/iphonesimulator -L/usr/lib/swift -Xlinker -add_ast_path -Xlinker /Users/jaigaurav/Library/Developer/Xcode/DerivedData/Broccoli-eapieicfqwxippexlubxawpdfesp/Build/Intermediates.noindex/GoogleSignIn.build/Debug-iphonesimulator/GoogleSignInSwift.build/Objects-normal/x86_64/GoogleSignInSwift.swiftmodule @/Users/jaigaurav/Library/Developer/Xcode/DerivedData/Broccoli-eapieicfqwxippexlubxawpdfesp/Build/Intermediates.noindex/GoogleSignIn.build/Debug-iphonesimulator/GoogleSignInSwift.build/Objects-normal/x86_64/GoogleSignInSwift-linker-args.resp -o /Users/jaigaurav/Library/Developer/Xcode/DerivedData/Broccoli-eapieicfqwxippexlubxawpdfesp/Build/Intermediates.noindex/GoogleSignIn.build/Debug-iphonesimulator/GoogleSignInSwift.build/Objects-normal/x86_64/Binary/GoogleSignInSwift.o

CreateUniversalBinary /Users/jaigaurav/Library/Developer/Xcode/DerivedData/Broccoli-eapieicfqwxippexlubxawpdfesp/Build/Products/Debug-iphonesimulator/GoogleUtilities-Network.o normal arm64\ x86_64 (in target 'GoogleUtilities-Network' from project 'GoogleUtilities')
    cd /Users/jaigaurav/Library/Developer/Xcode/DerivedData/Broccoli-eapieicfqwxippexlubxawpdfesp/SourcePackages/checkouts/GoogleUtilities
    /Applications/Xcode.app/Contents/Developer/Toolchains/XcodeDefault.xctoolchain/usr/bin/lipo -create /Users/jaigaurav/Library/Developer/Xcode/DerivedData/Broccoli-eapieicfqwxippexlubxawpdfesp/Build/Intermediates.noindex/GoogleUtilities.build/Debug-iphonesimulator/GoogleUtilities-Network.build/Objects-normal/arm64/Binary/GoogleUtilities-Network.o /Users/jaigaurav/Library/Developer/Xcode/DerivedData/Broccoli-eapieicfqwxippexlubxawpdfesp/Build/Intermediates.noindex/GoogleUtilities.build/Debug-iphonesimulator/GoogleUtilities-Network.build/Objects-normal/x86_64/Binary/GoogleUtilities-Network.o -output /Users/jaigaurav/Library/Developer/Xcode/DerivedData/Broccoli-eapieicfqwxippexlubxawpdfesp/Build/Products/Debug-iphonesimulator/GoogleUtilities-Network.o

CreateUniversalBinary /Users/jaigaurav/Library/Developer/Xcode/DerivedData/Broccoli-eapieicfqwxippexlubxawpdfesp/Build/Products/Debug-iphonesimulator/Promises.o normal arm64\ x86_64 (in target 'Promises' from project 'Promises')
    cd /Users/jaigaurav/Library/Developer/Xcode/DerivedData/Broccoli-eapieicfqwxippexlubxawpdfesp/SourcePackages/checkouts/promises
    /Applications/Xcode.app/Contents/Developer/Toolchains/XcodeDefault.xctoolchain/usr/bin/lipo -create /Users/jaigaurav/Library/Developer/Xcode/DerivedData/Broccoli-eapieicfqwxippexlubxawpdfesp/Build/Intermediates.noindex/Promises.build/Debug-iphonesimulator/Promises.build/Objects-normal/arm64/Binary/Promises.o /Users/jaigaurav/Library/Developer/Xcode/DerivedData/Broccoli-eapieicfqwxippexlubxawpdfesp/Build/Intermediates.noindex/Promises.build/Debug-iphonesimulator/Promises.build/Objects-normal/x86_64/Binary/Promises.o -output /Users/jaigaurav/Library/Developer/Xcode/DerivedData/Broccoli-eapieicfqwxippexlubxawpdfesp/Build/Products/Debug-iphonesimulator/Promises.o

RegisterExecutionPolicyException /Users/jaigaurav/Library/Developer/Xcode/DerivedData/Broccoli-eapieicfqwxippexlubxawpdfesp/Build/Products/Debug-iphonesimulator/GoogleUtilities-Network.o (in target 'GoogleUtilities-Network' from project 'GoogleUtilities')
    cd /Users/jaigaurav/Library/Developer/Xcode/DerivedData/Broccoli-eapieicfqwxippexlubxawpdfesp/SourcePackages/checkouts/GoogleUtilities
    builtin-RegisterExecutionPolicyException /Users/jaigaurav/Library/Developer/Xcode/DerivedData/Broccoli-eapieicfqwxippexlubxawpdfesp/Build/Products/Debug-iphonesimulator/GoogleUtilities-Network.o

ExtractAppIntentsMetadata (in target 'Promises' from project 'Promises')
    cd /Users/jaigaurav/Library/Developer/Xcode/DerivedData/Broccoli-eapieicfqwxippexlubxawpdfesp/SourcePackages/checkouts/promises
    /Applications/Xcode.app/Contents/Developer/Toolchains/XcodeDefault.xctoolchain/usr/bin/appintentsmetadataprocessor --toolchain-dir /Applications/Xcode.app/Contents/Developer/Toolchains/XcodeDefault.xctoolchain --module-name Promises --sdk-root /Applications/Xcode.app/Contents/Developer/Platforms/iPhoneSimulator.platform/Developer/SDKs/iPhoneSimulator26.5.sdk --xcode-version 17F113 --platform-family iOS --deployment-target 12.0 --bundle-identifier promises.Promises --output /Users/jaigaurav/Library/Developer/Xcode/DerivedData/Broccoli-eapieicfqwxippexlubxawpdfesp/Build/Products/Debug-iphonesimulator/Promises.appintents --target-triple arm64-apple-ios12.0-simulator --target-triple x86_64-apple-ios12.0-simulator --binary-file /Users/jaigaurav/Library/Developer/Xcode/DerivedData/Broccoli-eapieicfqwxippexlubxawpdfesp/Build/Products/Debug-iphonesimulator/Promises.o --dependency-file /Users/jaigaurav/Library/Developer/Xcode/DerivedData/Broccoli-eapieicfqwxippexlubxawpdfesp/Build/Intermediates.noindex/Promises.build/Debug-iphonesimulator/Promises.build/Objects-normal/arm64/Promises_dependency_info.dat --dependency-file /Users/jaigaurav/Library/Developer/Xcode/DerivedData/Broccoli-eapieicfqwxippexlubxawpdfesp/Build/Intermediates.noindex/Promises.build/Debug-iphonesimulator/Promises.build/Objects-normal/x86_64/Promises_dependency_info.dat --stringsdata-file /Users/jaigaurav/Library/Developer/Xcode/DerivedData/Broccoli-eapieicfqwxippexlubxawpdfesp/Build/Intermediates.noindex/Promises.build/Debug-iphonesimulator/Promises.build/Objects-normal/arm64/ExtractedAppShortcutsMetadata.stringsdata --stringsdata-file /Users/jaigaurav/Library/Developer/Xcode/DerivedData/Broccoli-eapieicfqwxippexlubxawpdfesp/Build/Intermediates.noindex/Promises.build/Debug-iphonesimulator/Promises.build/Objects-normal/x86_64/ExtractedAppShortcutsMetadata.stringsdata --source-file-list /Users/jaigaurav/Library/Developer/Xcode/DerivedData/Broccoli-eapieicfqwxippexlubxawpdfesp/Build/Intermediates.noindex/Promises.build/Debug-iphonesimulator/Promises.build/Objects-normal/arm64/Promises.SwiftFileList --source-file-list /Users/jaigaurav/Library/Developer/Xcode/DerivedData/Broccoli-eapieicfqwxippexlubxawpdfesp/Build/Intermediates.noindex/Promises.build/Debug-iphonesimulator/Promises.build/Objects-normal/x86_64/Promises.SwiftFileList --metadata-file-list /Users/jaigaurav/Library/Developer/Xcode/DerivedData/Broccoli-eapieicfqwxippexlubxawpdfesp/Build/Intermediates.noindex/Promises.build/Debug-iphonesimulator/Promises.build/Promises.DependencyMetadataFileList --static-metadata-file-list /Users/jaigaurav/Library/Developer/Xcode/DerivedData/Broccoli-eapieicfqwxippexlubxawpdfesp/Build/Intermediates.noindex/Promises.build/Debug-iphonesimulator/Promises.build/Promises.DependencyStaticMetadataFileList --swift-const-vals-list /Users/jaigaurav/Library/Developer/Xcode/DerivedData/Broccoli-eapieicfqwxippexlubxawpdfesp/Build/Intermediates.noindex/Promises.build/Debug-iphonesimulator/Promises.build/Objects-normal/arm64/Promises.SwiftConstValuesFileList --swift-const-vals-list /Users/jaigaurav/Library/Developer/Xcode/DerivedData/Broccoli-eapieicfqwxippexlubxawpdfesp/Build/Intermediates.noindex/Promises.build/Debug-iphonesimulator/Promises.build/Objects-normal/x86_64/Promises.SwiftConstValuesFileList --force --compile-time-extraction --deployment-aware-processing --validate-assistant-intents --no-app-shortcuts-localization
2026-08-17 12:31:47.882 appintentsmetadataprocessor[8324:167775] Starting appintentsmetadataprocessor export
2026-08-17 12:31:47.899 appintentsmetadataprocessor[8324:167775] Extracted no relevant App Intents symbols, skipping writing output

Ld /Users/jaigaurav/Library/Developer/Xcode/DerivedData/Broccoli-eapieicfqwxippexlubxawpdfesp/Build/Intermediates.noindex/GoogleSignIn.build/Debug-iphonesimulator/GoogleSignInSwift.build/Objects-normal/arm64/Binary/GoogleSignInSwift.o normal arm64 (in target 'GoogleSignInSwift' from project 'GoogleSignIn')
    cd /Users/jaigaurav/Library/Developer/Xcode/DerivedData/Broccoli-eapieicfqwxippexlubxawpdfesp/SourcePackages/checkouts/GoogleSignIn-iOS
    /Applications/Xcode.app/Contents/Developer/Toolchains/XcodeDefault.xctoolchain/usr/bin/clang -Xlinker -reproducible -target arm64-apple-ios12.0-simulator -r -isysroot /Applications/Xcode.app/Contents/Developer/Platforms/iPhoneSimulator.platform/Developer/SDKs/iPhoneSimulator26.5.sdk -O0 -w -F/Users/jaigaurav/Library/Developer/Xcode/DerivedData/Broccoli-eapieicfqwxippexlubxawpdfesp/Build/Intermediates.noindex/EagerLinkingTBDs/Debug-iphonesimulator -F/Users/jaigaurav/Library/Developer/Xcode/DerivedData/Broccoli-eapieicfqwxippexlubxawpdfesp/Build/Products/Debug-iphonesimulator/PackageFrameworks -F/Users/jaigaurav/Library/Developer/Xcode/DerivedData/Broccoli-eapieicfqwxippexlubxawpdfesp/Build/Products/Debug-iphonesimulator/PackageFrameworks -F/Users/jaigaurav/Library/Developer/Xcode/DerivedData/Broccoli-eapieicfqwxippexlubxawpdfesp/Build/Products/Debug-iphonesimulator/PackageFrameworks -F/Users/jaigaurav/Library/Developer/Xcode/DerivedData/Broccoli-eapieicfqwxippexlubxawpdfesp/Build/Products/Debug-iphonesimulator/PackageFrameworks -F/Users/jaigaurav/Library/Developer/Xcode/DerivedData/Broccoli-eapieicfqwxippexlubxawpdfesp/Build/Products/Debug-iphonesimulator/PackageFrameworks -F/Users/jaigaurav/Library/Developer/Xcode/DerivedData/Broccoli-eapieicfqwxippexlubxawpdfesp/Build/Products/Debug-iphonesimulator/PackageFrameworks -F/Users/jaigaurav/Library/Developer/Xcode/DerivedData/Broccoli-eapieicfqwxippexlubxawpdfesp/Build/Products/Debug-iphonesimulator/PackageFrameworks -F/Users/jaigaurav/Library/Developer/Xcode/DerivedData/Broccoli-eapieicfqwxippexlubxawpdfesp/Build/Products/Debug-iphonesimulator/PackageFrameworks -F/Users/jaigaurav/Library/Developer/Xcode/DerivedData/Broccoli-eapieicfqwxippexlubxawpdfesp/Build/Products/Debug-iphonesimulator/PackageFrameworks -F/Users/jaigaurav/Library/Developer/Xcode/DerivedData/Broccoli-eapieicfqwxippexlubxawpdfesp/Build/Products/Debug-iphonesimulator/PackageFrameworks -F/Users/jaigaurav/Library/Developer/Xcode/DerivedData/Broccoli-eapieicfqwxippexlubxawpdfesp/Build/Products/Debug-iphonesimulator/PackageFrameworks -F/Users/jaigaurav/Library/Developer/Xcode/DerivedData/Broccoli-eapieicfqwxippexlubxawpdfesp/Build/Products/Debug-iphonesimulator -iframework /Applications/Xcode.app/Contents/Developer/Platforms/iPhoneSimulator.platform/Developer/Library/Frameworks -iframework /Applications/Xcode.app/Contents/Developer/Platforms/iPhoneSimulator.platform/Developer/SDKs/iPhoneSimulator26.5.sdk/Developer/Library/Frameworks -filelist /Users/jaigaurav/Library/Developer/Xcode/DerivedData/Broccoli-eapieicfqwxippexlubxawpdfesp/Build/Intermediates.noindex/GoogleSignIn.build/Debug-iphonesimulator/GoogleSignInSwift.build/Objects-normal/arm64/GoogleSignInSwift.LinkFileList -nostdlib -Xlinker -object_path_lto -Xlinker /Users/jaigaurav/Library/Developer/Xcode/DerivedData/Broccoli-eapieicfqwxippexlubxawpdfesp/Build/Intermediates.noindex/GoogleSignIn.build/Debug-iphonesimulator/GoogleSignInSwift.build/Objects-normal/arm64/GoogleSignInSwift_lto.o -Xlinker -no_deduplicate -Xlinker -objc_abi_version -Xlinker 2 -Xlinker -debug_variant -Xlinker -dependency_info -Xlinker /Users/jaigaurav/Library/Developer/Xcode/DerivedData/Broccoli-eapieicfqwxippexlubxawpdfesp/Build/Intermediates.noindex/GoogleSignIn.build/Debug-iphonesimulator/GoogleSignInSwift.build/Objects-normal/arm64/GoogleSignInSwift_dependency_info.dat -fobjc-link-runtime -L/Applications/Xcode.app/Contents/Developer/Toolchains/XcodeDefault.xctoolchain/usr/lib/swift/iphonesimulator -L/usr/lib/swift -Xlinker -add_ast_path -Xlinker /Users/jaigaurav/Library/Developer/Xcode/DerivedData/Broccoli-eapieicfqwxippexlubxawpdfesp/Build/Intermediates.noindex/GoogleSignIn.build/Debug-iphonesimulator/GoogleSignInSwift.build/Objects-normal/arm64/GoogleSignInSwift.swiftmodule @/Users/jaigaurav/Library/Developer/Xcode/DerivedData/Broccoli-eapieicfqwxippexlubxawpdfesp/Build/Intermediates.noindex/GoogleSignIn.build/Debug-iphonesimulator/GoogleSignInSwift.build/Objects-normal/arm64/GoogleSignInSwift-linker-args.resp -o /Users/jaigaurav/Library/Developer/Xcode/DerivedData/Broccoli-eapieicfqwxippexlubxawpdfesp/Build/Intermediates.noindex/GoogleSignIn.build/Debug-iphonesimulator/GoogleSignInSwift.build/Objects-normal/arm64/Binary/GoogleSignInSwift.o

Ld /Users/jaigaurav/Library/Developer/Xcode/DerivedData/Broccoli-eapieicfqwxippexlubxawpdfesp/Build/Intermediates.noindex/GoogleUtilities.build/Debug-iphonesimulator/GoogleUtilities-AppDelegateSwizzler.build/Objects-normal/x86_64/Binary/GoogleUtilities-AppDelegateSwizzler.o normal x86_64 (in target 'GoogleUtilities-AppDelegateSwizzler' from project 'GoogleUtilities')
    cd /Users/jaigaurav/Library/Developer/Xcode/DerivedData/Broccoli-eapieicfqwxippexlubxawpdfesp/SourcePackages/checkouts/GoogleUtilities
    /Applications/Xcode.app/Contents/Developer/Toolchains/XcodeDefault.xctoolchain/usr/bin/clang -Xlinker -reproducible -target x86_64-apple-ios12.0-simulator -r -isysroot /Applications/Xcode.app/Contents/Developer/Platforms/iPhoneSimulator.platform/Developer/SDKs/iPhoneSimulator26.5.sdk -O0 -w -F/Users/jaigaurav/Library/Developer/Xcode/DerivedData/Broccoli-eapieicfqwxippexlubxawpdfesp/Build/Intermediates.noindex/EagerLinkingTBDs/Debug-iphonesimulator -F/Users/jaigaurav/Library/Developer/Xcode/DerivedData/Broccoli-eapieicfqwxippexlubxawpdfesp/Build/Products/Debug-iphonesimulator/PackageFrameworks -F/Users/jaigaurav/Library/Developer/Xcode/DerivedData/Broccoli-eapieicfqwxippexlubxawpdfesp/Build/Products/Debug-iphonesimulator/PackageFrameworks -F/Users/jaigaurav/Library/Developer/Xcode/DerivedData/Broccoli-eapieicfqwxippexlubxawpdfesp/Build/Products/Debug-iphonesimulator/PackageFrameworks -F/Users/jaigaurav/Library/Developer/Xcode/DerivedData/Broccoli-eapieicfqwxippexlubxawpdfesp/Build/Products/Debug-iphonesimulator/PackageFrameworks -F/Users/jaigaurav/Library/Developer/Xcode/DerivedData/Broccoli-eapieicfqwxippexlubxawpdfesp/Build/Products/Debug-iphonesimulator/PackageFrameworks -F/Users/jaigaurav/Library/Developer/Xcode/DerivedData/Broccoli-eapieicfqwxippexlubxawpdfesp/Build/Products/Debug-iphonesimulator/PackageFrameworks -F/Users/jaigaurav/Library/Developer/Xcode/DerivedData/Broccoli-eapieicfqwxippexlubxawpdfesp/Build/Products/Debug-iphonesimulator -iframework /Applications/Xcode.app/Contents/Developer/Platforms/iPhoneSimulator.platform/Developer/Library/Frameworks -iframework /Applications/Xcode.app/Contents/Developer/Platforms/iPhoneSimulator.platform/Developer/SDKs/iPhoneSimulator26.5.sdk/Developer/Library/Frameworks -filelist /Users/jaigaurav/Library/Developer/Xcode/DerivedData/Broccoli-eapieicfqwxippexlubxawpdfesp/Build/Intermediates.noindex/GoogleUtilities.build/Debug-iphonesimulator/GoogleUtilities-AppDelegateSwizzler.build/Objects-normal/x86_64/GoogleUtilities-AppDelegateSwizzler.LinkFileList -nostdlib -Xlinker -object_path_lto -Xlinker /Users/jaigaurav/Library/Developer/Xcode/DerivedData/Broccoli-eapieicfqwxippexlubxawpdfesp/Build/Intermediates.noindex/GoogleUtilities.build/Debug-iphonesimulator/GoogleUtilities-AppDelegateSwizzler.build/Objects-normal/x86_64/GoogleUtilities-AppDelegateSwizzler_lto.o -Xlinker -no_deduplicate -Xlinker -objc_abi_version -Xlinker 2 -Xlinker -debug_variant -Xlinker -dependency_info -Xlinker /Users/jaigaurav/Library/Developer/Xcode/DerivedData/Broccoli-eapieicfqwxippexlubxawpdfesp/Build/Intermediates.noindex/GoogleUtilities.build/Debug-iphonesimulator/GoogleUtilities-AppDelegateSwizzler.build/Objects-normal/x86_64/GoogleUtilities-AppDelegateSwizzler_dependency_info.dat -fobjc-arc -fobjc-link-runtime -o /Users/jaigaurav/Library/Developer/Xcode/DerivedData/Broccoli-eapieicfqwxippexlubxawpdfesp/Build/Intermediates.noindex/GoogleUtilities.build/Debug-iphonesimulator/GoogleUtilities-AppDelegateSwizzler.build/Objects-normal/x86_64/Binary/GoogleUtilities-AppDelegateSwizzler.o

CreateUniversalBinary /Users/jaigaurav/Library/Developer/Xcode/DerivedData/Broccoli-eapieicfqwxippexlubxawpdfesp/Build/Products/Debug-iphonesimulator/GoogleSignInSwift.o normal arm64\ x86_64 (in target 'GoogleSignInSwift' from project 'GoogleSignIn')
    cd /Users/jaigaurav/Library/Developer/Xcode/DerivedData/Broccoli-eapieicfqwxippexlubxawpdfesp/SourcePackages/checkouts/GoogleSignIn-iOS
    /Applications/Xcode.app/Contents/Developer/Toolchains/XcodeDefault.xctoolchain/usr/bin/lipo -create /Users/jaigaurav/Library/Developer/Xcode/DerivedData/Broccoli-eapieicfqwxippexlubxawpdfesp/Build/Intermediates.noindex/GoogleSignIn.build/Debug-iphonesimulator/GoogleSignInSwift.build/Objects-normal/arm64/Binary/GoogleSignInSwift.o /Users/jaigaurav/Library/Developer/Xcode/DerivedData/Broccoli-eapieicfqwxippexlubxawpdfesp/Build/Intermediates.noindex/GoogleSignIn.build/Debug-iphonesimulator/GoogleSignInSwift.build/Objects-normal/x86_64/Binary/GoogleSignInSwift.o -output /Users/jaigaurav/Library/Developer/Xcode/DerivedData/Broccoli-eapieicfqwxippexlubxawpdfesp/Build/Products/Debug-iphonesimulator/GoogleSignInSwift.o

RegisterExecutionPolicyException /Users/jaigaurav/Library/Developer/Xcode/DerivedData/Broccoli-eapieicfqwxippexlubxawpdfesp/Build/Products/Debug-iphonesimulator/Promises.o (in target 'Promises' from project 'Promises')
    cd /Users/jaigaurav/Library/Developer/Xcode/DerivedData/Broccoli-eapieicfqwxippexlubxawpdfesp/SourcePackages/checkouts/promises
    builtin-RegisterExecutionPolicyException /Users/jaigaurav/Library/Developer/Xcode/DerivedData/Broccoli-eapieicfqwxippexlubxawpdfesp/Build/Products/Debug-iphonesimulator/Promises.o

ExtractAppIntentsMetadata (in target 'GoogleSignInSwift' from project 'GoogleSignIn')
    cd /Users/jaigaurav/Library/Developer/Xcode/DerivedData/Broccoli-eapieicfqwxippexlubxawpdfesp/SourcePackages/checkouts/GoogleSignIn-iOS
    /Applications/Xcode.app/Contents/Developer/Toolchains/XcodeDefault.xctoolchain/usr/bin/appintentsmetadataprocessor --toolchain-dir /Applications/Xcode.app/Contents/Developer/Toolchains/XcodeDefault.xctoolchain --module-name GoogleSignInSwift --sdk-root /Applications/Xcode.app/Contents/Developer/Platforms/iPhoneSimulator.platform/Developer/SDKs/iPhoneSimulator26.5.sdk --xcode-version 17F113 --platform-family iOS --deployment-target 12.0 --bundle-identifier googlesignin-ios.GoogleSignInSwift --output /Users/jaigaurav/Library/Developer/Xcode/DerivedData/Broccoli-eapieicfqwxippexlubxawpdfesp/Build/Products/Debug-iphonesimulator/GoogleSignInSwift.appintents --target-triple arm64-apple-ios12.0-simulator --target-triple x86_64-apple-ios12.0-simulator --binary-file /Users/jaigaurav/Library/Developer/Xcode/DerivedData/Broccoli-eapieicfqwxippexlubxawpdfesp/Build/Products/Debug-iphonesimulator/GoogleSignInSwift.o --dependency-file /Users/jaigaurav/Library/Developer/Xcode/DerivedData/Broccoli-eapieicfqwxippexlubxawpdfesp/Build/Intermediates.noindex/GoogleSignIn.build/Debug-iphonesimulator/GoogleSignInSwift.build/Objects-normal/arm64/GoogleSignInSwift_dependency_info.dat --dependency-file /Users/jaigaurav/Library/Developer/Xcode/DerivedData/Broccoli-eapieicfqwxippexlubxawpdfesp/Build/Intermediates.noindex/GoogleSignIn.build/Debug-iphonesimulator/GoogleSignInSwift.build/Objects-normal/x86_64/GoogleSignInSwift_dependency_info.dat --stringsdata-file /Users/jaigaurav/Library/Developer/Xcode/DerivedData/Broccoli-eapieicfqwxippexlubxawpdfesp/Build/Intermediates.noindex/GoogleSignIn.build/Debug-iphonesimulator/GoogleSignInSwift.build/Objects-normal/arm64/ExtractedAppShortcutsMetadata.stringsdata --stringsdata-file /Users/jaigaurav/Library/Developer/Xcode/DerivedData/Broccoli-eapieicfqwxippexlubxawpdfesp/Build/Intermediates.noindex/GoogleSignIn.build/Debug-iphonesimulator/GoogleSignInSwift.build/Objects-normal/x86_64/ExtractedAppShortcutsMetadata.stringsdata --source-file-list /Users/jaigaurav/Library/Developer/Xcode/DerivedData/Broccoli-eapieicfqwxippexlubxawpdfesp/Build/Intermediates.noindex/GoogleSignIn.build/Debug-iphonesimulator/GoogleSignInSwift.build/Objects-normal/arm64/GoogleSignInSwift.SwiftFileList --source-file-list /Users/jaigaurav/Library/Developer/Xcode/DerivedData/Broccoli-eapieicfqwxippexlubxawpdfesp/Build/Intermediates.noindex/GoogleSignIn.build/Debug-iphonesimulator/GoogleSignInSwift.build/Objects-normal/x86_64/GoogleSignInSwift.SwiftFileList --metadata-file-list /Users/jaigaurav/Library/Developer/Xcode/DerivedData/Broccoli-eapieicfqwxippexlubxawpdfesp/Build/Intermediates.noindex/GoogleSignIn.build/Debug-iphonesimulator/GoogleSignInSwift.build/GoogleSignInSwift.DependencyMetadataFileList --static-metadata-file-list /Users/jaigaurav/Library/Developer/Xcode/DerivedData/Broccoli-eapieicfqwxippexlubxawpdfesp/Build/Intermediates.noindex/GoogleSignIn.build/Debug-iphonesimulator/GoogleSignInSwift.build/GoogleSignInSwift.DependencyStaticMetadataFileList --swift-const-vals-list /Users/jaigaurav/Library/Developer/Xcode/DerivedData/Broccoli-eapieicfqwxippexlubxawpdfesp/Build/Intermediates.noindex/GoogleSignIn.build/Debug-iphonesimulator/GoogleSignInSwift.build/Objects-normal/arm64/GoogleSignInSwift.SwiftConstValuesFileList --swift-const-vals-list /Users/jaigaurav/Library/Developer/Xcode/DerivedData/Broccoli-eapieicfqwxippexlubxawpdfesp/Build/Intermediates.noindex/GoogleSignIn.build/Debug-iphonesimulator/GoogleSignInSwift.build/Objects-normal/x86_64/GoogleSignInSwift.SwiftConstValuesFileList --force --compile-time-extraction --deployment-aware-processing --validate-assistant-intents --no-app-shortcuts-localization
2026-08-17 12:31:47.932 appintentsmetadataprocessor[8330:167804] Starting appintentsmetadataprocessor export
2026-08-17 12:31:47.942 appintentsmetadataprocessor[8330:167804] Extracted no relevant App Intents symbols, skipping writing output

Ld /Users/jaigaurav/Library/Developer/Xcode/DerivedData/Broccoli-eapieicfqwxippexlubxawpdfesp/Build/Intermediates.noindex/GoogleUtilities.build/Debug-iphonesimulator/GoogleUtilities-AppDelegateSwizzler.build/Objects-normal/arm64/Binary/GoogleUtilities-AppDelegateSwizzler.o normal arm64 (in target 'GoogleUtilities-AppDelegateSwizzler' from project 'GoogleUtilities')
    cd /Users/jaigaurav/Library/Developer/Xcode/DerivedData/Broccoli-eapieicfqwxippexlubxawpdfesp/SourcePackages/checkouts/GoogleUtilities
    /Applications/Xcode.app/Contents/Developer/Toolchains/XcodeDefault.xctoolchain/usr/bin/clang -Xlinker -reproducible -target arm64-apple-ios12.0-simulator -r -isysroot /Applications/Xcode.app/Contents/Developer/Platforms/iPhoneSimulator.platform/Developer/SDKs/iPhoneSimulator26.5.sdk -O0 -w -F/Users/jaigaurav/Library/Developer/Xcode/DerivedData/Broccoli-eapieicfqwxippexlubxawpdfesp/Build/Intermediates.noindex/EagerLinkingTBDs/Debug-iphonesimulator -F/Users/jaigaurav/Library/Developer/Xcode/DerivedData/Broccoli-eapieicfqwxippexlubxawpdfesp/Build/Products/Debug-iphonesimulator/PackageFrameworks -F/Users/jaigaurav/Library/Developer/Xcode/DerivedData/Broccoli-eapieicfqwxippexlubxawpdfesp/Build/Products/Debug-iphonesimulator/PackageFrameworks -F/Users/jaigaurav/Library/Developer/Xcode/DerivedData/Broccoli-eapieicfqwxippexlubxawpdfesp/Build/Products/Debug-iphonesimulator/PackageFrameworks -F/Users/jaigaurav/Library/Developer/Xcode/DerivedData/Broccoli-eapieicfqwxippexlubxawpdfesp/Build/Products/Debug-iphonesimulator/PackageFrameworks -F/Users/jaigaurav/Library/Developer/Xcode/DerivedData/Broccoli-eapieicfqwxippexlubxawpdfesp/Build/Products/Debug-iphonesimulator/PackageFrameworks -F/Users/jaigaurav/Library/Developer/Xcode/DerivedData/Broccoli-eapieicfqwxippexlubxawpdfesp/Build/Products/Debug-iphonesimulator/PackageFrameworks -F/Users/jaigaurav/Library/Developer/Xcode/DerivedData/Broccoli-eapieicfqwxippexlubxawpdfesp/Build/Products/Debug-iphonesimulator -iframework /Applications/Xcode.app/Contents/Developer/Platforms/iPhoneSimulator.platform/Developer/Library/Frameworks -iframework /Applications/Xcode.app/Contents/Developer/Platforms/iPhoneSimulator.platform/Developer/SDKs/iPhoneSimulator26.5.sdk/Developer/Library/Frameworks -filelist /Users/jaigaurav/Library/Developer/Xcode/DerivedData/Broccoli-eapieicfqwxippexlubxawpdfesp/Build/Intermediates.noindex/GoogleUtilities.build/Debug-iphonesimulator/GoogleUtilities-AppDelegateSwizzler.build/Objects-normal/arm64/GoogleUtilities-AppDelegateSwizzler.LinkFileList -nostdlib -Xlinker -object_path_lto -Xlinker /Users/jaigaurav/Library/Developer/Xcode/DerivedData/Broccoli-eapieicfqwxippexlubxawpdfesp/Build/Intermediates.noindex/GoogleUtilities.build/Debug-iphonesimulator/GoogleUtilities-AppDelegateSwizzler.build/Objects-normal/arm64/GoogleUtilities-AppDelegateSwizzler_lto.o -Xlinker -no_deduplicate -Xlinker -objc_abi_version -Xlinker 2 -Xlinker -debug_variant -Xlinker -dependency_info -Xlinker /Users/jaigaurav/Library/Developer/Xcode/DerivedData/Broccoli-eapieicfqwxippexlubxawpdfesp/Build/Intermediates.noindex/GoogleUtilities.build/Debug-iphonesimulator/GoogleUtilities-AppDelegateSwizzler.build/Objects-normal/arm64/GoogleUtilities-AppDelegateSwizzler_dependency_info.dat -fobjc-arc -fobjc-link-runtime -o /Users/jaigaurav/Library/Developer/Xcode/DerivedData/Broccoli-eapieicfqwxippexlubxawpdfesp/Build/Intermediates.noindex/GoogleUtilities.build/Debug-iphonesimulator/GoogleUtilities-AppDelegateSwizzler.build/Objects-normal/arm64/Binary/GoogleUtilities-AppDelegateSwizzler.o

Ld /Users/jaigaurav/Library/Developer/Xcode/DerivedData/Broccoli-eapieicfqwxippexlubxawpdfesp/Build/Intermediates.noindex/Firebase.build/Debug-iphonesimulator/FirebaseRemoteConfigInterop.build/Objects-normal/x86_64/Binary/FirebaseRemoteConfigInterop.o normal x86_64 (in target 'FirebaseRemoteConfigInterop' from project 'Firebase')
    cd /Users/jaigaurav/Library/Developer/Xcode/DerivedData/Broccoli-eapieicfqwxippexlubxawpdfesp/SourcePackages/checkouts/firebase-ios-sdk
    /Applications/Xcode.app/Contents/Developer/Toolchains/XcodeDefault.xctoolchain/usr/bin/clang -Xlinker -reproducible -target x86_64-apple-ios15.0-simulator -r -isysroot /Applications/Xcode.app/Contents/Developer/Platforms/iPhoneSimulator.platform/Developer/SDKs/iPhoneSimulator26.5.sdk -O0 -w -F/Users/jaigaurav/Library/Developer/Xcode/DerivedData/Broccoli-eapieicfqwxippexlubxawpdfesp/Build/Intermediates.noindex/EagerLinkingTBDs/Debug-iphonesimulator -F/Users/jaigaurav/Library/Developer/Xcode/DerivedData/Broccoli-eapieicfqwxippexlubxawpdfesp/Build/Products/Debug-iphonesimulator -iframework /Applications/Xcode.app/Contents/Developer/Platforms/iPhoneSimulator.platform/Developer/Library/Frameworks -iframework /Applications/Xcode.app/Contents/Developer/Platforms/iPhoneSimulator.platform/Developer/SDKs/iPhoneSimulator26.5.sdk/Developer/Library/Frameworks -filelist /Users/jaigaurav/Library/Developer/Xcode/DerivedData/Broccoli-eapieicfqwxippexlubxawpdfesp/Build/Intermediates.noindex/Firebase.build/Debug-iphonesimulator/FirebaseRemoteConfigInterop.build/Objects-normal/x86_64/FirebaseRemoteConfigInterop.LinkFileList -nostdlib -Xlinker -object_path_lto -Xlinker /Users/jaigaurav/Library/Developer/Xcode/DerivedData/Broccoli-eapieicfqwxippexlubxawpdfesp/Build/Intermediates.noindex/Firebase.build/Debug-iphonesimulator/FirebaseRemoteConfigInterop.build/Objects-normal/x86_64/FirebaseRemoteConfigInterop_lto.o -Xlinker -no_deduplicate -Xlinker -objc_abi_version -Xlinker 2 -Xlinker -debug_variant -Xlinker -dependency_info -Xlinker /Users/jaigaurav/Library/Developer/Xcode/DerivedData/Broccoli-eapieicfqwxippexlubxawpdfesp/Build/Intermediates.noindex/Firebase.build/Debug-iphonesimulator/FirebaseRemoteConfigInterop.build/Objects-normal/x86_64/FirebaseRemoteConfigInterop_dependency_info.dat -fobjc-link-runtime -L/Applications/Xcode.app/Contents/Developer/Toolchains/XcodeDefault.xctoolchain/usr/lib/swift/iphonesimulator -L/usr/lib/swift -Xlinker -add_ast_path -Xlinker /Users/jaigaurav/Library/Developer/Xcode/DerivedData/Broccoli-eapieicfqwxippexlubxawpdfesp/Build/Intermediates.noindex/Firebase.build/Debug-iphonesimulator/FirebaseRemoteConfigInterop.build/Objects-normal/x86_64/FirebaseRemoteConfigInterop.swiftmodule @/Users/jaigaurav/Library/Developer/Xcode/DerivedData/Broccoli-eapieicfqwxippexlubxawpdfesp/Build/Intermediates.noindex/Firebase.build/Debug-iphonesimulator/FirebaseRemoteConfigInterop.build/Objects-normal/x86_64/FirebaseRemoteConfigInterop-linker-args.resp -o /Users/jaigaurav/Library/Developer/Xcode/DerivedData/Broccoli-eapieicfqwxippexlubxawpdfesp/Build/Intermediates.noindex/Firebase.build/Debug-iphonesimulator/FirebaseRemoteConfigInterop.build/Objects-normal/x86_64/Binary/FirebaseRemoteConfigInterop.o

CreateUniversalBinary /Users/jaigaurav/Library/Developer/Xcode/DerivedData/Broccoli-eapieicfqwxippexlubxawpdfesp/Build/Products/Debug-iphonesimulator/GoogleUtilities-AppDelegateSwizzler.o normal arm64\ x86_64 (in target 'GoogleUtilities-AppDelegateSwizzler' from project 'GoogleUtilities')
    cd /Users/jaigaurav/Library/Developer/Xcode/DerivedData/Broccoli-eapieicfqwxippexlubxawpdfesp/SourcePackages/checkouts/GoogleUtilities
    /Applications/Xcode.app/Contents/Developer/Toolchains/XcodeDefault.xctoolchain/usr/bin/lipo -create /Users/jaigaurav/Library/Developer/Xcode/DerivedData/Broccoli-eapieicfqwxippexlubxawpdfesp/Build/Intermediates.noindex/GoogleUtilities.build/Debug-iphonesimulator/GoogleUtilities-AppDelegateSwizzler.build/Objects-normal/arm64/Binary/GoogleUtilities-AppDelegateSwizzler.o /Users/jaigaurav/Library/Developer/Xcode/DerivedData/Broccoli-eapieicfqwxippexlubxawpdfesp/Build/Intermediates.noindex/GoogleUtilities.build/Debug-iphonesimulator/GoogleUtilities-AppDelegateSwizzler.build/Objects-normal/x86_64/Binary/GoogleUtilities-AppDelegateSwizzler.o -output /Users/jaigaurav/Library/Developer/Xcode/DerivedData/Broccoli-eapieicfqwxippexlubxawpdfesp/Build/Products/Debug-iphonesimulator/GoogleUtilities-AppDelegateSwizzler.o

RegisterExecutionPolicyException /Users/jaigaurav/Library/Developer/Xcode/DerivedData/Broccoli-eapieicfqwxippexlubxawpdfesp/Build/Products/Debug-iphonesimulator/GoogleSignInSwift.o (in target 'GoogleSignInSwift' from project 'GoogleSignIn')
    cd /Users/jaigaurav/Library/Developer/Xcode/DerivedData/Broccoli-eapieicfqwxippexlubxawpdfesp/SourcePackages/checkouts/GoogleSignIn-iOS
    builtin-RegisterExecutionPolicyException /Users/jaigaurav/Library/Developer/Xcode/DerivedData/Broccoli-eapieicfqwxippexlubxawpdfesp/Build/Products/Debug-iphonesimulator/GoogleSignInSwift.o

Ld /Users/jaigaurav/Library/Developer/Xcode/DerivedData/Broccoli-eapieicfqwxippexlubxawpdfesp/Build/Intermediates.noindex/Stripe.build/Debug-iphonesimulator/StripePayments.build/Objects-normal/arm64/Binary/StripePayments.o normal arm64 (in target 'StripePayments' from project 'Stripe')
    cd /Users/jaigaurav/Library/Developer/Xcode/DerivedData/Broccoli-eapieicfqwxippexlubxawpdfesp/SourcePackages/checkouts/stripe-ios-spm
    /Applications/Xcode.app/Contents/Developer/Toolchains/XcodeDefault.xctoolchain/usr/bin/clang -Xlinker -reproducible -target arm64-apple-ios13.0-simulator -r -isysroot /Applications/Xcode.app/Contents/Developer/Platforms/iPhoneSimulator.platform/Developer/SDKs/iPhoneSimulator26.5.sdk -O0 -w -F/Users/jaigaurav/Library/Developer/Xcode/DerivedData/Broccoli-eapieicfqwxippexlubxawpdfesp/Build/Intermediates.noindex/EagerLinkingTBDs/Debug-iphonesimulator -F/Users/jaigaurav/Library/Developer/Xcode/DerivedData/Broccoli-eapieicfqwxippexlubxawpdfesp/Build/Products/Debug-iphonesimulator/PackageFrameworks -F/Users/jaigaurav/Library/Developer/Xcode/DerivedData/Broccoli-eapieicfqwxippexlubxawpdfesp/Build/Products/Debug-iphonesimulator/PackageFrameworks -F/Users/jaigaurav/Library/Developer/Xcode/DerivedData/Broccoli-eapieicfqwxippexlubxawpdfesp/Build/Products/Debug-iphonesimulator -iframework /Applications/Xcode.app/Contents/Developer/Platforms/iPhoneSimulator.platform/Developer/Library/Frameworks -iframework /Applications/Xcode.app/Contents/Developer/Platforms/iPhoneSimulator.platform/Developer/SDKs/iPhoneSimulator26.5.sdk/Developer/Library/Frameworks -filelist /Users/jaigaurav/Library/Developer/Xcode/DerivedData/Broccoli-eapieicfqwxippexlubxawpdfesp/Build/Intermediates.noindex/Stripe.build/Debug-iphonesimulator/StripePayments.build/Objects-normal/arm64/StripePayments.LinkFileList -nostdlib -Xlinker -object_path_lto -Xlinker /Users/jaigaurav/Library/Developer/Xcode/DerivedData/Broccoli-eapieicfqwxippexlubxawpdfesp/Build/Intermediates.noindex/Stripe.build/Debug-iphonesimulator/StripePayments.build/Objects-normal/arm64/StripePayments_lto.o -Xlinker -no_deduplicate -Xlinker -objc_abi_version -Xlinker 2 -Xlinker -debug_variant -Xlinker -dependency_info -Xlinker /Users/jaigaurav/Library/Developer/Xcode/DerivedData/Broccoli-eapieicfqwxippexlubxawpdfesp/Build/Intermediates.noindex/Stripe.build/Debug-iphonesimulator/StripePayments.build/Objects-normal/arm64/StripePayments_dependency_info.dat -fobjc-link-runtime -L/Applications/Xcode.app/Contents/Developer/Toolchains/XcodeDefault.xctoolchain/usr/lib/swift/iphonesimulator -L/usr/lib/swift -Xlinker -add_ast_path -Xlinker /Users/jaigaurav/Library/Developer/Xcode/DerivedData/Broccoli-eapieicfqwxippexlubxawpdfesp/Build/Intermediates.noindex/Stripe.build/Debug-iphonesimulator/StripePayments.build/Objects-normal/arm64/StripePayments.swiftmodule @/Users/jaigaurav/Library/Developer/Xcode/DerivedData/Broccoli-eapieicfqwxippexlubxawpdfesp/Build/Intermediates.noindex/Stripe.build/Debug-iphonesimulator/StripePayments.build/Objects-normal/arm64/StripePayments-linker-args.resp -o /Users/jaigaurav/Library/Developer/Xcode/DerivedData/Broccoli-eapieicfqwxippexlubxawpdfesp/Build/Intermediates.noindex/Stripe.build/Debug-iphonesimulator/StripePayments.build/Objects-normal/arm64/Binary/StripePayments.o

RegisterExecutionPolicyException /Users/jaigaurav/Library/Developer/Xcode/DerivedData/Broccoli-eapieicfqwxippexlubxawpdfesp/Build/Products/Debug-iphonesimulator/GoogleUtilities-AppDelegateSwizzler.o (in target 'GoogleUtilities-AppDelegateSwizzler' from project 'GoogleUtilities')
    cd /Users/jaigaurav/Library/Developer/Xcode/DerivedData/Broccoli-eapieicfqwxippexlubxawpdfesp/SourcePackages/checkouts/GoogleUtilities
    builtin-RegisterExecutionPolicyException /Users/jaigaurav/Library/Developer/Xcode/DerivedData/Broccoli-eapieicfqwxippexlubxawpdfesp/Build/Products/Debug-iphonesimulator/GoogleUtilities-AppDelegateSwizzler.o

Ld /Users/jaigaurav/Library/Developer/Xcode/DerivedData/Broccoli-eapieicfqwxippexlubxawpdfesp/Build/Intermediates.noindex/Firebase.build/Debug-iphonesimulator/FirebaseRemoteConfigInterop.build/Objects-normal/arm64/Binary/FirebaseRemoteConfigInterop.o normal arm64 (in target 'FirebaseRemoteConfigInterop' from project 'Firebase')
    cd /Users/jaigaurav/Library/Developer/Xcode/DerivedData/Broccoli-eapieicfqwxippexlubxawpdfesp/SourcePackages/checkouts/firebase-ios-sdk
    /Applications/Xcode.app/Contents/Developer/Toolchains/XcodeDefault.xctoolchain/usr/bin/clang -Xlinker -reproducible -target arm64-apple-ios15.0-simulator -r -isysroot /Applications/Xcode.app/Contents/Developer/Platforms/iPhoneSimulator.platform/Developer/SDKs/iPhoneSimulator26.5.sdk -O0 -w -F/Users/jaigaurav/Library/Developer/Xcode/DerivedData/Broccoli-eapieicfqwxippexlubxawpdfesp/Build/Intermediates.noindex/EagerLinkingTBDs/Debug-iphonesimulator -F/Users/jaigaurav/Library/Developer/Xcode/DerivedData/Broccoli-eapieicfqwxippexlubxawpdfesp/Build/Products/Debug-iphonesimulator -iframework /Applications/Xcode.app/Contents/Developer/Platforms/iPhoneSimulator.platform/Developer/Library/Frameworks -iframework /Applications/Xcode.app/Contents/Developer/Platforms/iPhoneSimulator.platform/Developer/SDKs/iPhoneSimulator26.5.sdk/Developer/Library/Frameworks -filelist /Users/jaigaurav/Library/Developer/Xcode/DerivedData/Broccoli-eapieicfqwxippexlubxawpdfesp/Build/Intermediates.noindex/Firebase.build/Debug-iphonesimulator/FirebaseRemoteConfigInterop.build/Objects-normal/arm64/FirebaseRemoteConfigInterop.LinkFileList -nostdlib -Xlinker -object_path_lto -Xlinker /Users/jaigaurav/Library/Developer/Xcode/DerivedData/Broccoli-eapieicfqwxippexlubxawpdfesp/Build/Intermediates.noindex/Firebase.build/Debug-iphonesimulator/FirebaseRemoteConfigInterop.build/Objects-normal/arm64/FirebaseRemoteConfigInterop_lto.o -Xlinker -no_deduplicate -Xlinker -objc_abi_version -Xlinker 2 -Xlinker -debug_variant -Xlinker -dependency_info -Xlinker /Users/jaigaurav/Library/Developer/Xcode/DerivedData/Broccoli-eapieicfqwxippexlubxawpdfesp/Build/Intermediates.noindex/Firebase.build/Debug-iphonesimulator/FirebaseRemoteConfigInterop.build/Objects-normal/arm64/FirebaseRemoteConfigInterop_dependency_info.dat -fobjc-link-runtime -L/Applications/Xcode.app/Contents/Developer/Toolchains/XcodeDefault.xctoolchain/usr/lib/swift/iphonesimulator -L/usr/lib/swift -Xlinker -add_ast_path -Xlinker /Users/jaigaurav/Library/Developer/Xcode/DerivedData/Broccoli-eapieicfqwxippexlubxawpdfesp/Build/Intermediates.noindex/Firebase.build/Debug-iphonesimulator/FirebaseRemoteConfigInterop.build/Objects-normal/arm64/FirebaseRemoteConfigInterop.swiftmodule @/Users/jaigaurav/Library/Developer/Xcode/DerivedData/Broccoli-eapieicfqwxippexlubxawpdfesp/Build/Intermediates.noindex/Firebase.build/Debug-iphonesimulator/FirebaseRemoteConfigInterop.build/Objects-normal/arm64/FirebaseRemoteConfigInterop-linker-args.resp -o /Users/jaigaurav/Library/Developer/Xcode/DerivedData/Broccoli-eapieicfqwxippexlubxawpdfesp/Build/Intermediates.noindex/Firebase.build/Debug-iphonesimulator/FirebaseRemoteConfigInterop.build/Objects-normal/arm64/Binary/FirebaseRemoteConfigInterop.o

ProcessInfoPlistFile /Users/jaigaurav/Library/Developer/Xcode/DerivedData/Broccoli-eapieicfqwxippexlubxawpdfesp/Build/Products/Debug-iphonesimulator/Firebase_FirebaseInstallations.bundle/Info.plist /Users/jaigaurav/Library/Developer/Xcode/DerivedData/Broccoli-eapieicfqwxippexlubxawpdfesp/Build/Intermediates.noindex/Firebase.build/Debug-iphonesimulator/Firebase_FirebaseInstallations.build/empty-Firebase_FirebaseInstallations.plist (in target 'Firebase_FirebaseInstallations' from project 'Firebase')
    cd /Users/jaigaurav/Library/Developer/Xcode/DerivedData/Broccoli-eapieicfqwxippexlubxawpdfesp/SourcePackages/checkouts/firebase-ios-sdk
    builtin-infoPlistUtility /Users/jaigaurav/Library/Developer/Xcode/DerivedData/Broccoli-eapieicfqwxippexlubxawpdfesp/Build/Intermediates.noindex/Firebase.build/Debug-iphonesimulator/Firebase_FirebaseInstallations.build/empty-Firebase_FirebaseInstallations.plist -producttype com.apple.product-type.bundle -expandbuildsettings -format binary -platform iphonesimulator -o /Users/jaigaurav/Library/Developer/Xcode/DerivedData/Broccoli-eapieicfqwxippexlubxawpdfesp/Build/Products/Debug-iphonesimulator/Firebase_FirebaseInstallations.bundle/Info.plist

CreateUniversalBinary /Users/jaigaurav/Library/Developer/Xcode/DerivedData/Broccoli-eapieicfqwxippexlubxawpdfesp/Build/Products/Debug-iphonesimulator/FirebaseRemoteConfigInterop.o normal arm64\ x86_64 (in target 'FirebaseRemoteConfigInterop' from project 'Firebase')
    cd /Users/jaigaurav/Library/Developer/Xcode/DerivedData/Broccoli-eapieicfqwxippexlubxawpdfesp/SourcePackages/checkouts/firebase-ios-sdk
    /Applications/Xcode.app/Contents/Developer/Toolchains/XcodeDefault.xctoolchain/usr/bin/lipo -create /Users/jaigaurav/Library/Developer/Xcode/DerivedData/Broccoli-eapieicfqwxippexlubxawpdfesp/Build/Intermediates.noindex/Firebase.build/Debug-iphonesimulator/FirebaseRemoteConfigInterop.build/Objects-normal/arm64/Binary/FirebaseRemoteConfigInterop.o /Users/jaigaurav/Library/Developer/Xcode/DerivedData/Broccoli-eapieicfqwxippexlubxawpdfesp/Build/Intermediates.noindex/Firebase.build/Debug-iphonesimulator/FirebaseRemoteConfigInterop.build/Objects-normal/x86_64/Binary/FirebaseRemoteConfigInterop.o -output /Users/jaigaurav/Library/Developer/Xcode/DerivedData/Broccoli-eapieicfqwxippexlubxawpdfesp/Build/Products/Debug-iphonesimulator/FirebaseRemoteConfigInterop.o

Ld /Users/jaigaurav/Library/Developer/Xcode/DerivedData/Broccoli-eapieicfqwxippexlubxawpdfesp/Build/Intermediates.noindex/Firebase.build/Debug-iphonesimulator/FirebaseInstallations.build/Objects-normal/x86_64/Binary/FirebaseInstallations.o normal x86_64 (in target 'FirebaseInstallations' from project 'Firebase')
    cd /Users/jaigaurav/Library/Developer/Xcode/DerivedData/Broccoli-eapieicfqwxippexlubxawpdfesp/SourcePackages/checkouts/firebase-ios-sdk
    /Applications/Xcode.app/Contents/Developer/Toolchains/XcodeDefault.xctoolchain/usr/bin/clang -Xlinker -reproducible -target x86_64-apple-ios15.0-simulator -r -isysroot /Applications/Xcode.app/Contents/Developer/Platforms/iPhoneSimulator.platform/Developer/SDKs/iPhoneSimulator26.5.sdk -O0 -w -F/Users/jaigaurav/Library/Developer/Xcode/DerivedData/Broccoli-eapieicfqwxippexlubxawpdfesp/Build/Intermediates.noindex/EagerLinkingTBDs/Debug-iphonesimulator -F/Users/jaigaurav/Library/Developer/Xcode/DerivedData/Broccoli-eapieicfqwxippexlubxawpdfesp/Build/Products/Debug-iphonesimulator/PackageFrameworks -F/Users/jaigaurav/Library/Developer/Xcode/DerivedData/Broccoli-eapieicfqwxippexlubxawpdfesp/Build/Products/Debug-iphonesimulator/PackageFrameworks -F/Users/jaigaurav/Library/Developer/Xcode/DerivedData/Broccoli-eapieicfqwxippexlubxawpdfesp/Build/Products/Debug-iphonesimulator/PackageFrameworks -F/Users/jaigaurav/Library/Developer/Xcode/DerivedData/Broccoli-eapieicfqwxippexlubxawpdfesp/Build/Products/Debug-iphonesimulator/PackageFrameworks -F/Users/jaigaurav/Library/Developer/Xcode/DerivedData/Broccoli-eapieicfqwxippexlubxawpdfesp/Build/Products/Debug-iphonesimulator/PackageFrameworks -F/Users/jaigaurav/Library/Developer/Xcode/DerivedData/Broccoli-eapieicfqwxippexlubxawpdfesp/Build/Products/Debug-iphonesimulator/PackageFrameworks -F/Users/jaigaurav/Library/Developer/Xcode/DerivedData/Broccoli-eapieicfqwxippexlubxawpdfesp/Build/Products/Debug-iphonesimulator/PackageFrameworks -F/Users/jaigaurav/Library/Developer/Xcode/DerivedData/Broccoli-eapieicfqwxippexlubxawpdfesp/Build/Products/Debug-iphonesimulator/PackageFrameworks -F/Users/jaigaurav/Library/Developer/Xcode/DerivedData/Broccoli-eapieicfqwxippexlubxawpdfesp/Build/Products/Debug-iphonesimulator/PackageFrameworks -F/Users/jaigaurav/Library/Developer/Xcode/DerivedData/Broccoli-eapieicfqwxippexlubxawpdfesp/Build/Products/Debug-iphonesimulator -iframework /Applications/Xcode.app/Contents/Developer/Platforms/iPhoneSimulator.platform/Developer/Library/Frameworks -iframework /Applications/Xcode.app/Contents/Developer/Platforms/iPhoneSimulator.platform/Developer/SDKs/iPhoneSimulator26.5.sdk/Developer/Library/Frameworks -filelist /Users/jaigaurav/Library/Developer/Xcode/DerivedData/Broccoli-eapieicfqwxippexlubxawpdfesp/Build/Intermediates.noindex/Firebase.build/Debug-iphonesimulator/FirebaseInstallations.build/Objects-normal/x86_64/FirebaseInstallations.LinkFileList -nostdlib -Xlinker -object_path_lto -Xlinker /Users/jaigaurav/Library/Developer/Xcode/DerivedData/Broccoli-eapieicfqwxippexlubxawpdfesp/Build/Intermediates.noindex/Firebase.build/Debug-iphonesimulator/FirebaseInstallations.build/Objects-normal/x86_64/FirebaseInstallations_lto.o -Xlinker -no_deduplicate -Xlinker -objc_abi_version -Xlinker 2 -Xlinker -debug_variant -Xlinker -dependency_info -Xlinker /Users/jaigaurav/Library/Developer/Xcode/DerivedData/Broccoli-eapieicfqwxippexlubxawpdfesp/Build/Intermediates.noindex/Firebase.build/Debug-iphonesimulator/FirebaseInstallations.build/Objects-normal/x86_64/FirebaseInstallations_dependency_info.dat -fobjc-arc -fobjc-link-runtime -o /Users/jaigaurav/Library/Developer/Xcode/DerivedData/Broccoli-eapieicfqwxippexlubxawpdfesp/Build/Intermediates.noindex/Firebase.build/Debug-iphonesimulator/FirebaseInstallations.build/Objects-normal/x86_64/Binary/FirebaseInstallations.o

ExtractAppIntentsMetadata (in target 'FirebaseRemoteConfigInterop' from project 'Firebase')
    cd /Users/jaigaurav/Library/Developer/Xcode/DerivedData/Broccoli-eapieicfqwxippexlubxawpdfesp/SourcePackages/checkouts/firebase-ios-sdk
    /Applications/Xcode.app/Contents/Developer/Toolchains/XcodeDefault.xctoolchain/usr/bin/appintentsmetadataprocessor --toolchain-dir /Applications/Xcode.app/Contents/Developer/Toolchains/XcodeDefault.xctoolchain --module-name FirebaseRemoteConfigInterop --sdk-root /Applications/Xcode.app/Contents/Developer/Platforms/iPhoneSimulator.platform/Developer/SDKs/iPhoneSimulator26.5.sdk --xcode-version 17F113 --platform-family iOS --deployment-target 15.0 --bundle-identifier firebase-ios-sdk.FirebaseRemoteConfigInterop --output /Users/jaigaurav/Library/Developer/Xcode/DerivedData/Broccoli-eapieicfqwxippexlubxawpdfesp/Build/Products/Debug-iphonesimulator/FirebaseRemoteConfigInterop.appintents --target-triple arm64-apple-ios15.0-simulator --target-triple x86_64-apple-ios15.0-simulator --binary-file /Users/jaigaurav/Library/Developer/Xcode/DerivedData/Broccoli-eapieicfqwxippexlubxawpdfesp/Build/Products/Debug-iphonesimulator/FirebaseRemoteConfigInterop.o --dependency-file /Users/jaigaurav/Library/Developer/Xcode/DerivedData/Broccoli-eapieicfqwxippexlubxawpdfesp/Build/Intermediates.noindex/Firebase.build/Debug-iphonesimulator/FirebaseRemoteConfigInterop.build/Objects-normal/arm64/FirebaseRemoteConfigInterop_dependency_info.dat --dependency-file /Users/jaigaurav/Library/Developer/Xcode/DerivedData/Broccoli-eapieicfqwxippexlubxawpdfesp/Build/Intermediates.noindex/Firebase.build/Debug-iphonesimulator/FirebaseRemoteConfigInterop.build/Objects-normal/x86_64/FirebaseRemoteConfigInterop_dependency_info.dat --stringsdata-file /Users/jaigaurav/Library/Developer/Xcode/DerivedData/Broccoli-eapieicfqwxippexlubxawpdfesp/Build/Intermediates.noindex/Firebase.build/Debug-iphonesimulator/FirebaseRemoteConfigInterop.build/Objects-normal/arm64/ExtractedAppShortcutsMetadata.stringsdata --stringsdata-file /Users/jaigaurav/Library/Developer/Xcode/DerivedData/Broccoli-eapieicfqwxippexlubxawpdfesp/Build/Intermediates.noindex/Firebase.build/Debug-iphonesimulator/FirebaseRemoteConfigInterop.build/Objects-normal/x86_64/ExtractedAppShortcutsMetadata.stringsdata --source-file-list /Users/jaigaurav/Library/Developer/Xcode/DerivedData/Broccoli-eapieicfqwxippexlubxawpdfesp/Build/Intermediates.noindex/Firebase.build/Debug-iphonesimulator/FirebaseRemoteConfigInterop.build/Objects-normal/arm64/FirebaseRemoteConfigInterop.SwiftFileList --source-file-list /Users/jaigaurav/Library/Developer/Xcode/DerivedData/Broccoli-eapieicfqwxippexlubxawpdfesp/Build/Intermediates.noindex/Firebase.build/Debug-iphonesimulator/FirebaseRemoteConfigInterop.build/Objects-normal/x86_64/FirebaseRemoteConfigInterop.SwiftFileList --metadata-file-list /Users/jaigaurav/Library/Developer/Xcode/DerivedData/Broccoli-eapieicfqwxippexlubxawpdfesp/Build/Intermediates.noindex/Firebase.build/Debug-iphonesimulator/FirebaseRemoteConfigInterop.build/FirebaseRemoteConfigInterop.DependencyMetadataFileList --static-metadata-file-list /Users/jaigaurav/Library/Developer/Xcode/DerivedData/Broccoli-eapieicfqwxippexlubxawpdfesp/Build/Intermediates.noindex/Firebase.build/Debug-iphonesimulator/FirebaseRemoteConfigInterop.build/FirebaseRemoteConfigInterop.DependencyStaticMetadataFileList --swift-const-vals-list /Users/jaigaurav/Library/Developer/Xcode/DerivedData/Broccoli-eapieicfqwxippexlubxawpdfesp/Build/Intermediates.noindex/Firebase.build/Debug-iphonesimulator/FirebaseRemoteConfigInterop.build/Objects-normal/arm64/FirebaseRemoteConfigInterop.SwiftConstValuesFileList --swift-const-vals-list /Users/jaigaurav/Library/Developer/Xcode/DerivedData/Broccoli-eapieicfqwxippexlubxawpdfesp/Build/Intermediates.noindex/Firebase.build/Debug-iphonesimulator/FirebaseRemoteConfigInterop.build/Objects-normal/x86_64/FirebaseRemoteConfigInterop.SwiftConstValuesFileList --force --compile-time-extraction --deployment-aware-processing --validate-assistant-intents --no-app-shortcuts-localization
2026-08-17 12:31:48.026 appintentsmetadataprocessor[8343:167861] Starting appintentsmetadataprocessor export
2026-08-17 12:31:48.033 appintentsmetadataprocessor[8343:167861] Extracted no relevant App Intents symbols, skipping writing output

RegisterExecutionPolicyException /Users/jaigaurav/Library/Developer/Xcode/DerivedData/Broccoli-eapieicfqwxippexlubxawpdfesp/Build/Products/Debug-iphonesimulator/FirebaseRemoteConfigInterop.o (in target 'FirebaseRemoteConfigInterop' from project 'Firebase')
    cd /Users/jaigaurav/Library/Developer/Xcode/DerivedData/Broccoli-eapieicfqwxippexlubxawpdfesp/SourcePackages/checkouts/firebase-ios-sdk
    builtin-RegisterExecutionPolicyException /Users/jaigaurav/Library/Developer/Xcode/DerivedData/Broccoli-eapieicfqwxippexlubxawpdfesp/Build/Products/Debug-iphonesimulator/FirebaseRemoteConfigInterop.o

Ld /Users/jaigaurav/Library/Developer/Xcode/DerivedData/Broccoli-eapieicfqwxippexlubxawpdfesp/Build/Intermediates.noindex/Firebase.build/Debug-iphonesimulator/FirebaseInstallations.build/Objects-normal/arm64/Binary/FirebaseInstallations.o normal arm64 (in target 'FirebaseInstallations' from project 'Firebase')
    cd /Users/jaigaurav/Library/Developer/Xcode/DerivedData/Broccoli-eapieicfqwxippexlubxawpdfesp/SourcePackages/checkouts/firebase-ios-sdk
    /Applications/Xcode.app/Contents/Developer/Toolchains/XcodeDefault.xctoolchain/usr/bin/clang -Xlinker -reproducible -target arm64-apple-ios15.0-simulator -r -isysroot /Applications/Xcode.app/Contents/Developer/Platforms/iPhoneSimulator.platform/Developer/SDKs/iPhoneSimulator26.5.sdk -O0 -w -F/Users/jaigaurav/Library/Developer/Xcode/DerivedData/Broccoli-eapieicfqwxippexlubxawpdfesp/Build/Intermediates.noindex/EagerLinkingTBDs/Debug-iphonesimulator -F/Users/jaigaurav/Library/Developer/Xcode/DerivedData/Broccoli-eapieicfqwxippexlubxawpdfesp/Build/Products/Debug-iphonesimulator/PackageFrameworks -F/Users/jaigaurav/Library/Developer/Xcode/DerivedData/Broccoli-eapieicfqwxippexlubxawpdfesp/Build/Products/Debug-iphonesimulator/PackageFrameworks -F/Users/jaigaurav/Library/Developer/Xcode/DerivedData/Broccoli-eapieicfqwxippexlubxawpdfesp/Build/Products/Debug-iphonesimulator/PackageFrameworks -F/Users/jaigaurav/Library/Developer/Xcode/DerivedData/Broccoli-eapieicfqwxippexlubxawpdfesp/Build/Products/Debug-iphonesimulator/PackageFrameworks -F/Users/jaigaurav/Library/Developer/Xcode/DerivedData/Broccoli-eapieicfqwxippexlubxawpdfesp/Build/Products/Debug-iphonesimulator/PackageFrameworks -F/Users/jaigaurav/Library/Developer/Xcode/DerivedData/Broccoli-eapieicfqwxippexlubxawpdfesp/Build/Products/Debug-iphonesimulator/PackageFrameworks -F/Users/jaigaurav/Library/Developer/Xcode/DerivedData/Broccoli-eapieicfqwxippexlubxawpdfesp/Build/Products/Debug-iphonesimulator/PackageFrameworks -F/Users/jaigaurav/Library/Developer/Xcode/DerivedData/Broccoli-eapieicfqwxippexlubxawpdfesp/Build/Products/Debug-iphonesimulator/PackageFrameworks -F/Users/jaigaurav/Library/Developer/Xcode/DerivedData/Broccoli-eapieicfqwxippexlubxawpdfesp/Build/Products/Debug-iphonesimulator/PackageFrameworks -F/Users/jaigaurav/Library/Developer/Xcode/DerivedData/Broccoli-eapieicfqwxippexlubxawpdfesp/Build/Products/Debug-iphonesimulator -iframework /Applications/Xcode.app/Contents/Developer/Platforms/iPhoneSimulator.platform/Developer/Library/Frameworks -iframework /Applications/Xcode.app/Contents/Developer/Platforms/iPhoneSimulator.platform/Developer/SDKs/iPhoneSimulator26.5.sdk/Developer/Library/Frameworks -filelist /Users/jaigaurav/Library/Developer/Xcode/DerivedData/Broccoli-eapieicfqwxippexlubxawpdfesp/Build/Intermediates.noindex/Firebase.build/Debug-iphonesimulator/FirebaseInstallations.build/Objects-normal/arm64/FirebaseInstallations.LinkFileList -nostdlib -Xlinker -object_path_lto -Xlinker /Users/jaigaurav/Library/Developer/Xcode/DerivedData/Broccoli-eapieicfqwxippexlubxawpdfesp/Build/Intermediates.noindex/Firebase.build/Debug-iphonesimulator/FirebaseInstallations.build/Objects-normal/arm64/FirebaseInstallations_lto.o -Xlinker -no_deduplicate -Xlinker -objc_abi_version -Xlinker 2 -Xlinker -debug_variant -Xlinker -dependency_info -Xlinker /Users/jaigaurav/Library/Developer/Xcode/DerivedData/Broccoli-eapieicfqwxippexlubxawpdfesp/Build/Intermediates.noindex/Firebase.build/Debug-iphonesimulator/FirebaseInstallations.build/Objects-normal/arm64/FirebaseInstallations_dependency_info.dat -fobjc-arc -fobjc-link-runtime -o /Users/jaigaurav/Library/Developer/Xcode/DerivedData/Broccoli-eapieicfqwxippexlubxawpdfesp/Build/Intermediates.noindex/Firebase.build/Debug-iphonesimulator/FirebaseInstallations.build/Objects-normal/arm64/Binary/FirebaseInstallations.o

ProcessInfoPlistFile /Users/jaigaurav/Library/Developer/Xcode/DerivedData/Broccoli-eapieicfqwxippexlubxawpdfesp/Build/Products/Debug-iphonesimulator/Firebase_FirebaseCrashlyticsSwift.bundle/Info.plist /Users/jaigaurav/Library/Developer/Xcode/DerivedData/Broccoli-eapieicfqwxippexlubxawpdfesp/Build/Intermediates.noindex/Firebase.build/Debug-iphonesimulator/Firebase_FirebaseCrashlyticsSwift.build/empty-Firebase_FirebaseCrashlyticsSwift.plist (in target 'Firebase_FirebaseCrashlyticsSwift' from project 'Firebase')
    cd /Users/jaigaurav/Library/Developer/Xcode/DerivedData/Broccoli-eapieicfqwxippexlubxawpdfesp/SourcePackages/checkouts/firebase-ios-sdk
    builtin-infoPlistUtility /Users/jaigaurav/Library/Developer/Xcode/DerivedData/Broccoli-eapieicfqwxippexlubxawpdfesp/Build/Intermediates.noindex/Firebase.build/Debug-iphonesimulator/Firebase_FirebaseCrashlyticsSwift.build/empty-Firebase_FirebaseCrashlyticsSwift.plist -producttype com.apple.product-type.bundle -expandbuildsettings -format binary -platform iphonesimulator -o /Users/jaigaurav/Library/Developer/Xcode/DerivedData/Broccoli-eapieicfqwxippexlubxawpdfesp/Build/Products/Debug-iphonesimulator/Firebase_FirebaseCrashlyticsSwift.bundle/Info.plist

Ld /Users/jaigaurav/Library/Developer/Xcode/DerivedData/Broccoli-eapieicfqwxippexlubxawpdfesp/Build/Intermediates.noindex/Firebase.build/Debug-iphonesimulator/FirebaseCrashlyticsSwift.build/Objects-normal/x86_64/Binary/FirebaseCrashlyticsSwift.o normal x86_64 (in target 'FirebaseCrashlyticsSwift' from project 'Firebase')
    cd /Users/jaigaurav/Library/Developer/Xcode/DerivedData/Broccoli-eapieicfqwxippexlubxawpdfesp/SourcePackages/checkouts/firebase-ios-sdk
    /Applications/Xcode.app/Contents/Developer/Toolchains/XcodeDefault.xctoolchain/usr/bin/clang -Xlinker -reproducible -target x86_64-apple-ios15.0-simulator -r -isysroot /Applications/Xcode.app/Contents/Developer/Platforms/iPhoneSimulator.platform/Developer/SDKs/iPhoneSimulator26.5.sdk -O0 -w -F/Users/jaigaurav/Library/Developer/Xcode/DerivedData/Broccoli-eapieicfqwxippexlubxawpdfesp/Build/Intermediates.noindex/EagerLinkingTBDs/Debug-iphonesimulator -F/Users/jaigaurav/Library/Developer/Xcode/DerivedData/Broccoli-eapieicfqwxippexlubxawpdfesp/Build/Products/Debug-iphonesimulator/PackageFrameworks -F/Users/jaigaurav/Library/Developer/Xcode/DerivedData/Broccoli-eapieicfqwxippexlubxawpdfesp/Build/Products/Debug-iphonesimulator -iframework /Applications/Xcode.app/Contents/Developer/Platforms/iPhoneSimulator.platform/Developer/Library/Frameworks -iframework /Applications/Xcode.app/Contents/Developer/Platforms/iPhoneSimulator.platform/Developer/SDKs/iPhoneSimulator26.5.sdk/Developer/Library/Frameworks -filelist /Users/jaigaurav/Library/Developer/Xcode/DerivedData/Broccoli-eapieicfqwxippexlubxawpdfesp/Build/Intermediates.noindex/Firebase.build/Debug-iphonesimulator/FirebaseCrashlyticsSwift.build/Objects-normal/x86_64/FirebaseCrashlyticsSwift.LinkFileList -nostdlib -Xlinker -object_path_lto -Xlinker /Users/jaigaurav/Library/Developer/Xcode/DerivedData/Broccoli-eapieicfqwxippexlubxawpdfesp/Build/Intermediates.noindex/Firebase.build/Debug-iphonesimulator/FirebaseCrashlyticsSwift.build/Objects-normal/x86_64/FirebaseCrashlyticsSwift_lto.o -Xlinker -no_deduplicate -Xlinker -objc_abi_version -Xlinker 2 -Xlinker -debug_variant -Xlinker -dependency_info -Xlinker /Users/jaigaurav/Library/Developer/Xcode/DerivedData/Broccoli-eapieicfqwxippexlubxawpdfesp/Build/Intermediates.noindex/Firebase.build/Debug-iphonesimulator/FirebaseCrashlyticsSwift.build/Objects-normal/x86_64/FirebaseCrashlyticsSwift_dependency_info.dat -fobjc-link-runtime -L/Applications/Xcode.app/Contents/Developer/Toolchains/XcodeDefault.xctoolchain/usr/lib/swift/iphonesimulator -L/usr/lib/swift -Xlinker -add_ast_path -Xlinker /Users/jaigaurav/Library/Developer/Xcode/DerivedData/Broccoli-eapieicfqwxippexlubxawpdfesp/Build/Intermediates.noindex/Firebase.build/Debug-iphonesimulator/FirebaseCrashlyticsSwift.build/Objects-normal/x86_64/FirebaseCrashlyticsSwift.swiftmodule @/Users/jaigaurav/Library/Developer/Xcode/DerivedData/Broccoli-eapieicfqwxippexlubxawpdfesp/Build/Intermediates.noindex/Firebase.build/Debug-iphonesimulator/FirebaseCrashlyticsSwift.build/Objects-normal/x86_64/FirebaseCrashlyticsSwift-linker-args.resp -o /Users/jaigaurav/Library/Developer/Xcode/DerivedData/Broccoli-eapieicfqwxippexlubxawpdfesp/Build/Intermediates.noindex/Firebase.build/Debug-iphonesimulator/FirebaseCrashlyticsSwift.build/Objects-normal/x86_64/Binary/FirebaseCrashlyticsSwift.o

CreateUniversalBinary /Users/jaigaurav/Library/Developer/Xcode/DerivedData/Broccoli-eapieicfqwxippexlubxawpdfesp/Build/Products/Debug-iphonesimulator/FirebaseInstallations.o normal arm64\ x86_64 (in target 'FirebaseInstallations' from project 'Firebase')
    cd /Users/jaigaurav/Library/Developer/Xcode/DerivedData/Broccoli-eapieicfqwxippexlubxawpdfesp/SourcePackages/checkouts/firebase-ios-sdk
    /Applications/Xcode.app/Contents/Developer/Toolchains/XcodeDefault.xctoolchain/usr/bin/lipo -create /Users/jaigaurav/Library/Developer/Xcode/DerivedData/Broccoli-eapieicfqwxippexlubxawpdfesp/Build/Intermediates.noindex/Firebase.build/Debug-iphonesimulator/FirebaseInstallations.build/Objects-normal/arm64/Binary/FirebaseInstallations.o /Users/jaigaurav/Library/Developer/Xcode/DerivedData/Broccoli-eapieicfqwxippexlubxawpdfesp/Build/Intermediates.noindex/Firebase.build/Debug-iphonesimulator/FirebaseInstallations.build/Objects-normal/x86_64/Binary/FirebaseInstallations.o -output /Users/jaigaurav/Library/Developer/Xcode/DerivedData/Broccoli-eapieicfqwxippexlubxawpdfesp/Build/Products/Debug-iphonesimulator/FirebaseInstallations.o

Ld /Users/jaigaurav/Library/Developer/Xcode/DerivedData/Broccoli-eapieicfqwxippexlubxawpdfesp/Build/Intermediates.noindex/Firebase.build/Debug-iphonesimulator/FirebaseCrashlyticsSwift.build/Objects-normal/arm64/Binary/FirebaseCrashlyticsSwift.o normal arm64 (in target 'FirebaseCrashlyticsSwift' from project 'Firebase')
    cd /Users/jaigaurav/Library/Developer/Xcode/DerivedData/Broccoli-eapieicfqwxippexlubxawpdfesp/SourcePackages/checkouts/firebase-ios-sdk
    /Applications/Xcode.app/Contents/Developer/Toolchains/XcodeDefault.xctoolchain/usr/bin/clang -Xlinker -reproducible -target arm64-apple-ios15.0-simulator -r -isysroot /Applications/Xcode.app/Contents/Developer/Platforms/iPhoneSimulator.platform/Developer/SDKs/iPhoneSimulator26.5.sdk -O0 -w -F/Users/jaigaurav/Library/Developer/Xcode/DerivedData/Broccoli-eapieicfqwxippexlubxawpdfesp/Build/Intermediates.noindex/EagerLinkingTBDs/Debug-iphonesimulator -F/Users/jaigaurav/Library/Developer/Xcode/DerivedData/Broccoli-eapieicfqwxippexlubxawpdfesp/Build/Products/Debug-iphonesimulator/PackageFrameworks -F/Users/jaigaurav/Library/Developer/Xcode/DerivedData/Broccoli-eapieicfqwxippexlubxawpdfesp/Build/Products/Debug-iphonesimulator -iframework /Applications/Xcode.app/Contents/Developer/Platforms/iPhoneSimulator.platform/Developer/Library/Frameworks -iframework /Applications/Xcode.app/Contents/Developer/Platforms/iPhoneSimulator.platform/Developer/SDKs/iPhoneSimulator26.5.sdk/Developer/Library/Frameworks -filelist /Users/jaigaurav/Library/Developer/Xcode/DerivedData/Broccoli-eapieicfqwxippexlubxawpdfesp/Build/Intermediates.noindex/Firebase.build/Debug-iphonesimulator/FirebaseCrashlyticsSwift.build/Objects-normal/arm64/FirebaseCrashlyticsSwift.LinkFileList -nostdlib -Xlinker -object_path_lto -Xlinker /Users/jaigaurav/Library/Developer/Xcode/DerivedData/Broccoli-eapieicfqwxippexlubxawpdfesp/Build/Intermediates.noindex/Firebase.build/Debug-iphonesimulator/FirebaseCrashlyticsSwift.build/Objects-normal/arm64/FirebaseCrashlyticsSwift_lto.o -Xlinker -no_deduplicate -Xlinker -objc_abi_version -Xlinker 2 -Xlinker -debug_variant -Xlinker -dependency_info -Xlinker /Users/jaigaurav/Library/Developer/Xcode/DerivedData/Broccoli-eapieicfqwxippexlubxawpdfesp/Build/Intermediates.noindex/Firebase.build/Debug-iphonesimulator/FirebaseCrashlyticsSwift.build/Objects-normal/arm64/FirebaseCrashlyticsSwift_dependency_info.dat -fobjc-link-runtime -L/Applications/Xcode.app/Contents/Developer/Toolchains/XcodeDefault.xctoolchain/usr/lib/swift/iphonesimulator -L/usr/lib/swift -Xlinker -add_ast_path -Xlinker /Users/jaigaurav/Library/Developer/Xcode/DerivedData/Broccoli-eapieicfqwxippexlubxawpdfesp/Build/Intermediates.noindex/Firebase.build/Debug-iphonesimulator/FirebaseCrashlyticsSwift.build/Objects-normal/arm64/FirebaseCrashlyticsSwift.swiftmodule @/Users/jaigaurav/Library/Developer/Xcode/DerivedData/Broccoli-eapieicfqwxippexlubxawpdfesp/Build/Intermediates.noindex/Firebase.build/Debug-iphonesimulator/FirebaseCrashlyticsSwift.build/Objects-normal/arm64/FirebaseCrashlyticsSwift-linker-args.resp -o /Users/jaigaurav/Library/Developer/Xcode/DerivedData/Broccoli-eapieicfqwxippexlubxawpdfesp/Build/Intermediates.noindex/Firebase.build/Debug-iphonesimulator/FirebaseCrashlyticsSwift.build/Objects-normal/arm64/Binary/FirebaseCrashlyticsSwift.o

RegisterExecutionPolicyException /Users/jaigaurav/Library/Developer/Xcode/DerivedData/Broccoli-eapieicfqwxippexlubxawpdfesp/Build/Products/Debug-iphonesimulator/FirebaseInstallations.o (in target 'FirebaseInstallations' from project 'Firebase')
    cd /Users/jaigaurav/Library/Developer/Xcode/DerivedData/Broccoli-eapieicfqwxippexlubxawpdfesp/SourcePackages/checkouts/firebase-ios-sdk
    builtin-RegisterExecutionPolicyException /Users/jaigaurav/Library/Developer/Xcode/DerivedData/Broccoli-eapieicfqwxippexlubxawpdfesp/Build/Products/Debug-iphonesimulator/FirebaseInstallations.o

Ld /Users/jaigaurav/Library/Developer/Xcode/DerivedData/Broccoli-eapieicfqwxippexlubxawpdfesp/Build/Intermediates.noindex/Firebase.build/Debug-iphonesimulator/FirebaseMessaging.build/Objects-normal/arm64/Binary/FirebaseMessaging.o normal arm64 (in target 'FirebaseMessaging' from project 'Firebase')
    cd /Users/jaigaurav/Library/Developer/Xcode/DerivedData/Broccoli-eapieicfqwxippexlubxawpdfesp/SourcePackages/checkouts/firebase-ios-sdk
    /Applications/Xcode.app/Contents/Developer/Toolchains/XcodeDefault.xctoolchain/usr/bin/clang -Xlinker -reproducible -target arm64-apple-ios15.0-simulator -r -isysroot /Applications/Xcode.app/Contents/Developer/Platforms/iPhoneSimulator.platform/Developer/SDKs/iPhoneSimulator26.5.sdk -O0 -w -F/Users/jaigaurav/Library/Developer/Xcode/DerivedData/Broccoli-eapieicfqwxippexlubxawpdfesp/Build/Intermediates.noindex/EagerLinkingTBDs/Debug-iphonesimulator -F/Users/jaigaurav/Library/Developer/Xcode/DerivedData/Broccoli-eapieicfqwxippexlubxawpdfesp/Build/Products/Debug-iphonesimulator/PackageFrameworks -F/Users/jaigaurav/Library/Developer/Xcode/DerivedData/Broccoli-eapieicfqwxippexlubxawpdfesp/Build/Products/Debug-iphonesimulator/PackageFrameworks -F/Users/jaigaurav/Library/Developer/Xcode/DerivedData/Broccoli-eapieicfqwxippexlubxawpdfesp/Build/Products/Debug-iphonesimulator/PackageFrameworks -F/Users/jaigaurav/Library/Developer/Xcode/DerivedData/Broccoli-eapieicfqwxippexlubxawpdfesp/Build/Products/Debug-iphonesimulator/PackageFrameworks -F/Users/jaigaurav/Library/Developer/Xcode/DerivedData/Broccoli-eapieicfqwxippexlubxawpdfesp/Build/Products/Debug-iphonesimulator/PackageFrameworks -F/Users/jaigaurav/Library/Developer/Xcode/DerivedData/Broccoli-eapieicfqwxippexlubxawpdfesp/Build/Products/Debug-iphonesimulator/PackageFrameworks -F/Users/jaigaurav/Library/Developer/Xcode/DerivedData/Broccoli-eapieicfqwxippexlubxawpdfesp/Build/Products/Debug-iphonesimulator/PackageFrameworks -F/Users/jaigaurav/Library/Developer/Xcode/DerivedData/Broccoli-eapieicfqwxippexlubxawpdfesp/Build/Products/Debug-iphonesimulator/PackageFrameworks -F/Users/jaigaurav/Library/Developer/Xcode/DerivedData/Broccoli-eapieicfqwxippexlubxawpdfesp/Build/Products/Debug-iphonesimulator/PackageFrameworks -F/Users/jaigaurav/Library/Developer/Xcode/DerivedData/Broccoli-eapieicfqwxippexlubxawpdfesp/Build/Products/Debug-iphonesimulator/PackageFrameworks -F/Users/jaigaurav/Library/Developer/Xcode/DerivedData/Broccoli-eapieicfqwxippexlubxawpdfesp/Build/Products/Debug-iphonesimulator/PackageFrameworks -F/Users/jaigaurav/Library/Developer/Xcode/DerivedData/Broccoli-eapieicfqwxippexlubxawpdfesp/Build/Products/Debug-iphonesimulator/PackageFrameworks -F/Users/jaigaurav/Library/Developer/Xcode/DerivedData/Broccoli-eapieicfqwxippexlubxawpdfesp/Build/Products/Debug-iphonesimulator/PackageFrameworks -F/Users/jaigaurav/Library/Developer/Xcode/DerivedData/Broccoli-eapieicfqwxippexlubxawpdfesp/Build/Products/Debug-iphonesimulator/PackageFrameworks -F/Users/jaigaurav/Library/Developer/Xcode/DerivedData/Broccoli-eapieicfqwxippexlubxawpdfesp/Build/Products/Debug-iphonesimulator/PackageFrameworks -F/Users/jaigaurav/Library/Developer/Xcode/DerivedData/Broccoli-eapieicfqwxippexlubxawpdfesp/Build/Products/Debug-iphonesimulator -iframework /Applications/Xcode.app/Contents/Developer/Platforms/iPhoneSimulator.platform/Developer/Library/Frameworks -iframework /Applications/Xcode.app/Contents/Developer/Platforms/iPhoneSimulator.platform/Developer/SDKs/iPhoneSimulator26.5.sdk/Developer/Library/Frameworks -filelist /Users/jaigaurav/Library/Developer/Xcode/DerivedData/Broccoli-eapieicfqwxippexlubxawpdfesp/Build/Intermediates.noindex/Firebase.build/Debug-iphonesimulator/FirebaseMessaging.build/Objects-normal/arm64/FirebaseMessaging.LinkFileList -nostdlib -Xlinker -object_path_lto -Xlinker /Users/jaigaurav/Library/Developer/Xcode/DerivedData/Broccoli-eapieicfqwxippexlubxawpdfesp/Build/Intermediates.noindex/Firebase.build/Debug-iphonesimulator/FirebaseMessaging.build/Objects-normal/arm64/FirebaseMessaging_lto.o -Xlinker -no_deduplicate -Xlinker -objc_abi_version -Xlinker 2 -Xlinker -debug_variant -Xlinker -dependency_info -Xlinker /Users/jaigaurav/Library/Developer/Xcode/DerivedData/Broccoli-eapieicfqwxippexlubxawpdfesp/Build/Intermediates.noindex/Firebase.build/Debug-iphonesimulator/FirebaseMessaging.build/Objects-normal/arm64/FirebaseMessaging_dependency_info.dat -fobjc-arc -fobjc-link-runtime -o /Users/jaigaurav/Library/Developer/Xcode/DerivedData/Broccoli-eapieicfqwxippexlubxawpdfesp/Build/Intermediates.noindex/Firebase.build/Debug-iphonesimulator/FirebaseMessaging.build/Objects-normal/arm64/Binary/FirebaseMessaging.o

CreateUniversalBinary /Users/jaigaurav/Library/Developer/Xcode/DerivedData/Broccoli-eapieicfqwxippexlubxawpdfesp/Build/Products/Debug-iphonesimulator/FirebaseCrashlyticsSwift.o normal arm64\ x86_64 (in target 'FirebaseCrashlyticsSwift' from project 'Firebase')
    cd /Users/jaigaurav/Library/Developer/Xcode/DerivedData/Broccoli-eapieicfqwxippexlubxawpdfesp/SourcePackages/checkouts/firebase-ios-sdk
    /Applications/Xcode.app/Contents/Developer/Toolchains/XcodeDefault.xctoolchain/usr/bin/lipo -create /Users/jaigaurav/Library/Developer/Xcode/DerivedData/Broccoli-eapieicfqwxippexlubxawpdfesp/Build/Intermediates.noindex/Firebase.build/Debug-iphonesimulator/FirebaseCrashlyticsSwift.build/Objects-normal/arm64/Binary/FirebaseCrashlyticsSwift.o /Users/jaigaurav/Library/Developer/Xcode/DerivedData/Broccoli-eapieicfqwxippexlubxawpdfesp/Build/Intermediates.noindex/Firebase.build/Debug-iphonesimulator/FirebaseCrashlyticsSwift.build/Objects-normal/x86_64/Binary/FirebaseCrashlyticsSwift.o -output /Users/jaigaurav/Library/Developer/Xcode/DerivedData/Broccoli-eapieicfqwxippexlubxawpdfesp/Build/Products/Debug-iphonesimulator/FirebaseCrashlyticsSwift.o

ExtractAppIntentsMetadata (in target 'FirebaseCrashlyticsSwift' from project 'Firebase')
    cd /Users/jaigaurav/Library/Developer/Xcode/DerivedData/Broccoli-eapieicfqwxippexlubxawpdfesp/SourcePackages/checkouts/firebase-ios-sdk
    /Applications/Xcode.app/Contents/Developer/Toolchains/XcodeDefault.xctoolchain/usr/bin/appintentsmetadataprocessor --toolchain-dir /Applications/Xcode.app/Contents/Developer/Toolchains/XcodeDefault.xctoolchain --module-name FirebaseCrashlyticsSwift --sdk-root /Applications/Xcode.app/Contents/Developer/Platforms/iPhoneSimulator.platform/Developer/SDKs/iPhoneSimulator26.5.sdk --xcode-version 17F113 --platform-family iOS --deployment-target 15.0 --bundle-identifier firebase-ios-sdk.FirebaseCrashlyticsSwift --output /Users/jaigaurav/Library/Developer/Xcode/DerivedData/Broccoli-eapieicfqwxippexlubxawpdfesp/Build/Products/Debug-iphonesimulator/FirebaseCrashlyticsSwift.appintents --target-triple arm64-apple-ios15.0-simulator --target-triple x86_64-apple-ios15.0-simulator --binary-file /Users/jaigaurav/Library/Developer/Xcode/DerivedData/Broccoli-eapieicfqwxippexlubxawpdfesp/Build/Products/Debug-iphonesimulator/FirebaseCrashlyticsSwift.o --dependency-file /Users/jaigaurav/Library/Developer/Xcode/DerivedData/Broccoli-eapieicfqwxippexlubxawpdfesp/Build/Intermediates.noindex/Firebase.build/Debug-iphonesimulator/FirebaseCrashlyticsSwift.build/Objects-normal/arm64/FirebaseCrashlyticsSwift_dependency_info.dat --dependency-file /Users/jaigaurav/Library/Developer/Xcode/DerivedData/Broccoli-eapieicfqwxippexlubxawpdfesp/Build/Intermediates.noindex/Firebase.build/Debug-iphonesimulator/FirebaseCrashlyticsSwift.build/Objects-normal/x86_64/FirebaseCrashlyticsSwift_dependency_info.dat --stringsdata-file /Users/jaigaurav/Library/Developer/Xcode/DerivedData/Broccoli-eapieicfqwxippexlubxawpdfesp/Build/Intermediates.noindex/Firebase.build/Debug-iphonesimulator/FirebaseCrashlyticsSwift.build/Objects-normal/arm64/ExtractedAppShortcutsMetadata.stringsdata --stringsdata-file /Users/jaigaurav/Library/Developer/Xcode/DerivedData/Broccoli-eapieicfqwxippexlubxawpdfesp/Build/Intermediates.noindex/Firebase.build/Debug-iphonesimulator/FirebaseCrashlyticsSwift.build/Objects-normal/x86_64/ExtractedAppShortcutsMetadata.stringsdata --source-file-list /Users/jaigaurav/Library/Developer/Xcode/DerivedData/Broccoli-eapieicfqwxippexlubxawpdfesp/Build/Intermediates.noindex/Firebase.build/Debug-iphonesimulator/FirebaseCrashlyticsSwift.build/Objects-normal/arm64/FirebaseCrashlyticsSwift.SwiftFileList --source-file-list /Users/jaigaurav/Library/Developer/Xcode/DerivedData/Broccoli-eapieicfqwxippexlubxawpdfesp/Build/Intermediates.noindex/Firebase.build/Debug-iphonesimulator/FirebaseCrashlyticsSwift.build/Objects-normal/x86_64/FirebaseCrashlyticsSwift.SwiftFileList --metadata-file-list /Users/jaigaurav/Library/Developer/Xcode/DerivedData/Broccoli-eapieicfqwxippexlubxawpdfesp/Build/Intermediates.noindex/Firebase.build/Debug-iphonesimulator/FirebaseCrashlyticsSwift.build/FirebaseCrashlyticsSwift.DependencyMetadataFileList --static-metadata-file-list /Users/jaigaurav/Library/Developer/Xcode/DerivedData/Broccoli-eapieicfqwxippexlubxawpdfesp/Build/Intermediates.noindex/Firebase.build/Debug-iphonesimulator/FirebaseCrashlyticsSwift.build/FirebaseCrashlyticsSwift.DependencyStaticMetadataFileList --swift-const-vals-list /Users/jaigaurav/Library/Developer/Xcode/DerivedData/Broccoli-eapieicfqwxippexlubxawpdfesp/Build/Intermediates.noindex/Firebase.build/Debug-iphonesimulator/FirebaseCrashlyticsSwift.build/Objects-normal/arm64/FirebaseCrashlyticsSwift.SwiftConstValuesFileList --swift-const-vals-list /Users/jaigaurav/Library/Developer/Xcode/DerivedData/Broccoli-eapieicfqwxippexlubxawpdfesp/Build/Intermediates.noindex/Firebase.build/Debug-iphonesimulator/FirebaseCrashlyticsSwift.build/Objects-normal/x86_64/FirebaseCrashlyticsSwift.SwiftConstValuesFileList --force --compile-time-extraction --deployment-aware-processing --validate-assistant-intents --no-app-shortcuts-localization
2026-08-17 12:31:48.145 appintentsmetadataprocessor[8355:167916] Starting appintentsmetadataprocessor export
2026-08-17 12:31:48.154 appintentsmetadataprocessor[8355:167916] Extracted no relevant App Intents symbols, skipping writing output

CreateUniversalBinary /Users/jaigaurav/Library/Developer/Xcode/DerivedData/Broccoli-eapieicfqwxippexlubxawpdfesp/Build/Products/Debug-iphonesimulator/StripePayments.o normal arm64\ x86_64 (in target 'StripePayments' from project 'Stripe')
    cd /Users/jaigaurav/Library/Developer/Xcode/DerivedData/Broccoli-eapieicfqwxippexlubxawpdfesp/SourcePackages/checkouts/stripe-ios-spm
    /Applications/Xcode.app/Contents/Developer/Toolchains/XcodeDefault.xctoolchain/usr/bin/lipo -create /Users/jaigaurav/Library/Developer/Xcode/DerivedData/Broccoli-eapieicfqwxippexlubxawpdfesp/Build/Intermediates.noindex/Stripe.build/Debug-iphonesimulator/StripePayments.build/Objects-normal/arm64/Binary/StripePayments.o /Users/jaigaurav/Library/Developer/Xcode/DerivedData/Broccoli-eapieicfqwxippexlubxawpdfesp/Build/Intermediates.noindex/Stripe.build/Debug-iphonesimulator/StripePayments.build/Objects-normal/x86_64/Binary/StripePayments.o -output /Users/jaigaurav/Library/Developer/Xcode/DerivedData/Broccoli-eapieicfqwxippexlubxawpdfesp/Build/Products/Debug-iphonesimulator/StripePayments.o

RegisterExecutionPolicyException /Users/jaigaurav/Library/Developer/Xcode/DerivedData/Broccoli-eapieicfqwxippexlubxawpdfesp/Build/Products/Debug-iphonesimulator/FirebaseCrashlyticsSwift.o (in target 'FirebaseCrashlyticsSwift' from project 'Firebase')
    cd /Users/jaigaurav/Library/Developer/Xcode/DerivedData/Broccoli-eapieicfqwxippexlubxawpdfesp/SourcePackages/checkouts/firebase-ios-sdk
    builtin-RegisterExecutionPolicyException /Users/jaigaurav/Library/Developer/Xcode/DerivedData/Broccoli-eapieicfqwxippexlubxawpdfesp/Build/Products/Debug-iphonesimulator/FirebaseCrashlyticsSwift.o

Ld /Users/jaigaurav/Library/Developer/Xcode/DerivedData/Broccoli-eapieicfqwxippexlubxawpdfesp/Build/Intermediates.noindex/Firebase.build/Debug-iphonesimulator/FirebaseMessaging.build/Objects-normal/x86_64/Binary/FirebaseMessaging.o normal x86_64 (in target 'FirebaseMessaging' from project 'Firebase')
    cd /Users/jaigaurav/Library/Developer/Xcode/DerivedData/Broccoli-eapieicfqwxippexlubxawpdfesp/SourcePackages/checkouts/firebase-ios-sdk
    /Applications/Xcode.app/Contents/Developer/Toolchains/XcodeDefault.xctoolchain/usr/bin/clang -Xlinker -reproducible -target x86_64-apple-ios15.0-simulator -r -isysroot /Applications/Xcode.app/Contents/Developer/Platforms/iPhoneSimulator.platform/Developer/SDKs/iPhoneSimulator26.5.sdk -O0 -w -F/Users/jaigaurav/Library/Developer/Xcode/DerivedData/Broccoli-eapieicfqwxippexlubxawpdfesp/Build/Intermediates.noindex/EagerLinkingTBDs/Debug-iphonesimulator -F/Users/jaigaurav/Library/Developer/Xcode/DerivedData/Broccoli-eapieicfqwxippexlubxawpdfesp/Build/Products/Debug-iphonesimulator/PackageFrameworks -F/Users/jaigaurav/Library/Developer/Xcode/DerivedData/Broccoli-eapieicfqwxippexlubxawpdfesp/Build/Products/Debug-iphonesimulator/PackageFrameworks -F/Users/jaigaurav/Library/Developer/Xcode/DerivedData/Broccoli-eapieicfqwxippexlubxawpdfesp/Build/Products/Debug-iphonesimulator/PackageFrameworks -F/Users/jaigaurav/Library/Developer/Xcode/DerivedData/Broccoli-eapieicfqwxippexlubxawpdfesp/Build/Products/Debug-iphonesimulator/PackageFrameworks -F/Users/jaigaurav/Library/Developer/Xcode/DerivedData/Broccoli-eapieicfqwxippexlubxawpdfesp/Build/Products/Debug-iphonesimulator/PackageFrameworks -F/Users/jaigaurav/Library/Developer/Xcode/DerivedData/Broccoli-eapieicfqwxippexlubxawpdfesp/Build/Products/Debug-iphonesimulator/PackageFrameworks -F/Users/jaigaurav/Library/Developer/Xcode/DerivedData/Broccoli-eapieicfqwxippexlubxawpdfesp/Build/Products/Debug-iphonesimulator/PackageFrameworks -F/Users/jaigaurav/Library/Developer/Xcode/DerivedData/Broccoli-eapieicfqwxippexlubxawpdfesp/Build/Products/Debug-iphonesimulator/PackageFrameworks -F/Users/jaigaurav/Library/Developer/Xcode/DerivedData/Broccoli-eapieicfqwxippexlubxawpdfesp/Build/Products/Debug-iphonesimulator/PackageFrameworks -F/Users/jaigaurav/Library/Developer/Xcode/DerivedData/Broccoli-eapieicfqwxippexlubxawpdfesp/Build/Products/Debug-iphonesimulator/PackageFrameworks -F/Users/jaigaurav/Library/Developer/Xcode/DerivedData/Broccoli-eapieicfqwxippexlubxawpdfesp/Build/Products/Debug-iphonesimulator/PackageFrameworks -F/Users/jaigaurav/Library/Developer/Xcode/DerivedData/Broccoli-eapieicfqwxippexlubxawpdfesp/Build/Products/Debug-iphonesimulator/PackageFrameworks -F/Users/jaigaurav/Library/Developer/Xcode/DerivedData/Broccoli-eapieicfqwxippexlubxawpdfesp/Build/Products/Debug-iphonesimulator/PackageFrameworks -F/Users/jaigaurav/Library/Developer/Xcode/DerivedData/Broccoli-eapieicfqwxippexlubxawpdfesp/Build/Products/Debug-iphonesimulator/PackageFrameworks -F/Users/jaigaurav/Library/Developer/Xcode/DerivedData/Broccoli-eapieicfqwxippexlubxawpdfesp/Build/Products/Debug-iphonesimulator/PackageFrameworks -F/Users/jaigaurav/Library/Developer/Xcode/DerivedData/Broccoli-eapieicfqwxippexlubxawpdfesp/Build/Products/Debug-iphonesimulator -iframework /Applications/Xcode.app/Contents/Developer/Platforms/iPhoneSimulator.platform/Developer/Library/Frameworks -iframework /Applications/Xcode.app/Contents/Developer/Platforms/iPhoneSimulator.platform/Developer/SDKs/iPhoneSimulator26.5.sdk/Developer/Library/Frameworks -filelist /Users/jaigaurav/Library/Developer/Xcode/DerivedData/Broccoli-eapieicfqwxippexlubxawpdfesp/Build/Intermediates.noindex/Firebase.build/Debug-iphonesimulator/FirebaseMessaging.build/Objects-normal/x86_64/FirebaseMessaging.LinkFileList -nostdlib -Xlinker -object_path_lto -Xlinker /Users/jaigaurav/Library/Developer/Xcode/DerivedData/Broccoli-eapieicfqwxippexlubxawpdfesp/Build/Intermediates.noindex/Firebase.build/Debug-iphonesimulator/FirebaseMessaging.build/Objects-normal/x86_64/FirebaseMessaging_lto.o -Xlinker -no_deduplicate -Xlinker -objc_abi_version -Xlinker 2 -Xlinker -debug_variant -Xlinker -dependency_info -Xlinker /Users/jaigaurav/Library/Developer/Xcode/DerivedData/Broccoli-eapieicfqwxippexlubxawpdfesp/Build/Intermediates.noindex/Firebase.build/Debug-iphonesimulator/FirebaseMessaging.build/Objects-normal/x86_64/FirebaseMessaging_dependency_info.dat -fobjc-arc -fobjc-link-runtime -o /Users/jaigaurav/Library/Developer/Xcode/DerivedData/Broccoli-eapieicfqwxippexlubxawpdfesp/Build/Intermediates.noindex/Firebase.build/Debug-iphonesimulator/FirebaseMessaging.build/Objects-normal/x86_64/Binary/FirebaseMessaging.o

Ld /Users/jaigaurav/Library/Developer/Xcode/DerivedData/Broccoli-eapieicfqwxippexlubxawpdfesp/Build/Intermediates.noindex/Firebase.build/Debug-iphonesimulator/FirebaseSessionsObjC.build/Objects-normal/x86_64/Binary/FirebaseSessionsObjC.o normal x86_64 (in target 'FirebaseSessionsObjC' from project 'Firebase')
    cd /Users/jaigaurav/Library/Developer/Xcode/DerivedData/Broccoli-eapieicfqwxippexlubxawpdfesp/SourcePackages/checkouts/firebase-ios-sdk
    /Applications/Xcode.app/Contents/Developer/Toolchains/XcodeDefault.xctoolchain/usr/bin/clang -Xlinker -reproducible -target x86_64-apple-ios15.0-simulator -r -isysroot /Applications/Xcode.app/Contents/Developer/Platforms/iPhoneSimulator.platform/Developer/SDKs/iPhoneSimulator26.5.sdk -O0 -w -F/Users/jaigaurav/Library/Developer/Xcode/DerivedData/Broccoli-eapieicfqwxippexlubxawpdfesp/Build/Intermediates.noindex/EagerLinkingTBDs/Debug-iphonesimulator -F/Users/jaigaurav/Library/Developer/Xcode/DerivedData/Broccoli-eapieicfqwxippexlubxawpdfesp/Build/Products/Debug-iphonesimulator/PackageFrameworks -F/Users/jaigaurav/Library/Developer/Xcode/DerivedData/Broccoli-eapieicfqwxippexlubxawpdfesp/Build/Products/Debug-iphonesimulator/PackageFrameworks -F/Users/jaigaurav/Library/Developer/Xcode/DerivedData/Broccoli-eapieicfqwxippexlubxawpdfesp/Build/Products/Debug-iphonesimulator/PackageFrameworks -F/Users/jaigaurav/Library/Developer/Xcode/DerivedData/Broccoli-eapieicfqwxippexlubxawpdfesp/Build/Products/Debug-iphonesimulator/PackageFrameworks -F/Users/jaigaurav/Library/Developer/Xcode/DerivedData/Broccoli-eapieicfqwxippexlubxawpdfesp/Build/Products/Debug-iphonesimulator/PackageFrameworks -F/Users/jaigaurav/Library/Developer/Xcode/DerivedData/Broccoli-eapieicfqwxippexlubxawpdfesp/Build/Products/Debug-iphonesimulator/PackageFrameworks -F/Users/jaigaurav/Library/Developer/Xcode/DerivedData/Broccoli-eapieicfqwxippexlubxawpdfesp/Build/Products/Debug-iphonesimulator/PackageFrameworks -F/Users/jaigaurav/Library/Developer/Xcode/DerivedData/Broccoli-eapieicfqwxippexlubxawpdfesp/Build/Products/Debug-iphonesimulator/PackageFrameworks -F/Users/jaigaurav/Library/Developer/Xcode/DerivedData/Broccoli-eapieicfqwxippexlubxawpdfesp/Build/Products/Debug-iphonesimulator/PackageFrameworks -F/Users/jaigaurav/Library/Developer/Xcode/DerivedData/Broccoli-eapieicfqwxippexlubxawpdfesp/Build/Products/Debug-iphonesimulator -iframework /Applications/Xcode.app/Contents/Developer/Platforms/iPhoneSimulator.platform/Developer/Library/Frameworks -iframework /Applications/Xcode.app/Contents/Developer/Platforms/iPhoneSimulator.platform/Developer/SDKs/iPhoneSimulator26.5.sdk/Developer/Library/Frameworks -filelist /Users/jaigaurav/Library/Developer/Xcode/DerivedData/Broccoli-eapieicfqwxippexlubxawpdfesp/Build/Intermediates.noindex/Firebase.build/Debug-iphonesimulator/FirebaseSessionsObjC.build/Objects-normal/x86_64/FirebaseSessionsObjC.LinkFileList -nostdlib -Xlinker -object_path_lto -Xlinker /Users/jaigaurav/Library/Developer/Xcode/DerivedData/Broccoli-eapieicfqwxippexlubxawpdfesp/Build/Intermediates.noindex/Firebase.build/Debug-iphonesimulator/FirebaseSessionsObjC.build/Objects-normal/x86_64/FirebaseSessionsObjC_lto.o -Xlinker -no_deduplicate -Xlinker -objc_abi_version -Xlinker 2 -Xlinker -debug_variant -Xlinker -dependency_info -Xlinker /Users/jaigaurav/Library/Developer/Xcode/DerivedData/Broccoli-eapieicfqwxippexlubxawpdfesp/Build/Intermediates.noindex/Firebase.build/Debug-iphonesimulator/FirebaseSessionsObjC.build/Objects-normal/x86_64/FirebaseSessionsObjC_dependency_info.dat -fobjc-arc -fobjc-link-runtime -o /Users/jaigaurav/Library/Developer/Xcode/DerivedData/Broccoli-eapieicfqwxippexlubxawpdfesp/Build/Intermediates.noindex/Firebase.build/Debug-iphonesimulator/FirebaseSessionsObjC.build/Objects-normal/x86_64/Binary/FirebaseSessionsObjC.o

Ld /Users/jaigaurav/Library/Developer/Xcode/DerivedData/Broccoli-eapieicfqwxippexlubxawpdfesp/Build/Intermediates.noindex/Firebase.build/Debug-iphonesimulator/FirebaseSessionsObjC.build/Objects-normal/arm64/Binary/FirebaseSessionsObjC.o normal arm64 (in target 'FirebaseSessionsObjC' from project 'Firebase')
    cd /Users/jaigaurav/Library/Developer/Xcode/DerivedData/Broccoli-eapieicfqwxippexlubxawpdfesp/SourcePackages/checkouts/firebase-ios-sdk
    /Applications/Xcode.app/Contents/Developer/Toolchains/XcodeDefault.xctoolchain/usr/bin/clang -Xlinker -reproducible -target arm64-apple-ios15.0-simulator -r -isysroot /Applications/Xcode.app/Contents/Developer/Platforms/iPhoneSimulator.platform/Developer/SDKs/iPhoneSimulator26.5.sdk -O0 -w -F/Users/jaigaurav/Library/Developer/Xcode/DerivedData/Broccoli-eapieicfqwxippexlubxawpdfesp/Build/Intermediates.noindex/EagerLinkingTBDs/Debug-iphonesimulator -F/Users/jaigaurav/Library/Developer/Xcode/DerivedData/Broccoli-eapieicfqwxippexlubxawpdfesp/Build/Products/Debug-iphonesimulator/PackageFrameworks -F/Users/jaigaurav/Library/Developer/Xcode/DerivedData/Broccoli-eapieicfqwxippexlubxawpdfesp/Build/Products/Debug-iphonesimulator/PackageFrameworks -F/Users/jaigaurav/Library/Developer/Xcode/DerivedData/Broccoli-eapieicfqwxippexlubxawpdfesp/Build/Products/Debug-iphonesimulator/PackageFrameworks -F/Users/jaigaurav/Library/Developer/Xcode/DerivedData/Broccoli-eapieicfqwxippexlubxawpdfesp/Build/Products/Debug-iphonesimulator/PackageFrameworks -F/Users/jaigaurav/Library/Developer/Xcode/DerivedData/Broccoli-eapieicfqwxippexlubxawpdfesp/Build/Products/Debug-iphonesimulator/PackageFrameworks -F/Users/jaigaurav/Library/Developer/Xcode/DerivedData/Broccoli-eapieicfqwxippexlubxawpdfesp/Build/Products/Debug-iphonesimulator/PackageFrameworks -F/Users/jaigaurav/Library/Developer/Xcode/DerivedData/Broccoli-eapieicfqwxippexlubxawpdfesp/Build/Products/Debug-iphonesimulator/PackageFrameworks -F/Users/jaigaurav/Library/Developer/Xcode/DerivedData/Broccoli-eapieicfqwxippexlubxawpdfesp/Build/Products/Debug-iphonesimulator/PackageFrameworks -F/Users/jaigaurav/Library/Developer/Xcode/DerivedData/Broccoli-eapieicfqwxippexlubxawpdfesp/Build/Products/Debug-iphonesimulator/PackageFrameworks -F/Users/jaigaurav/Library/Developer/Xcode/DerivedData/Broccoli-eapieicfqwxippexlubxawpdfesp/Build/Products/Debug-iphonesimulator -iframework /Applications/Xcode.app/Contents/Developer/Platforms/iPhoneSimulator.platform/Developer/Library/Frameworks -iframework /Applications/Xcode.app/Contents/Developer/Platforms/iPhoneSimulator.platform/Developer/SDKs/iPhoneSimulator26.5.sdk/Developer/Library/Frameworks -filelist /Users/jaigaurav/Library/Developer/Xcode/DerivedData/Broccoli-eapieicfqwxippexlubxawpdfesp/Build/Intermediates.noindex/Firebase.build/Debug-iphonesimulator/FirebaseSessionsObjC.build/Objects-normal/arm64/FirebaseSessionsObjC.LinkFileList -nostdlib -Xlinker -object_path_lto -Xlinker /Users/jaigaurav/Library/Developer/Xcode/DerivedData/Broccoli-eapieicfqwxippexlubxawpdfesp/Build/Intermediates.noindex/Firebase.build/Debug-iphonesimulator/FirebaseSessionsObjC.build/Objects-normal/arm64/FirebaseSessionsObjC_lto.o -Xlinker -no_deduplicate -Xlinker -objc_abi_version -Xlinker 2 -Xlinker -debug_variant -Xlinker -dependency_info -Xlinker /Users/jaigaurav/Library/Developer/Xcode/DerivedData/Broccoli-eapieicfqwxippexlubxawpdfesp/Build/Intermediates.noindex/Firebase.build/Debug-iphonesimulator/FirebaseSessionsObjC.build/Objects-normal/arm64/FirebaseSessionsObjC_dependency_info.dat -fobjc-arc -fobjc-link-runtime -o /Users/jaigaurav/Library/Developer/Xcode/DerivedData/Broccoli-eapieicfqwxippexlubxawpdfesp/Build/Intermediates.noindex/Firebase.build/Debug-iphonesimulator/FirebaseSessionsObjC.build/Objects-normal/arm64/Binary/FirebaseSessionsObjC.o

ExtractAppIntentsMetadata (in target 'StripePayments' from project 'Stripe')
    cd /Users/jaigaurav/Library/Developer/Xcode/DerivedData/Broccoli-eapieicfqwxippexlubxawpdfesp/SourcePackages/checkouts/stripe-ios-spm
    /Applications/Xcode.app/Contents/Developer/Toolchains/XcodeDefault.xctoolchain/usr/bin/appintentsmetadataprocessor --toolchain-dir /Applications/Xcode.app/Contents/Developer/Toolchains/XcodeDefault.xctoolchain --module-name StripePayments --sdk-root /Applications/Xcode.app/Contents/Developer/Platforms/iPhoneSimulator.platform/Developer/SDKs/iPhoneSimulator26.5.sdk --xcode-version 17F113 --platform-family iOS --deployment-target 13.0 --bundle-identifier stripe-ios-spm.StripePayments --output /Users/jaigaurav/Library/Developer/Xcode/DerivedData/Broccoli-eapieicfqwxippexlubxawpdfesp/Build/Products/Debug-iphonesimulator/StripePayments.appintents --target-triple arm64-apple-ios13.0-simulator --target-triple x86_64-apple-ios13.0-simulator --binary-file /Users/jaigaurav/Library/Developer/Xcode/DerivedData/Broccoli-eapieicfqwxippexlubxawpdfesp/Build/Products/Debug-iphonesimulator/StripePayments.o --dependency-file /Users/jaigaurav/Library/Developer/Xcode/DerivedData/Broccoli-eapieicfqwxippexlubxawpdfesp/Build/Intermediates.noindex/Stripe.build/Debug-iphonesimulator/StripePayments.build/Objects-normal/arm64/StripePayments_dependency_info.dat --dependency-file /Users/jaigaurav/Library/Developer/Xcode/DerivedData/Broccoli-eapieicfqwxippexlubxawpdfesp/Build/Intermediates.noindex/Stripe.build/Debug-iphonesimulator/StripePayments.build/Objects-normal/x86_64/StripePayments_dependency_info.dat --stringsdata-file /Users/jaigaurav/Library/Developer/Xcode/DerivedData/Broccoli-eapieicfqwxippexlubxawpdfesp/Build/Intermediates.noindex/Stripe.build/Debug-iphonesimulator/StripePayments.build/Objects-normal/arm64/ExtractedAppShortcutsMetadata.stringsdata --stringsdata-file /Users/jaigaurav/Library/Developer/Xcode/DerivedData/Broccoli-eapieicfqwxippexlubxawpdfesp/Build/Intermediates.noindex/Stripe.build/Debug-iphonesimulator/StripePayments.build/Objects-normal/x86_64/ExtractedAppShortcutsMetadata.stringsdata --source-file-list /Users/jaigaurav/Library/Developer/Xcode/DerivedData/Broccoli-eapieicfqwxippexlubxawpdfesp/Build/Intermediates.noindex/Stripe.build/Debug-iphonesimulator/StripePayments.build/Objects-normal/arm64/StripePayments.SwiftFileList --source-file-list /Users/jaigaurav/Library/Developer/Xcode/DerivedData/Broccoli-eapieicfqwxippexlubxawpdfesp/Build/Intermediates.noindex/Stripe.build/Debug-iphonesimulator/StripePayments.build/Objects-normal/x86_64/StripePayments.SwiftFileList --metadata-file-list /Users/jaigaurav/Library/Developer/Xcode/DerivedData/Broccoli-eapieicfqwxippexlubxawpdfesp/Build/Intermediates.noindex/Stripe.build/Debug-iphonesimulator/StripePayments.build/StripePayments.DependencyMetadataFileList --static-metadata-file-list /Users/jaigaurav/Library/Developer/Xcode/DerivedData/Broccoli-eapieicfqwxippexlubxawpdfesp/Build/Intermediates.noindex/Stripe.build/Debug-iphonesimulator/StripePayments.build/StripePayments.DependencyStaticMetadataFileList --swift-const-vals-list /Users/jaigaurav/Library/Developer/Xcode/DerivedData/Broccoli-eapieicfqwxippexlubxawpdfesp/Build/Intermediates.noindex/Stripe.build/Debug-iphonesimulator/StripePayments.build/Objects-normal/arm64/StripePayments.SwiftConstValuesFileList --swift-const-vals-list /Users/jaigaurav/Library/Developer/Xcode/DerivedData/Broccoli-eapieicfqwxippexlubxawpdfesp/Build/Intermediates.noindex/Stripe.build/Debug-iphonesimulator/StripePayments.build/Objects-normal/x86_64/StripePayments.SwiftConstValuesFileList --force --compile-time-extraction --deployment-aware-processing --validate-assistant-intents --no-app-shortcuts-localization
2026-08-17 12:31:48.229 appintentsmetadataprocessor[8362:167951] Starting appintentsmetadataprocessor export
2026-08-17 12:31:48.268 appintentsmetadataprocessor[8362:167951] Extracted no relevant App Intents symbols, skipping writing output

CreateUniversalBinary /Users/jaigaurav/Library/Developer/Xcode/DerivedData/Broccoli-eapieicfqwxippexlubxawpdfesp/Build/Products/Debug-iphonesimulator/FirebaseMessaging.o normal arm64\ x86_64 (in target 'FirebaseMessaging' from project 'Firebase')
    cd /Users/jaigaurav/Library/Developer/Xcode/DerivedData/Broccoli-eapieicfqwxippexlubxawpdfesp/SourcePackages/checkouts/firebase-ios-sdk
    /Applications/Xcode.app/Contents/Developer/Toolchains/XcodeDefault.xctoolchain/usr/bin/lipo -create /Users/jaigaurav/Library/Developer/Xcode/DerivedData/Broccoli-eapieicfqwxippexlubxawpdfesp/Build/Intermediates.noindex/Firebase.build/Debug-iphonesimulator/FirebaseMessaging.build/Objects-normal/arm64/Binary/FirebaseMessaging.o /Users/jaigaurav/Library/Developer/Xcode/DerivedData/Broccoli-eapieicfqwxippexlubxawpdfesp/Build/Intermediates.noindex/Firebase.build/Debug-iphonesimulator/FirebaseMessaging.build/Objects-normal/x86_64/Binary/FirebaseMessaging.o -output /Users/jaigaurav/Library/Developer/Xcode/DerivedData/Broccoli-eapieicfqwxippexlubxawpdfesp/Build/Products/Debug-iphonesimulator/FirebaseMessaging.o

CreateUniversalBinary /Users/jaigaurav/Library/Developer/Xcode/DerivedData/Broccoli-eapieicfqwxippexlubxawpdfesp/Build/Products/Debug-iphonesimulator/FirebaseSessionsObjC.o normal arm64\ x86_64 (in target 'FirebaseSessionsObjC' from project 'Firebase')
    cd /Users/jaigaurav/Library/Developer/Xcode/DerivedData/Broccoli-eapieicfqwxippexlubxawpdfesp/SourcePackages/checkouts/firebase-ios-sdk
    /Applications/Xcode.app/Contents/Developer/Toolchains/XcodeDefault.xctoolchain/usr/bin/lipo -create /Users/jaigaurav/Library/Developer/Xcode/DerivedData/Broccoli-eapieicfqwxippexlubxawpdfesp/Build/Intermediates.noindex/Firebase.build/Debug-iphonesimulator/FirebaseSessionsObjC.build/Objects-normal/arm64/Binary/FirebaseSessionsObjC.o /Users/jaigaurav/Library/Developer/Xcode/DerivedData/Broccoli-eapieicfqwxippexlubxawpdfesp/Build/Intermediates.noindex/Firebase.build/Debug-iphonesimulator/FirebaseSessionsObjC.build/Objects-normal/x86_64/Binary/FirebaseSessionsObjC.o -output /Users/jaigaurav/Library/Developer/Xcode/DerivedData/Broccoli-eapieicfqwxippexlubxawpdfesp/Build/Products/Debug-iphonesimulator/FirebaseSessionsObjC.o

RegisterExecutionPolicyException /Users/jaigaurav/Library/Developer/Xcode/DerivedData/Broccoli-eapieicfqwxippexlubxawpdfesp/Build/Products/Debug-iphonesimulator/FirebaseSessionsObjC.o (in target 'FirebaseSessionsObjC' from project 'Firebase')
    cd /Users/jaigaurav/Library/Developer/Xcode/DerivedData/Broccoli-eapieicfqwxippexlubxawpdfesp/SourcePackages/checkouts/firebase-ios-sdk
    builtin-RegisterExecutionPolicyException /Users/jaigaurav/Library/Developer/Xcode/DerivedData/Broccoli-eapieicfqwxippexlubxawpdfesp/Build/Products/Debug-iphonesimulator/FirebaseSessionsObjC.o

RegisterExecutionPolicyException /Users/jaigaurav/Library/Developer/Xcode/DerivedData/Broccoli-eapieicfqwxippexlubxawpdfesp/Build/Products/Debug-iphonesimulator/FirebaseMessaging.o (in target 'FirebaseMessaging' from project 'Firebase')
    cd /Users/jaigaurav/Library/Developer/Xcode/DerivedData/Broccoli-eapieicfqwxippexlubxawpdfesp/SourcePackages/checkouts/firebase-ios-sdk
    builtin-RegisterExecutionPolicyException /Users/jaigaurav/Library/Developer/Xcode/DerivedData/Broccoli-eapieicfqwxippexlubxawpdfesp/Build/Products/Debug-iphonesimulator/FirebaseMessaging.o

Ld /Users/jaigaurav/Library/Developer/Xcode/DerivedData/Broccoli-eapieicfqwxippexlubxawpdfesp/Build/Intermediates.noindex/Firebase.build/Debug-iphonesimulator/FirebaseSessions.build/Objects-normal/x86_64/Binary/FirebaseSessions.o normal x86_64 (in target 'FirebaseSessions' from project 'Firebase')
    cd /Users/jaigaurav/Library/Developer/Xcode/DerivedData/Broccoli-eapieicfqwxippexlubxawpdfesp/SourcePackages/checkouts/firebase-ios-sdk
    /Applications/Xcode.app/Contents/Developer/Toolchains/XcodeDefault.xctoolchain/usr/bin/clang -Xlinker -reproducible -target x86_64-apple-ios15.0-simulator -r -isysroot /Applications/Xcode.app/Contents/Developer/Platforms/iPhoneSimulator.platform/Developer/SDKs/iPhoneSimulator26.5.sdk -O0 -w -F/Users/jaigaurav/Library/Developer/Xcode/DerivedData/Broccoli-eapieicfqwxippexlubxawpdfesp/Build/Intermediates.noindex/EagerLinkingTBDs/Debug-iphonesimulator -F/Users/jaigaurav/Library/Developer/Xcode/DerivedData/Broccoli-eapieicfqwxippexlubxawpdfesp/Build/Products/Debug-iphonesimulator/PackageFrameworks -F/Users/jaigaurav/Library/Developer/Xcode/DerivedData/Broccoli-eapieicfqwxippexlubxawpdfesp/Build/Products/Debug-iphonesimulator/PackageFrameworks -F/Users/jaigaurav/Library/Developer/Xcode/DerivedData/Broccoli-eapieicfqwxippexlubxawpdfesp/Build/Products/Debug-iphonesimulator/PackageFrameworks -F/Users/jaigaurav/Library/Developer/Xcode/DerivedData/Broccoli-eapieicfqwxippexlubxawpdfesp/Build/Products/Debug-iphonesimulator/PackageFrameworks -F/Users/jaigaurav/Library/Developer/Xcode/DerivedData/Broccoli-eapieicfqwxippexlubxawpdfesp/Build/Products/Debug-iphonesimulator/PackageFrameworks -F/Users/jaigaurav/Library/Developer/Xcode/DerivedData/Broccoli-eapieicfqwxippexlubxawpdfesp/Build/Products/Debug-iphonesimulator/PackageFrameworks -F/Users/jaigaurav/Library/Developer/Xcode/DerivedData/Broccoli-eapieicfqwxippexlubxawpdfesp/Build/Products/Debug-iphonesimulator/PackageFrameworks -F/Users/jaigaurav/Library/Developer/Xcode/DerivedData/Broccoli-eapieicfqwxippexlubxawpdfesp/Build/Products/Debug-iphonesimulator/PackageFrameworks -F/Users/jaigaurav/Library/Developer/Xcode/DerivedData/Broccoli-eapieicfqwxippexlubxawpdfesp/Build/Products/Debug-iphonesimulator/PackageFrameworks -F/Users/jaigaurav/Library/Developer/Xcode/DerivedData/Broccoli-eapieicfqwxippexlubxawpdfesp/Build/Products/Debug-iphonesimulator/PackageFrameworks -F/Users/jaigaurav/Library/Developer/Xcode/DerivedData/Broccoli-eapieicfqwxippexlubxawpdfesp/Build/Products/Debug-iphonesimulator/PackageFrameworks -F/Users/jaigaurav/Library/Developer/Xcode/DerivedData/Broccoli-eapieicfqwxippexlubxawpdfesp/Build/Products/Debug-iphonesimulator/PackageFrameworks -F/Users/jaigaurav/Library/Developer/Xcode/DerivedData/Broccoli-eapieicfqwxippexlubxawpdfesp/Build/Products/Debug-iphonesimulator/PackageFrameworks -F/Users/jaigaurav/Library/Developer/Xcode/DerivedData/Broccoli-eapieicfqwxippexlubxawpdfesp/Build/Products/Debug-iphonesimulator/PackageFrameworks -F/Users/jaigaurav/Library/Developer/Xcode/DerivedData/Broccoli-eapieicfqwxippexlubxawpdfesp/Build/Products/Debug-iphonesimulator/PackageFrameworks -F/Users/jaigaurav/Library/Developer/Xcode/DerivedData/Broccoli-eapieicfqwxippexlubxawpdfesp/Build/Products/Debug-iphonesimulator -iframework /Applications/Xcode.app/Contents/Developer/Platforms/iPhoneSimulator.platform/Developer/Library/Frameworks -iframework /Applications/Xcode.app/Contents/Developer/Platforms/iPhoneSimulator.platform/Developer/SDKs/iPhoneSimulator26.5.sdk/Developer/Library/Frameworks -filelist /Users/jaigaurav/Library/Developer/Xcode/DerivedData/Broccoli-eapieicfqwxippexlubxawpdfesp/Build/Intermediates.noindex/Firebase.build/Debug-iphonesimulator/FirebaseSessions.build/Objects-normal/x86_64/FirebaseSessions.LinkFileList -nostdlib -Xlinker -object_path_lto -Xlinker /Users/jaigaurav/Library/Developer/Xcode/DerivedData/Broccoli-eapieicfqwxippexlubxawpdfesp/Build/Intermediates.noindex/Firebase.build/Debug-iphonesimulator/FirebaseSessions.build/Objects-normal/x86_64/FirebaseSessions_lto.o -Xlinker -no_deduplicate -Xlinker -objc_abi_version -Xlinker 2 -Xlinker -debug_variant -Xlinker -dependency_info -Xlinker /Users/jaigaurav/Library/Developer/Xcode/DerivedData/Broccoli-eapieicfqwxippexlubxawpdfesp/Build/Intermediates.noindex/Firebase.build/Debug-iphonesimulator/FirebaseSessions.build/Objects-normal/x86_64/FirebaseSessions_dependency_info.dat -fobjc-link-runtime -L/Applications/Xcode.app/Contents/Developer/Toolchains/XcodeDefault.xctoolchain/usr/lib/swift/iphonesimulator -L/usr/lib/swift -Xlinker -add_ast_path -Xlinker /Users/jaigaurav/Library/Developer/Xcode/DerivedData/Broccoli-eapieicfqwxippexlubxawpdfesp/Build/Intermediates.noindex/Firebase.build/Debug-iphonesimulator/FirebaseSessions.build/Objects-normal/x86_64/FirebaseSessions.swiftmodule @/Users/jaigaurav/Library/Developer/Xcode/DerivedData/Broccoli-eapieicfqwxippexlubxawpdfesp/Build/Intermediates.noindex/Firebase.build/Debug-iphonesimulator/FirebaseSessions.build/Objects-normal/x86_64/FirebaseSessions-linker-args.resp -o /Users/jaigaurav/Library/Developer/Xcode/DerivedData/Broccoli-eapieicfqwxippexlubxawpdfesp/Build/Intermediates.noindex/Firebase.build/Debug-iphonesimulator/FirebaseSessions.build/Objects-normal/x86_64/Binary/FirebaseSessions.o

RegisterExecutionPolicyException /Users/jaigaurav/Library/Developer/Xcode/DerivedData/Broccoli-eapieicfqwxippexlubxawpdfesp/Build/Products/Debug-iphonesimulator/StripePayments.o (in target 'StripePayments' from project 'Stripe')
    cd /Users/jaigaurav/Library/Developer/Xcode/DerivedData/Broccoli-eapieicfqwxippexlubxawpdfesp/SourcePackages/checkouts/stripe-ios-spm
    builtin-RegisterExecutionPolicyException /Users/jaigaurav/Library/Developer/Xcode/DerivedData/Broccoli-eapieicfqwxippexlubxawpdfesp/Build/Products/Debug-iphonesimulator/StripePayments.o

Ld /Users/jaigaurav/Library/Developer/Xcode/DerivedData/Broccoli-eapieicfqwxippexlubxawpdfesp/Build/Intermediates.noindex/Firebase.build/Debug-iphonesimulator/FirebaseSessions.build/Objects-normal/arm64/Binary/FirebaseSessions.o normal arm64 (in target 'FirebaseSessions' from project 'Firebase')
    cd /Users/jaigaurav/Library/Developer/Xcode/DerivedData/Broccoli-eapieicfqwxippexlubxawpdfesp/SourcePackages/checkouts/firebase-ios-sdk
    /Applications/Xcode.app/Contents/Developer/Toolchains/XcodeDefault.xctoolchain/usr/bin/clang -Xlinker -reproducible -target arm64-apple-ios15.0-simulator -r -isysroot /Applications/Xcode.app/Contents/Developer/Platforms/iPhoneSimulator.platform/Developer/SDKs/iPhoneSimulator26.5.sdk -O0 -w -F/Users/jaigaurav/Library/Developer/Xcode/DerivedData/Broccoli-eapieicfqwxippexlubxawpdfesp/Build/Intermediates.noindex/EagerLinkingTBDs/Debug-iphonesimulator -F/Users/jaigaurav/Library/Developer/Xcode/DerivedData/Broccoli-eapieicfqwxippexlubxawpdfesp/Build/Products/Debug-iphonesimulator/PackageFrameworks -F/Users/jaigaurav/Library/Developer/Xcode/DerivedData/Broccoli-eapieicfqwxippexlubxawpdfesp/Build/Products/Debug-iphonesimulator/PackageFrameworks -F/Users/jaigaurav/Library/Developer/Xcode/DerivedData/Broccoli-eapieicfqwxippexlubxawpdfesp/Build/Products/Debug-iphonesimulator/PackageFrameworks -F/Users/jaigaurav/Library/Developer/Xcode/DerivedData/Broccoli-eapieicfqwxippexlubxawpdfesp/Build/Products/Debug-iphonesimulator/PackageFrameworks -F/Users/jaigaurav/Library/Developer/Xcode/DerivedData/Broccoli-eapieicfqwxippexlubxawpdfesp/Build/Products/Debug-iphonesimulator/PackageFrameworks -F/Users/jaigaurav/Library/Developer/Xcode/DerivedData/Broccoli-eapieicfqwxippexlubxawpdfesp/Build/Products/Debug-iphonesimulator/PackageFrameworks -F/Users/jaigaurav/Library/Developer/Xcode/DerivedData/Broccoli-eapieicfqwxippexlubxawpdfesp/Build/Products/Debug-iphonesimulator/PackageFrameworks -F/Users/jaigaurav/Library/Developer/Xcode/DerivedData/Broccoli-eapieicfqwxippexlubxawpdfesp/Build/Products/Debug-iphonesimulator/PackageFrameworks -F/Users/jaigaurav/Library/Developer/Xcode/DerivedData/Broccoli-eapieicfqwxippexlubxawpdfesp/Build/Products/Debug-iphonesimulator/PackageFrameworks -F/Users/jaigaurav/Library/Developer/Xcode/DerivedData/Broccoli-eapieicfqwxippexlubxawpdfesp/Build/Products/Debug-iphonesimulator/PackageFrameworks -F/Users/jaigaurav/Library/Developer/Xcode/DerivedData/Broccoli-eapieicfqwxippexlubxawpdfesp/Build/Products/Debug-iphonesimulator/PackageFrameworks -F/Users/jaigaurav/Library/Developer/Xcode/DerivedData/Broccoli-eapieicfqwxippexlubxawpdfesp/Build/Products/Debug-iphonesimulator/PackageFrameworks -F/Users/jaigaurav/Library/Developer/Xcode/DerivedData/Broccoli-eapieicfqwxippexlubxawpdfesp/Build/Products/Debug-iphonesimulator/PackageFrameworks -F/Users/jaigaurav/Library/Developer/Xcode/DerivedData/Broccoli-eapieicfqwxippexlubxawpdfesp/Build/Products/Debug-iphonesimulator/PackageFrameworks -F/Users/jaigaurav/Library/Developer/Xcode/DerivedData/Broccoli-eapieicfqwxippexlubxawpdfesp/Build/Products/Debug-iphonesimulator/PackageFrameworks -F/Users/jaigaurav/Library/Developer/Xcode/DerivedData/Broccoli-eapieicfqwxippexlubxawpdfesp/Build/Products/Debug-iphonesimulator -iframework /Applications/Xcode.app/Contents/Developer/Platforms/iPhoneSimulator.platform/Developer/Library/Frameworks -iframework /Applications/Xcode.app/Contents/Developer/Platforms/iPhoneSimulator.platform/Developer/SDKs/iPhoneSimulator26.5.sdk/Developer/Library/Frameworks -filelist /Users/jaigaurav/Library/Developer/Xcode/DerivedData/Broccoli-eapieicfqwxippexlubxawpdfesp/Build/Intermediates.noindex/Firebase.build/Debug-iphonesimulator/FirebaseSessions.build/Objects-normal/arm64/FirebaseSessions.LinkFileList -nostdlib -Xlinker -object_path_lto -Xlinker /Users/jaigaurav/Library/Developer/Xcode/DerivedData/Broccoli-eapieicfqwxippexlubxawpdfesp/Build/Intermediates.noindex/Firebase.build/Debug-iphonesimulator/FirebaseSessions.build/Objects-normal/arm64/FirebaseSessions_lto.o -Xlinker -no_deduplicate -Xlinker -objc_abi_version -Xlinker 2 -Xlinker -debug_variant -Xlinker -dependency_info -Xlinker /Users/jaigaurav/Library/Developer/Xcode/DerivedData/Broccoli-eapieicfqwxippexlubxawpdfesp/Build/Intermediates.noindex/Firebase.build/Debug-iphonesimulator/FirebaseSessions.build/Objects-normal/arm64/FirebaseSessions_dependency_info.dat -fobjc-link-runtime -L/Applications/Xcode.app/Contents/Developer/Toolchains/XcodeDefault.xctoolchain/usr/lib/swift/iphonesimulator -L/usr/lib/swift -Xlinker -add_ast_path -Xlinker /Users/jaigaurav/Library/Developer/Xcode/DerivedData/Broccoli-eapieicfqwxippexlubxawpdfesp/Build/Intermediates.noindex/Firebase.build/Debug-iphonesimulator/FirebaseSessions.build/Objects-normal/arm64/FirebaseSessions.swiftmodule @/Users/jaigaurav/Library/Developer/Xcode/DerivedData/Broccoli-eapieicfqwxippexlubxawpdfesp/Build/Intermediates.noindex/Firebase.build/Debug-iphonesimulator/FirebaseSessions.build/Objects-normal/arm64/FirebaseSessions-linker-args.resp -o /Users/jaigaurav/Library/Developer/Xcode/DerivedData/Broccoli-eapieicfqwxippexlubxawpdfesp/Build/Intermediates.noindex/Firebase.build/Debug-iphonesimulator/FirebaseSessions.build/Objects-normal/arm64/Binary/FirebaseSessions.o

ProcessInfoPlistFile /Users/jaigaurav/Library/Developer/Xcode/DerivedData/Broccoli-eapieicfqwxippexlubxawpdfesp/Build/Products/Debug-iphonesimulator/Stripe_StripePaymentsUI.bundle/Info.plist /Users/jaigaurav/Library/Developer/Xcode/DerivedData/Broccoli-eapieicfqwxippexlubxawpdfesp/Build/Intermediates.noindex/Stripe.build/Debug-iphonesimulator/Stripe_StripePaymentsUI.build/empty-Stripe_StripePaymentsUI.plist (in target 'Stripe_StripePaymentsUI' from project 'Stripe')
    cd /Users/jaigaurav/Library/Developer/Xcode/DerivedData/Broccoli-eapieicfqwxippexlubxawpdfesp/SourcePackages/checkouts/stripe-ios-spm
    builtin-infoPlistUtility /Users/jaigaurav/Library/Developer/Xcode/DerivedData/Broccoli-eapieicfqwxippexlubxawpdfesp/Build/Intermediates.noindex/Stripe.build/Debug-iphonesimulator/Stripe_StripePaymentsUI.build/empty-Stripe_StripePaymentsUI.plist -producttype com.apple.product-type.bundle -expandbuildsettings -format binary -platform iphonesimulator -additionalcontentfile /Users/jaigaurav/Library/Developer/Xcode/DerivedData/Broccoli-eapieicfqwxippexlubxawpdfesp/Build/Intermediates.noindex/Stripe.build/Debug-iphonesimulator/Stripe_StripePaymentsUI.build/assetcatalog_generated_info.plist -o /Users/jaigaurav/Library/Developer/Xcode/DerivedData/Broccoli-eapieicfqwxippexlubxawpdfesp/Build/Products/Debug-iphonesimulator/Stripe_StripePaymentsUI.bundle/Info.plist

Ld /Users/jaigaurav/Library/Developer/Xcode/DerivedData/Broccoli-eapieicfqwxippexlubxawpdfesp/Build/Intermediates.noindex/Stripe.build/Debug-iphonesimulator/StripePaymentsUI.build/Objects-normal/x86_64/Binary/StripePaymentsUI.o normal x86_64 (in target 'StripePaymentsUI' from project 'Stripe')
    cd /Users/jaigaurav/Library/Developer/Xcode/DerivedData/Broccoli-eapieicfqwxippexlubxawpdfesp/SourcePackages/checkouts/stripe-ios-spm
    /Applications/Xcode.app/Contents/Developer/Toolchains/XcodeDefault.xctoolchain/usr/bin/clang -Xlinker -reproducible -target x86_64-apple-ios13.0-simulator -r -isysroot /Applications/Xcode.app/Contents/Developer/Platforms/iPhoneSimulator.platform/Developer/SDKs/iPhoneSimulator26.5.sdk -O0 -w -F/Users/jaigaurav/Library/Developer/Xcode/DerivedData/Broccoli-eapieicfqwxippexlubxawpdfesp/Build/Intermediates.noindex/EagerLinkingTBDs/Debug-iphonesimulator -F/Users/jaigaurav/Library/Developer/Xcode/DerivedData/Broccoli-eapieicfqwxippexlubxawpdfesp/Build/Products/Debug-iphonesimulator/PackageFrameworks -F/Users/jaigaurav/Library/Developer/Xcode/DerivedData/Broccoli-eapieicfqwxippexlubxawpdfesp/Build/Products/Debug-iphonesimulator/PackageFrameworks -F/Users/jaigaurav/Library/Developer/Xcode/DerivedData/Broccoli-eapieicfqwxippexlubxawpdfesp/Build/Products/Debug-iphonesimulator/PackageFrameworks -F/Users/jaigaurav/Library/Developer/Xcode/DerivedData/Broccoli-eapieicfqwxippexlubxawpdfesp/Build/Products/Debug-iphonesimulator/PackageFrameworks -F/Users/jaigaurav/Library/Developer/Xcode/DerivedData/Broccoli-eapieicfqwxippexlubxawpdfesp/Build/Products/Debug-iphonesimulator -iframework /Applications/Xcode.app/Contents/Developer/Platforms/iPhoneSimulator.platform/Developer/Library/Frameworks -iframework /Applications/Xcode.app/Contents/Developer/Platforms/iPhoneSimulator.platform/Developer/SDKs/iPhoneSimulator26.5.sdk/Developer/Library/Frameworks -filelist /Users/jaigaurav/Library/Developer/Xcode/DerivedData/Broccoli-eapieicfqwxippexlubxawpdfesp/Build/Intermediates.noindex/Stripe.build/Debug-iphonesimulator/StripePaymentsUI.build/Objects-normal/x86_64/StripePaymentsUI.LinkFileList -nostdlib -Xlinker -object_path_lto -Xlinker /Users/jaigaurav/Library/Developer/Xcode/DerivedData/Broccoli-eapieicfqwxippexlubxawpdfesp/Build/Intermediates.noindex/Stripe.build/Debug-iphonesimulator/StripePaymentsUI.build/Objects-normal/x86_64/StripePaymentsUI_lto.o -Xlinker -no_deduplicate -Xlinker -objc_abi_version -Xlinker 2 -Xlinker -debug_variant -Xlinker -dependency_info -Xlinker /Users/jaigaurav/Library/Developer/Xcode/DerivedData/Broccoli-eapieicfqwxippexlubxawpdfesp/Build/Intermediates.noindex/Stripe.build/Debug-iphonesimulator/StripePaymentsUI.build/Objects-normal/x86_64/StripePaymentsUI_dependency_info.dat -fobjc-link-runtime -L/Applications/Xcode.app/Contents/Developer/Toolchains/XcodeDefault.xctoolchain/usr/lib/swift/iphonesimulator -L/usr/lib/swift -Xlinker -add_ast_path -Xlinker /Users/jaigaurav/Library/Developer/Xcode/DerivedData/Broccoli-eapieicfqwxippexlubxawpdfesp/Build/Intermediates.noindex/Stripe.build/Debug-iphonesimulator/StripePaymentsUI.build/Objects-normal/x86_64/StripePaymentsUI.swiftmodule @/Users/jaigaurav/Library/Developer/Xcode/DerivedData/Broccoli-eapieicfqwxippexlubxawpdfesp/Build/Intermediates.noindex/Stripe.build/Debug-iphonesimulator/StripePaymentsUI.build/Objects-normal/x86_64/StripePaymentsUI-linker-args.resp -o /Users/jaigaurav/Library/Developer/Xcode/DerivedData/Broccoli-eapieicfqwxippexlubxawpdfesp/Build/Intermediates.noindex/Stripe.build/Debug-iphonesimulator/StripePaymentsUI.build/Objects-normal/x86_64/Binary/StripePaymentsUI.o

CreateUniversalBinary /Users/jaigaurav/Library/Developer/Xcode/DerivedData/Broccoli-eapieicfqwxippexlubxawpdfesp/Build/Products/Debug-iphonesimulator/FirebaseSessions.o normal arm64\ x86_64 (in target 'FirebaseSessions' from project 'Firebase')
    cd /Users/jaigaurav/Library/Developer/Xcode/DerivedData/Broccoli-eapieicfqwxippexlubxawpdfesp/SourcePackages/checkouts/firebase-ios-sdk
    /Applications/Xcode.app/Contents/Developer/Toolchains/XcodeDefault.xctoolchain/usr/bin/lipo -create /Users/jaigaurav/Library/Developer/Xcode/DerivedData/Broccoli-eapieicfqwxippexlubxawpdfesp/Build/Intermediates.noindex/Firebase.build/Debug-iphonesimulator/FirebaseSessions.build/Objects-normal/arm64/Binary/FirebaseSessions.o /Users/jaigaurav/Library/Developer/Xcode/DerivedData/Broccoli-eapieicfqwxippexlubxawpdfesp/Build/Intermediates.noindex/Firebase.build/Debug-iphonesimulator/FirebaseSessions.build/Objects-normal/x86_64/Binary/FirebaseSessions.o -output /Users/jaigaurav/Library/Developer/Xcode/DerivedData/Broccoli-eapieicfqwxippexlubxawpdfesp/Build/Products/Debug-iphonesimulator/FirebaseSessions.o

ExtractAppIntentsMetadata (in target 'FirebaseSessions' from project 'Firebase')
    cd /Users/jaigaurav/Library/Developer/Xcode/DerivedData/Broccoli-eapieicfqwxippexlubxawpdfesp/SourcePackages/checkouts/firebase-ios-sdk
    /Applications/Xcode.app/Contents/Developer/Toolchains/XcodeDefault.xctoolchain/usr/bin/appintentsmetadataprocessor --toolchain-dir /Applications/Xcode.app/Contents/Developer/Toolchains/XcodeDefault.xctoolchain --module-name FirebaseSessions --sdk-root /Applications/Xcode.app/Contents/Developer/Platforms/iPhoneSimulator.platform/Developer/SDKs/iPhoneSimulator26.5.sdk --xcode-version 17F113 --platform-family iOS --deployment-target 15.0 --bundle-identifier firebase-ios-sdk.FirebaseSessions --output /Users/jaigaurav/Library/Developer/Xcode/DerivedData/Broccoli-eapieicfqwxippexlubxawpdfesp/Build/Products/Debug-iphonesimulator/FirebaseSessions.appintents --target-triple arm64-apple-ios15.0-simulator --target-triple x86_64-apple-ios15.0-simulator --binary-file /Users/jaigaurav/Library/Developer/Xcode/DerivedData/Broccoli-eapieicfqwxippexlubxawpdfesp/Build/Products/Debug-iphonesimulator/FirebaseSessions.o --dependency-file /Users/jaigaurav/Library/Developer/Xcode/DerivedData/Broccoli-eapieicfqwxippexlubxawpdfesp/Build/Intermediates.noindex/Firebase.build/Debug-iphonesimulator/FirebaseSessions.build/Objects-normal/arm64/FirebaseSessions_dependency_info.dat --dependency-file /Users/jaigaurav/Library/Developer/Xcode/DerivedData/Broccoli-eapieicfqwxippexlubxawpdfesp/Build/Intermediates.noindex/Firebase.build/Debug-iphonesimulator/FirebaseSessions.build/Objects-normal/x86_64/FirebaseSessions_dependency_info.dat --stringsdata-file /Users/jaigaurav/Library/Developer/Xcode/DerivedData/Broccoli-eapieicfqwxippexlubxawpdfesp/Build/Intermediates.noindex/Firebase.build/Debug-iphonesimulator/FirebaseSessions.build/Objects-normal/arm64/ExtractedAppShortcutsMetadata.stringsdata --stringsdata-file /Users/jaigaurav/Library/Developer/Xcode/DerivedData/Broccoli-eapieicfqwxippexlubxawpdfesp/Build/Intermediates.noindex/Firebase.build/Debug-iphonesimulator/FirebaseSessions.build/Objects-normal/x86_64/ExtractedAppShortcutsMetadata.stringsdata --source-file-list /Users/jaigaurav/Library/Developer/Xcode/DerivedData/Broccoli-eapieicfqwxippexlubxawpdfesp/Build/Intermediates.noindex/Firebase.build/Debug-iphonesimulator/FirebaseSessions.build/Objects-normal/arm64/FirebaseSessions.SwiftFileList --source-file-list /Users/jaigaurav/Library/Developer/Xcode/DerivedData/Broccoli-eapieicfqwxippexlubxawpdfesp/Build/Intermediates.noindex/Firebase.build/Debug-iphonesimulator/FirebaseSessions.build/Objects-normal/x86_64/FirebaseSessions.SwiftFileList --metadata-file-list /Users/jaigaurav/Library/Developer/Xcode/DerivedData/Broccoli-eapieicfqwxippexlubxawpdfesp/Build/Intermediates.noindex/Firebase.build/Debug-iphonesimulator/FirebaseSessions.build/FirebaseSessions.DependencyMetadataFileList --static-metadata-file-list /Users/jaigaurav/Library/Developer/Xcode/DerivedData/Broccoli-eapieicfqwxippexlubxawpdfesp/Build/Intermediates.noindex/Firebase.build/Debug-iphonesimulator/FirebaseSessions.build/FirebaseSessions.DependencyStaticMetadataFileList --swift-const-vals-list /Users/jaigaurav/Library/Developer/Xcode/DerivedData/Broccoli-eapieicfqwxippexlubxawpdfesp/Build/Intermediates.noindex/Firebase.build/Debug-iphonesimulator/FirebaseSessions.build/Objects-normal/arm64/FirebaseSessions.SwiftConstValuesFileList --swift-const-vals-list /Users/jaigaurav/Library/Developer/Xcode/DerivedData/Broccoli-eapieicfqwxippexlubxawpdfesp/Build/Intermediates.noindex/Firebase.build/Debug-iphonesimulator/FirebaseSessions.build/Objects-normal/x86_64/FirebaseSessions.SwiftConstValuesFileList --force --compile-time-extraction --deployment-aware-processing --validate-assistant-intents --no-app-shortcuts-localization
2026-08-17 12:31:48.323 appintentsmetadataprocessor[8373:167988] Starting appintentsmetadataprocessor export
2026-08-17 12:31:48.337 appintentsmetadataprocessor[8373:167988] Extracted no relevant App Intents symbols, skipping writing output

RegisterExecutionPolicyException /Users/jaigaurav/Library/Developer/Xcode/DerivedData/Broccoli-eapieicfqwxippexlubxawpdfesp/Build/Products/Debug-iphonesimulator/FirebaseSessions.o (in target 'FirebaseSessions' from project 'Firebase')
    cd /Users/jaigaurav/Library/Developer/Xcode/DerivedData/Broccoli-eapieicfqwxippexlubxawpdfesp/SourcePackages/checkouts/firebase-ios-sdk
    builtin-RegisterExecutionPolicyException /Users/jaigaurav/Library/Developer/Xcode/DerivedData/Broccoli-eapieicfqwxippexlubxawpdfesp/Build/Products/Debug-iphonesimulator/FirebaseSessions.o

Ld /Users/jaigaurav/Library/Developer/Xcode/DerivedData/Broccoli-eapieicfqwxippexlubxawpdfesp/Build/Intermediates.noindex/Firebase.build/Debug-iphonesimulator/FirebaseCrashlytics.build/Objects-normal/x86_64/Binary/FirebaseCrashlytics.o normal x86_64 (in target 'FirebaseCrashlytics' from project 'Firebase')
    cd /Users/jaigaurav/Library/Developer/Xcode/DerivedData/Broccoli-eapieicfqwxippexlubxawpdfesp/SourcePackages/checkouts/firebase-ios-sdk
    /Applications/Xcode.app/Contents/Developer/Toolchains/XcodeDefault.xctoolchain/usr/bin/clang++ -Xlinker -reproducible -target x86_64-apple-ios15.0-simulator -r -isysroot /Applications/Xcode.app/Contents/Developer/Platforms/iPhoneSimulator.platform/Developer/SDKs/iPhoneSimulator26.5.sdk -O0 -w -F/Users/jaigaurav/Library/Developer/Xcode/DerivedData/Broccoli-eapieicfqwxippexlubxawpdfesp/Build/Intermediates.noindex/EagerLinkingTBDs/Debug-iphonesimulator -F/Users/jaigaurav/Library/Developer/Xcode/DerivedData/Broccoli-eapieicfqwxippexlubxawpdfesp/Build/Products/Debug-iphonesimulator/PackageFrameworks -F/Users/jaigaurav/Library/Developer/Xcode/DerivedData/Broccoli-eapieicfqwxippexlubxawpdfesp/Build/Products/Debug-iphonesimulator/PackageFrameworks -F/Users/jaigaurav/Library/Developer/Xcode/DerivedData/Broccoli-eapieicfqwxippexlubxawpdfesp/Build/Products/Debug-iphonesimulator/PackageFrameworks -F/Users/jaigaurav/Library/Developer/Xcode/DerivedData/Broccoli-eapieicfqwxippexlubxawpdfesp/Build/Products/Debug-iphonesimulator/PackageFrameworks -F/Users/jaigaurav/Library/Developer/Xcode/DerivedData/Broccoli-eapieicfqwxippexlubxawpdfesp/Build/Products/Debug-iphonesimulator/PackageFrameworks -F/Users/jaigaurav/Library/Developer/Xcode/DerivedData/Broccoli-eapieicfqwxippexlubxawpdfesp/Build/Products/Debug-iphonesimulator/PackageFrameworks -F/Users/jaigaurav/Library/Developer/Xcode/DerivedData/Broccoli-eapieicfqwxippexlubxawpdfesp/Build/Products/Debug-iphonesimulator/PackageFrameworks -F/Users/jaigaurav/Library/Developer/Xcode/DerivedData/Broccoli-eapieicfqwxippexlubxawpdfesp/Build/Products/Debug-iphonesimulator/PackageFrameworks -F/Users/jaigaurav/Library/Developer/Xcode/DerivedData/Broccoli-eapieicfqwxippexlubxawpdfesp/Build/Products/Debug-iphonesimulator/PackageFrameworks -F/Users/jaigaurav/Library/Developer/Xcode/DerivedData/Broccoli-eapieicfqwxippexlubxawpdfesp/Build/Products/Debug-iphonesimulator/PackageFrameworks -F/Users/jaigaurav/Library/Developer/Xcode/DerivedData/Broccoli-eapieicfqwxippexlubxawpdfesp/Build/Products/Debug-iphonesimulator/PackageFrameworks -F/Users/jaigaurav/Library/Developer/Xcode/DerivedData/Broccoli-eapieicfqwxippexlubxawpdfesp/Build/Products/Debug-iphonesimulator/PackageFrameworks -F/Users/jaigaurav/Library/Developer/Xcode/DerivedData/Broccoli-eapieicfqwxippexlubxawpdfesp/Build/Products/Debug-iphonesimulator/PackageFrameworks -F/Users/jaigaurav/Library/Developer/Xcode/DerivedData/Broccoli-eapieicfqwxippexlubxawpdfesp/Build/Products/Debug-iphonesimulator/PackageFrameworks -F/Users/jaigaurav/Library/Developer/Xcode/DerivedData/Broccoli-eapieicfqwxippexlubxawpdfesp/Build/Products/Debug-iphonesimulator/PackageFrameworks -F/Users/jaigaurav/Library/Developer/Xcode/DerivedData/Broccoli-eapieicfqwxippexlubxawpdfesp/Build/Products/Debug-iphonesimulator/PackageFrameworks -F/Users/jaigaurav/Library/Developer/Xcode/DerivedData/Broccoli-eapieicfqwxippexlubxawpdfesp/Build/Products/Debug-iphonesimulator/PackageFrameworks -F/Users/jaigaurav/Library/Developer/Xcode/DerivedData/Broccoli-eapieicfqwxippexlubxawpdfesp/Build/Products/Debug-iphonesimulator/PackageFrameworks -F/Users/jaigaurav/Library/Developer/Xcode/DerivedData/Broccoli-eapieicfqwxippexlubxawpdfesp/Build/Products/Debug-iphonesimulator -iframework /Applications/Xcode.app/Contents/Developer/Platforms/iPhoneSimulator.platform/Developer/Library/Frameworks -iframework /Applications/Xcode.app/Contents/Developer/Platforms/iPhoneSimulator.platform/Developer/SDKs/iPhoneSimulator26.5.sdk/Developer/Library/Frameworks -filelist /Users/jaigaurav/Library/Developer/Xcode/DerivedData/Broccoli-eapieicfqwxippexlubxawpdfesp/Build/Intermediates.noindex/Firebase.build/Debug-iphonesimulator/FirebaseCrashlytics.build/Objects-normal/x86_64/FirebaseCrashlytics.LinkFileList -nostdlib -Xlinker -object_path_lto -Xlinker /Users/jaigaurav/Library/Developer/Xcode/DerivedData/Broccoli-eapieicfqwxippexlubxawpdfesp/Build/Intermediates.noindex/Firebase.build/Debug-iphonesimulator/FirebaseCrashlytics.build/Objects-normal/x86_64/FirebaseCrashlytics_lto.o -Xlinker -no_deduplicate -Xlinker -objc_abi_version -Xlinker 2 -Xlinker -debug_variant -Xlinker -dependency_info -Xlinker /Users/jaigaurav/Library/Developer/Xcode/DerivedData/Broccoli-eapieicfqwxippexlubxawpdfesp/Build/Intermediates.noindex/Firebase.build/Debug-iphonesimulator/FirebaseCrashlytics.build/Objects-normal/x86_64/FirebaseCrashlytics_dependency_info.dat -fobjc-arc -fobjc-link-runtime -o /Users/jaigaurav/Library/Developer/Xcode/DerivedData/Broccoli-eapieicfqwxippexlubxawpdfesp/Build/Intermediates.noindex/Firebase.build/Debug-iphonesimulator/FirebaseCrashlytics.build/Objects-normal/x86_64/Binary/FirebaseCrashlytics.o

Ld /Users/jaigaurav/Library/Developer/Xcode/DerivedData/Broccoli-eapieicfqwxippexlubxawpdfesp/Build/Intermediates.noindex/Stripe.build/Debug-iphonesimulator/StripePaymentsUI.build/Objects-normal/arm64/Binary/StripePaymentsUI.o normal arm64 (in target 'StripePaymentsUI' from project 'Stripe')
    cd /Users/jaigaurav/Library/Developer/Xcode/DerivedData/Broccoli-eapieicfqwxippexlubxawpdfesp/SourcePackages/checkouts/stripe-ios-spm
    /Applications/Xcode.app/Contents/Developer/Toolchains/XcodeDefault.xctoolchain/usr/bin/clang -Xlinker -reproducible -target arm64-apple-ios13.0-simulator -r -isysroot /Applications/Xcode.app/Contents/Developer/Platforms/iPhoneSimulator.platform/Developer/SDKs/iPhoneSimulator26.5.sdk -O0 -w -F/Users/jaigaurav/Library/Developer/Xcode/DerivedData/Broccoli-eapieicfqwxippexlubxawpdfesp/Build/Intermediates.noindex/EagerLinkingTBDs/Debug-iphonesimulator -F/Users/jaigaurav/Library/Developer/Xcode/DerivedData/Broccoli-eapieicfqwxippexlubxawpdfesp/Build/Products/Debug-iphonesimulator/PackageFrameworks -F/Users/jaigaurav/Library/Developer/Xcode/DerivedData/Broccoli-eapieicfqwxippexlubxawpdfesp/Build/Products/Debug-iphonesimulator/PackageFrameworks -F/Users/jaigaurav/Library/Developer/Xcode/DerivedData/Broccoli-eapieicfqwxippexlubxawpdfesp/Build/Products/Debug-iphonesimulator/PackageFrameworks -F/Users/jaigaurav/Library/Developer/Xcode/DerivedData/Broccoli-eapieicfqwxippexlubxawpdfesp/Build/Products/Debug-iphonesimulator/PackageFrameworks -F/Users/jaigaurav/Library/Developer/Xcode/DerivedData/Broccoli-eapieicfqwxippexlubxawpdfesp/Build/Products/Debug-iphonesimulator -iframework /Applications/Xcode.app/Contents/Developer/Platforms/iPhoneSimulator.platform/Developer/Library/Frameworks -iframework /Applications/Xcode.app/Contents/Developer/Platforms/iPhoneSimulator.platform/Developer/SDKs/iPhoneSimulator26.5.sdk/Developer/Library/Frameworks -filelist /Users/jaigaurav/Library/Developer/Xcode/DerivedData/Broccoli-eapieicfqwxippexlubxawpdfesp/Build/Intermediates.noindex/Stripe.build/Debug-iphonesimulator/StripePaymentsUI.build/Objects-normal/arm64/StripePaymentsUI.LinkFileList -nostdlib -Xlinker -object_path_lto -Xlinker /Users/jaigaurav/Library/Developer/Xcode/DerivedData/Broccoli-eapieicfqwxippexlubxawpdfesp/Build/Intermediates.noindex/Stripe.build/Debug-iphonesimulator/StripePaymentsUI.build/Objects-normal/arm64/StripePaymentsUI_lto.o -Xlinker -no_deduplicate -Xlinker -objc_abi_version -Xlinker 2 -Xlinker -debug_variant -Xlinker -dependency_info -Xlinker /Users/jaigaurav/Library/Developer/Xcode/DerivedData/Broccoli-eapieicfqwxippexlubxawpdfesp/Build/Intermediates.noindex/Stripe.build/Debug-iphonesimulator/StripePaymentsUI.build/Objects-normal/arm64/StripePaymentsUI_dependency_info.dat -fobjc-link-runtime -L/Applications/Xcode.app/Contents/Developer/Toolchains/XcodeDefault.xctoolchain/usr/lib/swift/iphonesimulator -L/usr/lib/swift -Xlinker -add_ast_path -Xlinker /Users/jaigaurav/Library/Developer/Xcode/DerivedData/Broccoli-eapieicfqwxippexlubxawpdfesp/Build/Intermediates.noindex/Stripe.build/Debug-iphonesimulator/StripePaymentsUI.build/Objects-normal/arm64/StripePaymentsUI.swiftmodule @/Users/jaigaurav/Library/Developer/Xcode/DerivedData/Broccoli-eapieicfqwxippexlubxawpdfesp/Build/Intermediates.noindex/Stripe.build/Debug-iphonesimulator/StripePaymentsUI.build/Objects-normal/arm64/StripePaymentsUI-linker-args.resp -o /Users/jaigaurav/Library/Developer/Xcode/DerivedData/Broccoli-eapieicfqwxippexlubxawpdfesp/Build/Intermediates.noindex/Stripe.build/Debug-iphonesimulator/StripePaymentsUI.build/Objects-normal/arm64/Binary/StripePaymentsUI.o

CreateUniversalBinary /Users/jaigaurav/Library/Developer/Xcode/DerivedData/Broccoli-eapieicfqwxippexlubxawpdfesp/Build/Products/Debug-iphonesimulator/StripePaymentsUI.o normal arm64\ x86_64 (in target 'StripePaymentsUI' from project 'Stripe')
    cd /Users/jaigaurav/Library/Developer/Xcode/DerivedData/Broccoli-eapieicfqwxippexlubxawpdfesp/SourcePackages/checkouts/stripe-ios-spm
    /Applications/Xcode.app/Contents/Developer/Toolchains/XcodeDefault.xctoolchain/usr/bin/lipo -create /Users/jaigaurav/Library/Developer/Xcode/DerivedData/Broccoli-eapieicfqwxippexlubxawpdfesp/Build/Intermediates.noindex/Stripe.build/Debug-iphonesimulator/StripePaymentsUI.build/Objects-normal/arm64/Binary/StripePaymentsUI.o /Users/jaigaurav/Library/Developer/Xcode/DerivedData/Broccoli-eapieicfqwxippexlubxawpdfesp/Build/Intermediates.noindex/Stripe.build/Debug-iphonesimulator/StripePaymentsUI.build/Objects-normal/x86_64/Binary/StripePaymentsUI.o -output /Users/jaigaurav/Library/Developer/Xcode/DerivedData/Broccoli-eapieicfqwxippexlubxawpdfesp/Build/Products/Debug-iphonesimulator/StripePaymentsUI.o

Ld /Users/jaigaurav/Library/Developer/Xcode/DerivedData/Broccoli-eapieicfqwxippexlubxawpdfesp/Build/Intermediates.noindex/Firebase.build/Debug-iphonesimulator/FirebaseCrashlytics.build/Objects-normal/arm64/Binary/FirebaseCrashlytics.o normal arm64 (in target 'FirebaseCrashlytics' from project 'Firebase')
    cd /Users/jaigaurav/Library/Developer/Xcode/DerivedData/Broccoli-eapieicfqwxippexlubxawpdfesp/SourcePackages/checkouts/firebase-ios-sdk
    /Applications/Xcode.app/Contents/Developer/Toolchains/XcodeDefault.xctoolchain/usr/bin/clang++ -Xlinker -reproducible -target arm64-apple-ios15.0-simulator -r -isysroot /Applications/Xcode.app/Contents/Developer/Platforms/iPhoneSimulator.platform/Developer/SDKs/iPhoneSimulator26.5.sdk -O0 -w -F/Users/jaigaurav/Library/Developer/Xcode/DerivedData/Broccoli-eapieicfqwxippexlubxawpdfesp/Build/Intermediates.noindex/EagerLinkingTBDs/Debug-iphonesimulator -F/Users/jaigaurav/Library/Developer/Xcode/DerivedData/Broccoli-eapieicfqwxippexlubxawpdfesp/Build/Products/Debug-iphonesimulator/PackageFrameworks -F/Users/jaigaurav/Library/Developer/Xcode/DerivedData/Broccoli-eapieicfqwxippexlubxawpdfesp/Build/Products/Debug-iphonesimulator/PackageFrameworks -F/Users/jaigaurav/Library/Developer/Xcode/DerivedData/Broccoli-eapieicfqwxippexlubxawpdfesp/Build/Products/Debug-iphonesimulator/PackageFrameworks -F/Users/jaigaurav/Library/Developer/Xcode/DerivedData/Broccoli-eapieicfqwxippexlubxawpdfesp/Build/Products/Debug-iphonesimulator/PackageFrameworks -F/Users/jaigaurav/Library/Developer/Xcode/DerivedData/Broccoli-eapieicfqwxippexlubxawpdfesp/Build/Products/Debug-iphonesimulator/PackageFrameworks -F/Users/jaigaurav/Library/Developer/Xcode/DerivedData/Broccoli-eapieicfqwxippexlubxawpdfesp/Build/Products/Debug-iphonesimulator/PackageFrameworks -F/Users/jaigaurav/Library/Developer/Xcode/DerivedData/Broccoli-eapieicfqwxippexlubxawpdfesp/Build/Products/Debug-iphonesimulator/PackageFrameworks -F/Users/jaigaurav/Library/Developer/Xcode/DerivedData/Broccoli-eapieicfqwxippexlubxawpdfesp/Build/Products/Debug-iphonesimulator/PackageFrameworks -F/Users/jaigaurav/Library/Developer/Xcode/DerivedData/Broccoli-eapieicfqwxippexlubxawpdfesp/Build/Products/Debug-iphonesimulator/PackageFrameworks -F/Users/jaigaurav/Library/Developer/Xcode/DerivedData/Broccoli-eapieicfqwxippexlubxawpdfesp/Build/Products/Debug-iphonesimulator/PackageFrameworks -F/Users/jaigaurav/Library/Developer/Xcode/DerivedData/Broccoli-eapieicfqwxippexlubxawpdfesp/Build/Products/Debug-iphonesimulator/PackageFrameworks -F/Users/jaigaurav/Library/Developer/Xcode/DerivedData/Broccoli-eapieicfqwxippexlubxawpdfesp/Build/Products/Debug-iphonesimulator/PackageFrameworks -F/Users/jaigaurav/Library/Developer/Xcode/DerivedData/Broccoli-eapieicfqwxippexlubxawpdfesp/Build/Products/Debug-iphonesimulator/PackageFrameworks -F/Users/jaigaurav/Library/Developer/Xcode/DerivedData/Broccoli-eapieicfqwxippexlubxawpdfesp/Build/Products/Debug-iphonesimulator/PackageFrameworks -F/Users/jaigaurav/Library/Developer/Xcode/DerivedData/Broccoli-eapieicfqwxippexlubxawpdfesp/Build/Products/Debug-iphonesimulator/PackageFrameworks -F/Users/jaigaurav/Library/Developer/Xcode/DerivedData/Broccoli-eapieicfqwxippexlubxawpdfesp/Build/Products/Debug-iphonesimulator/PackageFrameworks -F/Users/jaigaurav/Library/Developer/Xcode/DerivedData/Broccoli-eapieicfqwxippexlubxawpdfesp/Build/Products/Debug-iphonesimulator/PackageFrameworks -F/Users/jaigaurav/Library/Developer/Xcode/DerivedData/Broccoli-eapieicfqwxippexlubxawpdfesp/Build/Products/Debug-iphonesimulator/PackageFrameworks -F/Users/jaigaurav/Library/Developer/Xcode/DerivedData/Broccoli-eapieicfqwxippexlubxawpdfesp/Build/Products/Debug-iphonesimulator -iframework /Applications/Xcode.app/Contents/Developer/Platforms/iPhoneSimulator.platform/Developer/Library/Frameworks -iframework /Applications/Xcode.app/Contents/Developer/Platforms/iPhoneSimulator.platform/Developer/SDKs/iPhoneSimulator26.5.sdk/Developer/Library/Frameworks -filelist /Users/jaigaurav/Library/Developer/Xcode/DerivedData/Broccoli-eapieicfqwxippexlubxawpdfesp/Build/Intermediates.noindex/Firebase.build/Debug-iphonesimulator/FirebaseCrashlytics.build/Objects-normal/arm64/FirebaseCrashlytics.LinkFileList -nostdlib -Xlinker -object_path_lto -Xlinker /Users/jaigaurav/Library/Developer/Xcode/DerivedData/Broccoli-eapieicfqwxippexlubxawpdfesp/Build/Intermediates.noindex/Firebase.build/Debug-iphonesimulator/FirebaseCrashlytics.build/Objects-normal/arm64/FirebaseCrashlytics_lto.o -Xlinker -no_deduplicate -Xlinker -objc_abi_version -Xlinker 2 -Xlinker -debug_variant -Xlinker -dependency_info -Xlinker /Users/jaigaurav/Library/Developer/Xcode/DerivedData/Broccoli-eapieicfqwxippexlubxawpdfesp/Build/Intermediates.noindex/Firebase.build/Debug-iphonesimulator/FirebaseCrashlytics.build/Objects-normal/arm64/FirebaseCrashlytics_dependency_info.dat -fobjc-arc -fobjc-link-runtime -o /Users/jaigaurav/Library/Developer/Xcode/DerivedData/Broccoli-eapieicfqwxippexlubxawpdfesp/Build/Intermediates.noindex/Firebase.build/Debug-iphonesimulator/FirebaseCrashlytics.build/Objects-normal/arm64/Binary/FirebaseCrashlytics.o

ExtractAppIntentsMetadata (in target 'StripePaymentsUI' from project 'Stripe')
    cd /Users/jaigaurav/Library/Developer/Xcode/DerivedData/Broccoli-eapieicfqwxippexlubxawpdfesp/SourcePackages/checkouts/stripe-ios-spm
    /Applications/Xcode.app/Contents/Developer/Toolchains/XcodeDefault.xctoolchain/usr/bin/appintentsmetadataprocessor --toolchain-dir /Applications/Xcode.app/Contents/Developer/Toolchains/XcodeDefault.xctoolchain --module-name StripePaymentsUI --sdk-root /Applications/Xcode.app/Contents/Developer/Platforms/iPhoneSimulator.platform/Developer/SDKs/iPhoneSimulator26.5.sdk --xcode-version 17F113 --platform-family iOS --deployment-target 13.0 --bundle-identifier stripe-ios-spm.StripePaymentsUI --output /Users/jaigaurav/Library/Developer/Xcode/DerivedData/Broccoli-eapieicfqwxippexlubxawpdfesp/Build/Products/Debug-iphonesimulator/StripePaymentsUI.appintents --target-triple arm64-apple-ios13.0-simulator --target-triple x86_64-apple-ios13.0-simulator --binary-file /Users/jaigaurav/Library/Developer/Xcode/DerivedData/Broccoli-eapieicfqwxippexlubxawpdfesp/Build/Products/Debug-iphonesimulator/StripePaymentsUI.o --dependency-file /Users/jaigaurav/Library/Developer/Xcode/DerivedData/Broccoli-eapieicfqwxippexlubxawpdfesp/Build/Intermediates.noindex/Stripe.build/Debug-iphonesimulator/StripePaymentsUI.build/Objects-normal/arm64/StripePaymentsUI_dependency_info.dat --dependency-file /Users/jaigaurav/Library/Developer/Xcode/DerivedData/Broccoli-eapieicfqwxippexlubxawpdfesp/Build/Intermediates.noindex/Stripe.build/Debug-iphonesimulator/StripePaymentsUI.build/Objects-normal/x86_64/StripePaymentsUI_dependency_info.dat --stringsdata-file /Users/jaigaurav/Library/Developer/Xcode/DerivedData/Broccoli-eapieicfqwxippexlubxawpdfesp/Build/Intermediates.noindex/Stripe.build/Debug-iphonesimulator/StripePaymentsUI.build/Objects-normal/arm64/ExtractedAppShortcutsMetadata.stringsdata --stringsdata-file /Users/jaigaurav/Library/Developer/Xcode/DerivedData/Broccoli-eapieicfqwxippexlubxawpdfesp/Build/Intermediates.noindex/Stripe.build/Debug-iphonesimulator/StripePaymentsUI.build/Objects-normal/x86_64/ExtractedAppShortcutsMetadata.stringsdata --source-file-list /Users/jaigaurav/Library/Developer/Xcode/DerivedData/Broccoli-eapieicfqwxippexlubxawpdfesp/Build/Intermediates.noindex/Stripe.build/Debug-iphonesimulator/StripePaymentsUI.build/Objects-normal/arm64/StripePaymentsUI.SwiftFileList --source-file-list /Users/jaigaurav/Library/Developer/Xcode/DerivedData/Broccoli-eapieicfqwxippexlubxawpdfesp/Build/Intermediates.noindex/Stripe.build/Debug-iphonesimulator/StripePaymentsUI.build/Objects-normal/x86_64/StripePaymentsUI.SwiftFileList --metadata-file-list /Users/jaigaurav/Library/Developer/Xcode/DerivedData/Broccoli-eapieicfqwxippexlubxawpdfesp/Build/Intermediates.noindex/Stripe.build/Debug-iphonesimulator/StripePaymentsUI.build/StripePaymentsUI.DependencyMetadataFileList --static-metadata-file-list /Users/jaigaurav/Library/Developer/Xcode/DerivedData/Broccoli-eapieicfqwxippexlubxawpdfesp/Build/Intermediates.noindex/Stripe.build/Debug-iphonesimulator/StripePaymentsUI.build/StripePaymentsUI.DependencyStaticMetadataFileList --swift-const-vals-list /Users/jaigaurav/Library/Developer/Xcode/DerivedData/Broccoli-eapieicfqwxippexlubxawpdfesp/Build/Intermediates.noindex/Stripe.build/Debug-iphonesimulator/StripePaymentsUI.build/Objects-normal/arm64/StripePaymentsUI.SwiftConstValuesFileList --swift-const-vals-list /Users/jaigaurav/Library/Developer/Xcode/DerivedData/Broccoli-eapieicfqwxippexlubxawpdfesp/Build/Intermediates.noindex/Stripe.build/Debug-iphonesimulator/StripePaymentsUI.build/Objects-normal/x86_64/StripePaymentsUI.SwiftConstValuesFileList --force --compile-time-extraction --deployment-aware-processing --validate-assistant-intents --no-app-shortcuts-localization
2026-08-17 12:31:48.511 appintentsmetadataprocessor[8382:168034] Starting appintentsmetadataprocessor export
2026-08-17 12:31:48.531 appintentsmetadataprocessor[8382:168034] Extracted no relevant App Intents symbols, skipping writing output

CreateUniversalBinary /Users/jaigaurav/Library/Developer/Xcode/DerivedData/Broccoli-eapieicfqwxippexlubxawpdfesp/Build/Products/Debug-iphonesimulator/FirebaseCrashlytics.o normal arm64\ x86_64 (in target 'FirebaseCrashlytics' from project 'Firebase')
    cd /Users/jaigaurav/Library/Developer/Xcode/DerivedData/Broccoli-eapieicfqwxippexlubxawpdfesp/SourcePackages/checkouts/firebase-ios-sdk
    /Applications/Xcode.app/Contents/Developer/Toolchains/XcodeDefault.xctoolchain/usr/bin/lipo -create /Users/jaigaurav/Library/Developer/Xcode/DerivedData/Broccoli-eapieicfqwxippexlubxawpdfesp/Build/Intermediates.noindex/Firebase.build/Debug-iphonesimulator/FirebaseCrashlytics.build/Objects-normal/arm64/Binary/FirebaseCrashlytics.o /Users/jaigaurav/Library/Developer/Xcode/DerivedData/Broccoli-eapieicfqwxippexlubxawpdfesp/Build/Intermediates.noindex/Firebase.build/Debug-iphonesimulator/FirebaseCrashlytics.build/Objects-normal/x86_64/Binary/FirebaseCrashlytics.o -output /Users/jaigaurav/Library/Developer/Xcode/DerivedData/Broccoli-eapieicfqwxippexlubxawpdfesp/Build/Products/Debug-iphonesimulator/FirebaseCrashlytics.o

RegisterExecutionPolicyException /Users/jaigaurav/Library/Developer/Xcode/DerivedData/Broccoli-eapieicfqwxippexlubxawpdfesp/Build/Products/Debug-iphonesimulator/FirebaseCrashlytics.o (in target 'FirebaseCrashlytics' from project 'Firebase')
    cd /Users/jaigaurav/Library/Developer/Xcode/DerivedData/Broccoli-eapieicfqwxippexlubxawpdfesp/SourcePackages/checkouts/firebase-ios-sdk
    builtin-RegisterExecutionPolicyException /Users/jaigaurav/Library/Developer/Xcode/DerivedData/Broccoli-eapieicfqwxippexlubxawpdfesp/Build/Products/Debug-iphonesimulator/FirebaseCrashlytics.o

RegisterExecutionPolicyException /Users/jaigaurav/Library/Developer/Xcode/DerivedData/Broccoli-eapieicfqwxippexlubxawpdfesp/Build/Products/Debug-iphonesimulator/StripePaymentsUI.o (in target 'StripePaymentsUI' from project 'Stripe')
    cd /Users/jaigaurav/Library/Developer/Xcode/DerivedData/Broccoli-eapieicfqwxippexlubxawpdfesp/SourcePackages/checkouts/stripe-ios-spm
    builtin-RegisterExecutionPolicyException /Users/jaigaurav/Library/Developer/Xcode/DerivedData/Broccoli-eapieicfqwxippexlubxawpdfesp/Build/Products/Debug-iphonesimulator/StripePaymentsUI.o

Ld /Users/jaigaurav/Library/Developer/Xcode/DerivedData/Broccoli-eapieicfqwxippexlubxawpdfesp/Build/Intermediates.noindex/Stripe.build/Debug-iphonesimulator/StripePaymentSheet.build/Objects-normal/x86_64/Binary/StripePaymentSheet.o normal x86_64 (in target 'StripePaymentSheet' from project 'Stripe')
    cd /Users/jaigaurav/Library/Developer/Xcode/DerivedData/Broccoli-eapieicfqwxippexlubxawpdfesp/SourcePackages/checkouts/stripe-ios-spm
    /Applications/Xcode.app/Contents/Developer/Toolchains/XcodeDefault.xctoolchain/usr/bin/clang -Xlinker -reproducible -target x86_64-apple-ios13.0-simulator -r -isysroot /Applications/Xcode.app/Contents/Developer/Platforms/iPhoneSimulator.platform/Developer/SDKs/iPhoneSimulator26.5.sdk -O0 -w -F/Users/jaigaurav/Library/Developer/Xcode/DerivedData/Broccoli-eapieicfqwxippexlubxawpdfesp/Build/Intermediates.noindex/EagerLinkingTBDs/Debug-iphonesimulator -F/Users/jaigaurav/Library/Developer/Xcode/DerivedData/Broccoli-eapieicfqwxippexlubxawpdfesp/Build/Products/Debug-iphonesimulator/PackageFrameworks -F/Users/jaigaurav/Library/Developer/Xcode/DerivedData/Broccoli-eapieicfqwxippexlubxawpdfesp/Build/Products/Debug-iphonesimulator/PackageFrameworks -F/Users/jaigaurav/Library/Developer/Xcode/DerivedData/Broccoli-eapieicfqwxippexlubxawpdfesp/Build/Products/Debug-iphonesimulator/PackageFrameworks -F/Users/jaigaurav/Library/Developer/Xcode/DerivedData/Broccoli-eapieicfqwxippexlubxawpdfesp/Build/Products/Debug-iphonesimulator/PackageFrameworks -F/Users/jaigaurav/Library/Developer/Xcode/DerivedData/Broccoli-eapieicfqwxippexlubxawpdfesp/Build/Products/Debug-iphonesimulator/PackageFrameworks -F/Users/jaigaurav/Library/Developer/Xcode/DerivedData/Broccoli-eapieicfqwxippexlubxawpdfesp/Build/Products/Debug-iphonesimulator/PackageFrameworks -F/Users/jaigaurav/Library/Developer/Xcode/DerivedData/Broccoli-eapieicfqwxippexlubxawpdfesp/Build/Products/Debug-iphonesimulator -iframework /Applications/Xcode.app/Contents/Developer/Platforms/iPhoneSimulator.platform/Developer/Library/Frameworks -iframework /Applications/Xcode.app/Contents/Developer/Platforms/iPhoneSimulator.platform/Developer/SDKs/iPhoneSimulator26.5.sdk/Developer/Library/Frameworks -filelist /Users/jaigaurav/Library/Developer/Xcode/DerivedData/Broccoli-eapieicfqwxippexlubxawpdfesp/Build/Intermediates.noindex/Stripe.build/Debug-iphonesimulator/StripePaymentSheet.build/Objects-normal/x86_64/StripePaymentSheet.LinkFileList -nostdlib -Xlinker -object_path_lto -Xlinker /Users/jaigaurav/Library/Developer/Xcode/DerivedData/Broccoli-eapieicfqwxippexlubxawpdfesp/Build/Intermediates.noindex/Stripe.build/Debug-iphonesimulator/StripePaymentSheet.build/Objects-normal/x86_64/StripePaymentSheet_lto.o -Xlinker -no_deduplicate -Xlinker -objc_abi_version -Xlinker 2 -Xlinker -debug_variant -Xlinker -dependency_info -Xlinker /Users/jaigaurav/Library/Developer/Xcode/DerivedData/Broccoli-eapieicfqwxippexlubxawpdfesp/Build/Intermediates.noindex/Stripe.build/Debug-iphonesimulator/StripePaymentSheet.build/Objects-normal/x86_64/StripePaymentSheet_dependency_info.dat -fobjc-link-runtime -L/Applications/Xcode.app/Contents/Developer/Toolchains/XcodeDefault.xctoolchain/usr/lib/swift/iphonesimulator -L/usr/lib/swift -Xlinker -add_ast_path -Xlinker /Users/jaigaurav/Library/Developer/Xcode/DerivedData/Broccoli-eapieicfqwxippexlubxawpdfesp/Build/Intermediates.noindex/Stripe.build/Debug-iphonesimulator/StripePaymentSheet.build/Objects-normal/x86_64/StripePaymentSheet.swiftmodule @/Users/jaigaurav/Library/Developer/Xcode/DerivedData/Broccoli-eapieicfqwxippexlubxawpdfesp/Build/Intermediates.noindex/Stripe.build/Debug-iphonesimulator/StripePaymentSheet.build/Objects-normal/x86_64/StripePaymentSheet-linker-args.resp -o /Users/jaigaurav/Library/Developer/Xcode/DerivedData/Broccoli-eapieicfqwxippexlubxawpdfesp/Build/Intermediates.noindex/Stripe.build/Debug-iphonesimulator/StripePaymentSheet.build/Objects-normal/x86_64/Binary/StripePaymentSheet.o

Ld /Users/jaigaurav/Library/Developer/Xcode/DerivedData/Broccoli-eapieicfqwxippexlubxawpdfesp/Build/Intermediates.noindex/Stripe.build/Debug-iphonesimulator/StripePaymentSheet.build/Objects-normal/arm64/Binary/StripePaymentSheet.o normal arm64 (in target 'StripePaymentSheet' from project 'Stripe')
    cd /Users/jaigaurav/Library/Developer/Xcode/DerivedData/Broccoli-eapieicfqwxippexlubxawpdfesp/SourcePackages/checkouts/stripe-ios-spm
    /Applications/Xcode.app/Contents/Developer/Toolchains/XcodeDefault.xctoolchain/usr/bin/clang -Xlinker -reproducible -target arm64-apple-ios13.0-simulator -r -isysroot /Applications/Xcode.app/Contents/Developer/Platforms/iPhoneSimulator.platform/Developer/SDKs/iPhoneSimulator26.5.sdk -O0 -w -F/Users/jaigaurav/Library/Developer/Xcode/DerivedData/Broccoli-eapieicfqwxippexlubxawpdfesp/Build/Intermediates.noindex/EagerLinkingTBDs/Debug-iphonesimulator -F/Users/jaigaurav/Library/Developer/Xcode/DerivedData/Broccoli-eapieicfqwxippexlubxawpdfesp/Build/Products/Debug-iphonesimulator/PackageFrameworks -F/Users/jaigaurav/Library/Developer/Xcode/DerivedData/Broccoli-eapieicfqwxippexlubxawpdfesp/Build/Products/Debug-iphonesimulator/PackageFrameworks -F/Users/jaigaurav/Library/Developer/Xcode/DerivedData/Broccoli-eapieicfqwxippexlubxawpdfesp/Build/Products/Debug-iphonesimulator/PackageFrameworks -F/Users/jaigaurav/Library/Developer/Xcode/DerivedData/Broccoli-eapieicfqwxippexlubxawpdfesp/Build/Products/Debug-iphonesimulator/PackageFrameworks -F/Users/jaigaurav/Library/Developer/Xcode/DerivedData/Broccoli-eapieicfqwxippexlubxawpdfesp/Build/Products/Debug-iphonesimulator/PackageFrameworks -F/Users/jaigaurav/Library/Developer/Xcode/DerivedData/Broccoli-eapieicfqwxippexlubxawpdfesp/Build/Products/Debug-iphonesimulator/PackageFrameworks -F/Users/jaigaurav/Library/Developer/Xcode/DerivedData/Broccoli-eapieicfqwxippexlubxawpdfesp/Build/Products/Debug-iphonesimulator -iframework /Applications/Xcode.app/Contents/Developer/Platforms/iPhoneSimulator.platform/Developer/Library/Frameworks -iframework /Applications/Xcode.app/Contents/Developer/Platforms/iPhoneSimulator.platform/Developer/SDKs/iPhoneSimulator26.5.sdk/Developer/Library/Frameworks -filelist /Users/jaigaurav/Library/Developer/Xcode/DerivedData/Broccoli-eapieicfqwxippexlubxawpdfesp/Build/Intermediates.noindex/Stripe.build/Debug-iphonesimulator/StripePaymentSheet.build/Objects-normal/arm64/StripePaymentSheet.LinkFileList -nostdlib -Xlinker -object_path_lto -Xlinker /Users/jaigaurav/Library/Developer/Xcode/DerivedData/Broccoli-eapieicfqwxippexlubxawpdfesp/Build/Intermediates.noindex/Stripe.build/Debug-iphonesimulator/StripePaymentSheet.build/Objects-normal/arm64/StripePaymentSheet_lto.o -Xlinker -no_deduplicate -Xlinker -objc_abi_version -Xlinker 2 -Xlinker -debug_variant -Xlinker -dependency_info -Xlinker /Users/jaigaurav/Library/Developer/Xcode/DerivedData/Broccoli-eapieicfqwxippexlubxawpdfesp/Build/Intermediates.noindex/Stripe.build/Debug-iphonesimulator/StripePaymentSheet.build/Objects-normal/arm64/StripePaymentSheet_dependency_info.dat -fobjc-link-runtime -L/Applications/Xcode.app/Contents/Developer/Toolchains/XcodeDefault.xctoolchain/usr/lib/swift/iphonesimulator -L/usr/lib/swift -Xlinker -add_ast_path -Xlinker /Users/jaigaurav/Library/Developer/Xcode/DerivedData/Broccoli-eapieicfqwxippexlubxawpdfesp/Build/Intermediates.noindex/Stripe.build/Debug-iphonesimulator/StripePaymentSheet.build/Objects-normal/arm64/StripePaymentSheet.swiftmodule @/Users/jaigaurav/Library/Developer/Xcode/DerivedData/Broccoli-eapieicfqwxippexlubxawpdfesp/Build/Intermediates.noindex/Stripe.build/Debug-iphonesimulator/StripePaymentSheet.build/Objects-normal/arm64/StripePaymentSheet-linker-args.resp -o /Users/jaigaurav/Library/Developer/Xcode/DerivedData/Broccoli-eapieicfqwxippexlubxawpdfesp/Build/Intermediates.noindex/Stripe.build/Debug-iphonesimulator/StripePaymentSheet.build/Objects-normal/arm64/Binary/StripePaymentSheet.o

CreateUniversalBinary /Users/jaigaurav/Library/Developer/Xcode/DerivedData/Broccoli-eapieicfqwxippexlubxawpdfesp/Build/Products/Debug-iphonesimulator/StripePaymentSheet.o normal arm64\ x86_64 (in target 'StripePaymentSheet' from project 'Stripe')
    cd /Users/jaigaurav/Library/Developer/Xcode/DerivedData/Broccoli-eapieicfqwxippexlubxawpdfesp/SourcePackages/checkouts/stripe-ios-spm
    /Applications/Xcode.app/Contents/Developer/Toolchains/XcodeDefault.xctoolchain/usr/bin/lipo -create /Users/jaigaurav/Library/Developer/Xcode/DerivedData/Broccoli-eapieicfqwxippexlubxawpdfesp/Build/Intermediates.noindex/Stripe.build/Debug-iphonesimulator/StripePaymentSheet.build/Objects-normal/arm64/Binary/StripePaymentSheet.o /Users/jaigaurav/Library/Developer/Xcode/DerivedData/Broccoli-eapieicfqwxippexlubxawpdfesp/Build/Intermediates.noindex/Stripe.build/Debug-iphonesimulator/StripePaymentSheet.build/Objects-normal/x86_64/Binary/StripePaymentSheet.o -output /Users/jaigaurav/Library/Developer/Xcode/DerivedData/Broccoli-eapieicfqwxippexlubxawpdfesp/Build/Products/Debug-iphonesimulator/StripePaymentSheet.o

ExtractAppIntentsMetadata (in target 'StripePaymentSheet' from project 'Stripe')
    cd /Users/jaigaurav/Library/Developer/Xcode/DerivedData/Broccoli-eapieicfqwxippexlubxawpdfesp/SourcePackages/checkouts/stripe-ios-spm
    /Applications/Xcode.app/Contents/Developer/Toolchains/XcodeDefault.xctoolchain/usr/bin/appintentsmetadataprocessor --toolchain-dir /Applications/Xcode.app/Contents/Developer/Toolchains/XcodeDefault.xctoolchain --module-name StripePaymentSheet --sdk-root /Applications/Xcode.app/Contents/Developer/Platforms/iPhoneSimulator.platform/Developer/SDKs/iPhoneSimulator26.5.sdk --xcode-version 17F113 --platform-family iOS --deployment-target 13.0 --bundle-identifier stripe-ios-spm.StripePaymentSheet --output /Users/jaigaurav/Library/Developer/Xcode/DerivedData/Broccoli-eapieicfqwxippexlubxawpdfesp/Build/Products/Debug-iphonesimulator/StripePaymentSheet.appintents --target-triple arm64-apple-ios13.0-simulator --target-triple x86_64-apple-ios13.0-simulator --binary-file /Users/jaigaurav/Library/Developer/Xcode/DerivedData/Broccoli-eapieicfqwxippexlubxawpdfesp/Build/Products/Debug-iphonesimulator/StripePaymentSheet.o --dependency-file /Users/jaigaurav/Library/Developer/Xcode/DerivedData/Broccoli-eapieicfqwxippexlubxawpdfesp/Build/Intermediates.noindex/Stripe.build/Debug-iphonesimulator/StripePaymentSheet.build/Objects-normal/arm64/StripePaymentSheet_dependency_info.dat --dependency-file /Users/jaigaurav/Library/Developer/Xcode/DerivedData/Broccoli-eapieicfqwxippexlubxawpdfesp/Build/Intermediates.noindex/Stripe.build/Debug-iphonesimulator/StripePaymentSheet.build/Objects-normal/x86_64/StripePaymentSheet_dependency_info.dat --stringsdata-file /Users/jaigaurav/Library/Developer/Xcode/DerivedData/Broccoli-eapieicfqwxippexlubxawpdfesp/Build/Intermediates.noindex/Stripe.build/Debug-iphonesimulator/StripePaymentSheet.build/Objects-normal/arm64/ExtractedAppShortcutsMetadata.stringsdata --stringsdata-file /Users/jaigaurav/Library/Developer/Xcode/DerivedData/Broccoli-eapieicfqwxippexlubxawpdfesp/Build/Intermediates.noindex/Stripe.build/Debug-iphonesimulator/StripePaymentSheet.build/Objects-normal/x86_64/ExtractedAppShortcutsMetadata.stringsdata --source-file-list /Users/jaigaurav/Library/Developer/Xcode/DerivedData/Broccoli-eapieicfqwxippexlubxawpdfesp/Build/Intermediates.noindex/Stripe.build/Debug-iphonesimulator/StripePaymentSheet.build/Objects-normal/arm64/StripePaymentSheet.SwiftFileList --source-file-list /Users/jaigaurav/Library/Developer/Xcode/DerivedData/Broccoli-eapieicfqwxippexlubxawpdfesp/Build/Intermediates.noindex/Stripe.build/Debug-iphonesimulator/StripePaymentSheet.build/Objects-normal/x86_64/StripePaymentSheet.SwiftFileList --metadata-file-list /Users/jaigaurav/Library/Developer/Xcode/DerivedData/Broccoli-eapieicfqwxippexlubxawpdfesp/Build/Intermediates.noindex/Stripe.build/Debug-iphonesimulator/StripePaymentSheet.build/StripePaymentSheet.DependencyMetadataFileList --static-metadata-file-list /Users/jaigaurav/Library/Developer/Xcode/DerivedData/Broccoli-eapieicfqwxippexlubxawpdfesp/Build/Intermediates.noindex/Stripe.build/Debug-iphonesimulator/StripePaymentSheet.build/StripePaymentSheet.DependencyStaticMetadataFileList --swift-const-vals-list /Users/jaigaurav/Library/Developer/Xcode/DerivedData/Broccoli-eapieicfqwxippexlubxawpdfesp/Build/Intermediates.noindex/Stripe.build/Debug-iphonesimulator/StripePaymentSheet.build/Objects-normal/arm64/StripePaymentSheet.SwiftConstValuesFileList --swift-const-vals-list /Users/jaigaurav/Library/Developer/Xcode/DerivedData/Broccoli-eapieicfqwxippexlubxawpdfesp/Build/Intermediates.noindex/Stripe.build/Debug-iphonesimulator/StripePaymentSheet.build/Objects-normal/x86_64/StripePaymentSheet.SwiftConstValuesFileList --force --compile-time-extraction --deployment-aware-processing --validate-assistant-intents --no-app-shortcuts-localization
2026-08-17 12:31:49.422 appintentsmetadataprocessor[8396:168099] Starting appintentsmetadataprocessor export
2026-08-17 12:31:49.493 appintentsmetadataprocessor[8396:168099] Extracted no relevant App Intents symbols, skipping writing output

RegisterExecutionPolicyException /Users/jaigaurav/Library/Developer/Xcode/DerivedData/Broccoli-eapieicfqwxippexlubxawpdfesp/Build/Products/Debug-iphonesimulator/StripePaymentSheet.o (in target 'StripePaymentSheet' from project 'Stripe')
    cd /Users/jaigaurav/Library/Developer/Xcode/DerivedData/Broccoli-eapieicfqwxippexlubxawpdfesp/SourcePackages/checkouts/stripe-ios-spm
    builtin-RegisterExecutionPolicyException /Users/jaigaurav/Library/Developer/Xcode/DerivedData/Broccoli-eapieicfqwxippexlubxawpdfesp/Build/Products/Debug-iphonesimulator/StripePaymentSheet.o

warning: Run script build phase 'Run Script' will be run during every build because it does not specify any outputs. To address this issue, either add output dependencies to the script phase, or configure it to run in every build by unchecking "Based on dependency analysis" in the script phase. (in target 'Broccoli' from project 'Broccoli')
Ld /Users/jaigaurav/Library/Developer/Xcode/DerivedData/Broccoli-eapieicfqwxippexlubxawpdfesp/Build/Intermediates.noindex/Broccoli.build/Debug-iphonesimulator/Broccoli.build/Objects-normal/arm64/Binary/__preview.dylib normal arm64 (in target 'Broccoli' from project 'Broccoli')
    cd /Volumes/jaigaurav17-001/Projects/iOS/Broccoli
    /Applications/Xcode.app/Contents/Developer/Toolchains/XcodeDefault.xctoolchain/usr/bin/clang -Xlinker -reproducible -target arm64-apple-ios17.6-simulator -dynamiclib -isysroot /Applications/Xcode.app/Contents/Developer/Platforms/iPhoneSimulator.platform/Developer/SDKs/iPhoneSimulator26.5.sdk -O0 -L/Users/jaigaurav/Library/Developer/Xcode/DerivedData/Broccoli-eapieicfqwxippexlubxawpdfesp/Build/Products/Debug-iphonesimulator -F/Users/jaigaurav/Library/Developer/Xcode/DerivedData/Broccoli-eapieicfqwxippexlubxawpdfesp/Build/Products/Debug-iphonesimulator/PackageFrameworks -F/Users/jaigaurav/Library/Developer/Xcode/DerivedData/Broccoli-eapieicfqwxippexlubxawpdfesp/Build/Products/Debug-iphonesimulator/PackageFrameworks -F/Users/jaigaurav/Library/Developer/Xcode/DerivedData/Broccoli-eapieicfqwxippexlubxawpdfesp/Build/Products/Debug-iphonesimulator/PackageFrameworks -F/Users/jaigaurav/Library/Developer/Xcode/DerivedData/Broccoli-eapieicfqwxippexlubxawpdfesp/Build/Products/Debug-iphonesimulator/PackageFrameworks -F/Users/jaigaurav/Library/Developer/Xcode/DerivedData/Broccoli-eapieicfqwxippexlubxawpdfesp/Build/Products/Debug-iphonesimulator/PackageFrameworks -F/Users/jaigaurav/Library/Developer/Xcode/DerivedData/Broccoli-eapieicfqwxippexlubxawpdfesp/Build/Products/Debug-iphonesimulator/PackageFrameworks -F/Users/jaigaurav/Library/Developer/Xcode/DerivedData/Broccoli-eapieicfqwxippexlubxawpdfesp/Build/Products/Debug-iphonesimulator/PackageFrameworks -F/Users/jaigaurav/Library/Developer/Xcode/DerivedData/Broccoli-eapieicfqwxippexlubxawpdfesp/Build/Products/Debug-iphonesimulator/PackageFrameworks -F/Users/jaigaurav/Library/Developer/Xcode/DerivedData/Broccoli-eapieicfqwxippexlubxawpdfesp/Build/Products/Debug-iphonesimulator/PackageFrameworks -F/Users/jaigaurav/Library/Developer/Xcode/DerivedData/Broccoli-eapieicfqwxippexlubxawpdfesp/Build/Products/Debug-iphonesimulator/PackageFrameworks -F/Users/jaigaurav/Library/Developer/Xcode/DerivedData/Broccoli-eapieicfqwxippexlubxawpdfesp/Build/Products/Debug-iphonesimulator/PackageFrameworks -F/Users/jaigaurav/Library/Developer/Xcode/DerivedData/Broccoli-eapieicfqwxippexlubxawpdfesp/Build/Products/Debug-iphonesimulator/PackageFrameworks -F/Users/jaigaurav/Library/Developer/Xcode/DerivedData/Broccoli-eapieicfqwxippexlubxawpdfesp/Build/Products/Debug-iphonesimulator/PackageFrameworks -F/Users/jaigaurav/Library/Developer/Xcode/DerivedData/Broccoli-eapieicfqwxippexlubxawpdfesp/Build/Products/Debug-iphonesimulator/PackageFrameworks -F/Users/jaigaurav/Library/Developer/Xcode/DerivedData/Broccoli-eapieicfqwxippexlubxawpdfesp/Build/Products/Debug-iphonesimulator/PackageFrameworks -F/Users/jaigaurav/Library/Developer/Xcode/DerivedData/Broccoli-eapieicfqwxippexlubxawpdfesp/Build/Products/Debug-iphonesimulator/PackageFrameworks -F/Users/jaigaurav/Library/Developer/Xcode/DerivedData/Broccoli-eapieicfqwxippexlubxawpdfesp/Build/Products/Debug-iphonesimulator/PackageFrameworks -F/Users/jaigaurav/Library/Developer/Xcode/DerivedData/Broccoli-eapieicfqwxippexlubxawpdfesp/Build/Products/Debug-iphonesimulator/PackageFrameworks -F/Users/jaigaurav/Library/Developer/Xcode/DerivedData/Broccoli-eapieicfqwxippexlubxawpdfesp/Build/Products/Debug-iphonesimulator/PackageFrameworks -F/Users/jaigaurav/Library/Developer/Xcode/DerivedData/Broccoli-eapieicfqwxippexlubxawpdfesp/Build/Products/Debug-iphonesimulator/PackageFrameworks -F/Users/jaigaurav/Library/Developer/Xcode/DerivedData/Broccoli-eapieicfqwxippexlubxawpdfesp/Build/Products/Debug-iphonesimulator/PackageFrameworks -F/Users/jaigaurav/Library/Developer/Xcode/DerivedData/Broccoli-eapieicfqwxippexlubxawpdfesp/Build/Products/Debug-iphonesimulator/PackageFrameworks -F/Users/jaigaurav/Library/Developer/Xcode/DerivedData/Broccoli-eapieicfqwxippexlubxawpdfesp/Build/Products/Debug-iphonesimulator/PackageFrameworks -F/Users/jaigaurav/Library/Developer/Xcode/DerivedData/Broccoli-eapieicfqwxippexlubxawpdfesp/Build/Products/Debug-iphonesimulator/PackageFrameworks -F/Users/jaigaurav/Library/Developer/Xcode/DerivedData/Broccoli-eapieicfqwxippexlubxawpdfesp/Build/Products/Debug-iphonesimulator/PackageFrameworks -F/Users/jaigaurav/Library/Developer/Xcode/DerivedData/Broccoli-eapieicfqwxippexlubxawpdfesp/Build/Products/Debug-iphonesimulator/PackageFrameworks -F/Users/jaigaurav/Library/Developer/Xcode/DerivedData/Broccoli-eapieicfqwxippexlubxawpdfesp/Build/Products/Debug-iphonesimulator/PackageFrameworks -F/Users/jaigaurav/Library/Developer/Xcode/DerivedData/Broccoli-eapieicfqwxippexlubxawpdfesp/Build/Products/Debug-iphonesimulator/PackageFrameworks -F/Users/jaigaurav/Library/Developer/Xcode/DerivedData/Broccoli-eapieicfqwxippexlubxawpdfesp/Build/Products/Debug-iphonesimulator/PackageFrameworks -F/Users/jaigaurav/Library/Developer/Xcode/DerivedData/Broccoli-eapieicfqwxippexlubxawpdfesp/Build/Products/Debug-iphonesimulator/PackageFrameworks -F/Users/jaigaurav/Library/Developer/Xcode/DerivedData/Broccoli-eapieicfqwxippexlubxawpdfesp/Build/Products/Debug-iphonesimulator/PackageFrameworks -F/Users/jaigaurav/Library/Developer/Xcode/DerivedData/Broccoli-eapieicfqwxippexlubxawpdfesp/Build/Products/Debug-iphonesimulator/PackageFrameworks -F/Users/jaigaurav/Library/Developer/Xcode/DerivedData/Broccoli-eapieicfqwxippexlubxawpdfesp/Build/Products/Debug-iphonesimulator/PackageFrameworks -F/Users/jaigaurav/Library/Developer/Xcode/DerivedData/Broccoli-eapieicfqwxippexlubxawpdfesp/Build/Products/Debug-iphonesimulator/PackageFrameworks -F/Users/jaigaurav/Library/Developer/Xcode/DerivedData/Broccoli-eapieicfqwxippexlubxawpdfesp/Build/Products/Debug-iphonesimulator/PackageFrameworks -F/Users/jaigaurav/Library/Developer/Xcode/DerivedData/Broccoli-eapieicfqwxippexlubxawpdfesp/Build/Products/Debug-iphonesimulator/PackageFrameworks -F/Users/jaigaurav/Library/Developer/Xcode/DerivedData/Broccoli-eapieicfqwxippexlubxawpdfesp/Build/Products/Debug-iphonesimulator/PackageFrameworks -F/Users/jaigaurav/Library/Developer/Xcode/DerivedData/Broccoli-eapieicfqwxippexlubxawpdfesp/Build/Products/Debug-iphonesimulator/PackageFrameworks -F/Users/jaigaurav/Library/Developer/Xcode/DerivedData/Broccoli-eapieicfqwxippexlubxawpdfesp/Build/Products/Debug-iphonesimulator/PackageFrameworks -F/Users/jaigaurav/Library/Developer/Xcode/DerivedData/Broccoli-eapieicfqwxippexlubxawpdfesp/Build/Products/Debug-iphonesimulator/PackageFrameworks -F/Users/jaigaurav/Library/Developer/Xcode/DerivedData/Broccoli-eapieicfqwxippexlubxawpdfesp/Build/Products/Debug-iphonesimulator/PackageFrameworks -F/Users/jaigaurav/Library/Developer/Xcode/DerivedData/Broccoli-eapieicfqwxippexlubxawpdfesp/Build/Products/Debug-iphonesimulator/PackageFrameworks -F/Users/jaigaurav/Library/Developer/Xcode/DerivedData/Broccoli-eapieicfqwxippexlubxawpdfesp/Build/Products/Debug-iphonesimulator/PackageFrameworks -F/Users/jaigaurav/Library/Developer/Xcode/DerivedData/Broccoli-eapieicfqwxippexlubxawpdfesp/Build/Products/Debug-iphonesimulator/PackageFrameworks -F/Users/jaigaurav/Library/Developer/Xcode/DerivedData/Broccoli-eapieicfqwxippexlubxawpdfesp/Build/Products/Debug-iphonesimulator/PackageFrameworks -F/Users/jaigaurav/Library/Developer/Xcode/DerivedData/Broccoli-eapieicfqwxippexlubxawpdfesp/Build/Products/Debug-iphonesimulator -install_name @rpath/Broccoli.debug.dylib -Xlinker -dead_strip -rdynamic -Xlinker -no_deduplicate -Xlinker -objc_abi_version -Xlinker 2 -Xlinker -debug_variant -Xlinker -dependency_info -Xlinker /Users/jaigaurav/Library/Developer/Xcode/DerivedData/Broccoli-eapieicfqwxippexlubxawpdfesp/Build/Intermediates.noindex/Broccoli.build/Debug-iphonesimulator/Broccoli.build/Objects-normal/arm64/Broccoli_dependency_info.dat -Xlinker -sectcreate -Xlinker __TEXT -Xlinker __entitlements -Xlinker /Users/jaigaurav/Library/Developer/Xcode/DerivedData/Broccoli-eapieicfqwxippexlubxawpdfesp/Build/Intermediates.noindex/Broccoli.build/Debug-iphonesimulator/Broccoli.build/Broccoli.app-Simulated.xcent -Xlinker -sectcreate -Xlinker __TEXT -Xlinker __ents_der -Xlinker /Users/jaigaurav/Library/Developer/Xcode/DerivedData/Broccoli-eapieicfqwxippexlubxawpdfesp/Build/Intermediates.noindex/Broccoli.build/Debug-iphonesimulator/Broccoli.build/Broccoli.app-Simulated.xcent.der -Xlinker -no_adhoc_codesign -o /Users/jaigaurav/Library/Developer/Xcode/DerivedData/Broccoli-eapieicfqwxippexlubxawpdfesp/Build/Intermediates.noindex/Broccoli.build/Debug-iphonesimulator/Broccoli.build/Objects-normal/arm64/Binary/__preview.dylib

Ld /Users/jaigaurav/Library/Developer/Xcode/DerivedData/Broccoli-eapieicfqwxippexlubxawpdfesp/Build/Intermediates.noindex/Broccoli.build/Debug-iphonesimulator/Broccoli.build/Objects-normal/x86_64/Binary/__preview.dylib normal x86_64 (in target 'Broccoli' from project 'Broccoli')
    cd /Volumes/jaigaurav17-001/Projects/iOS/Broccoli
    /Applications/Xcode.app/Contents/Developer/Toolchains/XcodeDefault.xctoolchain/usr/bin/clang -Xlinker -reproducible -target x86_64-apple-ios17.6-simulator -dynamiclib -isysroot /Applications/Xcode.app/Contents/Developer/Platforms/iPhoneSimulator.platform/Developer/SDKs/iPhoneSimulator26.5.sdk -O0 -L/Users/jaigaurav/Library/Developer/Xcode/DerivedData/Broccoli-eapieicfqwxippexlubxawpdfesp/Build/Products/Debug-iphonesimulator -F/Users/jaigaurav/Library/Developer/Xcode/DerivedData/Broccoli-eapieicfqwxippexlubxawpdfesp/Build/Products/Debug-iphonesimulator/PackageFrameworks -F/Users/jaigaurav/Library/Developer/Xcode/DerivedData/Broccoli-eapieicfqwxippexlubxawpdfesp/Build/Products/Debug-iphonesimulator/PackageFrameworks -F/Users/jaigaurav/Library/Developer/Xcode/DerivedData/Broccoli-eapieicfqwxippexlubxawpdfesp/Build/Products/Debug-iphonesimulator/PackageFrameworks -F/Users/jaigaurav/Library/Developer/Xcode/DerivedData/Broccoli-eapieicfqwxippexlubxawpdfesp/Build/Products/Debug-iphonesimulator/PackageFrameworks -F/Users/jaigaurav/Library/Developer/Xcode/DerivedData/Broccoli-eapieicfqwxippexlubxawpdfesp/Build/Products/Debug-iphonesimulator/PackageFrameworks -F/Users/jaigaurav/Library/Developer/Xcode/DerivedData/Broccoli-eapieicfqwxippexlubxawpdfesp/Build/Products/Debug-iphonesimulator/PackageFrameworks -F/Users/jaigaurav/Library/Developer/Xcode/DerivedData/Broccoli-eapieicfqwxippexlubxawpdfesp/Build/Products/Debug-iphonesimulator/PackageFrameworks -F/Users/jaigaurav/Library/Developer/Xcode/DerivedData/Broccoli-eapieicfqwxippexlubxawpdfesp/Build/Products/Debug-iphonesimulator/PackageFrameworks -F/Users/jaigaurav/Library/Developer/Xcode/DerivedData/Broccoli-eapieicfqwxippexlubxawpdfesp/Build/Products/Debug-iphonesimulator/PackageFrameworks -F/Users/jaigaurav/Library/Developer/Xcode/DerivedData/Broccoli-eapieicfqwxippexlubxawpdfesp/Build/Products/Debug-iphonesimulator/PackageFrameworks -F/Users/jaigaurav/Library/Developer/Xcode/DerivedData/Broccoli-eapieicfqwxippexlubxawpdfesp/Build/Products/Debug-iphonesimulator/PackageFrameworks -F/Users/jaigaurav/Library/Developer/Xcode/DerivedData/Broccoli-eapieicfqwxippexlubxawpdfesp/Build/Products/Debug-iphonesimulator/PackageFrameworks -F/Users/jaigaurav/Library/Developer/Xcode/DerivedData/Broccoli-eapieicfqwxippexlubxawpdfesp/Build/Products/Debug-iphonesimulator/PackageFrameworks -F/Users/jaigaurav/Library/Developer/Xcode/DerivedData/Broccoli-eapieicfqwxippexlubxawpdfesp/Build/Products/Debug-iphonesimulator/PackageFrameworks -F/Users/jaigaurav/Library/Developer/Xcode/DerivedData/Broccoli-eapieicfqwxippexlubxawpdfesp/Build/Products/Debug-iphonesimulator/PackageFrameworks -F/Users/jaigaurav/Library/Developer/Xcode/DerivedData/Broccoli-eapieicfqwxippexlubxawpdfesp/Build/Products/Debug-iphonesimulator/PackageFrameworks -F/Users/jaigaurav/Library/Developer/Xcode/DerivedData/Broccoli-eapieicfqwxippexlubxawpdfesp/Build/Products/Debug-iphonesimulator/PackageFrameworks -F/Users/jaigaurav/Library/Developer/Xcode/DerivedData/Broccoli-eapieicfqwxippexlubxawpdfesp/Build/Products/Debug-iphonesimulator/PackageFrameworks -F/Users/jaigaurav/Library/Developer/Xcode/DerivedData/Broccoli-eapieicfqwxippexlubxawpdfesp/Build/Products/Debug-iphonesimulator/PackageFrameworks -F/Users/jaigaurav/Library/Developer/Xcode/DerivedData/Broccoli-eapieicfqwxippexlubxawpdfesp/Build/Products/Debug-iphonesimulator/PackageFrameworks -F/Users/jaigaurav/Library/Developer/Xcode/DerivedData/Broccoli-eapieicfqwxippexlubxawpdfesp/Build/Products/Debug-iphonesimulator/PackageFrameworks -F/Users/jaigaurav/Library/Developer/Xcode/DerivedData/Broccoli-eapieicfqwxippexlubxawpdfesp/Build/Products/Debug-iphonesimulator/PackageFrameworks -F/Users/jaigaurav/Library/Developer/Xcode/DerivedData/Broccoli-eapieicfqwxippexlubxawpdfesp/Build/Products/Debug-iphonesimulator/PackageFrameworks -F/Users/jaigaurav/Library/Developer/Xcode/DerivedData/Broccoli-eapieicfqwxippexlubxawpdfesp/Build/Products/Debug-iphonesimulator/PackageFrameworks -F/Users/jaigaurav/Library/Developer/Xcode/DerivedData/Broccoli-eapieicfqwxippexlubxawpdfesp/Build/Products/Debug-iphonesimulator/PackageFrameworks -F/Users/jaigaurav/Library/Developer/Xcode/DerivedData/Broccoli-eapieicfqwxippexlubxawpdfesp/Build/Products/Debug-iphonesimulator/PackageFrameworks -F/Users/jaigaurav/Library/Developer/Xcode/DerivedData/Broccoli-eapieicfqwxippexlubxawpdfesp/Build/Products/Debug-iphonesimulator/PackageFrameworks -F/Users/jaigaurav/Library/Developer/Xcode/DerivedData/Broccoli-eapieicfqwxippexlubxawpdfesp/Build/Products/Debug-iphonesimulator/PackageFrameworks -F/Users/jaigaurav/Library/Developer/Xcode/DerivedData/Broccoli-eapieicfqwxippexlubxawpdfesp/Build/Products/Debug-iphonesimulator/PackageFrameworks -F/Users/jaigaurav/Library/Developer/Xcode/DerivedData/Broccoli-eapieicfqwxippexlubxawpdfesp/Build/Products/Debug-iphonesimulator/PackageFrameworks -F/Users/jaigaurav/Library/Developer/Xcode/DerivedData/Broccoli-eapieicfqwxippexlubxawpdfesp/Build/Products/Debug-iphonesimulator/PackageFrameworks -F/Users/jaigaurav/Library/Developer/Xcode/DerivedData/Broccoli-eapieicfqwxippexlubxawpdfesp/Build/Products/Debug-iphonesimulator/PackageFrameworks -F/Users/jaigaurav/Library/Developer/Xcode/DerivedData/Broccoli-eapieicfqwxippexlubxawpdfesp/Build/Products/Debug-iphonesimulator/PackageFrameworks -F/Users/jaigaurav/Library/Developer/Xcode/DerivedData/Broccoli-eapieicfqwxippexlubxawpdfesp/Build/Products/Debug-iphonesimulator/PackageFrameworks -F/Users/jaigaurav/Library/Developer/Xcode/DerivedData/Broccoli-eapieicfqwxippexlubxawpdfesp/Build/Products/Debug-iphonesimulator/PackageFrameworks -F/Users/jaigaurav/Library/Developer/Xcode/DerivedData/Broccoli-eapieicfqwxippexlubxawpdfesp/Build/Products/Debug-iphonesimulator/PackageFrameworks -F/Users/jaigaurav/Library/Developer/Xcode/DerivedData/Broccoli-eapieicfqwxippexlubxawpdfesp/Build/Products/Debug-iphonesimulator/PackageFrameworks -F/Users/jaigaurav/Library/Developer/Xcode/DerivedData/Broccoli-eapieicfqwxippexlubxawpdfesp/Build/Products/Debug-iphonesimulator/PackageFrameworks -F/Users/jaigaurav/Library/Developer/Xcode/DerivedData/Broccoli-eapieicfqwxippexlubxawpdfesp/Build/Products/Debug-iphonesimulator/PackageFrameworks -F/Users/jaigaurav/Library/Developer/Xcode/DerivedData/Broccoli-eapieicfqwxippexlubxawpdfesp/Build/Products/Debug-iphonesimulator/PackageFrameworks -F/Users/jaigaurav/Library/Developer/Xcode/DerivedData/Broccoli-eapieicfqwxippexlubxawpdfesp/Build/Products/Debug-iphonesimulator/PackageFrameworks -F/Users/jaigaurav/Library/Developer/Xcode/DerivedData/Broccoli-eapieicfqwxippexlubxawpdfesp/Build/Products/Debug-iphonesimulator/PackageFrameworks -F/Users/jaigaurav/Library/Developer/Xcode/DerivedData/Broccoli-eapieicfqwxippexlubxawpdfesp/Build/Products/Debug-iphonesimulator/PackageFrameworks -F/Users/jaigaurav/Library/Developer/Xcode/DerivedData/Broccoli-eapieicfqwxippexlubxawpdfesp/Build/Products/Debug-iphonesimulator/PackageFrameworks -F/Users/jaigaurav/Library/Developer/Xcode/DerivedData/Broccoli-eapieicfqwxippexlubxawpdfesp/Build/Products/Debug-iphonesimulator/PackageFrameworks -F/Users/jaigaurav/Library/Developer/Xcode/DerivedData/Broccoli-eapieicfqwxippexlubxawpdfesp/Build/Products/Debug-iphonesimulator -install_name @rpath/Broccoli.debug.dylib -Xlinker -dead_strip -rdynamic -Xlinker -no_deduplicate -Xlinker -objc_abi_version -Xlinker 2 -Xlinker -debug_variant -Xlinker -dependency_info -Xlinker /Users/jaigaurav/Library/Developer/Xcode/DerivedData/Broccoli-eapieicfqwxippexlubxawpdfesp/Build/Intermediates.noindex/Broccoli.build/Debug-iphonesimulator/Broccoli.build/Objects-normal/x86_64/Broccoli_dependency_info.dat -Xlinker -sectcreate -Xlinker __TEXT -Xlinker __entitlements -Xlinker /Users/jaigaurav/Library/Developer/Xcode/DerivedData/Broccoli-eapieicfqwxippexlubxawpdfesp/Build/Intermediates.noindex/Broccoli.build/Debug-iphonesimulator/Broccoli.build/Broccoli.app-Simulated.xcent -Xlinker -sectcreate -Xlinker __TEXT -Xlinker __ents_der -Xlinker /Users/jaigaurav/Library/Developer/Xcode/DerivedData/Broccoli-eapieicfqwxippexlubxawpdfesp/Build/Intermediates.noindex/Broccoli.build/Debug-iphonesimulator/Broccoli.build/Broccoli.app-Simulated.xcent.der -Xlinker -no_adhoc_codesign -o /Users/jaigaurav/Library/Developer/Xcode/DerivedData/Broccoli-eapieicfqwxippexlubxawpdfesp/Build/Intermediates.noindex/Broccoli.build/Debug-iphonesimulator/Broccoli.build/Objects-normal/x86_64/Binary/__preview.dylib

CreateUniversalBinary /Users/jaigaurav/Library/Developer/Xcode/DerivedData/Broccoli-eapieicfqwxippexlubxawpdfesp/Build/Products/Debug-iphonesimulator/Broccoli.app/__preview.dylib normal arm64\ x86_64 (in target 'Broccoli' from project 'Broccoli')
    cd /Volumes/jaigaurav17-001/Projects/iOS/Broccoli
    /Applications/Xcode.app/Contents/Developer/Toolchains/XcodeDefault.xctoolchain/usr/bin/lipo -create /Users/jaigaurav/Library/Developer/Xcode/DerivedData/Broccoli-eapieicfqwxippexlubxawpdfesp/Build/Intermediates.noindex/Broccoli.build/Debug-iphonesimulator/Broccoli.build/Objects-normal/arm64/Binary/__preview.dylib /Users/jaigaurav/Library/Developer/Xcode/DerivedData/Broccoli-eapieicfqwxippexlubxawpdfesp/Build/Intermediates.noindex/Broccoli.build/Debug-iphonesimulator/Broccoli.build/Objects-normal/x86_64/Binary/__preview.dylib -output /Users/jaigaurav/Library/Developer/Xcode/DerivedData/Broccoli-eapieicfqwxippexlubxawpdfesp/Build/Products/Debug-iphonesimulator/Broccoli.app/__preview.dylib

SwiftDriver Broccoli normal x86_64 com.apple.xcode.tools.swift.compiler (in target 'Broccoli' from project 'Broccoli')
    cd /Volumes/jaigaurav17-001/Projects/iOS/Broccoli
    builtin-SwiftDriver -- /Applications/Xcode.app/Contents/Developer/Toolchains/XcodeDefault.xctoolchain/usr/bin/swiftc -module-name Broccoli -Onone @/Users/jaigaurav/Library/Developer/Xcode/DerivedData/Broccoli-eapieicfqwxippexlubxawpdfesp/Build/Intermediates.noindex/Broccoli.build/Debug-iphonesimulator/Broccoli.build/Objects-normal/x86_64/Broccoli.SwiftFileList -DDEBUG -Xcc -fmodule-map-file\=/Users/jaigaurav/Library/Developer/Xcode/DerivedData/Broccoli-eapieicfqwxippexlubxawpdfesp/Build/Intermediates.noindex/GeneratedModuleMaps-iphonesimulator/GoogleUtilities-Network.modulemap -Xcc -fmodule-map-file\=/Users/jaigaurav/Library/Developer/Xcode/DerivedData/Broccoli-eapieicfqwxippexlubxawpdfesp/Build/Intermediates.noindex/GeneratedModuleMaps-iphonesimulator/GoogleUtilities-AppDelegateSwizzler.modulemap -Xcc -fmodule-map-file\=/Users/jaigaurav/Library/Developer/Xcode/DerivedData/Broccoli-eapieicfqwxippexlubxawpdfesp/Build/Intermediates.noindex/GeneratedModuleMaps-iphonesimulator/GoogleUtilities-Reachability.modulemap -Xcc -fmodule-map-file\=/Users/jaigaurav/Library/Developer/Xcode/DerivedData/Broccoli-eapieicfqwxippexlubxawpdfesp/Build/Intermediates.noindex/GeneratedModuleMaps-iphonesimulator/FirebaseMessaging.modulemap -Xcc -fmodule-map-file\=/Users/jaigaurav/Library/Developer/Xcode/DerivedData/Broccoli-eapieicfqwxippexlubxawpdfesp/Build/Intermediates.noindex/GeneratedModuleMaps-iphonesimulator/AppAuth.modulemap -Xcc -fmodule-map-file\=/Users/jaigaurav/Library/Developer/Xcode/DerivedData/Broccoli-eapieicfqwxippexlubxawpdfesp/Build/Intermediates.noindex/GeneratedModuleMaps-iphonesimulator/AppAuthCore.modulemap -Xcc -fmodule-map-file\=/Users/jaigaurav/Library/Developer/Xcode/DerivedData/Broccoli-eapieicfqwxippexlubxawpdfesp/Build/Intermediates.noindex/GeneratedModuleMaps-iphonesimulator/AppCheckCore.modulemap -Xcc -fmodule-map-file\=/Users/jaigaurav/Library/Developer/Xcode/DerivedData/Broccoli-eapieicfqwxippexlubxawpdfesp/Build/Intermediates.noindex/GeneratedModuleMaps-iphonesimulator/GTMSessionFetcherCore.modulemap -Xcc -fmodule-map-file\=/Users/jaigaurav/Library/Developer/Xcode/DerivedData/Broccoli-eapieicfqwxippexlubxawpdfesp/Build/Intermediates.noindex/GeneratedModuleMaps-iphonesimulator/GoogleSignIn.modulemap -Xcc -fmodule-map-file\=/Users/jaigaurav/Library/Developer/Xcode/DerivedData/Broccoli-eapieicfqwxippexlubxawpdfesp/Build/Intermediates.noindex/GeneratedModuleMaps-iphonesimulator/Stripe3DS2.modulemap -Xcc -fmodule-map-file\=/Users/jaigaurav/Library/Developer/Xcode/DerivedData/Broccoli-eapieicfqwxippexlubxawpdfesp/Build/Intermediates.noindex/GeneratedModuleMaps-iphonesimulator/GoogleUtilities-NSData.modulemap -Xcc -fmodule-map-file\=/Users/jaigaurav/Library/Developer/Xcode/DerivedData/Broccoli-eapieicfqwxippexlubxawpdfesp/Build/Intermediates.noindex/GeneratedModuleMaps-iphonesimulator/GoogleUtilities-Logger.modulemap -Xcc -fmodule-map-file\=/Users/jaigaurav/Library/Developer/Xcode/DerivedData/Broccoli-eapieicfqwxippexlubxawpdfesp/Build/Intermediates.noindex/GeneratedModuleMaps-iphonesimulator/GoogleUtilities-Environment.modulemap -Xcc -fmodule-map-file\=/Users/jaigaurav/Library/Developer/Xcode/DerivedData/Broccoli-eapieicfqwxippexlubxawpdfesp/Build/Intermediates.noindex/GeneratedModuleMaps-iphonesimulator/third-party-IsAppEncrypted.modulemap -Xcc -fmodule-map-file\=/Users/jaigaurav/Library/Developer/Xcode/DerivedData/Broccoli-eapieicfqwxippexlubxawpdfesp/Build/Intermediates.noindex/GeneratedModuleMaps-iphonesimulator/GoogleUtilities-UserDefaults.modulemap -Xcc -fmodule-map-file\=/Users/jaigaurav/Library/Developer/Xcode/DerivedData/Broccoli-eapieicfqwxippexlubxawpdfesp/Build/Intermediates.noindex/GeneratedModuleMaps-iphonesimulator/nanopb.modulemap -Xcc -fmodule-map-file\=/Users/jaigaurav/Library/Developer/Xcode/DerivedData/Broccoli-eapieicfqwxippexlubxawpdfesp/Build/Intermediates.noindex/GeneratedModuleMaps-iphonesimulator/GoogleDataTransport.modulemap -Xcc -fmodule-map-file\=/Users/jaigaurav/Library/Developer/Xcode/DerivedData/Broccoli-eapieicfqwxippexlubxawpdfesp/Build/Intermediates.noindex/GeneratedModuleMaps-iphonesimulator/FirebaseSessionsObjC.modulemap -Xcc -fmodule-map-file\=/Users/jaigaurav/Library/Developer/Xcode/DerivedData/Broccoli-eapieicfqwxippexlubxawpdfesp/Build/Intermediates.noindex/GeneratedModuleMaps-iphonesimulator/FirebaseCoreExtension.modulemap -Xcc -fmodule-map-file\=/Users/jaigaurav/Library/Developer/Xcode/DerivedData/Broccoli-eapieicfqwxippexlubxawpdfesp/Build/Intermediates.noindex/GeneratedModuleMaps-iphonesimulator/FirebaseInstallations.modulemap -Xcc -fmodule-map-file\=/Users/jaigaurav/Library/Developer/Xcode/DerivedData/Broccoli-eapieicfqwxippexlubxawpdfesp/Build/Intermediates.noindex/GeneratedModuleMaps-iphonesimulator/FirebaseCore.modulemap -Xcc -fmodule-map-file\=/Users/jaigaurav/Library/Developer/Xcode/DerivedData/Broccoli-eapieicfqwxippexlubxawpdfesp/Build/Intermediates.noindex/GeneratedModuleMaps-iphonesimulator/FirebaseCrashlytics.modulemap -default-isolation\=MainActor -enable-bare-slash-regex -enable-upcoming-feature DisableOutwardActorInference -enable-upcoming-feature InferSendableFromCaptures -enable-upcoming-feature GlobalActorIsolatedTypesUsability -enable-upcoming-feature MemberImportVisibility -enable-upcoming-feature InferIsolatedConformances -enable-upcoming-feature NonisolatedNonsendingByDefault -enable-experimental-feature DebugDescriptionMacro -sdk /Applications/Xcode.app/Contents/Developer/Platforms/iPhoneSimulator.platform/Developer/SDKs/iPhoneSimulator26.5.sdk -target x86_64-apple-ios17.6-simulator -g -module-cache-path /Users/jaigaurav/Library/Developer/Xcode/DerivedData/ModuleCache.noindex -Xfrontend -serialize-debugging-options -profile-coverage-mapping -profile-generate -enable-testing -index-store-path /Users/jaigaurav/Library/Developer/Xcode/DerivedData/Broccoli-eapieicfqwxippexlubxawpdfesp/Index.noindex/DataStore -Xcc -D_LIBCPP_HARDENING_MODE\=_LIBCPP_HARDENING_MODE_DEBUG -swift-version 5 -I /Users/jaigaurav/Library/Developer/Xcode/DerivedData/Broccoli-eapieicfqwxippexlubxawpdfesp/Build/Products/Debug-iphonesimulator -F /Users/jaigaurav/Library/Developer/Xcode/DerivedData/Broccoli-eapieicfqwxippexlubxawpdfesp/Build/Products/Debug-iphonesimulator/PackageFrameworks -F /Users/jaigaurav/Library/Developer/Xcode/DerivedData/Broccoli-eapieicfqwxippexlubxawpdfesp/Build/Products/Debug-iphonesimulator/PackageFrameworks -F /Users/jaigaurav/Library/Developer/Xcode/DerivedData/Broccoli-eapieicfqwxippexlubxawpdfesp/Build/Products/Debug-iphonesimulator/PackageFrameworks -F /Users/jaigaurav/Library/Developer/Xcode/DerivedData/Broccoli-eapieicfqwxippexlubxawpdfesp/Build/Products/Debug-iphonesimulator/PackageFrameworks -F /Users/jaigaurav/Library/Developer/Xcode/DerivedData/Broccoli-eapieicfqwxippexlubxawpdfesp/Build/Products/Debug-iphonesimulator/PackageFrameworks -F /Users/jaigaurav/Library/Developer/Xcode/DerivedData/Broccoli-eapieicfqwxippexlubxawpdfesp/Build/Products/Debug-iphonesimulator/PackageFrameworks -F /Users/jaigaurav/Library/Developer/Xcode/DerivedData/Broccoli-eapieicfqwxippexlubxawpdfesp/Build/Products/Debug-iphonesimulator/PackageFrameworks -F /Users/jaigaurav/Library/Developer/Xcode/DerivedData/Broccoli-eapieicfqwxippexlubxawpdfesp/Build/Products/Debug-iphonesimulator/PackageFrameworks -F /Users/jaigaurav/Library/Developer/Xcode/DerivedData/Broccoli-eapieicfqwxippexlubxawpdfesp/Build/Products/Debug-iphonesimulator/PackageFrameworks -F /Users/jaigaurav/Library/Developer/Xcode/DerivedData/Broccoli-eapieicfqwxippexlubxawpdfesp/Build/Products/Debug-iphonesimulator/PackageFrameworks -F /Users/jaigaurav/Library/Developer/Xcode/DerivedData/Broccoli-eapieicfqwxippexlubxawpdfesp/Build/Products/Debug-iphonesimulator/PackageFrameworks -F /Users/jaigaurav/Library/Developer/Xcode/DerivedData/Broccoli-eapieicfqwxippexlubxawpdfesp/Build/Products/Debug-iphonesimulator/PackageFrameworks -F /Users/jaigaurav/Library/Developer/Xcode/DerivedData/Broccoli-eapieicfqwxippexlubxawpdfesp/Build/Products/Debug-iphonesimulator/PackageFrameworks -F /Users/jaigaurav/Library/Developer/Xcode/DerivedData/Broccoli-eapieicfqwxippexlubxawpdfesp/Build/Products/Debug-iphonesimulator/PackageFrameworks -F /Users/jaigaurav/Library/Developer/Xcode/DerivedData/Broccoli-eapieicfqwxippexlubxawpdfesp/Build/Products/Debug-iphonesimulator/PackageFrameworks -F /Users/jaigaurav/Library/Developer/Xcode/DerivedData/Broccoli-eapieicfqwxippexlubxawpdfesp/Build/Products/Debug-iphonesimulator/PackageFrameworks -F /Users/jaigaurav/Library/Developer/Xcode/DerivedData/Broccoli-eapieicfqwxippexlubxawpdfesp/Build/Products/Debug-iphonesimulator/PackageFrameworks -F /Users/jaigaurav/Library/Developer/Xcode/DerivedData/Broccoli-eapieicfqwxippexlubxawpdfesp/Build/Products/Debug-iphonesimulator/PackageFrameworks -F /Users/jaigaurav/Library/Developer/Xcode/DerivedData/Broccoli-eapieicfqwxippexlubxawpdfesp/Build/Products/Debug-iphonesimulator/PackageFrameworks -F /Users/jaigaurav/Library/Developer/Xcode/DerivedData/Broccoli-eapieicfqwxippexlubxawpdfesp/Build/Products/Debug-iphonesimulator/PackageFrameworks -F /Users/jaigaurav/Library/Developer/Xcode/DerivedData/Broccoli-eapieicfqwxippexlubxawpdfesp/Build/Products/Debug-iphonesimulator/PackageFrameworks -F /Users/jaigaurav/Library/Developer/Xcode/DerivedData/Broccoli-eapieicfqwxippexlubxawpdfesp/Build/Products/Debug-iphonesimulator/PackageFrameworks -F /Users/jaigaurav/Library/Developer/Xcode/DerivedData/Broccoli-eapieicfqwxippexlubxawpdfesp/Build/Products/Debug-iphonesimulator/PackageFrameworks -F /Users/jaigaurav/Library/Developer/Xcode/DerivedData/Broccoli-eapieicfqwxippexlubxawpdfesp/Build/Products/Debug-iphonesimulator/PackageFrameworks -F /Users/jaigaurav/Library/Developer/Xcode/DerivedData/Broccoli-eapieicfqwxippexlubxawpdfesp/Build/Products/Debug-iphonesimulator/PackageFrameworks -F /Users/jaigaurav/Library/Developer/Xcode/DerivedData/Broccoli-eapieicfqwxippexlubxawpdfesp/Build/Products/Debug-iphonesimulator/PackageFrameworks -F /Users/jaigaurav/Library/Developer/Xcode/DerivedData/Broccoli-eapieicfqwxippexlubxawpdfesp/Build/Products/Debug-iphonesimulator/PackageFrameworks -F /Users/jaigaurav/Library/Developer/Xcode/DerivedData/Broccoli-eapieicfqwxippexlubxawpdfesp/Build/Products/Debug-iphonesimulator/PackageFrameworks -F /Users/jaigaurav/Library/Developer/Xcode/DerivedData/Broccoli-eapieicfqwxippexlubxawpdfesp/Build/Products/Debug-iphonesimulator/PackageFrameworks -F /Users/jaigaurav/Library/Developer/Xcode/DerivedData/Broccoli-eapieicfqwxippexlubxawpdfesp/Build/Products/Debug-iphonesimulator/PackageFrameworks -F /Users/jaigaurav/Library/Developer/Xcode/DerivedData/Broccoli-eapieicfqwxippexlubxawpdfesp/Build/Products/Debug-iphonesimulator/PackageFrameworks -F /Users/jaigaurav/Library/Developer/Xcode/DerivedData/Broccoli-eapieicfqwxippexlubxawpdfesp/Build/Products/Debug-iphonesimulator/PackageFrameworks -F /Users/jaigaurav/Library/Developer/Xcode/DerivedData/Broccoli-eapieicfqwxippexlubxawpdfesp/Build/Products/Debug-iphonesimulator/PackageFrameworks -F /Users/jaigaurav/Library/Developer/Xcode/DerivedData/Broccoli-eapieicfqwxippexlubxawpdfesp/Build/Products/Debug-iphonesimulator/PackageFrameworks -F /Users/jaigaurav/Library/Developer/Xcode/DerivedData/Broccoli-eapieicfqwxippexlubxawpdfesp/Build/Products/Debug-iphonesimulator/PackageFrameworks -F /Users/jaigaurav/Library/Developer/Xcode/DerivedData/Broccoli-eapieicfqwxippexlubxawpdfesp/Build/Products/Debug-iphonesimulator/PackageFrameworks -F /Users/jaigaurav/Library/Developer/Xcode/DerivedData/Broccoli-eapieicfqwxippexlubxawpdfesp/Build/Products/Debug-iphonesimulator/PackageFrameworks -F /Users/jaigaurav/Library/Developer/Xcode/DerivedData/Broccoli-eapieicfqwxippexlubxawpdfesp/Build/Products/Debug-iphonesimulator/PackageFrameworks -F /Users/jaigaurav/Library/Developer/Xcode/DerivedData/Broccoli-eapieicfqwxippexlubxawpdfesp/Build/Products/Debug-iphonesimulator/PackageFrameworks -F /Users/jaigaurav/Library/Developer/Xcode/DerivedData/Broccoli-eapieicfqwxippexlubxawpdfesp/Build/Products/Debug-iphonesimulator/PackageFrameworks -F /Users/jaigaurav/Library/Developer/Xcode/DerivedData/Broccoli-eapieicfqwxippexlubxawpdfesp/Build/Products/Debug-iphonesimulator/PackageFrameworks -F /Users/jaigaurav/Library/Developer/Xcode/DerivedData/Broccoli-eapieicfqwxippexlubxawpdfesp/Build/Products/Debug-iphonesimulator/PackageFrameworks -F /Users/jaigaurav/Library/Developer/Xcode/DerivedData/Broccoli-eapieicfqwxippexlubxawpdfesp/Build/Products/Debug-iphonesimulator/PackageFrameworks -F /Users/jaigaurav/Library/Developer/Xcode/DerivedData/Broccoli-eapieicfqwxippexlubxawpdfesp/Build/Products/Debug-iphonesimulator/PackageFrameworks -F /Users/jaigaurav/Library/Developer/Xcode/DerivedData/Broccoli-eapieicfqwxippexlubxawpdfesp/Build/Products/Debug-iphonesimulator/PackageFrameworks -F /Users/jaigaurav/Library/Developer/Xcode/DerivedData/Broccoli-eapieicfqwxippexlubxawpdfesp/Build/Products/Debug-iphonesimulator -emit-localized-strings -emit-localized-strings-path /Users/jaigaurav/Library/Developer/Xcode/DerivedData/Broccoli-eapieicfqwxippexlubxawpdfesp/Build/Intermediates.noindex/Broccoli.build/Debug-iphonesimulator/Broccoli.build/Objects-normal/x86_64 -c -j8 -enable-batch-mode -incremental -Xcc -ivfsstatcache -Xcc /Users/jaigaurav/Library/Developer/Xcode/DerivedData/SDKStatCaches.noindex/iphonesimulator26.5-23F81a-6cfe768891a92b912361537c460fe42b.sdkstatcache -output-file-map /Users/jaigaurav/Library/Developer/Xcode/DerivedData/Broccoli-eapieicfqwxippexlubxawpdfesp/Build/Intermediates.noindex/Broccoli.build/Debug-iphonesimulator/Broccoli.build/Objects-normal/x86_64/Broccoli-OutputFileMap.json -use-frontend-parseable-output -save-temps -no-color-diagnostics -explicit-module-build -module-cache-path /Users/jaigaurav/Library/Developer/Xcode/DerivedData/Broccoli-eapieicfqwxippexlubxawpdfesp/Build/Intermediates.noindex/SwiftExplicitPrecompiledModules -clang-scanner-module-cache-path /Users/jaigaurav/Library/Developer/Xcode/DerivedData/ModuleCache.noindex -sdk-module-cache-path /Users/jaigaurav/Library/Developer/Xcode/DerivedData/ModuleCache.noindex -serialize-diagnostics -emit-dependencies -emit-module -emit-module-path /Users/jaigaurav/Library/Developer/Xcode/DerivedData/Broccoli-eapieicfqwxippexlubxawpdfesp/Build/Intermediates.noindex/Broccoli.build/Debug-iphonesimulator/Broccoli.build/Objects-normal/x86_64/Broccoli.swiftmodule -validate-clang-modules-once -clang-build-session-file /Users/jaigaurav/Library/Developer/Xcode/DerivedData/ModuleCache.noindex/Session.modulevalidation -Xcc -I/Users/jaigaurav/Library/Developer/Xcode/DerivedData/Broccoli-eapieicfqwxippexlubxawpdfesp/Build/Intermediates.noindex/Broccoli.build/Debug-iphonesimulator/Broccoli.build/swift-overrides.hmap -emit-const-values -Xfrontend -const-gather-protocols-file -Xfrontend /Users/jaigaurav/Library/Developer/Xcode/DerivedData/Broccoli-eapieicfqwxippexlubxawpdfesp/Build/Intermediates.noindex/Broccoli.build/Debug-iphonesimulator/Broccoli.build/Objects-normal/x86_64/Broccoli_const_extract_protocols.json -Xcc -iquote -Xcc /Users/jaigaurav/Library/Developer/Xcode/DerivedData/Broccoli-eapieicfqwxippexlubxawpdfesp/Build/Intermediates.noindex/Broccoli.build/Debug-iphonesimulator/Broccoli.build/Broccoli-generated-files.hmap -Xcc -I/Users/jaigaurav/Library/Developer/Xcode/DerivedData/Broccoli-eapieicfqwxippexlubxawpdfesp/Build/Intermediates.noindex/Broccoli.build/Debug-iphonesimulator/Broccoli.build/Broccoli-own-target-headers.hmap -Xcc -I/Users/jaigaurav/Library/Developer/Xcode/DerivedData/Broccoli-eapieicfqwxippexlubxawpdfesp/Build/Intermediates.noindex/Broccoli.build/Debug-iphonesimulator/Broccoli.build/Broccoli-all-non-framework-target-headers.hmap -Xcc -ivfsoverlay -Xcc /Users/jaigaurav/Library/Developer/Xcode/DerivedData/Broccoli-eapieicfqwxippexlubxawpdfesp/Build/Intermediates.noindex/Broccoli.build/Debug-iphonesimulator/Broccoli-b570dedc7e9dc92657e4abeab955b46f-VFS-iphonesimulator/all-product-headers.yaml -Xcc -iquote -Xcc /Users/jaigaurav/Library/Developer/Xcode/DerivedData/Broccoli-eapieicfqwxippexlubxawpdfesp/Build/Intermediates.noindex/Broccoli.build/Debug-iphonesimulator/Broccoli.build/Broccoli-project-headers.hmap -Xcc -I/Users/jaigaurav/Library/Developer/Xcode/DerivedData/Broccoli-eapieicfqwxippexlubxawpdfesp/SourcePackages/checkouts/GoogleUtilities/GoogleUtilities/Network/Public -Xcc -I/Users/jaigaurav/Library/Developer/Xcode/DerivedData/Broccoli-eapieicfqwxippexlubxawpdfesp/SourcePackages/checkouts/GoogleUtilities/GoogleUtilities/AppDelegateSwizzler/Public -Xcc -I/Users/jaigaurav/Library/Developer/Xcode/DerivedData/Broccoli-eapieicfqwxippexlubxawpdfesp/SourcePackages/checkouts/GoogleUtilities/GoogleUtilities/Reachability/Public -Xcc -I/Users/jaigaurav/Library/Developer/Xcode/DerivedData/Broccoli-eapieicfqwxippexlubxawpdfesp/SourcePackages/checkouts/firebase-ios-sdk/FirebaseMessaging/Sources/Public -Xcc -I/Users/jaigaurav/Library/Developer/Xcode/DerivedData/Broccoli-eapieicfqwxippexlubxawpdfesp/SourcePackages/checkouts/AppAuth-iOS/Sources/AppAuth -Xcc -I/Users/jaigaurav/Library/Developer/Xcode/DerivedData/Broccoli-eapieicfqwxippexlubxawpdfesp/SourcePackages/checkouts/AppAuth-iOS/Sources/AppAuthCore -Xcc -I/Users/jaigaurav/Library/Developer/Xcode/DerivedData/Broccoli-eapieicfqwxippexlubxawpdfesp/SourcePackages/checkouts/app-check/AppCheckCore/Sources/Public -Xcc -I/Users/jaigaurav/Library/Developer/Xcode/DerivedData/Broccoli-eapieicfqwxippexlubxawpdfesp/SourcePackages/checkouts/gtm-session-fetcher/Sources/Core/Public -Xcc -I/Users/jaigaurav/Library/Developer/Xcode/DerivedData/Broccoli-eapieicfqwxippexlubxawpdfesp/SourcePackages/checkouts/GoogleSignIn-iOS/GoogleSignIn/Sources/Public -Xcc -I/Users/jaigaurav/Library/Developer/Xcode/DerivedData/Broccoli-eapieicfqwxippexlubxawpdfesp/SourcePackages/checkouts/stripe-ios-spm/Stripe3DS2/Stripe3DS2/include -Xcc -I/Users/jaigaurav/Library/Developer/Xcode/DerivedData/Broccoli-eapieicfqwxippexlubxawpdfesp/SourcePackages/checkouts/GoogleUtilities/GoogleUtilities/NSData+zlib/Public -Xcc -I/Users/jaigaurav/Library/Developer/Xcode/DerivedData/Broccoli-eapieicfqwxippexlubxawpdfesp/SourcePackages/checkouts/GoogleUtilities/GoogleUtilities/Logger/Public -Xcc -I/Users/jaigaurav/Library/Developer/Xcode/DerivedData/Broccoli-eapieicfqwxippexlubxawpdfesp/SourcePackages/checkouts/GoogleUtilities/GoogleUtilities/Environment/Public -Xcc -I/Users/jaigaurav/Library/Developer/Xcode/DerivedData/Broccoli-eapieicfqwxippexlubxawpdfesp/SourcePackages/checkouts/GoogleUtilities/third_party/IsAppEncrypted/Public -Xcc -I/Users/jaigaurav/Library/Developer/Xcode/DerivedData/Broccoli-eapieicfqwxippexlubxawpdfesp/SourcePackages/checkouts/GoogleUtilities/GoogleUtilities/UserDefaults/Public -Xcc -I/Users/jaigaurav/Library/Developer/Xcode/DerivedData/Broccoli-eapieicfqwxippexlubxawpdfesp/SourcePackages/checkouts/nanopb/spm_headers -Xcc -I/Users/jaigaurav/Library/Developer/Xcode/DerivedData/Broccoli-eapieicfqwxippexlubxawpdfesp/SourcePackages/checkouts/promises/Sources/FBLPromises/include -Xcc -I/Users/jaigaurav/Library/Developer/Xcode/DerivedData/Broccoli-eapieicfqwxippexlubxawpdfesp/SourcePackages/checkouts/GoogleDataTransport/GoogleDataTransport/GDTCORLibrary/Public -Xcc -I/Users/jaigaurav/Library/Developer/Xcode/DerivedData/Broccoli-eapieicfqwxippexlubxawpdfesp/SourcePackages/checkouts/firebase-ios-sdk/FirebaseSessions/SourcesObjC -Xcc -I/Users/jaigaurav/Library/Developer/Xcode/DerivedData/Broccoli-eapieicfqwxippexlubxawpdfesp/SourcePackages/checkouts/firebase-ios-sdk/FirebaseCore/Extension -Xcc -I/Users/jaigaurav/Library/Developer/Xcode/DerivedData/Broccoli-eapieicfqwxippexlubxawpdfesp/SourcePackages/checkouts/firebase-ios-sdk/FirebaseInstallations/Source/Library/Public -Xcc -I/Users/jaigaurav/Library/Developer/Xcode/DerivedData/Broccoli-eapieicfqwxippexlubxawpdfesp/SourcePackages/checkouts/firebase-ios-sdk/FirebaseCore/Sources/Public -Xcc -I/Users/jaigaurav/Library/Developer/Xcode/DerivedData/Broccoli-eapieicfqwxippexlubxawpdfesp/SourcePackages/checkouts/firebase-ios-sdk/CoreOnly/Sources -Xcc -I/Users/jaigaurav/Library/Developer/Xcode/DerivedData/Broccoli-eapieicfqwxippexlubxawpdfesp/SourcePackages/checkouts/firebase-ios-sdk/Crashlytics/Crashlytics/Public -Xcc -I/Users/jaigaurav/Library/Developer/Xcode/DerivedData/Broccoli-eapieicfqwxippexlubxawpdfesp/Build/Products/Debug-iphonesimulator/include -Xcc -I/Users/jaigaurav/Library/Developer/Xcode/DerivedData/Broccoli-eapieicfqwxippexlubxawpdfesp/Build/Intermediates.noindex/Broccoli.build/Debug-iphonesimulator/Broccoli.build/DerivedSources-normal/x86_64 -Xcc -I/Users/jaigaurav/Library/Developer/Xcode/DerivedData/Broccoli-eapieicfqwxippexlubxawpdfesp/Build/Intermediates.noindex/Broccoli.build/Debug-iphonesimulator/Broccoli.build/DerivedSources/x86_64 -Xcc -I/Users/jaigaurav/Library/Developer/Xcode/DerivedData/Broccoli-eapieicfqwxippexlubxawpdfesp/Build/Intermediates.noindex/Broccoli.build/Debug-iphonesimulator/Broccoli.build/DerivedSources -Xcc -DDEBUG\=1 -emit-objc-header -emit-objc-header-path /Users/jaigaurav/Library/Developer/Xcode/DerivedData/Broccoli-eapieicfqwxippexlubxawpdfesp/Build/Intermediates.noindex/Broccoli.build/Debug-iphonesimulator/Broccoli.build/Objects-normal/x86_64/Broccoli-Swift.h -working-directory /Volumes/jaigaurav17-001/Projects/iOS/Broccoli -experimental-emit-module-separately -disable-cmo
/Users/jaigaurav/Library/Developer/Xcode/DerivedData/Broccoli-eapieicfqwxippexlubxawpdfesp/Build/Intermediates.noindex/Broccoli.build/Debug-iphonesimulator/Broccoli.build/DerivedSources/GeneratedAssetSymbols.swift:739:14: warning: The "Primary" color asset name resolves to a conflicting Color symbol "primary". Try renaming the asset.
    #warning("The \"Primary\" color asset name resolves to a conflicting Color symbol \"primary\". Try renaming the asset.")
             ^~~~~~~~~~~~~~~~~~~~~~~~~~~~~~~~~~~~~~~~~~~~~~~~~~~~~~~~~~~~~~~~~~~~~~~~~~~~~~~~~~~~~~~~~~~~~~~~~~~~~~~~~~~~~~
/Users/jaigaurav/Library/Developer/Xcode/DerivedData/Broccoli-eapieicfqwxippexlubxawpdfesp/Build/Intermediates.noindex/Broccoli.build/Debug-iphonesimulator/Broccoli.build/DerivedSources/GeneratedAssetSymbols.swift:747:14: warning: The "Secondary" color asset name resolves to a conflicting Color symbol "secondary". Try renaming the asset.
    #warning("The \"Secondary\" color asset name resolves to a conflicting Color symbol \"secondary\". Try renaming the asset.")
             ^~~~~~~~~~~~~~~~~~~~~~~~~~~~~~~~~~~~~~~~~~~~~~~~~~~~~~~~~~~~~~~~~~~~~~~~~~~~~~~~~~~~~~~~~~~~~~~~~~~~~~~~~~~~~~~~~~
/Users/jaigaurav/Library/Developer/Xcode/DerivedData/Broccoli-eapieicfqwxippexlubxawpdfesp/Build/Intermediates.noindex/Broccoli.build/Debug-iphonesimulator/Broccoli.build/DerivedSources/GeneratedAssetSymbols.swift:739:14: warning: The "Primary" color asset name resolves to a conflicting Color symbol "primary". Try renaming the asset.
    #warning("The \"Primary\" color asset name resolves to a conflicting Color symbol \"primary\". Try renaming the asset.")
             ^~~~~~~~~~~~~~~~~~~~~~~~~~~~~~~~~~~~~~~~~~~~~~~~~~~~~~~~~~~~~~~~~~~~~~~~~~~~~~~~~~~~~~~~~~~~~~~~~~~~~~~~~~~~~~
/Users/jaigaurav/Library/Developer/Xcode/DerivedData/Broccoli-eapieicfqwxippexlubxawpdfesp/Build/Intermediates.noindex/Broccoli.build/Debug-iphonesimulator/Broccoli.build/DerivedSources/GeneratedAssetSymbols.swift:747:14: warning: The "Secondary" color asset name resolves to a conflicting Color symbol "secondary". Try renaming the asset.
    #warning("The \"Secondary\" color asset name resolves to a conflicting Color symbol \"secondary\". Try renaming the asset.")
             ^~~~~~~~~~~~~~~~~~~~~~~~~~~~~~~~~~~~~~~~~~~~~~~~~~~~~~~~~~~~~~~~~~~~~~~~~~~~~~~~~~~~~~~~~~~~~~~~~~~~~~~~~~~~~~~~~~
/Users/jaigaurav/Library/Developer/Xcode/DerivedData/Broccoli-eapieicfqwxippexlubxawpdfesp/Build/Intermediates.noindex/Broccoli.build/Debug-iphonesimulator/Broccoli.build/DerivedSources/GeneratedAssetSymbols.swift:739:14: warning: The "Primary" color asset name resolves to a conflicting Color symbol "primary". Try renaming the asset.
    #warning("The \"Primary\" color asset name resolves to a conflicting Color symbol \"primary\". Try renaming the asset.")
             ^~~~~~~~~~~~~~~~~~~~~~~~~~~~~~~~~~~~~~~~~~~~~~~~~~~~~~~~~~~~~~~~~~~~~~~~~~~~~~~~~~~~~~~~~~~~~~~~~~~~~~~~~~~~~~ (in target 'Broccoli' from project 'Broccoli')
/Users/jaigaurav/Library/Developer/Xcode/DerivedData/Broccoli-eapieicfqwxippexlubxawpdfesp/Build/Intermediates.noindex/Broccoli.build/Debug-iphonesimulator/Broccoli.build/DerivedSources/GeneratedAssetSymbols.swift:747:14: warning: The "Secondary" color asset name resolves to a conflicting Color symbol "secondary". Try renaming the asset.
    #warning("The \"Secondary\" color asset name resolves to a conflicting Color symbol \"secondary\". Try renaming the asset.")
             ^~~~~~~~~~~~~~~~~~~~~~~~~~~~~~~~~~~~~~~~~~~~~~~~~~~~~~~~~~~~~~~~~~~~~~~~~~~~~~~~~~~~~~~~~~~~~~~~~~~~~~~~~~~~~~~~~~ (in target 'Broccoli' from project 'Broccoli')

SwiftDriver Broccoli normal arm64 com.apple.xcode.tools.swift.compiler (in target 'Broccoli' from project 'Broccoli')
    cd /Volumes/jaigaurav17-001/Projects/iOS/Broccoli
    builtin-SwiftDriver -- /Applications/Xcode.app/Contents/Developer/Toolchains/XcodeDefault.xctoolchain/usr/bin/swiftc -module-name Broccoli -Onone @/Users/jaigaurav/Library/Developer/Xcode/DerivedData/Broccoli-eapieicfqwxippexlubxawpdfesp/Build/Intermediates.noindex/Broccoli.build/Debug-iphonesimulator/Broccoli.build/Objects-normal/arm64/Broccoli.SwiftFileList -DDEBUG -Xcc -fmodule-map-file\=/Users/jaigaurav/Library/Developer/Xcode/DerivedData/Broccoli-eapieicfqwxippexlubxawpdfesp/Build/Intermediates.noindex/GeneratedModuleMaps-iphonesimulator/GoogleUtilities-Network.modulemap -Xcc -fmodule-map-file\=/Users/jaigaurav/Library/Developer/Xcode/DerivedData/Broccoli-eapieicfqwxippexlubxawpdfesp/Build/Intermediates.noindex/GeneratedModuleMaps-iphonesimulator/GoogleUtilities-AppDelegateSwizzler.modulemap -Xcc -fmodule-map-file\=/Users/jaigaurav/Library/Developer/Xcode/DerivedData/Broccoli-eapieicfqwxippexlubxawpdfesp/Build/Intermediates.noindex/GeneratedModuleMaps-iphonesimulator/GoogleUtilities-Reachability.modulemap -Xcc -fmodule-map-file\=/Users/jaigaurav/Library/Developer/Xcode/DerivedData/Broccoli-eapieicfqwxippexlubxawpdfesp/Build/Intermediates.noindex/GeneratedModuleMaps-iphonesimulator/FirebaseMessaging.modulemap -Xcc -fmodule-map-file\=/Users/jaigaurav/Library/Developer/Xcode/DerivedData/Broccoli-eapieicfqwxippexlubxawpdfesp/Build/Intermediates.noindex/GeneratedModuleMaps-iphonesimulator/AppAuth.modulemap -Xcc -fmodule-map-file\=/Users/jaigaurav/Library/Developer/Xcode/DerivedData/Broccoli-eapieicfqwxippexlubxawpdfesp/Build/Intermediates.noindex/GeneratedModuleMaps-iphonesimulator/AppAuthCore.modulemap -Xcc -fmodule-map-file\=/Users/jaigaurav/Library/Developer/Xcode/DerivedData/Broccoli-eapieicfqwxippexlubxawpdfesp/Build/Intermediates.noindex/GeneratedModuleMaps-iphonesimulator/AppCheckCore.modulemap -Xcc -fmodule-map-file\=/Users/jaigaurav/Library/Developer/Xcode/DerivedData/Broccoli-eapieicfqwxippexlubxawpdfesp/Build/Intermediates.noindex/GeneratedModuleMaps-iphonesimulator/GTMSessionFetcherCore.modulemap -Xcc -fmodule-map-file\=/Users/jaigaurav/Library/Developer/Xcode/DerivedData/Broccoli-eapieicfqwxippexlubxawpdfesp/Build/Intermediates.noindex/GeneratedModuleMaps-iphonesimulator/GoogleSignIn.modulemap -Xcc -fmodule-map-file\=/Users/jaigaurav/Library/Developer/Xcode/DerivedData/Broccoli-eapieicfqwxippexlubxawpdfesp/Build/Intermediates.noindex/GeneratedModuleMaps-iphonesimulator/Stripe3DS2.modulemap -Xcc -fmodule-map-file\=/Users/jaigaurav/Library/Developer/Xcode/DerivedData/Broccoli-eapieicfqwxippexlubxawpdfesp/Build/Intermediates.noindex/GeneratedModuleMaps-iphonesimulator/GoogleUtilities-NSData.modulemap -Xcc -fmodule-map-file\=/Users/jaigaurav/Library/Developer/Xcode/DerivedData/Broccoli-eapieicfqwxippexlubxawpdfesp/Build/Intermediates.noindex/GeneratedModuleMaps-iphonesimulator/GoogleUtilities-Logger.modulemap -Xcc -fmodule-map-file\=/Users/jaigaurav/Library/Developer/Xcode/DerivedData/Broccoli-eapieicfqwxippexlubxawpdfesp/Build/Intermediates.noindex/GeneratedModuleMaps-iphonesimulator/GoogleUtilities-Environment.modulemap -Xcc -fmodule-map-file\=/Users/jaigaurav/Library/Developer/Xcode/DerivedData/Broccoli-eapieicfqwxippexlubxawpdfesp/Build/Intermediates.noindex/GeneratedModuleMaps-iphonesimulator/third-party-IsAppEncrypted.modulemap -Xcc -fmodule-map-file\=/Users/jaigaurav/Library/Developer/Xcode/DerivedData/Broccoli-eapieicfqwxippexlubxawpdfesp/Build/Intermediates.noindex/GeneratedModuleMaps-iphonesimulator/GoogleUtilities-UserDefaults.modulemap -Xcc -fmodule-map-file\=/Users/jaigaurav/Library/Developer/Xcode/DerivedData/Broccoli-eapieicfqwxippexlubxawpdfesp/Build/Intermediates.noindex/GeneratedModuleMaps-iphonesimulator/nanopb.modulemap -Xcc -fmodule-map-file\=/Users/jaigaurav/Library/Developer/Xcode/DerivedData/Broccoli-eapieicfqwxippexlubxawpdfesp/Build/Intermediates.noindex/GeneratedModuleMaps-iphonesimulator/GoogleDataTransport.modulemap -Xcc -fmodule-map-file\=/Users/jaigaurav/Library/Developer/Xcode/DerivedData/Broccoli-eapieicfqwxippexlubxawpdfesp/Build/Intermediates.noindex/GeneratedModuleMaps-iphonesimulator/FirebaseSessionsObjC.modulemap -Xcc -fmodule-map-file\=/Users/jaigaurav/Library/Developer/Xcode/DerivedData/Broccoli-eapieicfqwxippexlubxawpdfesp/Build/Intermediates.noindex/GeneratedModuleMaps-iphonesimulator/FirebaseCoreExtension.modulemap -Xcc -fmodule-map-file\=/Users/jaigaurav/Library/Developer/Xcode/DerivedData/Broccoli-eapieicfqwxippexlubxawpdfesp/Build/Intermediates.noindex/GeneratedModuleMaps-iphonesimulator/FirebaseInstallations.modulemap -Xcc -fmodule-map-file\=/Users/jaigaurav/Library/Developer/Xcode/DerivedData/Broccoli-eapieicfqwxippexlubxawpdfesp/Build/Intermediates.noindex/GeneratedModuleMaps-iphonesimulator/FirebaseCore.modulemap -Xcc -fmodule-map-file\=/Users/jaigaurav/Library/Developer/Xcode/DerivedData/Broccoli-eapieicfqwxippexlubxawpdfesp/Build/Intermediates.noindex/GeneratedModuleMaps-iphonesimulator/FirebaseCrashlytics.modulemap -default-isolation\=MainActor -enable-bare-slash-regex -enable-upcoming-feature DisableOutwardActorInference -enable-upcoming-feature InferSendableFromCaptures -enable-upcoming-feature GlobalActorIsolatedTypesUsability -enable-upcoming-feature MemberImportVisibility -enable-upcoming-feature InferIsolatedConformances -enable-upcoming-feature NonisolatedNonsendingByDefault -enable-experimental-feature DebugDescriptionMacro -sdk /Applications/Xcode.app/Contents/Developer/Platforms/iPhoneSimulator.platform/Developer/SDKs/iPhoneSimulator26.5.sdk -target arm64-apple-ios17.6-simulator -g -module-cache-path /Users/jaigaurav/Library/Developer/Xcode/DerivedData/ModuleCache.noindex -Xfrontend -serialize-debugging-options -profile-coverage-mapping -profile-generate -enable-testing -index-store-path /Users/jaigaurav/Library/Developer/Xcode/DerivedData/Broccoli-eapieicfqwxippexlubxawpdfesp/Index.noindex/DataStore -Xcc -D_LIBCPP_HARDENING_MODE\=_LIBCPP_HARDENING_MODE_DEBUG -swift-version 5 -I /Users/jaigaurav/Library/Developer/Xcode/DerivedData/Broccoli-eapieicfqwxippexlubxawpdfesp/Build/Products/Debug-iphonesimulator -F /Users/jaigaurav/Library/Developer/Xcode/DerivedData/Broccoli-eapieicfqwxippexlubxawpdfesp/Build/Products/Debug-iphonesimulator/PackageFrameworks -F /Users/jaigaurav/Library/Developer/Xcode/DerivedData/Broccoli-eapieicfqwxippexlubxawpdfesp/Build/Products/Debug-iphonesimulator/PackageFrameworks -F /Users/jaigaurav/Library/Developer/Xcode/DerivedData/Broccoli-eapieicfqwxippexlubxawpdfesp/Build/Products/Debug-iphonesimulator/PackageFrameworks -F /Users/jaigaurav/Library/Developer/Xcode/DerivedData/Broccoli-eapieicfqwxippexlubxawpdfesp/Build/Products/Debug-iphonesimulator/PackageFrameworks -F /Users/jaigaurav/Library/Developer/Xcode/DerivedData/Broccoli-eapieicfqwxippexlubxawpdfesp/Build/Products/Debug-iphonesimulator/PackageFrameworks -F /Users/jaigaurav/Library/Developer/Xcode/DerivedData/Broccoli-eapieicfqwxippexlubxawpdfesp/Build/Products/Debug-iphonesimulator/PackageFrameworks -F /Users/jaigaurav/Library/Developer/Xcode/DerivedData/Broccoli-eapieicfqwxippexlubxawpdfesp/Build/Products/Debug-iphonesimulator/PackageFrameworks -F /Users/jaigaurav/Library/Developer/Xcode/DerivedData/Broccoli-eapieicfqwxippexlubxawpdfesp/Build/Products/Debug-iphonesimulator/PackageFrameworks -F /Users/jaigaurav/Library/Developer/Xcode/DerivedData/Broccoli-eapieicfqwxippexlubxawpdfesp/Build/Products/Debug-iphonesimulator/PackageFrameworks -F /Users/jaigaurav/Library/Developer/Xcode/DerivedData/Broccoli-eapieicfqwxippexlubxawpdfesp/Build/Products/Debug-iphonesimulator/PackageFrameworks -F /Users/jaigaurav/Library/Developer/Xcode/DerivedData/Broccoli-eapieicfqwxippexlubxawpdfesp/Build/Products/Debug-iphonesimulator/PackageFrameworks -F /Users/jaigaurav/Library/Developer/Xcode/DerivedData/Broccoli-eapieicfqwxippexlubxawpdfesp/Build/Products/Debug-iphonesimulator/PackageFrameworks -F /Users/jaigaurav/Library/Developer/Xcode/DerivedData/Broccoli-eapieicfqwxippexlubxawpdfesp/Build/Products/Debug-iphonesimulator/PackageFrameworks -F /Users/jaigaurav/Library/Developer/Xcode/DerivedData/Broccoli-eapieicfqwxippexlubxawpdfesp/Build/Products/Debug-iphonesimulator/PackageFrameworks -F /Users/jaigaurav/Library/Developer/Xcode/DerivedData/Broccoli-eapieicfqwxippexlubxawpdfesp/Build/Products/Debug-iphonesimulator/PackageFrameworks -F /Users/jaigaurav/Library/Developer/Xcode/DerivedData/Broccoli-eapieicfqwxippexlubxawpdfesp/Build/Products/Debug-iphonesimulator/PackageFrameworks -F /Users/jaigaurav/Library/Developer/Xcode/DerivedData/Broccoli-eapieicfqwxippexlubxawpdfesp/Build/Products/Debug-iphonesimulator/PackageFrameworks -F /Users/jaigaurav/Library/Developer/Xcode/DerivedData/Broccoli-eapieicfqwxippexlubxawpdfesp/Build/Products/Debug-iphonesimulator/PackageFrameworks -F /Users/jaigaurav/Library/Developer/Xcode/DerivedData/Broccoli-eapieicfqwxippexlubxawpdfesp/Build/Products/Debug-iphonesimulator/PackageFrameworks -F /Users/jaigaurav/Library/Developer/Xcode/DerivedData/Broccoli-eapieicfqwxippexlubxawpdfesp/Build/Products/Debug-iphonesimulator/PackageFrameworks -F /Users/jaigaurav/Library/Developer/Xcode/DerivedData/Broccoli-eapieicfqwxippexlubxawpdfesp/Build/Products/Debug-iphonesimulator/PackageFrameworks -F /Users/jaigaurav/Library/Developer/Xcode/DerivedData/Broccoli-eapieicfqwxippexlubxawpdfesp/Build/Products/Debug-iphonesimulator/PackageFrameworks -F /Users/jaigaurav/Library/Developer/Xcode/DerivedData/Broccoli-eapieicfqwxippexlubxawpdfesp/Build/Products/Debug-iphonesimulator/PackageFrameworks -F /Users/jaigaurav/Library/Developer/Xcode/DerivedData/Broccoli-eapieicfqwxippexlubxawpdfesp/Build/Products/Debug-iphonesimulator/PackageFrameworks -F /Users/jaigaurav/Library/Developer/Xcode/DerivedData/Broccoli-eapieicfqwxippexlubxawpdfesp/Build/Products/Debug-iphonesimulator/PackageFrameworks -F /Users/jaigaurav/Library/Developer/Xcode/DerivedData/Broccoli-eapieicfqwxippexlubxawpdfesp/Build/Products/Debug-iphonesimulator/PackageFrameworks -F /Users/jaigaurav/Library/Developer/Xcode/DerivedData/Broccoli-eapieicfqwxippexlubxawpdfesp/Build/Products/Debug-iphonesimulator/PackageFrameworks -F /Users/jaigaurav/Library/Developer/Xcode/DerivedData/Broccoli-eapieicfqwxippexlubxawpdfesp/Build/Products/Debug-iphonesimulator/PackageFrameworks -F /Users/jaigaurav/Library/Developer/Xcode/DerivedData/Broccoli-eapieicfqwxippexlubxawpdfesp/Build/Products/Debug-iphonesimulator/PackageFrameworks -F /Users/jaigaurav/Library/Developer/Xcode/DerivedData/Broccoli-eapieicfqwxippexlubxawpdfesp/Build/Products/Debug-iphonesimulator/PackageFrameworks -F /Users/jaigaurav/Library/Developer/Xcode/DerivedData/Broccoli-eapieicfqwxippexlubxawpdfesp/Build/Products/Debug-iphonesimulator/PackageFrameworks -F /Users/jaigaurav/Library/Developer/Xcode/DerivedData/Broccoli-eapieicfqwxippexlubxawpdfesp/Build/Products/Debug-iphonesimulator/PackageFrameworks -F /Users/jaigaurav/Library/Developer/Xcode/DerivedData/Broccoli-eapieicfqwxippexlubxawpdfesp/Build/Products/Debug-iphonesimulator/PackageFrameworks -F /Users/jaigaurav/Library/Developer/Xcode/DerivedData/Broccoli-eapieicfqwxippexlubxawpdfesp/Build/Products/Debug-iphonesimulator/PackageFrameworks -F /Users/jaigaurav/Library/Developer/Xcode/DerivedData/Broccoli-eapieicfqwxippexlubxawpdfesp/Build/Products/Debug-iphonesimulator/PackageFrameworks -F /Users/jaigaurav/Library/Developer/Xcode/DerivedData/Broccoli-eapieicfqwxippexlubxawpdfesp/Build/Products/Debug-iphonesimulator/PackageFrameworks -F /Users/jaigaurav/Library/Developer/Xcode/DerivedData/Broccoli-eapieicfqwxippexlubxawpdfesp/Build/Products/Debug-iphonesimulator/PackageFrameworks -F /Users/jaigaurav/Library/Developer/Xcode/DerivedData/Broccoli-eapieicfqwxippexlubxawpdfesp/Build/Products/Debug-iphonesimulator/PackageFrameworks -F /Users/jaigaurav/Library/Developer/Xcode/DerivedData/Broccoli-eapieicfqwxippexlubxawpdfesp/Build/Products/Debug-iphonesimulator/PackageFrameworks -F /Users/jaigaurav/Library/Developer/Xcode/DerivedData/Broccoli-eapieicfqwxippexlubxawpdfesp/Build/Products/Debug-iphonesimulator/PackageFrameworks -F /Users/jaigaurav/Library/Developer/Xcode/DerivedData/Broccoli-eapieicfqwxippexlubxawpdfesp/Build/Products/Debug-iphonesimulator/PackageFrameworks -F /Users/jaigaurav/Library/Developer/Xcode/DerivedData/Broccoli-eapieicfqwxippexlubxawpdfesp/Build/Products/Debug-iphonesimulator/PackageFrameworks -F /Users/jaigaurav/Library/Developer/Xcode/DerivedData/Broccoli-eapieicfqwxippexlubxawpdfesp/Build/Products/Debug-iphonesimulator/PackageFrameworks -F /Users/jaigaurav/Library/Developer/Xcode/DerivedData/Broccoli-eapieicfqwxippexlubxawpdfesp/Build/Products/Debug-iphonesimulator/PackageFrameworks -F /Users/jaigaurav/Library/Developer/Xcode/DerivedData/Broccoli-eapieicfqwxippexlubxawpdfesp/Build/Products/Debug-iphonesimulator/PackageFrameworks -F /Users/jaigaurav/Library/Developer/Xcode/DerivedData/Broccoli-eapieicfqwxippexlubxawpdfesp/Build/Products/Debug-iphonesimulator -emit-localized-strings -emit-localized-strings-path /Users/jaigaurav/Library/Developer/Xcode/DerivedData/Broccoli-eapieicfqwxippexlubxawpdfesp/Build/Intermediates.noindex/Broccoli.build/Debug-iphonesimulator/Broccoli.build/Objects-normal/arm64 -c -j8 -enable-batch-mode -incremental -Xcc -ivfsstatcache -Xcc /Users/jaigaurav/Library/Developer/Xcode/DerivedData/SDKStatCaches.noindex/iphonesimulator26.5-23F81a-6cfe768891a92b912361537c460fe42b.sdkstatcache -output-file-map /Users/jaigaurav/Library/Developer/Xcode/DerivedData/Broccoli-eapieicfqwxippexlubxawpdfesp/Build/Intermediates.noindex/Broccoli.build/Debug-iphonesimulator/Broccoli.build/Objects-normal/arm64/Broccoli-OutputFileMap.json -use-frontend-parseable-output -save-temps -no-color-diagnostics -explicit-module-build -module-cache-path /Users/jaigaurav/Library/Developer/Xcode/DerivedData/Broccoli-eapieicfqwxippexlubxawpdfesp/Build/Intermediates.noindex/SwiftExplicitPrecompiledModules -clang-scanner-module-cache-path /Users/jaigaurav/Library/Developer/Xcode/DerivedData/ModuleCache.noindex -sdk-module-cache-path /Users/jaigaurav/Library/Developer/Xcode/DerivedData/ModuleCache.noindex -serialize-diagnostics -emit-dependencies -emit-module -emit-module-path /Users/jaigaurav/Library/Developer/Xcode/DerivedData/Broccoli-eapieicfqwxippexlubxawpdfesp/Build/Intermediates.noindex/Broccoli.build/Debug-iphonesimulator/Broccoli.build/Objects-normal/arm64/Broccoli.swiftmodule -validate-clang-modules-once -clang-build-session-file /Users/jaigaurav/Library/Developer/Xcode/DerivedData/ModuleCache.noindex/Session.modulevalidation -Xcc -I/Users/jaigaurav/Library/Developer/Xcode/DerivedData/Broccoli-eapieicfqwxippexlubxawpdfesp/Build/Intermediates.noindex/Broccoli.build/Debug-iphonesimulator/Broccoli.build/swift-overrides.hmap -emit-const-values -Xfrontend -const-gather-protocols-file -Xfrontend /Users/jaigaurav/Library/Developer/Xcode/DerivedData/Broccoli-eapieicfqwxippexlubxawpdfesp/Build/Intermediates.noindex/Broccoli.build/Debug-iphonesimulator/Broccoli.build/Objects-normal/arm64/Broccoli_const_extract_protocols.json -Xcc -iquote -Xcc /Users/jaigaurav/Library/Developer/Xcode/DerivedData/Broccoli-eapieicfqwxippexlubxawpdfesp/Build/Intermediates.noindex/Broccoli.build/Debug-iphonesimulator/Broccoli.build/Broccoli-generated-files.hmap -Xcc -I/Users/jaigaurav/Library/Developer/Xcode/DerivedData/Broccoli-eapieicfqwxippexlubxawpdfesp/Build/Intermediates.noindex/Broccoli.build/Debug-iphonesimulator/Broccoli.build/Broccoli-own-target-headers.hmap -Xcc -I/Users/jaigaurav/Library/Developer/Xcode/DerivedData/Broccoli-eapieicfqwxippexlubxawpdfesp/Build/Intermediates.noindex/Broccoli.build/Debug-iphonesimulator/Broccoli.build/Broccoli-all-non-framework-target-headers.hmap -Xcc -ivfsoverlay -Xcc /Users/jaigaurav/Library/Developer/Xcode/DerivedData/Broccoli-eapieicfqwxippexlubxawpdfesp/Build/Intermediates.noindex/Broccoli.build/Debug-iphonesimulator/Broccoli-b570dedc7e9dc92657e4abeab955b46f-VFS-iphonesimulator/all-product-headers.yaml -Xcc -iquote -Xcc /Users/jaigaurav/Library/Developer/Xcode/DerivedData/Broccoli-eapieicfqwxippexlubxawpdfesp/Build/Intermediates.noindex/Broccoli.build/Debug-iphonesimulator/Broccoli.build/Broccoli-project-headers.hmap -Xcc -I/Users/jaigaurav/Library/Developer/Xcode/DerivedData/Broccoli-eapieicfqwxippexlubxawpdfesp/SourcePackages/checkouts/GoogleUtilities/GoogleUtilities/Network/Public -Xcc -I/Users/jaigaurav/Library/Developer/Xcode/DerivedData/Broccoli-eapieicfqwxippexlubxawpdfesp/SourcePackages/checkouts/GoogleUtilities/GoogleUtilities/AppDelegateSwizzler/Public -Xcc -I/Users/jaigaurav/Library/Developer/Xcode/DerivedData/Broccoli-eapieicfqwxippexlubxawpdfesp/SourcePackages/checkouts/GoogleUtilities/GoogleUtilities/Reachability/Public -Xcc -I/Users/jaigaurav/Library/Developer/Xcode/DerivedData/Broccoli-eapieicfqwxippexlubxawpdfesp/SourcePackages/checkouts/firebase-ios-sdk/FirebaseMessaging/Sources/Public -Xcc -I/Users/jaigaurav/Library/Developer/Xcode/DerivedData/Broccoli-eapieicfqwxippexlubxawpdfesp/SourcePackages/checkouts/AppAuth-iOS/Sources/AppAuth -Xcc -I/Users/jaigaurav/Library/Developer/Xcode/DerivedData/Broccoli-eapieicfqwxippexlubxawpdfesp/SourcePackages/checkouts/AppAuth-iOS/Sources/AppAuthCore -Xcc -I/Users/jaigaurav/Library/Developer/Xcode/DerivedData/Broccoli-eapieicfqwxippexlubxawpdfesp/SourcePackages/checkouts/app-check/AppCheckCore/Sources/Public -Xcc -I/Users/jaigaurav/Library/Developer/Xcode/DerivedData/Broccoli-eapieicfqwxippexlubxawpdfesp/SourcePackages/checkouts/gtm-session-fetcher/Sources/Core/Public -Xcc -I/Users/jaigaurav/Library/Developer/Xcode/DerivedData/Broccoli-eapieicfqwxippexlubxawpdfesp/SourcePackages/checkouts/GoogleSignIn-iOS/GoogleSignIn/Sources/Public -Xcc -I/Users/jaigaurav/Library/Developer/Xcode/DerivedData/Broccoli-eapieicfqwxippexlubxawpdfesp/SourcePackages/checkouts/stripe-ios-spm/Stripe3DS2/Stripe3DS2/include -Xcc -I/Users/jaigaurav/Library/Developer/Xcode/DerivedData/Broccoli-eapieicfqwxippexlubxawpdfesp/SourcePackages/checkouts/GoogleUtilities/GoogleUtilities/NSData+zlib/Public -Xcc -I/Users/jaigaurav/Library/Developer/Xcode/DerivedData/Broccoli-eapieicfqwxippexlubxawpdfesp/SourcePackages/checkouts/GoogleUtilities/GoogleUtilities/Logger/Public -Xcc -I/Users/jaigaurav/Library/Developer/Xcode/DerivedData/Broccoli-eapieicfqwxippexlubxawpdfesp/SourcePackages/checkouts/GoogleUtilities/GoogleUtilities/Environment/Public -Xcc -I/Users/jaigaurav/Library/Developer/Xcode/DerivedData/Broccoli-eapieicfqwxippexlubxawpdfesp/SourcePackages/checkouts/GoogleUtilities/third_party/IsAppEncrypted/Public -Xcc -I/Users/jaigaurav/Library/Developer/Xcode/DerivedData/Broccoli-eapieicfqwxippexlubxawpdfesp/SourcePackages/checkouts/GoogleUtilities/GoogleUtilities/UserDefaults/Public -Xcc -I/Users/jaigaurav/Library/Developer/Xcode/DerivedData/Broccoli-eapieicfqwxippexlubxawpdfesp/SourcePackages/checkouts/nanopb/spm_headers -Xcc -I/Users/jaigaurav/Library/Developer/Xcode/DerivedData/Broccoli-eapieicfqwxippexlubxawpdfesp/SourcePackages/checkouts/promises/Sources/FBLPromises/include -Xcc -I/Users/jaigaurav/Library/Developer/Xcode/DerivedData/Broccoli-eapieicfqwxippexlubxawpdfesp/SourcePackages/checkouts/GoogleDataTransport/GoogleDataTransport/GDTCORLibrary/Public -Xcc -I/Users/jaigaurav/Library/Developer/Xcode/DerivedData/Broccoli-eapieicfqwxippexlubxawpdfesp/SourcePackages/checkouts/firebase-ios-sdk/FirebaseSessions/SourcesObjC -Xcc -I/Users/jaigaurav/Library/Developer/Xcode/DerivedData/Broccoli-eapieicfqwxippexlubxawpdfesp/SourcePackages/checkouts/firebase-ios-sdk/FirebaseCore/Extension -Xcc -I/Users/jaigaurav/Library/Developer/Xcode/DerivedData/Broccoli-eapieicfqwxippexlubxawpdfesp/SourcePackages/checkouts/firebase-ios-sdk/FirebaseInstallations/Source/Library/Public -Xcc -I/Users/jaigaurav/Library/Developer/Xcode/DerivedData/Broccoli-eapieicfqwxippexlubxawpdfesp/SourcePackages/checkouts/firebase-ios-sdk/FirebaseCore/Sources/Public -Xcc -I/Users/jaigaurav/Library/Developer/Xcode/DerivedData/Broccoli-eapieicfqwxippexlubxawpdfesp/SourcePackages/checkouts/firebase-ios-sdk/CoreOnly/Sources -Xcc -I/Users/jaigaurav/Library/Developer/Xcode/DerivedData/Broccoli-eapieicfqwxippexlubxawpdfesp/SourcePackages/checkouts/firebase-ios-sdk/Crashlytics/Crashlytics/Public -Xcc -I/Users/jaigaurav/Library/Developer/Xcode/DerivedData/Broccoli-eapieicfqwxippexlubxawpdfesp/Build/Products/Debug-iphonesimulator/include -Xcc -I/Users/jaigaurav/Library/Developer/Xcode/DerivedData/Broccoli-eapieicfqwxippexlubxawpdfesp/Build/Intermediates.noindex/Broccoli.build/Debug-iphonesimulator/Broccoli.build/DerivedSources-normal/arm64 -Xcc -I/Users/jaigaurav/Library/Developer/Xcode/DerivedData/Broccoli-eapieicfqwxippexlubxawpdfesp/Build/Intermediates.noindex/Broccoli.build/Debug-iphonesimulator/Broccoli.build/DerivedSources/arm64 -Xcc -I/Users/jaigaurav/Library/Developer/Xcode/DerivedData/Broccoli-eapieicfqwxippexlubxawpdfesp/Build/Intermediates.noindex/Broccoli.build/Debug-iphonesimulator/Broccoli.build/DerivedSources -Xcc -DDEBUG\=1 -emit-objc-header -emit-objc-header-path /Users/jaigaurav/Library/Developer/Xcode/DerivedData/Broccoli-eapieicfqwxippexlubxawpdfesp/Build/Intermediates.noindex/Broccoli.build/Debug-iphonesimulator/Broccoli.build/Objects-normal/arm64/Broccoli-Swift.h -working-directory /Volumes/jaigaurav17-001/Projects/iOS/Broccoli -experimental-emit-module-separately -disable-cmo
/Users/jaigaurav/Library/Developer/Xcode/DerivedData/Broccoli-eapieicfqwxippexlubxawpdfesp/Build/Intermediates.noindex/Broccoli.build/Debug-iphonesimulator/Broccoli.build/DerivedSources/GeneratedAssetSymbols.swift:739:14: warning: The "Primary" color asset name resolves to a conflicting Color symbol "primary". Try renaming the asset.
    #warning("The \"Primary\" color asset name resolves to a conflicting Color symbol \"primary\". Try renaming the asset.")
             ^~~~~~~~~~~~~~~~~~~~~~~~~~~~~~~~~~~~~~~~~~~~~~~~~~~~~~~~~~~~~~~~~~~~~~~~~~~~~~~~~~~~~~~~~~~~~~~~~~~~~~~~~~~~~~ (in target 'Broccoli' from project 'Broccoli')
/Users/jaigaurav/Library/Developer/Xcode/DerivedData/Broccoli-eapieicfqwxippexlubxawpdfesp/Build/Intermediates.noindex/Broccoli.build/Debug-iphonesimulator/Broccoli.build/DerivedSources/GeneratedAssetSymbols.swift:747:14: warning: The "Secondary" color asset name resolves to a conflicting Color symbol "secondary". Try renaming the asset.
    #warning("The \"Secondary\" color asset name resolves to a conflicting Color symbol \"secondary\". Try renaming the asset.")
             ^~~~~~~~~~~~~~~~~~~~~~~~~~~~~~~~~~~~~~~~~~~~~~~~~~~~~~~~~~~~~~~~~~~~~~~~~~~~~~~~~~~~~~~~~~~~~~~~~~~~~~~~~~~~~~~~~~ (in target 'Broccoli' from project 'Broccoli')

Copy /Users/jaigaurav/Library/Developer/Xcode/DerivedData/Broccoli-eapieicfqwxippexlubxawpdfesp/Build/Products/Debug-iphonesimulator/Broccoli.app/Stripe_StripeUICore.bundle /Users/jaigaurav/Library/Developer/Xcode/DerivedData/Broccoli-eapieicfqwxippexlubxawpdfesp/Build/Products/Debug-iphonesimulator/Stripe_StripeUICore.bundle (in target 'Broccoli' from project 'Broccoli')
    cd /Volumes/jaigaurav17-001/Projects/iOS/Broccoli
    builtin-copy -exclude .DS_Store -exclude CVS -exclude .svn -exclude .git -exclude .hg -resolve-src-symlinks /Users/jaigaurav/Library/Developer/Xcode/DerivedData/Broccoli-eapieicfqwxippexlubxawpdfesp/Build/Products/Debug-iphonesimulator/Stripe_StripeUICore.bundle /Users/jaigaurav/Library/Developer/Xcode/DerivedData/Broccoli-eapieicfqwxippexlubxawpdfesp/Build/Products/Debug-iphonesimulator/Broccoli.app

Copy /Users/jaigaurav/Library/Developer/Xcode/DerivedData/Broccoli-eapieicfqwxippexlubxawpdfesp/Build/Products/Debug-iphonesimulator/Broccoli.app/Stripe_StripePaymentsUI.bundle /Users/jaigaurav/Library/Developer/Xcode/DerivedData/Broccoli-eapieicfqwxippexlubxawpdfesp/Build/Products/Debug-iphonesimulator/Stripe_StripePaymentsUI.bundle (in target 'Broccoli' from project 'Broccoli')
    cd /Volumes/jaigaurav17-001/Projects/iOS/Broccoli
    builtin-copy -exclude .DS_Store -exclude CVS -exclude .svn -exclude .git -exclude .hg -resolve-src-symlinks /Users/jaigaurav/Library/Developer/Xcode/DerivedData/Broccoli-eapieicfqwxippexlubxawpdfesp/Build/Products/Debug-iphonesimulator/Stripe_StripePaymentsUI.bundle /Users/jaigaurav/Library/Developer/Xcode/DerivedData/Broccoli-eapieicfqwxippexlubxawpdfesp/Build/Products/Debug-iphonesimulator/Broccoli.app

Copy /Users/jaigaurav/Library/Developer/Xcode/DerivedData/Broccoli-eapieicfqwxippexlubxawpdfesp/Build/Products/Debug-iphonesimulator/Broccoli.app/Stripe_StripePayments.bundle /Users/jaigaurav/Library/Developer/Xcode/DerivedData/Broccoli-eapieicfqwxippexlubxawpdfesp/Build/Products/Debug-iphonesimulator/Stripe_StripePayments.bundle (in target 'Broccoli' from project 'Broccoli')
    cd /Volumes/jaigaurav17-001/Projects/iOS/Broccoli
    builtin-copy -exclude .DS_Store -exclude CVS -exclude .svn -exclude .git -exclude .hg -resolve-src-symlinks /Users/jaigaurav/Library/Developer/Xcode/DerivedData/Broccoli-eapieicfqwxippexlubxawpdfesp/Build/Products/Debug-iphonesimulator/Stripe_StripePayments.bundle /Users/jaigaurav/Library/Developer/Xcode/DerivedData/Broccoli-eapieicfqwxippexlubxawpdfesp/Build/Products/Debug-iphonesimulator/Broccoli.app

Copy /Users/jaigaurav/Library/Developer/Xcode/DerivedData/Broccoli-eapieicfqwxippexlubxawpdfesp/Build/Products/Debug-iphonesimulator/Broccoli.app/Stripe_Stripe3DS2.bundle /Users/jaigaurav/Library/Developer/Xcode/DerivedData/Broccoli-eapieicfqwxippexlubxawpdfesp/Build/Products/Debug-iphonesimulator/Stripe_Stripe3DS2.bundle (in target 'Broccoli' from project 'Broccoli')
    cd /Volumes/jaigaurav17-001/Projects/iOS/Broccoli
    builtin-copy -exclude .DS_Store -exclude CVS -exclude .svn -exclude .git -exclude .hg -resolve-src-symlinks /Users/jaigaurav/Library/Developer/Xcode/DerivedData/Broccoli-eapieicfqwxippexlubxawpdfesp/Build/Products/Debug-iphonesimulator/Stripe_Stripe3DS2.bundle /Users/jaigaurav/Library/Developer/Xcode/DerivedData/Broccoli-eapieicfqwxippexlubxawpdfesp/Build/Products/Debug-iphonesimulator/Broccoli.app

Copy /Users/jaigaurav/Library/Developer/Xcode/DerivedData/Broccoli-eapieicfqwxippexlubxawpdfesp/Build/Products/Debug-iphonesimulator/Broccoli.app/Stripe_StripeCore.bundle /Users/jaigaurav/Library/Developer/Xcode/DerivedData/Broccoli-eapieicfqwxippexlubxawpdfesp/Build/Products/Debug-iphonesimulator/Stripe_StripeCore.bundle (in target 'Broccoli' from project 'Broccoli')
    cd /Volumes/jaigaurav17-001/Projects/iOS/Broccoli
    builtin-copy -exclude .DS_Store -exclude CVS -exclude .svn -exclude .git -exclude .hg -resolve-src-symlinks /Users/jaigaurav/Library/Developer/Xcode/DerivedData/Broccoli-eapieicfqwxippexlubxawpdfesp/Build/Products/Debug-iphonesimulator/Stripe_StripeCore.bundle /Users/jaigaurav/Library/Developer/Xcode/DerivedData/Broccoli-eapieicfqwxippexlubxawpdfesp/Build/Products/Debug-iphonesimulator/Broccoli.app

Copy /Users/jaigaurav/Library/Developer/Xcode/DerivedData/Broccoli-eapieicfqwxippexlubxawpdfesp/Build/Products/Debug-iphonesimulator/Broccoli.app/Stripe_StripePaymentSheet.bundle /Users/jaigaurav/Library/Developer/Xcode/DerivedData/Broccoli-eapieicfqwxippexlubxawpdfesp/Build/Products/Debug-iphonesimulator/Stripe_StripePaymentSheet.bundle (in target 'Broccoli' from project 'Broccoli')
    cd /Volumes/jaigaurav17-001/Projects/iOS/Broccoli
    builtin-copy -exclude .DS_Store -exclude CVS -exclude .svn -exclude .git -exclude .hg -resolve-src-symlinks /Users/jaigaurav/Library/Developer/Xcode/DerivedData/Broccoli-eapieicfqwxippexlubxawpdfesp/Build/Products/Debug-iphonesimulator/Stripe_StripePaymentSheet.bundle /Users/jaigaurav/Library/Developer/Xcode/DerivedData/Broccoli-eapieicfqwxippexlubxawpdfesp/Build/Products/Debug-iphonesimulator/Broccoli.app

Copy /Users/jaigaurav/Library/Developer/Xcode/DerivedData/Broccoli-eapieicfqwxippexlubxawpdfesp/Build/Products/Debug-iphonesimulator/Broccoli.app/GoogleSignIn_GoogleSignIn.bundle /Users/jaigaurav/Library/Developer/Xcode/DerivedData/Broccoli-eapieicfqwxippexlubxawpdfesp/Build/Products/Debug-iphonesimulator/GoogleSignIn_GoogleSignIn.bundle (in target 'Broccoli' from project 'Broccoli')
    cd /Volumes/jaigaurav17-001/Projects/iOS/Broccoli
    builtin-copy -exclude .DS_Store -exclude CVS -exclude .svn -exclude .git -exclude .hg -resolve-src-symlinks /Users/jaigaurav/Library/Developer/Xcode/DerivedData/Broccoli-eapieicfqwxippexlubxawpdfesp/Build/Products/Debug-iphonesimulator/GoogleSignIn_GoogleSignIn.bundle /Users/jaigaurav/Library/Developer/Xcode/DerivedData/Broccoli-eapieicfqwxippexlubxawpdfesp/Build/Products/Debug-iphonesimulator/Broccoli.app

ProcessInfoPlistFile /Users/jaigaurav/Library/Developer/Xcode/DerivedData/Broccoli-eapieicfqwxippexlubxawpdfesp/Build/Products/Debug-iphonesimulator/Broccoli.app/Info.plist /Volumes/jaigaurav17-001/Projects/iOS/Broccoli/Broccoli/Info.plist (in target 'Broccoli' from project 'Broccoli')
    cd /Volumes/jaigaurav17-001/Projects/iOS/Broccoli
    builtin-infoPlistUtility /Volumes/jaigaurav17-001/Projects/iOS/Broccoli/Broccoli/Info.plist -producttype com.apple.product-type.application -genpkginfo /Users/jaigaurav/Library/Developer/Xcode/DerivedData/Broccoli-eapieicfqwxippexlubxawpdfesp/Build/Products/Debug-iphonesimulator/Broccoli.app/PkgInfo -expandbuildsettings -format binary -platform iphonesimulator -additionalcontentfile /Users/jaigaurav/Library/Developer/Xcode/DerivedData/Broccoli-eapieicfqwxippexlubxawpdfesp/Build/Intermediates.noindex/Broccoli.build/Debug-iphonesimulator/Broccoli.build/LaunchScreen-SBPartialInfo.plist -additionalcontentfile /Users/jaigaurav/Library/Developer/Xcode/DerivedData/Broccoli-eapieicfqwxippexlubxawpdfesp/Build/Intermediates.noindex/Broccoli.build/Debug-iphonesimulator/Broccoli.build/assetcatalog_generated_info.plist -scanforprivacyfile /Users/jaigaurav/Library/Developer/Xcode/DerivedData/Broccoli-eapieicfqwxippexlubxawpdfesp/Build/Products/Debug-iphonesimulator/Broccoli.app/AppAuth_AppAuth.bundle -scanforprivacyfile /Users/jaigaurav/Library/Developer/Xcode/DerivedData/Broccoli-eapieicfqwxippexlubxawpdfesp/Build/Products/Debug-iphonesimulator/Broccoli.app/AppAuth_AppAuthCore.bundle -scanforprivacyfile /Users/jaigaurav/Library/Developer/Xcode/DerivedData/Broccoli-eapieicfqwxippexlubxawpdfesp/Build/Products/Debug-iphonesimulator/Broccoli.app/Firebase_FirebaseCore.bundle -scanforprivacyfile /Users/jaigaurav/Library/Developer/Xcode/DerivedData/Broccoli-eapieicfqwxippexlubxawpdfesp/Build/Products/Debug-iphonesimulator/Broccoli.app/Firebase_FirebaseCoreExtension.bundle -scanforprivacyfile /Users/jaigaurav/Library/Developer/Xcode/DerivedData/Broccoli-eapieicfqwxippexlubxawpdfesp/Build/Products/Debug-iphonesimulator/Broccoli.app/Firebase_FirebaseCoreInternal.bundle -scanforprivacyfile /Users/jaigaurav/Library/Developer/Xcode/DerivedData/Broccoli-eapieicfqwxippexlubxawpdfesp/Build/Products/Debug-iphonesimulator/Broccoli.app/Firebase_FirebaseCrashlytics.bundle -scanforprivacyfile /Users/jaigaurav/Library/Developer/Xcode/DerivedData/Broccoli-eapieicfqwxippexlubxawpdfesp/Build/Products/Debug-iphonesimulator/Broccoli.app/Firebase_FirebaseCrashlyticsSwift.bundle -scanforprivacyfile /Users/jaigaurav/Library/Developer/Xcode/DerivedData/Broccoli-eapieicfqwxippexlubxawpdfesp/Build/Products/Debug-iphonesimulator/Broccoli.app/Firebase_FirebaseInstallations.bundle -scanforprivacyfile /Users/jaigaurav/Library/Developer/Xcode/DerivedData/Broccoli-eapieicfqwxippexlubxawpdfesp/Build/Products/Debug-iphonesimulator/Broccoli.app/Firebase_FirebaseMessaging.bundle -scanforprivacyfile /Users/jaigaurav/Library/Developer/Xcode/DerivedData/Broccoli-eapieicfqwxippexlubxawpdfesp/Build/Products/Debug-iphonesimulator/Broccoli.app/Frameworks/AgoraRtcKit.framework -scanforprivacyfile /Users/jaigaurav/Library/Developer/Xcode/DerivedData/Broccoli-eapieicfqwxippexlubxawpdfesp/Build/Products/Debug-iphonesimulator/Broccoli.app/Frameworks/AgoraSoundTouch.framework -scanforprivacyfile /Users/jaigaurav/Library/Developer/Xcode/DerivedData/Broccoli-eapieicfqwxippexlubxawpdfesp/Build/Products/Debug-iphonesimulator/Broccoli.app/Frameworks/AgoraSpatialAudioExtension.framework -scanforprivacyfile /Users/jaigaurav/Library/Developer/Xcode/DerivedData/Broccoli-eapieicfqwxippexlubxawpdfesp/Build/Products/Debug-iphonesimulator/Broccoli.app/Frameworks/AgoraVideoSegmentationExtension.framework -scanforprivacyfile /Users/jaigaurav/Library/Developer/Xcode/DerivedData/Broccoli-eapieicfqwxippexlubxawpdfesp/Build/Products/Debug-iphonesimulator/Broccoli.app/Frameworks/Agorafdkaac.framework -scanforprivacyfile /Users/jaigaurav/Library/Developer/Xcode/DerivedData/Broccoli-eapieicfqwxippexlubxawpdfesp/Build/Products/Debug-iphonesimulator/Broccoli.app/Frameworks/Agoraffmpeg.framework -scanforprivacyfile /Users/jaigaurav/Library/Developer/Xcode/DerivedData/Broccoli-eapieicfqwxippexlubxawpdfesp/Build/Products/Debug-iphonesimulator/Broccoli.app/Frameworks/FBAEMKit.framework -scanforprivacyfile /Users/jaigaurav/Library/Developer/Xcode/DerivedData/Broccoli-eapieicfqwxippexlubxawpdfesp/Build/Products/Debug-iphonesimulator/Broccoli.app/Frameworks/FBSDKCoreKit.framework -scanforprivacyfile /Users/jaigaurav/Library/Developer/Xcode/DerivedData/Broccoli-eapieicfqwxippexlubxawpdfesp/Build/Products/Debug-iphonesimulator/Broccoli.app/Frameworks/FBSDKCoreKit_Basics.framework -scanforprivacyfile /Users/jaigaurav/Library/Developer/Xcode/DerivedData/Broccoli-eapieicfqwxippexlubxawpdfesp/Build/Products/Debug-iphonesimulator/Broccoli.app/Frameworks/FBSDKLoginKit.framework -scanforprivacyfile /Users/jaigaurav/Library/Developer/Xcode/DerivedData/Broccoli-eapieicfqwxippexlubxawpdfesp/Build/Products/Debug-iphonesimulator/Broccoli.app/Frameworks/aosl.framework -scanforprivacyfile /Users/jaigaurav/Library/Developer/Xcode/DerivedData/Broccoli-eapieicfqwxippexlubxawpdfesp/Build/Products/Debug-iphonesimulator/Broccoli.app/Frameworks/video_dec.framework -scanforprivacyfile /Users/jaigaurav/Library/Developer/Xcode/DerivedData/Broccoli-eapieicfqwxippexlubxawpdfesp/Build/Products/Debug-iphonesimulator/Broccoli.app/GTMAppAuth_GTMAppAuth.bundle -scanforprivacyfile /Users/jaigaurav/Library/Developer/Xcode/DerivedData/Broccoli-eapieicfqwxippexlubxawpdfesp/Build/Products/Debug-iphonesimulator/Broccoli.app/GTMSessionFetcher_GTMSessionFetcherCore.bundle -scanforprivacyfile /Users/jaigaurav/Library/Developer/Xcode/DerivedData/Broccoli-eapieicfqwxippexlubxawpdfesp/Build/Products/Debug-iphonesimulator/Broccoli.app/GoogleDataTransport_GoogleDataTransport.bundle -scanforprivacyfile /Users/jaigaurav/Library/Developer/Xcode/DerivedData/Broccoli-eapieicfqwxippexlubxawpdfesp/Build/Products/Debug-iphonesimulator/Broccoli.app/GoogleSignIn_GoogleSignIn.bundle -scanforprivacyfile /Users/jaigaurav/Library/Developer/Xcode/DerivedData/Broccoli-eapieicfqwxippexlubxawpdfesp/Build/Products/Debug-iphonesimulator/Broccoli.app/GoogleSignIn_GoogleSignInSwift.bundle -scanforprivacyfile /Users/jaigaurav/Library/Developer/Xcode/DerivedData/Broccoli-eapieicfqwxippexlubxawpdfesp/Build/Products/Debug-iphonesimulator/Broccoli.app/GoogleUtilities_GoogleUtilities-AppDelegateSwizzler.bundle -scanforprivacyfile /Users/jaigaurav/Library/Developer/Xcode/DerivedData/Broccoli-eapieicfqwxippexlubxawpdfesp/Build/Products/Debug-iphonesimulator/Broccoli.app/GoogleUtilities_GoogleUtilities-Environment.bundle -scanforprivacyfile /Users/jaigaurav/Library/Developer/Xcode/DerivedData/Broccoli-eapieicfqwxippexlubxawpdfesp/Build/Products/Debug-iphonesimulator/Broccoli.app/GoogleUtilities_GoogleUtilities-Logger.bundle -scanforprivacyfile /Users/jaigaurav/Library/Developer/Xcode/DerivedData/Broccoli-eapieicfqwxippexlubxawpdfesp/Build/Products/Debug-iphonesimulator/Broccoli.app/GoogleUtilities_GoogleUtilities-NSData.bundle -scanforprivacyfile /Users/jaigaurav/Library/Developer/Xcode/DerivedData/Broccoli-eapieicfqwxippexlubxawpdfesp/Build/Products/Debug-iphonesimulator/Broccoli.app/GoogleUtilities_GoogleUtilities-Network.bundle -scanforprivacyfile /Users/jaigaurav/Library/Developer/Xcode/DerivedData/Broccoli-eapieicfqwxippexlubxawpdfesp/Build/Products/Debug-iphonesimulator/Broccoli.app/GoogleUtilities_GoogleUtilities-Reachability.bundle -scanforprivacyfile /Users/jaigaurav/Library/Developer/Xcode/DerivedData/Broccoli-eapieicfqwxippexlubxawpdfesp/Build/Products/Debug-iphonesimulator/Broccoli.app/GoogleUtilities_GoogleUtilities-UserDefaults.bundle -scanforprivacyfile /Users/jaigaurav/Library/Developer/Xcode/DerivedData/Broccoli-eapieicfqwxippexlubxawpdfesp/Build/Products/Debug-iphonesimulator/Broccoli.app/Promises_FBLPromises.bundle -scanforprivacyfile /Users/jaigaurav/Library/Developer/Xcode/DerivedData/Broccoli-eapieicfqwxippexlubxawpdfesp/Build/Products/Debug-iphonesimulator/Broccoli.app/Promises_Promises.bundle -scanforprivacyfile /Users/jaigaurav/Library/Developer/Xcode/DerivedData/Broccoli-eapieicfqwxippexlubxawpdfesp/Build/Products/Debug-iphonesimulator/Broccoli.app/Stripe_Stripe3DS2.bundle -scanforprivacyfile /Users/jaigaurav/Library/Developer/Xcode/DerivedData/Broccoli-eapieicfqwxippexlubxawpdfesp/Build/Products/Debug-iphonesimulator/Broccoli.app/Stripe_StripeCore.bundle -scanforprivacyfile /Users/jaigaurav/Library/Developer/Xcode/DerivedData/Broccoli-eapieicfqwxippexlubxawpdfesp/Build/Products/Debug-iphonesimulator/Broccoli.app/Stripe_StripePaymentSheet.bundle -scanforprivacyfile /Users/jaigaurav/Library/Developer/Xcode/DerivedData/Broccoli-eapieicfqwxippexlubxawpdfesp/Build/Products/Debug-iphonesimulator/Broccoli.app/Stripe_StripePayments.bundle -scanforprivacyfile /Users/jaigaurav/Library/Developer/Xcode/DerivedData/Broccoli-eapieicfqwxippexlubxawpdfesp/Build/Products/Debug-iphonesimulator/Broccoli.app/Stripe_StripePaymentsUI.bundle -scanforprivacyfile /Users/jaigaurav/Library/Developer/Xcode/DerivedData/Broccoli-eapieicfqwxippexlubxawpdfesp/Build/Products/Debug-iphonesimulator/Broccoli.app/Stripe_StripeUICore.bundle -scanforprivacyfile /Users/jaigaurav/Library/Developer/Xcode/DerivedData/Broccoli-eapieicfqwxippexlubxawpdfesp/Build/Products/Debug-iphonesimulator/Broccoli.app/nanopb_nanopb.bundle -o /Users/jaigaurav/Library/Developer/Xcode/DerivedData/Broccoli-eapieicfqwxippexlubxawpdfesp/Build/Products/Debug-iphonesimulator/Broccoli.app/Info.plist

SwiftCompile normal x86_64 Compiling\ PackageGlobalViewModel.swift /Volumes/jaigaurav17-001/Projects/iOS/Broccoli/Broccoli/GlobalViewModels/PackageGlobalViewModel.swift (in target 'Broccoli' from project 'Broccoli')

SwiftCompile normal x86_64 /Volumes/jaigaurav17-001/Projects/iOS/Broccoli/Broccoli/GlobalViewModels/PackageGlobalViewModel.swift (in target 'Broccoli' from project 'Broccoli')
    cd /Volumes/jaigaurav17-001/Projects/iOS/Broccoli
    
/Volumes/jaigaurav17-001/Projects/iOS/Broccoli/Broccoli/GlobalViewModels/PackageGlobalViewModel.swift:283:23: warning: value 'setupIntentId' was defined but never used; consider replacing with boolean test
            guard let setupIntentId = currentPaymentIntentId else {
                  ~~~~^~~~~~~~~~~~~~~~
                                                             != nil

SwiftCompile normal x86_64 Compiling\ PackageService.swift /Volumes/jaigaurav17-001/Projects/iOS/Broccoli/Broccoli/Services/PackageService.swift (in target 'Broccoli' from project 'Broccoli')

SwiftCompile normal x86_64 /Volumes/jaigaurav17-001/Projects/iOS/Broccoli/Broccoli/Services/PackageService.swift (in target 'Broccoli' from project 'Broccoli')
    cd /Volumes/jaigaurav17-001/Projects/iOS/Broccoli
    

SwiftCompile normal x86_64 Compiling\ PackagesView.swift /Volumes/jaigaurav17-001/Projects/iOS/Broccoli/Broccoli/Features/Patient/PackagesView.swift (in target 'Broccoli' from project 'Broccoli')
SwiftCompile normal x86_64 /Volumes/jaigaurav17-001/Projects/iOS/Broccoli/Broccoli/Features/Patient/PackagesView.swift (in target 'Broccoli' from project 'Broccoli')
    cd /Volumes/jaigaurav17-001/Projects/iOS/Broccoli
    
/Users/jaigaurav/Library/Developer/Xcode/DerivedData/Broccoli-eapieicfqwxippexlubxawpdfesp/Build/Intermediates.noindex/Broccoli.build/Debug-iphonesimulator/Broccoli.build/DerivedSources/GeneratedAssetSymbols.swift:739:14: warning: The "Primary" color asset name resolves to a conflicting Color symbol "primary". Try renaming the asset.
    #warning("The \"Primary\" color asset name resolves to a conflicting Color symbol \"primary\". Try renaming the asset.")
             ^~~~~~~~~~~~~~~~~~~~~~~~~~~~~~~~~~~~~~~~~~~~~~~~~~~~~~~~~~~~~~~~~~~~~~~~~~~~~~~~~~~~~~~~~~~~~~~~~~~~~~~~~~~~~~
/Users/jaigaurav/Library/Developer/Xcode/DerivedData/Broccoli-eapieicfqwxippexlubxawpdfesp/Build/Intermediates.noindex/Broccoli.build/Debug-iphonesimulator/Broccoli.build/DerivedSources/GeneratedAssetSymbols.swift:747:14: warning: The "Secondary" color asset name resolves to a conflicting Color symbol "secondary". Try renaming the asset.
    #warning("The \"Secondary\" color asset name resolves to a conflicting Color symbol \"secondary\". Try renaming the asset.")
             ^~~~~~~~~~~~~~~~~~~~~~~~~~~~~~~~~~~~~~~~~~~~~~~~~~~~~~~~~~~~~~~~~~~~~~~~~~~~~~~~~~~~~~~~~~~~~~~~~~~~~~~~~~~~~~~~~~

SwiftCompile normal x86_64 Compiling\ PackageEndpoint.swift /Volumes/jaigaurav17-001/Projects/iOS/Broccoli/Broccoli/Networking/HTTP/PackageEndpoint.swift (in target 'Broccoli' from project 'Broccoli')

SwiftCompile normal x86_64 /Volumes/jaigaurav17-001/Projects/iOS/Broccoli/Broccoli/Networking/HTTP/PackageEndpoint.swift (in target 'Broccoli' from project 'Broccoli')
    cd /Volumes/jaigaurav17-001/Projects/iOS/Broccoli
    

SwiftEmitModule normal arm64 Emitting\ module\ for\ Broccoli (in target 'Broccoli' from project 'Broccoli')
EmitSwiftModule normal arm64 (in target 'Broccoli' from project 'Broccoli')
    cd /Volumes/jaigaurav17-001/Projects/iOS/Broccoli
    
/Volumes/jaigaurav17-001/Projects/iOS/Broccoli/Broccoli/GlobalViewModels/UserGlobalViewModel.swift:23:78: warning: call to main actor-isolated initializer 'init(service:)' in a synchronous nonisolated context
    public init(userService: UserServiceProtocol, secureStore: SecureStore = SecureStore()) {
                                                                             ^
/Volumes/jaigaurav17-001/Projects/iOS/Broccoli/Broccoli/Services/SecureStore.swift:21:12: note: calls to initializer 'init(service:)' from outside of its actor context are implicitly asynchronous
    public init(service: String = "com.broccoli.app") {
           ^
/Volumes/jaigaurav17-001/Projects/iOS/Broccoli/Broccoli/Services/SecureStore.swift:21:12: note: main actor isolation inferred from conformance to protocol 'SecureStoreProtocol'
    public init(service: String = "com.broccoli.app") {
           ^
/Users/jaigaurav/Library/Developer/Xcode/DerivedData/Broccoli-eapieicfqwxippexlubxawpdfesp/Build/Intermediates.noindex/Broccoli.build/Debug-iphonesimulator/Broccoli.build/DerivedSources/GeneratedAssetSymbols.swift:739:14: warning: The "Primary" color asset name resolves to a conflicting Color symbol "primary". Try renaming the asset.
    #warning("The \"Primary\" color asset name resolves to a conflicting Color symbol \"primary\". Try renaming the asset.")
             ^~~~~~~~~~~~~~~~~~~~~~~~~~~~~~~~~~~~~~~~~~~~~~~~~~~~~~~~~~~~~~~~~~~~~~~~~~~~~~~~~~~~~~~~~~~~~~~~~~~~~~~~~~~~~~
/Users/jaigaurav/Library/Developer/Xcode/DerivedData/Broccoli-eapieicfqwxippexlubxawpdfesp/Build/Intermediates.noindex/Broccoli.build/Debug-iphonesimulator/Broccoli.build/DerivedSources/GeneratedAssetSymbols.swift:747:14: warning: The "Secondary" color asset name resolves to a conflicting Color symbol "secondary". Try renaming the asset.
    #warning("The \"Secondary\" color asset name resolves to a conflicting Color symbol \"secondary\". Try renaming the asset.")
             ^~~~~~~~~~~~~~~~~~~~~~~~~~~~~~~~~~~~~~~~~~~~~~~~~~~~~~~~~~~~~~~~~~~~~~~~~~~~~~~~~~~~~~~~~~~~~~~~~~~~~~~~~~~~~~~~~~
/Volumes/jaigaurav17-001/Projects/iOS/Broccoli/Broccoli/Features/Patient/HealthAssistant/ChatBookingCoordinator.swift:24:70: warning: main actor-isolated static property 'shared' can not be referenced from a nonisolated context
    init(bookingViewModel: BookingGlobalViewModel, router: Router = .shared) {
                                                                     ^
/Volumes/jaigaurav17-001/Projects/iOS/Broccoli/Broccoli/Utilities/Routing/Router.swift:12:16: note: static property declared here
    static let shared = Router()
               ^

SwiftEmitModule normal x86_64 Emitting\ module\ for\ Broccoli (in target 'Broccoli' from project 'Broccoli')
EmitSwiftModule normal x86_64 (in target 'Broccoli' from project 'Broccoli')
    cd /Volumes/jaigaurav17-001/Projects/iOS/Broccoli
    
/Volumes/jaigaurav17-001/Projects/iOS/Broccoli/Broccoli/GlobalViewModels/UserGlobalViewModel.swift:23:78: warning: call to main actor-isolated initializer 'init(service:)' in a synchronous nonisolated context
    public init(userService: UserServiceProtocol, secureStore: SecureStore = SecureStore()) {
                                                                             ^
/Volumes/jaigaurav17-001/Projects/iOS/Broccoli/Broccoli/Services/SecureStore.swift:21:12: note: calls to initializer 'init(service:)' from outside of its actor context are implicitly asynchronous
    public init(service: String = "com.broccoli.app") {
           ^
/Volumes/jaigaurav17-001/Projects/iOS/Broccoli/Broccoli/Services/SecureStore.swift:21:12: note: main actor isolation inferred from conformance to protocol 'SecureStoreProtocol'
    public init(service: String = "com.broccoli.app") {
           ^
/Users/jaigaurav/Library/Developer/Xcode/DerivedData/Broccoli-eapieicfqwxippexlubxawpdfesp/Build/Intermediates.noindex/Broccoli.build/Debug-iphonesimulator/Broccoli.build/DerivedSources/GeneratedAssetSymbols.swift:739:14: warning: The "Primary" color asset name resolves to a conflicting Color symbol "primary". Try renaming the asset.
    #warning("The \"Primary\" color asset name resolves to a conflicting Color symbol \"primary\". Try renaming the asset.")
             ^~~~~~~~~~~~~~~~~~~~~~~~~~~~~~~~~~~~~~~~~~~~~~~~~~~~~~~~~~~~~~~~~~~~~~~~~~~~~~~~~~~~~~~~~~~~~~~~~~~~~~~~~~~~~~
/Users/jaigaurav/Library/Developer/Xcode/DerivedData/Broccoli-eapieicfqwxippexlubxawpdfesp/Build/Intermediates.noindex/Broccoli.build/Debug-iphonesimulator/Broccoli.build/DerivedSources/GeneratedAssetSymbols.swift:747:14: warning: The "Secondary" color asset name resolves to a conflicting Color symbol "secondary". Try renaming the asset.
    #warning("The \"Secondary\" color asset name resolves to a conflicting Color symbol \"secondary\". Try renaming the asset.")
             ^~~~~~~~~~~~~~~~~~~~~~~~~~~~~~~~~~~~~~~~~~~~~~~~~~~~~~~~~~~~~~~~~~~~~~~~~~~~~~~~~~~~~~~~~~~~~~~~~~~~~~~~~~~~~~~~~~
/Volumes/jaigaurav17-001/Projects/iOS/Broccoli/Broccoli/Features/Patient/HealthAssistant/ChatBookingCoordinator.swift:24:70: warning: main actor-isolated static property 'shared' can not be referenced from a nonisolated context
    init(bookingViewModel: BookingGlobalViewModel, router: Router = .shared) {
                                                                     ^
/Volumes/jaigaurav17-001/Projects/iOS/Broccoli/Broccoli/Utilities/Routing/Router.swift:12:16: note: static property declared here
    static let shared = Router()
               ^

SwiftCompile normal arm64 Compiling\ PackageGlobalViewModel.swift /Volumes/jaigaurav17-001/Projects/iOS/Broccoli/Broccoli/GlobalViewModels/PackageGlobalViewModel.swift (in target 'Broccoli' from project 'Broccoli')

SwiftCompile normal arm64 /Volumes/jaigaurav17-001/Projects/iOS/Broccoli/Broccoli/GlobalViewModels/PackageGlobalViewModel.swift (in target 'Broccoli' from project 'Broccoli')
    cd /Volumes/jaigaurav17-001/Projects/iOS/Broccoli
    
/Volumes/jaigaurav17-001/Projects/iOS/Broccoli/Broccoli/GlobalViewModels/PackageGlobalViewModel.swift:283:23: warning: value 'setupIntentId' was defined but never used; consider replacing with boolean test
            guard let setupIntentId = currentPaymentIntentId else {
                  ~~~~^~~~~~~~~~~~~~~~
                                                             != nil

SwiftCompile normal arm64 Compiling\ PackageEndpoint.swift /Volumes/jaigaurav17-001/Projects/iOS/Broccoli/Broccoli/Networking/HTTP/PackageEndpoint.swift (in target 'Broccoli' from project 'Broccoli')

SwiftCompile normal arm64 /Volumes/jaigaurav17-001/Projects/iOS/Broccoli/Broccoli/Networking/HTTP/PackageEndpoint.swift (in target 'Broccoli' from project 'Broccoli')
    cd /Volumes/jaigaurav17-001/Projects/iOS/Broccoli
    

SwiftCompile normal arm64 Compiling\ PackageService.swift /Volumes/jaigaurav17-001/Projects/iOS/Broccoli/Broccoli/Services/PackageService.swift (in target 'Broccoli' from project 'Broccoli')

SwiftCompile normal arm64 /Volumes/jaigaurav17-001/Projects/iOS/Broccoli/Broccoli/Services/PackageService.swift (in target 'Broccoli' from project 'Broccoli')
    cd /Volumes/jaigaurav17-001/Projects/iOS/Broccoli
    

SwiftDriverJobDiscovery normal arm64 Compiling PackageEndpoint.swift (in target 'Broccoli' from project 'Broccoli')

SwiftCompile normal arm64 Compiling\ PackagesView.swift /Volumes/jaigaurav17-001/Projects/iOS/Broccoli/Broccoli/Features/Patient/PackagesView.swift (in target 'Broccoli' from project 'Broccoli')

SwiftCompile normal arm64 /Volumes/jaigaurav17-001/Projects/iOS/Broccoli/Broccoli/Features/Patient/PackagesView.swift (in target 'Broccoli' from project 'Broccoli')
    cd /Volumes/jaigaurav17-001/Projects/iOS/Broccoli
    
/Users/jaigaurav/Library/Developer/Xcode/DerivedData/Broccoli-eapieicfqwxippexlubxawpdfesp/Build/Intermediates.noindex/Broccoli.build/Debug-iphonesimulator/Broccoli.build/DerivedSources/GeneratedAssetSymbols.swift:739:14: warning: The "Primary" color asset name resolves to a conflicting Color symbol "primary". Try renaming the asset.
    #warning("The \"Primary\" color asset name resolves to a conflicting Color symbol \"primary\". Try renaming the asset.")
             ^~~~~~~~~~~~~~~~~~~~~~~~~~~~~~~~~~~~~~~~~~~~~~~~~~~~~~~~~~~~~~~~~~~~~~~~~~~~~~~~~~~~~~~~~~~~~~~~~~~~~~~~~~~~~~
/Users/jaigaurav/Library/Developer/Xcode/DerivedData/Broccoli-eapieicfqwxippexlubxawpdfesp/Build/Intermediates.noindex/Broccoli.build/Debug-iphonesimulator/Broccoli.build/DerivedSources/GeneratedAssetSymbols.swift:747:14: warning: The "Secondary" color asset name resolves to a conflicting Color symbol "secondary". Try renaming the asset.
    #warning("The \"Secondary\" color asset name resolves to a conflicting Color symbol \"secondary\". Try renaming the asset.")
             ^~~~~~~~~~~~~~~~~~~~~~~~~~~~~~~~~~~~~~~~~~~~~~~~~~~~~~~~~~~~~~~~~~~~~~~~~~~~~~~~~~~~~~~~~~~~~~~~~~~~~~~~~~~~~~~~~~

SwiftDriverJobDiscovery normal x86_64 Compiling PackageEndpoint.swift (in target 'Broccoli' from project 'Broccoli')

SwiftDriverJobDiscovery normal x86_64 Compiling PackageService.swift (in target 'Broccoli' from project 'Broccoli')

SwiftCompile normal x86_64 Compiling\ BroccoliApp.swift /Volumes/jaigaurav17-001/Projects/iOS/Broccoli/Broccoli/App/BroccoliApp.swift (in target 'Broccoli' from project 'Broccoli')

SwiftCompile normal x86_64 /Volumes/jaigaurav17-001/Projects/iOS/Broccoli/Broccoli/App/BroccoliApp.swift (in target 'Broccoli' from project 'Broccoli')
    cd /Volumes/jaigaurav17-001/Projects/iOS/Broccoli
    
/Volumes/jaigaurav17-001/Projects/iOS/Broccoli/Broccoli/GlobalViewModels/UserGlobalViewModel.swift:23:78: warning: call to main actor-isolated initializer 'init(service:)' in a synchronous nonisolated context
    public init(userService: UserServiceProtocol, secureStore: SecureStore = SecureStore()) {
                                                                             ^
/Volumes/jaigaurav17-001/Projects/iOS/Broccoli/Broccoli/Services/SecureStore.swift:21:12: note: calls to initializer 'init(service:)' from outside of its actor context are implicitly asynchronous
    public init(service: String = "com.broccoli.app") {
           ^
/Volumes/jaigaurav17-001/Projects/iOS/Broccoli/Broccoli/Services/SecureStore.swift:21:12: note: main actor isolation inferred from conformance to protocol 'SecureStoreProtocol'
    public init(service: String = "com.broccoli.app") {
           ^
/Volumes/jaigaurav17-001/Projects/iOS/Broccoli/Broccoli/App/BroccoliApp.swift:94:47: warning: immutable value 'id' was never used; consider replacing with '_' or removing it
                        case .booking(id: let id):
                                          ~~~~^~
                                          _

SwiftDriverJobDiscovery normal arm64 Compiling PackageService.swift (in target 'Broccoli' from project 'Broccoli')

SwiftCompile normal arm64 Compiling\ BroccoliApp.swift /Volumes/jaigaurav17-001/Projects/iOS/Broccoli/Broccoli/App/BroccoliApp.swift (in target 'Broccoli' from project 'Broccoli')

SwiftCompile normal arm64 /Volumes/jaigaurav17-001/Projects/iOS/Broccoli/Broccoli/App/BroccoliApp.swift (in target 'Broccoli' from project 'Broccoli')
    cd /Volumes/jaigaurav17-001/Projects/iOS/Broccoli
    
/Volumes/jaigaurav17-001/Projects/iOS/Broccoli/Broccoli/GlobalViewModels/UserGlobalViewModel.swift:23:78: warning: call to main actor-isolated initializer 'init(service:)' in a synchronous nonisolated context
    public init(userService: UserServiceProtocol, secureStore: SecureStore = SecureStore()) {
                                                                             ^
/Volumes/jaigaurav17-001/Projects/iOS/Broccoli/Broccoli/Services/SecureStore.swift:21:12: note: calls to initializer 'init(service:)' from outside of its actor context are implicitly asynchronous
    public init(service: String = "com.broccoli.app") {
           ^
/Volumes/jaigaurav17-001/Projects/iOS/Broccoli/Broccoli/Services/SecureStore.swift:21:12: note: main actor isolation inferred from conformance to protocol 'SecureStoreProtocol'
    public init(service: String = "com.broccoli.app") {
           ^
/Volumes/jaigaurav17-001/Projects/iOS/Broccoli/Broccoli/App/BroccoliApp.swift:94:47: warning: immutable value 'id' was never used; consider replacing with '_' or removing it
                        case .booking(id: let id):
                                          ~~~~^~
                                          _

SwiftDriverJobDiscovery normal arm64 Compiling PackageGlobalViewModel.swift (in target 'Broccoli' from project 'Broccoli')

SwiftCompile normal arm64 Compiling\ PatientRootTabView.swift /Volumes/jaigaurav17-001/Projects/iOS/Broccoli/Broccoli/Features/Patient/PatientRootTabView.swift (in target 'Broccoli' from project 'Broccoli')

SwiftCompile normal arm64 /Volumes/jaigaurav17-001/Projects/iOS/Broccoli/Broccoli/Features/Patient/PatientRootTabView.swift (in target 'Broccoli' from project 'Broccoli')
    cd /Volumes/jaigaurav17-001/Projects/iOS/Broccoli
    

SwiftDriverJobDiscovery normal x86_64 Compiling PackageGlobalViewModel.swift (in target 'Broccoli' from project 'Broccoli')

SwiftCompile normal x86_64 Compiling\ PatientRootTabView.swift /Volumes/jaigaurav17-001/Projects/iOS/Broccoli/Broccoli/Features/Patient/PatientRootTabView.swift (in target 'Broccoli' from project 'Broccoli')

SwiftCompile normal x86_64 /Volumes/jaigaurav17-001/Projects/iOS/Broccoli/Broccoli/Features/Patient/PatientRootTabView.swift (in target 'Broccoli' from project 'Broccoli')
    cd /Volumes/jaigaurav17-001/Projects/iOS/Broccoli
    

SwiftDriverJobDiscovery normal x86_64 Compiling PatientRootTabView.swift (in target 'Broccoli' from project 'Broccoli')

SwiftDriverJobDiscovery normal arm64 Compiling PatientRootTabView.swift (in target 'Broccoli' from project 'Broccoli')

SwiftDriverJobDiscovery normal x86_64 Compiling BroccoliApp.swift (in target 'Broccoli' from project 'Broccoli')

SwiftDriverJobDiscovery normal arm64 Compiling BroccoliApp.swift (in target 'Broccoli' from project 'Broccoli')

SwiftDriverJobDiscovery normal x86_64 Compiling PackagesView.swift (in target 'Broccoli' from project 'Broccoli')

SwiftCompile normal x86_64 Compiling\ ChatBookingCardView.swift,\ ChatBubbleView.swift,\ ChatComposerView.swift,\ ChatQuickRepliesView.swift,\ ChatReminderCardView.swift,\ StarterChipsView.swift,\ TypingIndicatorView.swift /Volumes/jaigaurav17-001/Projects/iOS/Broccoli/Broccoli/Features/Patient/HealthAssistant/Components/ChatBookingCardView.swift /Volumes/jaigaurav17-001/Projects/iOS/Broccoli/Broccoli/Features/Patient/HealthAssistant/Components/ChatBubbleView.swift /Volumes/jaigaurav17-001/Projects/iOS/Broccoli/Broccoli/Features/Patient/HealthAssistant/Components/ChatComposerView.swift /Volumes/jaigaurav17-001/Projects/iOS/Broccoli/Broccoli/Features/Patient/HealthAssistant/Components/ChatQuickRepliesView.swift /Volumes/jaigaurav17-001/Projects/iOS/Broccoli/Broccoli/Features/Patient/HealthAssistant/Components/ChatReminderCardView.swift /Volumes/jaigaurav17-001/Projects/iOS/Broccoli/Broccoli/Features/Patient/HealthAssistant/Components/StarterChipsView.swift /Volumes/jaigaurav17-001/Projects/iOS/Broccoli/Broccoli/Features/Patient/HealthAssistant/Components/TypingIndicatorView.swift (in target 'Broccoli' from project 'Broccoli')
SwiftCompile normal x86_64 /Volumes/jaigaurav17-001/Projects/iOS/Broccoli/Broccoli/Features/Patient/HealthAssistant/Components/ChatBookingCardView.swift (in target 'Broccoli' from project 'Broccoli')
    cd /Volumes/jaigaurav17-001/Projects/iOS/Broccoli
    
/Users/jaigaurav/Library/Developer/Xcode/DerivedData/Broccoli-eapieicfqwxippexlubxawpdfesp/Build/Intermediates.noindex/Broccoli.build/Debug-iphonesimulator/Broccoli.build/DerivedSources/GeneratedAssetSymbols.swift:739:14: warning: The "Primary" color asset name resolves to a conflicting Color symbol "primary". Try renaming the asset.
    #warning("The \"Primary\" color asset name resolves to a conflicting Color symbol \"primary\". Try renaming the asset.")
             ^~~~~~~~~~~~~~~~~~~~~~~~~~~~~~~~~~~~~~~~~~~~~~~~~~~~~~~~~~~~~~~~~~~~~~~~~~~~~~~~~~~~~~~~~~~~~~~~~~~~~~~~~~~~~~
/Users/jaigaurav/Library/Developer/Xcode/DerivedData/Broccoli-eapieicfqwxippexlubxawpdfesp/Build/Intermediates.noindex/Broccoli.build/Debug-iphonesimulator/Broccoli.build/DerivedSources/GeneratedAssetSymbols.swift:747:14: warning: The "Secondary" color asset name resolves to a conflicting Color symbol "secondary". Try renaming the asset.
    #warning("The \"Secondary\" color asset name resolves to a conflicting Color symbol \"secondary\". Try renaming the asset.")
             ^~~~~~~~~~~~~~~~~~~~~~~~~~~~~~~~~~~~~~~~~~~~~~~~~~~~~~~~~~~~~~~~~~~~~~~~~~~~~~~~~~~~~~~~~~~~~~~~~~~~~~~~~~~~~~~~~~

SwiftCompile normal x86_64 /Volumes/jaigaurav17-001/Projects/iOS/Broccoli/Broccoli/Features/Patient/HealthAssistant/Components/ChatBubbleView.swift (in target 'Broccoli' from project 'Broccoli')
    cd /Volumes/jaigaurav17-001/Projects/iOS/Broccoli
    

SwiftCompile normal x86_64 /Volumes/jaigaurav17-001/Projects/iOS/Broccoli/Broccoli/Features/Patient/HealthAssistant/Components/ChatComposerView.swift (in target 'Broccoli' from project 'Broccoli')
    cd /Volumes/jaigaurav17-001/Projects/iOS/Broccoli
    

SwiftCompile normal x86_64 /Volumes/jaigaurav17-001/Projects/iOS/Broccoli/Broccoli/Features/Patient/HealthAssistant/Components/ChatQuickRepliesView.swift (in target 'Broccoli' from project 'Broccoli')
    cd /Volumes/jaigaurav17-001/Projects/iOS/Broccoli
    

SwiftCompile normal x86_64 /Volumes/jaigaurav17-001/Projects/iOS/Broccoli/Broccoli/Features/Patient/HealthAssistant/Components/ChatReminderCardView.swift (in target 'Broccoli' from project 'Broccoli')
    cd /Volumes/jaigaurav17-001/Projects/iOS/Broccoli
    

SwiftCompile normal x86_64 /Volumes/jaigaurav17-001/Projects/iOS/Broccoli/Broccoli/Features/Patient/HealthAssistant/Components/StarterChipsView.swift (in target 'Broccoli' from project 'Broccoli')
    cd /Volumes/jaigaurav17-001/Projects/iOS/Broccoli
    

SwiftCompile normal x86_64 /Volumes/jaigaurav17-001/Projects/iOS/Broccoli/Broccoli/Features/Patient/HealthAssistant/Components/TypingIndicatorView.swift (in target 'Broccoli' from project 'Broccoli')
    cd /Volumes/jaigaurav17-001/Projects/iOS/Broccoli
    

SwiftCompile normal x86_64 Compiling\ VideoCallButton.swift,\ ForgotPasswordView.swift,\ LoginView.swift,\ ResetPasswordView.swift,\ SignUpSuccessView.swift,\ WelcomeView.swift,\ AppRootView.swift,\ ContactUsView.swift /Volumes/jaigaurav17-001/Projects/iOS/Broccoli/Broccoli/DesignSystem/Components/VideoCallButton.swift /Volumes/jaigaurav17-001/Projects/iOS/Broccoli/Broccoli/Features/Auth/ForgotPasswordView.swift /Volumes/jaigaurav17-001/Projects/iOS/Broccoli/Broccoli/Features/Auth/LoginView.swift /Volumes/jaigaurav17-001/Projects/iOS/Broccoli/Broccoli/Features/Auth/ResetPasswordView.swift /Volumes/jaigaurav17-001/Projects/iOS/Broccoli/Broccoli/Features/Auth/SignUpSuccessView.swift /Volumes/jaigaurav17-001/Projects/iOS/Broccoli/Broccoli/Features/Auth/WelcomeView.swift /Volumes/jaigaurav17-001/Projects/iOS/Broccoli/Broccoli/Features/Common/AppRootView.swift /Volumes/jaigaurav17-001/Projects/iOS/Broccoli/Broccoli/Features/Common/ContactUsView.swift (in target 'Broccoli' from project 'Broccoli')
SwiftCompile normal x86_64 /Volumes/jaigaurav17-001/Projects/iOS/Broccoli/Broccoli/DesignSystem/Components/VideoCallButton.swift (in target 'Broccoli' from project 'Broccoli')
    cd /Volumes/jaigaurav17-001/Projects/iOS/Broccoli
    
/Users/jaigaurav/Library/Developer/Xcode/DerivedData/Broccoli-eapieicfqwxippexlubxawpdfesp/Build/Intermediates.noindex/Broccoli.build/Debug-iphonesimulator/Broccoli.build/DerivedSources/GeneratedAssetSymbols.swift:739:14: warning: The "Primary" color asset name resolves to a conflicting Color symbol "primary". Try renaming the asset.
    #warning("The \"Primary\" color asset name resolves to a conflicting Color symbol \"primary\". Try renaming the asset.")
             ^~~~~~~~~~~~~~~~~~~~~~~~~~~~~~~~~~~~~~~~~~~~~~~~~~~~~~~~~~~~~~~~~~~~~~~~~~~~~~~~~~~~~~~~~~~~~~~~~~~~~~~~~~~~~~
/Users/jaigaurav/Library/Developer/Xcode/DerivedData/Broccoli-eapieicfqwxippexlubxawpdfesp/Build/Intermediates.noindex/Broccoli.build/Debug-iphonesimulator/Broccoli.build/DerivedSources/GeneratedAssetSymbols.swift:747:14: warning: The "Secondary" color asset name resolves to a conflicting Color symbol "secondary". Try renaming the asset.
    #warning("The \"Secondary\" color asset name resolves to a conflicting Color symbol \"secondary\". Try renaming the asset.")
             ^~~~~~~~~~~~~~~~~~~~~~~~~~~~~~~~~~~~~~~~~~~~~~~~~~~~~~~~~~~~~~~~~~~~~~~~~~~~~~~~~~~~~~~~~~~~~~~~~~~~~~~~~~~~~~~~~~

SwiftCompile normal x86_64 /Volumes/jaigaurav17-001/Projects/iOS/Broccoli/Broccoli/Features/Auth/ForgotPasswordView.swift (in target 'Broccoli' from project 'Broccoli')
    cd /Volumes/jaigaurav17-001/Projects/iOS/Broccoli
    

SwiftCompile normal x86_64 /Volumes/jaigaurav17-001/Projects/iOS/Broccoli/Broccoli/Features/Auth/LoginView.swift (in target 'Broccoli' from project 'Broccoli')
    cd /Volumes/jaigaurav17-001/Projects/iOS/Broccoli
    

SwiftCompile normal x86_64 /Volumes/jaigaurav17-001/Projects/iOS/Broccoli/Broccoli/Features/Auth/ResetPasswordView.swift (in target 'Broccoli' from project 'Broccoli')
    cd /Volumes/jaigaurav17-001/Projects/iOS/Broccoli
    

SwiftCompile normal x86_64 /Volumes/jaigaurav17-001/Projects/iOS/Broccoli/Broccoli/Features/Auth/SignUpSuccessView.swift (in target 'Broccoli' from project 'Broccoli')
    cd /Volumes/jaigaurav17-001/Projects/iOS/Broccoli
    

SwiftCompile normal x86_64 /Volumes/jaigaurav17-001/Projects/iOS/Broccoli/Broccoli/Features/Auth/WelcomeView.swift (in target 'Broccoli' from project 'Broccoli')
    cd /Volumes/jaigaurav17-001/Projects/iOS/Broccoli
    

SwiftCompile normal x86_64 /Volumes/jaigaurav17-001/Projects/iOS/Broccoli/Broccoli/Features/Common/AppRootView.swift (in target 'Broccoli' from project 'Broccoli')
    cd /Volumes/jaigaurav17-001/Projects/iOS/Broccoli
    

SwiftCompile normal x86_64 /Volumes/jaigaurav17-001/Projects/iOS/Broccoli/Broccoli/Features/Common/ContactUsView.swift (in target 'Broccoli' from project 'Broccoli')
    cd /Volumes/jaigaurav17-001/Projects/iOS/Broccoli
    

SwiftCompile normal x86_64 Compiling\ SettingsView.swift,\ AppointmentDetailForDoctorView.swift,\ DoctorAppointmentHistory.swift,\ DoctorHomeView.swift,\ DoctorProfileDetailView.swift,\ DoctorProfileView.swift,\ EditDoctorProfileView.swift,\ ChatAppointmentCardView.swift /Volumes/jaigaurav17-001/Projects/iOS/Broccoli/Broccoli/Features/Common/SettingsView.swift /Volumes/jaigaurav17-001/Projects/iOS/Broccoli/Broccoli/Features/Doctor/AppointmentDetailForDoctorView.swift /Volumes/jaigaurav17-001/Projects/iOS/Broccoli/Broccoli/Features/Doctor/DoctorAppointmentHistory.swift /Volumes/jaigaurav17-001/Projects/iOS/Broccoli/Broccoli/Features/Doctor/DoctorHomeView.swift /Volumes/jaigaurav17-001/Projects/iOS/Broccoli/Broccoli/Features/Doctor/DoctorProfileDetailView.swift /Volumes/jaigaurav17-001/Projects/iOS/Broccoli/Broccoli/Features/Doctor/DoctorProfileView.swift /Volumes/jaigaurav17-001/Projects/iOS/Broccoli/Broccoli/Features/Doctor/EditDoctorProfileView.swift /Volumes/jaigaurav17-001/Projects/iOS/Broccoli/Broccoli/Features/Patient/HealthAssistant/Components/ChatAppointmentCardView.swift (in target 'Broccoli' from project 'Broccoli')
SwiftCompile normal x86_64 /Volumes/jaigaurav17-001/Projects/iOS/Broccoli/Broccoli/Features/Common/SettingsView.swift (in target 'Broccoli' from project 'Broccoli')
    cd /Volumes/jaigaurav17-001/Projects/iOS/Broccoli
    
/Users/jaigaurav/Library/Developer/Xcode/DerivedData/Broccoli-eapieicfqwxippexlubxawpdfesp/Build/Intermediates.noindex/Broccoli.build/Debug-iphonesimulator/Broccoli.build/DerivedSources/GeneratedAssetSymbols.swift:739:14: warning: The "Primary" color asset name resolves to a conflicting Color symbol "primary". Try renaming the asset.
    #warning("The \"Primary\" color asset name resolves to a conflicting Color symbol \"primary\". Try renaming the asset.")
             ^~~~~~~~~~~~~~~~~~~~~~~~~~~~~~~~~~~~~~~~~~~~~~~~~~~~~~~~~~~~~~~~~~~~~~~~~~~~~~~~~~~~~~~~~~~~~~~~~~~~~~~~~~~~~~
/Users/jaigaurav/Library/Developer/Xcode/DerivedData/Broccoli-eapieicfqwxippexlubxawpdfesp/Build/Intermediates.noindex/Broccoli.build/Debug-iphonesimulator/Broccoli.build/DerivedSources/GeneratedAssetSymbols.swift:747:14: warning: The "Secondary" color asset name resolves to a conflicting Color symbol "secondary". Try renaming the asset.
    #warning("The \"Secondary\" color asset name resolves to a conflicting Color symbol \"secondary\". Try renaming the asset.")
             ^~~~~~~~~~~~~~~~~~~~~~~~~~~~~~~~~~~~~~~~~~~~~~~~~~~~~~~~~~~~~~~~~~~~~~~~~~~~~~~~~~~~~~~~~~~~~~~~~~~~~~~~~~~~~~~~~~

SwiftCompile normal x86_64 /Volumes/jaigaurav17-001/Projects/iOS/Broccoli/Broccoli/Features/Doctor/AppointmentDetailForDoctorView.swift (in target 'Broccoli' from project 'Broccoli')
    cd /Volumes/jaigaurav17-001/Projects/iOS/Broccoli
    
/Volumes/jaigaurav17-001/Projects/iOS/Broccoli/Broccoli/Features/Doctor/AppointmentDetailForDoctorView.swift:448:10: warning: 'onChange(of:perform:)' was deprecated in iOS 17.0: Use `onChange` with a two or zero parameter action closure instead.
        .onChange(of: photoPickerItem) { item in
         ^

SwiftCompile normal x86_64 /Volumes/jaigaurav17-001/Projects/iOS/Broccoli/Broccoli/Features/Doctor/DoctorAppointmentHistory.swift (in target 'Broccoli' from project 'Broccoli')
    cd /Volumes/jaigaurav17-001/Projects/iOS/Broccoli
    

SwiftCompile normal x86_64 /Volumes/jaigaurav17-001/Projects/iOS/Broccoli/Broccoli/Features/Doctor/DoctorHomeView.swift (in target 'Broccoli' from project 'Broccoli')
    cd /Volumes/jaigaurav17-001/Projects/iOS/Broccoli
    

SwiftCompile normal x86_64 /Volumes/jaigaurav17-001/Projects/iOS/Broccoli/Broccoli/Features/Doctor/DoctorProfileDetailView.swift (in target 'Broccoli' from project 'Broccoli')
    cd /Volumes/jaigaurav17-001/Projects/iOS/Broccoli
    
/Volumes/jaigaurav17-001/Projects/iOS/Broccoli/Broccoli/GlobalViewModels/UserGlobalViewModel.swift:23:78: warning: call to main actor-isolated initializer 'init(service:)' in a synchronous nonisolated context
    public init(userService: UserServiceProtocol, secureStore: SecureStore = SecureStore()) {
                                                                             ^
/Volumes/jaigaurav17-001/Projects/iOS/Broccoli/Broccoli/Services/SecureStore.swift:21:12: note: calls to initializer 'init(service:)' from outside of its actor context are implicitly asynchronous
    public init(service: String = "com.broccoli.app") {
           ^
/Volumes/jaigaurav17-001/Projects/iOS/Broccoli/Broccoli/Services/SecureStore.swift:21:12: note: main actor isolation inferred from conformance to protocol 'SecureStoreProtocol'
    public init(service: String = "com.broccoli.app") {
           ^

SwiftCompile normal x86_64 /Volumes/jaigaurav17-001/Projects/iOS/Broccoli/Broccoli/Features/Doctor/DoctorProfileView.swift (in target 'Broccoli' from project 'Broccoli')
    cd /Volumes/jaigaurav17-001/Projects/iOS/Broccoli
    

SwiftCompile normal x86_64 /Volumes/jaigaurav17-001/Projects/iOS/Broccoli/Broccoli/Features/Doctor/EditDoctorProfileView.swift (in target 'Broccoli' from project 'Broccoli')
    cd /Volumes/jaigaurav17-001/Projects/iOS/Broccoli
    
/Volumes/jaigaurav17-001/Projects/iOS/Broccoli/Broccoli/Features/Doctor/EditDoctorProfileView.swift:269:10: warning: 'onChange(of:perform:)' was deprecated in iOS 17.0: Use `onChange` with a two or zero parameter action closure instead.
        .onChange(of: photoPickerItem) { item in
         ^

SwiftCompile normal x86_64 /Volumes/jaigaurav17-001/Projects/iOS/Broccoli/Broccoli/Features/Patient/HealthAssistant/Components/ChatAppointmentCardView.swift (in target 'Broccoli' from project 'Broccoli')
    cd /Volumes/jaigaurav17-001/Projects/iOS/Broccoli
    

SwiftCompile normal x86_64 Compiling\ AppointmentCard.swift,\ DatePickerField.swift,\ MenuItemRow.swift,\ NoAppointmentView.swift,\ ScheduledAppointmentCard.swift,\ SmallActionTile.swift,\ StatItem.swift,\ TodayAppointmentCard.swift /Volumes/jaigaurav17-001/Projects/iOS/Broccoli/Broccoli/DesignSystem/Components/AppointmentCard.swift /Volumes/jaigaurav17-001/Projects/iOS/Broccoli/Broccoli/DesignSystem/Components/DatePickerField.swift /Volumes/jaigaurav17-001/Projects/iOS/Broccoli/Broccoli/DesignSystem/Components/MenuItemRow.swift /Volumes/jaigaurav17-001/Projects/iOS/Broccoli/Broccoli/DesignSystem/Components/NoAppointmentView.swift /Volumes/jaigaurav17-001/Projects/iOS/Broccoli/Broccoli/DesignSystem/Components/ScheduledAppointmentCard.swift /Volumes/jaigaurav17-001/Projects/iOS/Broccoli/Broccoli/DesignSystem/Components/SmallActionTile.swift /Volumes/jaigaurav17-001/Projects/iOS/Broccoli/Broccoli/DesignSystem/Components/StatItem.swift /Volumes/jaigaurav17-001/Projects/iOS/Broccoli/Broccoli/DesignSystem/Components/TodayAppointmentCard.swift (in target 'Broccoli' from project 'Broccoli')

SwiftCompile normal x86_64 /Volumes/jaigaurav17-001/Projects/iOS/Broccoli/Broccoli/DesignSystem/Components/AppointmentCard.swift (in target 'Broccoli' from project 'Broccoli')
    cd /Volumes/jaigaurav17-001/Projects/iOS/Broccoli
    
/Users/jaigaurav/Library/Developer/Xcode/DerivedData/Broccoli-eapieicfqwxippexlubxawpdfesp/Build/Intermediates.noindex/Broccoli.build/Debug-iphonesimulator/Broccoli.build/DerivedSources/GeneratedAssetSymbols.swift:739:14: warning: The "Primary" color asset name resolves to a conflicting Color symbol "primary". Try renaming the asset.
    #warning("The \"Primary\" color asset name resolves to a conflicting Color symbol \"primary\". Try renaming the asset.")
             ^~~~~~~~~~~~~~~~~~~~~~~~~~~~~~~~~~~~~~~~~~~~~~~~~~~~~~~~~~~~~~~~~~~~~~~~~~~~~~~~~~~~~~~~~~~~~~~~~~~~~~~~~~~~~~
/Users/jaigaurav/Library/Developer/Xcode/DerivedData/Broccoli-eapieicfqwxippexlubxawpdfesp/Build/Intermediates.noindex/Broccoli.build/Debug-iphonesimulator/Broccoli.build/DerivedSources/GeneratedAssetSymbols.swift:747:14: warning: The "Secondary" color asset name resolves to a conflicting Color symbol "secondary". Try renaming the asset.
    #warning("The \"Secondary\" color asset name resolves to a conflicting Color symbol \"secondary\". Try renaming the asset.")
             ^~~~~~~~~~~~~~~~~~~~~~~~~~~~~~~~~~~~~~~~~~~~~~~~~~~~~~~~~~~~~~~~~~~~~~~~~~~~~~~~~~~~~~~~~~~~~~~~~~~~~~~~~~~~~~~~~~

SwiftCompile normal x86_64 /Volumes/jaigaurav17-001/Projects/iOS/Broccoli/Broccoli/DesignSystem/Components/DatePickerField.swift (in target 'Broccoli' from project 'Broccoli')
    cd /Volumes/jaigaurav17-001/Projects/iOS/Broccoli
    

SwiftCompile normal x86_64 /Volumes/jaigaurav17-001/Projects/iOS/Broccoli/Broccoli/DesignSystem/Components/MenuItemRow.swift (in target 'Broccoli' from project 'Broccoli')
    cd /Volumes/jaigaurav17-001/Projects/iOS/Broccoli
    

SwiftCompile normal x86_64 /Volumes/jaigaurav17-001/Projects/iOS/Broccoli/Broccoli/DesignSystem/Components/NoAppointmentView.swift (in target 'Broccoli' from project 'Broccoli')
    cd /Volumes/jaigaurav17-001/Projects/iOS/Broccoli
    

SwiftCompile normal x86_64 /Volumes/jaigaurav17-001/Projects/iOS/Broccoli/Broccoli/DesignSystem/Components/ScheduledAppointmentCard.swift (in target 'Broccoli' from project 'Broccoli')
    cd /Volumes/jaigaurav17-001/Projects/iOS/Broccoli
    
/Volumes/jaigaurav17-001/Projects/iOS/Broccoli/Broccoli/DesignSystem/Components/ScheduledAppointmentCard.swift:111:13: warning: variable 'fmt' was never mutated; consider changing to 'let' constant
        var fmt = DateFormatter()
        ~~~ ^
        let

SwiftCompile normal x86_64 /Volumes/jaigaurav17-001/Projects/iOS/Broccoli/Broccoli/DesignSystem/Components/SmallActionTile.swift (in target 'Broccoli' from project 'Broccoli')
    cd /Volumes/jaigaurav17-001/Projects/iOS/Broccoli
    

SwiftCompile normal x86_64 /Volumes/jaigaurav17-001/Projects/iOS/Broccoli/Broccoli/DesignSystem/Components/StatItem.swift (in target 'Broccoli' from project 'Broccoli')
    cd /Volumes/jaigaurav17-001/Projects/iOS/Broccoli
    

SwiftCompile normal x86_64 /Volumes/jaigaurav17-001/Projects/iOS/Broccoli/Broccoli/DesignSystem/Components/TodayAppointmentCard.swift (in target 'Broccoli' from project 'Broccoli')
    cd /Volumes/jaigaurav17-001/Projects/iOS/Broccoli
    

SwiftCompile normal x86_64 Compiling\ ChatStreamHarness.swift,\ HealthAssistantView.swift,\ AddPharmacyView.swift,\ AppointmentDetailForPatientView.swift,\ BookingConfirmationView.swift,\ BookPrescriptionView.swift,\ CureFromDrugView.swift /Volumes/jaigaurav17-001/Projects/iOS/Broccoli/Broccoli/Features/Patient/HealthAssistant/ChatStreamHarness.swift /Volumes/jaigaurav17-001/Projects/iOS/Broccoli/Broccoli/Features/Patient/HealthAssistant/HealthAssistantView.swift /Volumes/jaigaurav17-001/Projects/iOS/Broccoli/Broccoli/Features/Patient/AddPharmacyView.swift /Volumes/jaigaurav17-001/Projects/iOS/Broccoli/Broccoli/Features/Patient/AppointmentDetailForPatientView.swift /Volumes/jaigaurav17-001/Projects/iOS/Broccoli/Broccoli/Features/Patient/BookingConfirmationView.swift /Volumes/jaigaurav17-001/Projects/iOS/Broccoli/Broccoli/Features/Patient/BookPrescriptionView.swift /Volumes/jaigaurav17-001/Projects/iOS/Broccoli/Broccoli/Features/Patient/CureFromDrugView.swift (in target 'Broccoli' from project 'Broccoli')

SwiftCompile normal x86_64 /Volumes/jaigaurav17-001/Projects/iOS/Broccoli/Broccoli/Features/Patient/HealthAssistant/ChatStreamHarness.swift (in target 'Broccoli' from project 'Broccoli')
    cd /Volumes/jaigaurav17-001/Projects/iOS/Broccoli
    
/Users/jaigaurav/Library/Developer/Xcode/DerivedData/Broccoli-eapieicfqwxippexlubxawpdfesp/Build/Intermediates.noindex/Broccoli.build/Debug-iphonesimulator/Broccoli.build/DerivedSources/GeneratedAssetSymbols.swift:739:14: warning: The "Primary" color asset name resolves to a conflicting Color symbol "primary". Try renaming the asset.
    #warning("The \"Primary\" color asset name resolves to a conflicting Color symbol \"primary\". Try renaming the asset.")
             ^~~~~~~~~~~~~~~~~~~~~~~~~~~~~~~~~~~~~~~~~~~~~~~~~~~~~~~~~~~~~~~~~~~~~~~~~~~~~~~~~~~~~~~~~~~~~~~~~~~~~~~~~~~~~~
/Users/jaigaurav/Library/Developer/Xcode/DerivedData/Broccoli-eapieicfqwxippexlubxawpdfesp/Build/Intermediates.noindex/Broccoli.build/Debug-iphonesimulator/Broccoli.build/DerivedSources/GeneratedAssetSymbols.swift:747:14: warning: The "Secondary" color asset name resolves to a conflicting Color symbol "secondary". Try renaming the asset.
    #warning("The \"Secondary\" color asset name resolves to a conflicting Color symbol \"secondary\". Try renaming the asset.")
             ^~~~~~~~~~~~~~~~~~~~~~~~~~~~~~~~~~~~~~~~~~~~~~~~~~~~~~~~~~~~~~~~~~~~~~~~~~~~~~~~~~~~~~~~~~~~~~~~~~~~~~~~~~~~~~~~~~

SwiftCompile normal x86_64 /Volumes/jaigaurav17-001/Projects/iOS/Broccoli/Broccoli/Features/Patient/HealthAssistant/HealthAssistantView.swift (in target 'Broccoli' from project 'Broccoli')
    cd /Volumes/jaigaurav17-001/Projects/iOS/Broccoli
    

SwiftCompile normal x86_64 /Volumes/jaigaurav17-001/Projects/iOS/Broccoli/Broccoli/Features/Patient/AddPharmacyView.swift (in target 'Broccoli' from project 'Broccoli')
    cd /Volumes/jaigaurav17-001/Projects/iOS/Broccoli
    

SwiftCompile normal x86_64 /Volumes/jaigaurav17-001/Projects/iOS/Broccoli/Broccoli/Features/Patient/AppointmentDetailForPatientView.swift (in target 'Broccoli' from project 'Broccoli')
    cd /Volumes/jaigaurav17-001/Projects/iOS/Broccoli
    

SwiftCompile normal x86_64 /Volumes/jaigaurav17-001/Projects/iOS/Broccoli/Broccoli/Features/Patient/BookingConfirmationView.swift (in target 'Broccoli' from project 'Broccoli')
    cd /Volumes/jaigaurav17-001/Projects/iOS/Broccoli
    

SwiftCompile normal x86_64 /Volumes/jaigaurav17-001/Projects/iOS/Broccoli/Broccoli/Features/Patient/BookPrescriptionView.swift (in target 'Broccoli' from project 'Broccoli')
    cd /Volumes/jaigaurav17-001/Projects/iOS/Broccoli
    

SwiftCompile normal x86_64 /Volumes/jaigaurav17-001/Projects/iOS/Broccoli/Broccoli/Features/Patient/CureFromDrugView.swift (in target 'Broccoli' from project 'Broccoli')
    cd /Volumes/jaigaurav17-001/Projects/iOS/Broccoli
    

SwiftCompile normal x86_64 Compiling\ SpecialtyListView.swift,\ EditPatientProfileView.swift,\ PatientProfileDetailView.swift,\ ProfileView.swift,\ StaticPageView.swift,\ DoctorNotesFormView.swift,\ ContentView.swift /Volumes/jaigaurav17-001/Projects/iOS/Broccoli/Broccoli/Features/Patient/SpecialtyListView.swift /Volumes/jaigaurav17-001/Projects/iOS/Broccoli/Broccoli/Features/Profile/EditPatientProfileView.swift /Volumes/jaigaurav17-001/Projects/iOS/Broccoli/Broccoli/Features/Profile/PatientProfileDetailView.swift /Volumes/jaigaurav17-001/Projects/iOS/Broccoli/Broccoli/Features/Profile/ProfileView.swift /Volumes/jaigaurav17-001/Projects/iOS/Broccoli/Broccoli/Features/StaticPages/StaticPageView.swift /Volumes/jaigaurav17-001/Projects/iOS/Broccoli/Broccoli/Features/VideoCall/DoctorNotesFormView.swift /Volumes/jaigaurav17-001/Projects/iOS/Broccoli/Broccoli/ContentView.swift (in target 'Broccoli' from project 'Broccoli')

SwiftCompile normal x86_64 /Volumes/jaigaurav17-001/Projects/iOS/Broccoli/Broccoli/Features/Patient/SpecialtyListView.swift (in target 'Broccoli' from project 'Broccoli')
    cd /Volumes/jaigaurav17-001/Projects/iOS/Broccoli
    
/Users/jaigaurav/Library/Developer/Xcode/DerivedData/Broccoli-eapieicfqwxippexlubxawpdfesp/Build/Intermediates.noindex/Broccoli.build/Debug-iphonesimulator/Broccoli.build/DerivedSources/GeneratedAssetSymbols.swift:739:14: warning: The "Primary" color asset name resolves to a conflicting Color symbol "primary". Try renaming the asset.
    #warning("The \"Primary\" color asset name resolves to a conflicting Color symbol \"primary\". Try renaming the asset.")
             ^~~~~~~~~~~~~~~~~~~~~~~~~~~~~~~~~~~~~~~~~~~~~~~~~~~~~~~~~~~~~~~~~~~~~~~~~~~~~~~~~~~~~~~~~~~~~~~~~~~~~~~~~~~~~~
/Users/jaigaurav/Library/Developer/Xcode/DerivedData/Broccoli-eapieicfqwxippexlubxawpdfesp/Build/Intermediates.noindex/Broccoli.build/Debug-iphonesimulator/Broccoli.build/DerivedSources/GeneratedAssetSymbols.swift:747:14: warning: The "Secondary" color asset name resolves to a conflicting Color symbol "secondary". Try renaming the asset.
    #warning("The \"Secondary\" color asset name resolves to a conflicting Color symbol \"secondary\". Try renaming the asset.")
             ^~~~~~~~~~~~~~~~~~~~~~~~~~~~~~~~~~~~~~~~~~~~~~~~~~~~~~~~~~~~~~~~~~~~~~~~~~~~~~~~~~~~~~~~~~~~~~~~~~~~~~~~~~~~~~~~~~

SwiftCompile normal x86_64 /Volumes/jaigaurav17-001/Projects/iOS/Broccoli/Broccoli/Features/Profile/EditPatientProfileView.swift (in target 'Broccoli' from project 'Broccoli')
    cd /Volumes/jaigaurav17-001/Projects/iOS/Broccoli
    
/Volumes/jaigaurav17-001/Projects/iOS/Broccoli/Broccoli/Features/Profile/EditPatientProfileView.swift:411:10: warning: 'onChange(of:perform:)' was deprecated in iOS 17.0: Use `onChange` with a two or zero parameter action closure instead.
        .onChange(of: photoPickerItem) { item in
         ^

SwiftCompile normal x86_64 /Volumes/jaigaurav17-001/Projects/iOS/Broccoli/Broccoli/Features/Profile/PatientProfileDetailView.swift (in target 'Broccoli' from project 'Broccoli')
    cd /Volumes/jaigaurav17-001/Projects/iOS/Broccoli
    

SwiftCompile normal x86_64 /Volumes/jaigaurav17-001/Projects/iOS/Broccoli/Broccoli/Features/Profile/ProfileView.swift (in target 'Broccoli' from project 'Broccoli')
    cd /Volumes/jaigaurav17-001/Projects/iOS/Broccoli
    

SwiftCompile normal x86_64 /Volumes/jaigaurav17-001/Projects/iOS/Broccoli/Broccoli/Features/StaticPages/StaticPageView.swift (in target 'Broccoli' from project 'Broccoli')
    cd /Volumes/jaigaurav17-001/Projects/iOS/Broccoli
    

SwiftCompile normal x86_64 /Volumes/jaigaurav17-001/Projects/iOS/Broccoli/Broccoli/Features/VideoCall/DoctorNotesFormView.swift (in target 'Broccoli' from project 'Broccoli')
    cd /Volumes/jaigaurav17-001/Projects/iOS/Broccoli
    

SwiftCompile normal x86_64 /Volumes/jaigaurav17-001/Projects/iOS/Broccoli/Broccoli/ContentView.swift (in target 'Broccoli' from project 'Broccoli')
    cd /Volumes/jaigaurav17-001/Projects/iOS/Broccoli
    

SwiftDriverJobDiscovery normal arm64 Compiling PackagesView.swift (in target 'Broccoli' from project 'Broccoli')

SwiftCompile normal arm64 Compiling\ VideoCallButton.swift,\ ForgotPasswordView.swift,\ LoginView.swift,\ ResetPasswordView.swift,\ SignUpSuccessView.swift,\ WelcomeView.swift,\ AppRootView.swift,\ ContactUsView.swift /Volumes/jaigaurav17-001/Projects/iOS/Broccoli/Broccoli/DesignSystem/Components/VideoCallButton.swift /Volumes/jaigaurav17-001/Projects/iOS/Broccoli/Broccoli/Features/Auth/ForgotPasswordView.swift /Volumes/jaigaurav17-001/Projects/iOS/Broccoli/Broccoli/Features/Auth/LoginView.swift /Volumes/jaigaurav17-001/Projects/iOS/Broccoli/Broccoli/Features/Auth/ResetPasswordView.swift /Volumes/jaigaurav17-001/Projects/iOS/Broccoli/Broccoli/Features/Auth/SignUpSuccessView.swift /Volumes/jaigaurav17-001/Projects/iOS/Broccoli/Broccoli/Features/Auth/WelcomeView.swift /Volumes/jaigaurav17-001/Projects/iOS/Broccoli/Broccoli/Features/Common/AppRootView.swift /Volumes/jaigaurav17-001/Projects/iOS/Broccoli/Broccoli/Features/Common/ContactUsView.swift (in target 'Broccoli' from project 'Broccoli')

SwiftCompile normal arm64 /Volumes/jaigaurav17-001/Projects/iOS/Broccoli/Broccoli/DesignSystem/Components/VideoCallButton.swift (in target 'Broccoli' from project 'Broccoli')
    cd /Volumes/jaigaurav17-001/Projects/iOS/Broccoli
    
/Users/jaigaurav/Library/Developer/Xcode/DerivedData/Broccoli-eapieicfqwxippexlubxawpdfesp/Build/Intermediates.noindex/Broccoli.build/Debug-iphonesimulator/Broccoli.build/DerivedSources/GeneratedAssetSymbols.swift:739:14: warning: The "Primary" color asset name resolves to a conflicting Color symbol "primary". Try renaming the asset.
    #warning("The \"Primary\" color asset name resolves to a conflicting Color symbol \"primary\". Try renaming the asset.")
             ^~~~~~~~~~~~~~~~~~~~~~~~~~~~~~~~~~~~~~~~~~~~~~~~~~~~~~~~~~~~~~~~~~~~~~~~~~~~~~~~~~~~~~~~~~~~~~~~~~~~~~~~~~~~~~
/Users/jaigaurav/Library/Developer/Xcode/DerivedData/Broccoli-eapieicfqwxippexlubxawpdfesp/Build/Intermediates.noindex/Broccoli.build/Debug-iphonesimulator/Broccoli.build/DerivedSources/GeneratedAssetSymbols.swift:747:14: warning: The "Secondary" color asset name resolves to a conflicting Color symbol "secondary". Try renaming the asset.
    #warning("The \"Secondary\" color asset name resolves to a conflicting Color symbol \"secondary\". Try renaming the asset.")
             ^~~~~~~~~~~~~~~~~~~~~~~~~~~~~~~~~~~~~~~~~~~~~~~~~~~~~~~~~~~~~~~~~~~~~~~~~~~~~~~~~~~~~~~~~~~~~~~~~~~~~~~~~~~~~~~~~~

SwiftCompile normal arm64 /Volumes/jaigaurav17-001/Projects/iOS/Broccoli/Broccoli/Features/Auth/ForgotPasswordView.swift (in target 'Broccoli' from project 'Broccoli')
    cd /Volumes/jaigaurav17-001/Projects/iOS/Broccoli
    

SwiftCompile normal arm64 /Volumes/jaigaurav17-001/Projects/iOS/Broccoli/Broccoli/Features/Auth/LoginView.swift (in target 'Broccoli' from project 'Broccoli')
    cd /Volumes/jaigaurav17-001/Projects/iOS/Broccoli
    

SwiftCompile normal arm64 /Volumes/jaigaurav17-001/Projects/iOS/Broccoli/Broccoli/Features/Auth/ResetPasswordView.swift (in target 'Broccoli' from project 'Broccoli')
    cd /Volumes/jaigaurav17-001/Projects/iOS/Broccoli
    

SwiftCompile normal arm64 /Volumes/jaigaurav17-001/Projects/iOS/Broccoli/Broccoli/Features/Auth/SignUpSuccessView.swift (in target 'Broccoli' from project 'Broccoli')
    cd /Volumes/jaigaurav17-001/Projects/iOS/Broccoli
    

SwiftCompile normal arm64 /Volumes/jaigaurav17-001/Projects/iOS/Broccoli/Broccoli/Features/Auth/WelcomeView.swift (in target 'Broccoli' from project 'Broccoli')
    cd /Volumes/jaigaurav17-001/Projects/iOS/Broccoli
    

SwiftCompile normal arm64 /Volumes/jaigaurav17-001/Projects/iOS/Broccoli/Broccoli/Features/Common/AppRootView.swift (in target 'Broccoli' from project 'Broccoli')
    cd /Volumes/jaigaurav17-001/Projects/iOS/Broccoli
    

SwiftCompile normal arm64 /Volumes/jaigaurav17-001/Projects/iOS/Broccoli/Broccoli/Features/Common/ContactUsView.swift (in target 'Broccoli' from project 'Broccoli')
    cd /Volumes/jaigaurav17-001/Projects/iOS/Broccoli
    

SwiftCompile normal arm64 Compiling\ EditPharmacyView.swift,\ GPAppointmentBookingForm.swift,\ MedicalEnquiryView.swift,\ MyAppointmentsView.swift,\ MyPharmaciesView.swift,\ MyPrescriptionsView.swift,\ NotificationsView.swift /Volumes/jaigaurav17-001/Projects/iOS/Broccoli/Broccoli/Features/Patient/EditPharmacyView.swift /Volumes/jaigaurav17-001/Projects/iOS/Broccoli/Broccoli/Features/Patient/GPAppointmentBookingForm.swift /Volumes/jaigaurav17-001/Projects/iOS/Broccoli/Broccoli/Features/Patient/MedicalEnquiryView.swift /Volumes/jaigaurav17-001/Projects/iOS/Broccoli/Broccoli/Features/Patient/MyAppointmentsView.swift /Volumes/jaigaurav17-001/Projects/iOS/Broccoli/Broccoli/Features/Patient/MyPharmaciesView.swift /Volumes/jaigaurav17-001/Projects/iOS/Broccoli/Broccoli/Features/Patient/MyPrescriptionsView.swift /Volumes/jaigaurav17-001/Projects/iOS/Broccoli/Broccoli/Features/Patient/NotificationsView.swift (in target 'Broccoli' from project 'Broccoli')
SwiftCompile normal arm64 /Volumes/jaigaurav17-001/Projects/iOS/Broccoli/Broccoli/Features/Patient/EditPharmacyView.swift (in target 'Broccoli' from project 'Broccoli')
    cd /Volumes/jaigaurav17-001/Projects/iOS/Broccoli
    
/Users/jaigaurav/Library/Developer/Xcode/DerivedData/Broccoli-eapieicfqwxippexlubxawpdfesp/Build/Intermediates.noindex/Broccoli.build/Debug-iphonesimulator/Broccoli.build/DerivedSources/GeneratedAssetSymbols.swift:739:14: warning: The "Primary" color asset name resolves to a conflicting Color symbol "primary". Try renaming the asset.
    #warning("The \"Primary\" color asset name resolves to a conflicting Color symbol \"primary\". Try renaming the asset.")
             ^~~~~~~~~~~~~~~~~~~~~~~~~~~~~~~~~~~~~~~~~~~~~~~~~~~~~~~~~~~~~~~~~~~~~~~~~~~~~~~~~~~~~~~~~~~~~~~~~~~~~~~~~~~~~~
/Users/jaigaurav/Library/Developer/Xcode/DerivedData/Broccoli-eapieicfqwxippexlubxawpdfesp/Build/Intermediates.noindex/Broccoli.build/Debug-iphonesimulator/Broccoli.build/DerivedSources/GeneratedAssetSymbols.swift:747:14: warning: The "Secondary" color asset name resolves to a conflicting Color symbol "secondary". Try renaming the asset.
    #warning("The \"Secondary\" color asset name resolves to a conflicting Color symbol \"secondary\". Try renaming the asset.")
             ^~~~~~~~~~~~~~~~~~~~~~~~~~~~~~~~~~~~~~~~~~~~~~~~~~~~~~~~~~~~~~~~~~~~~~~~~~~~~~~~~~~~~~~~~~~~~~~~~~~~~~~~~~~~~~~~~~

SwiftCompile normal arm64 /Volumes/jaigaurav17-001/Projects/iOS/Broccoli/Broccoli/Features/Patient/GPAppointmentBookingForm.swift (in target 'Broccoli' from project 'Broccoli')
    cd /Volumes/jaigaurav17-001/Projects/iOS/Broccoli
    

SwiftCompile normal arm64 /Volumes/jaigaurav17-001/Projects/iOS/Broccoli/Broccoli/Features/Patient/MedicalEnquiryView.swift (in target 'Broccoli' from project 'Broccoli')
    cd /Volumes/jaigaurav17-001/Projects/iOS/Broccoli
    

SwiftCompile normal arm64 /Volumes/jaigaurav17-001/Projects/iOS/Broccoli/Broccoli/Features/Patient/MyAppointmentsView.swift (in target 'Broccoli' from project 'Broccoli')
    cd /Volumes/jaigaurav17-001/Projects/iOS/Broccoli
    

SwiftCompile normal arm64 /Volumes/jaigaurav17-001/Projects/iOS/Broccoli/Broccoli/Features/Patient/MyPharmaciesView.swift (in target 'Broccoli' from project 'Broccoli')
    cd /Volumes/jaigaurav17-001/Projects/iOS/Broccoli
    
/Volumes/jaigaurav17-001/Projects/iOS/Broccoli/Broccoli/Features/Patient/MyPharmaciesView.swift:156:28: warning: value 'address' was defined but never used; consider replacing with boolean test
                    if let address = pharmacy.address {
                       ~~~~^~~~~~~~~~
                                                      != nil

SwiftCompile normal arm64 /Volumes/jaigaurav17-001/Projects/iOS/Broccoli/Broccoli/Features/Patient/MyPrescriptionsView.swift (in target 'Broccoli' from project 'Broccoli')
    cd /Volumes/jaigaurav17-001/Projects/iOS/Broccoli
    

SwiftCompile normal arm64 /Volumes/jaigaurav17-001/Projects/iOS/Broccoli/Broccoli/Features/Patient/NotificationsView.swift (in target 'Broccoli' from project 'Broccoli')
    cd /Volumes/jaigaurav17-001/Projects/iOS/Broccoli
    

SwiftDriverJobDiscovery normal x86_64 Emitting module for Broccoli (in target 'Broccoli' from project 'Broccoli')

SwiftDriver\ Compilation\ Requirements Broccoli normal x86_64 com.apple.xcode.tools.swift.compiler (in target 'Broccoli' from project 'Broccoli')
    cd /Volumes/jaigaurav17-001/Projects/iOS/Broccoli
    builtin-Swift-Compilation-Requirements -- /Applications/Xcode.app/Contents/Developer/Toolchains/XcodeDefault.xctoolchain/usr/bin/swiftc -module-name Broccoli -Onone @/Users/jaigaurav/Library/Developer/Xcode/DerivedData/Broccoli-eapieicfqwxippexlubxawpdfesp/Build/Intermediates.noindex/Broccoli.build/Debug-iphonesimulator/Broccoli.build/Objects-normal/x86_64/Broccoli.SwiftFileList -DDEBUG -Xcc -fmodule-map-file\=/Users/jaigaurav/Library/Developer/Xcode/DerivedData/Broccoli-eapieicfqwxippexlubxawpdfesp/Build/Intermediates.noindex/GeneratedModuleMaps-iphonesimulator/GoogleUtilities-Network.modulemap -Xcc -fmodule-map-file\=/Users/jaigaurav/Library/Developer/Xcode/DerivedData/Broccoli-eapieicfqwxippexlubxawpdfesp/Build/Intermediates.noindex/GeneratedModuleMaps-iphonesimulator/GoogleUtilities-AppDelegateSwizzler.modulemap -Xcc -fmodule-map-file\=/Users/jaigaurav/Library/Developer/Xcode/DerivedData/Broccoli-eapieicfqwxippexlubxawpdfesp/Build/Intermediates.noindex/GeneratedModuleMaps-iphonesimulator/GoogleUtilities-Reachability.modulemap -Xcc -fmodule-map-file\=/Users/jaigaurav/Library/Developer/Xcode/DerivedData/Broccoli-eapieicfqwxippexlubxawpdfesp/Build/Intermediates.noindex/GeneratedModuleMaps-iphonesimulator/FirebaseMessaging.modulemap -Xcc -fmodule-map-file\=/Users/jaigaurav/Library/Developer/Xcode/DerivedData/Broccoli-eapieicfqwxippexlubxawpdfesp/Build/Intermediates.noindex/GeneratedModuleMaps-iphonesimulator/AppAuth.modulemap -Xcc -fmodule-map-file\=/Users/jaigaurav/Library/Developer/Xcode/DerivedData/Broccoli-eapieicfqwxippexlubxawpdfesp/Build/Intermediates.noindex/GeneratedModuleMaps-iphonesimulator/AppAuthCore.modulemap -Xcc -fmodule-map-file\=/Users/jaigaurav/Library/Developer/Xcode/DerivedData/Broccoli-eapieicfqwxippexlubxawpdfesp/Build/Intermediates.noindex/GeneratedModuleMaps-iphonesimulator/AppCheckCore.modulemap -Xcc -fmodule-map-file\=/Users/jaigaurav/Library/Developer/Xcode/DerivedData/Broccoli-eapieicfqwxippexlubxawpdfesp/Build/Intermediates.noindex/GeneratedModuleMaps-iphonesimulator/GTMSessionFetcherCore.modulemap -Xcc -fmodule-map-file\=/Users/jaigaurav/Library/Developer/Xcode/DerivedData/Broccoli-eapieicfqwxippexlubxawpdfesp/Build/Intermediates.noindex/GeneratedModuleMaps-iphonesimulator/GoogleSignIn.modulemap -Xcc -fmodule-map-file\=/Users/jaigaurav/Library/Developer/Xcode/DerivedData/Broccoli-eapieicfqwxippexlubxawpdfesp/Build/Intermediates.noindex/GeneratedModuleMaps-iphonesimulator/Stripe3DS2.modulemap -Xcc -fmodule-map-file\=/Users/jaigaurav/Library/Developer/Xcode/DerivedData/Broccoli-eapieicfqwxippexlubxawpdfesp/Build/Intermediates.noindex/GeneratedModuleMaps-iphonesimulator/GoogleUtilities-NSData.modulemap -Xcc -fmodule-map-file\=/Users/jaigaurav/Library/Developer/Xcode/DerivedData/Broccoli-eapieicfqwxippexlubxawpdfesp/Build/Intermediates.noindex/GeneratedModuleMaps-iphonesimulator/GoogleUtilities-Logger.modulemap -Xcc -fmodule-map-file\=/Users/jaigaurav/Library/Developer/Xcode/DerivedData/Broccoli-eapieicfqwxippexlubxawpdfesp/Build/Intermediates.noindex/GeneratedModuleMaps-iphonesimulator/GoogleUtilities-Environment.modulemap -Xcc -fmodule-map-file\=/Users/jaigaurav/Library/Developer/Xcode/DerivedData/Broccoli-eapieicfqwxippexlubxawpdfesp/Build/Intermediates.noindex/GeneratedModuleMaps-iphonesimulator/third-party-IsAppEncrypted.modulemap -Xcc -fmodule-map-file\=/Users/jaigaurav/Library/Developer/Xcode/DerivedData/Broccoli-eapieicfqwxippexlubxawpdfesp/Build/Intermediates.noindex/GeneratedModuleMaps-iphonesimulator/GoogleUtilities-UserDefaults.modulemap -Xcc -fmodule-map-file\=/Users/jaigaurav/Library/Developer/Xcode/DerivedData/Broccoli-eapieicfqwxippexlubxawpdfesp/Build/Intermediates.noindex/GeneratedModuleMaps-iphonesimulator/nanopb.modulemap -Xcc -fmodule-map-file\=/Users/jaigaurav/Library/Developer/Xcode/DerivedData/Broccoli-eapieicfqwxippexlubxawpdfesp/Build/Intermediates.noindex/GeneratedModuleMaps-iphonesimulator/GoogleDataTransport.modulemap -Xcc -fmodule-map-file\=/Users/jaigaurav/Library/Developer/Xcode/DerivedData/Broccoli-eapieicfqwxippexlubxawpdfesp/Build/Intermediates.noindex/GeneratedModuleMaps-iphonesimulator/FirebaseSessionsObjC.modulemap -Xcc -fmodule-map-file\=/Users/jaigaurav/Library/Developer/Xcode/DerivedData/Broccoli-eapieicfqwxippexlubxawpdfesp/Build/Intermediates.noindex/GeneratedModuleMaps-iphonesimulator/FirebaseCoreExtension.modulemap -Xcc -fmodule-map-file\=/Users/jaigaurav/Library/Developer/Xcode/DerivedData/Broccoli-eapieicfqwxippexlubxawpdfesp/Build/Intermediates.noindex/GeneratedModuleMaps-iphonesimulator/FirebaseInstallations.modulemap -Xcc -fmodule-map-file\=/Users/jaigaurav/Library/Developer/Xcode/DerivedData/Broccoli-eapieicfqwxippexlubxawpdfesp/Build/Intermediates.noindex/GeneratedModuleMaps-iphonesimulator/FirebaseCore.modulemap -Xcc -fmodule-map-file\=/Users/jaigaurav/Library/Developer/Xcode/DerivedData/Broccoli-eapieicfqwxippexlubxawpdfesp/Build/Intermediates.noindex/GeneratedModuleMaps-iphonesimulator/FirebaseCrashlytics.modulemap -default-isolation\=MainActor -enable-bare-slash-regex -enable-upcoming-feature DisableOutwardActorInference -enable-upcoming-feature InferSendableFromCaptures -enable-upcoming-feature GlobalActorIsolatedTypesUsability -enable-upcoming-feature MemberImportVisibility -enable-upcoming-feature InferIsolatedConformances -enable-upcoming-feature NonisolatedNonsendingByDefault -enable-experimental-feature DebugDescriptionMacro -sdk /Applications/Xcode.app/Contents/Developer/Platforms/iPhoneSimulator.platform/Developer/SDKs/iPhoneSimulator26.5.sdk -target x86_64-apple-ios17.6-simulator -g -module-cache-path /Users/jaigaurav/Library/Developer/Xcode/DerivedData/ModuleCache.noindex -Xfrontend -serialize-debugging-options -profile-coverage-mapping -profile-generate -enable-testing -index-store-path /Users/jaigaurav/Library/Developer/Xcode/DerivedData/Broccoli-eapieicfqwxippexlubxawpdfesp/Index.noindex/DataStore -Xcc -D_LIBCPP_HARDENING_MODE\=_LIBCPP_HARDENING_MODE_DEBUG -swift-version 5 -I /Users/jaigaurav/Library/Developer/Xcode/DerivedData/Broccoli-eapieicfqwxippexlubxawpdfesp/Build/Products/Debug-iphonesimulator -F /Users/jaigaurav/Library/Developer/Xcode/DerivedData/Broccoli-eapieicfqwxippexlubxawpdfesp/Build/Products/Debug-iphonesimulator/PackageFrameworks -F /Users/jaigaurav/Library/Developer/Xcode/DerivedData/Broccoli-eapieicfqwxippexlubxawpdfesp/Build/Products/Debug-iphonesimulator/PackageFrameworks -F /Users/jaigaurav/Library/Developer/Xcode/DerivedData/Broccoli-eapieicfqwxippexlubxawpdfesp/Build/Products/Debug-iphonesimulator/PackageFrameworks -F /Users/jaigaurav/Library/Developer/Xcode/DerivedData/Broccoli-eapieicfqwxippexlubxawpdfesp/Build/Products/Debug-iphonesimulator/PackageFrameworks -F /Users/jaigaurav/Library/Developer/Xcode/DerivedData/Broccoli-eapieicfqwxippexlubxawpdfesp/Build/Products/Debug-iphonesimulator/PackageFrameworks -F /Users/jaigaurav/Library/Developer/Xcode/DerivedData/Broccoli-eapieicfqwxippexlubxawpdfesp/Build/Products/Debug-iphonesimulator/PackageFrameworks -F /Users/jaigaurav/Library/Developer/Xcode/DerivedData/Broccoli-eapieicfqwxippexlubxawpdfesp/Build/Products/Debug-iphonesimulator/PackageFrameworks -F /Users/jaigaurav/Library/Developer/Xcode/DerivedData/Broccoli-eapieicfqwxippexlubxawpdfesp/Build/Products/Debug-iphonesimulator/PackageFrameworks -F /Users/jaigaurav/Library/Developer/Xcode/DerivedData/Broccoli-eapieicfqwxippexlubxawpdfesp/Build/Products/Debug-iphonesimulator/PackageFrameworks -F /Users/jaigaurav/Library/Developer/Xcode/DerivedData/Broccoli-eapieicfqwxippexlubxawpdfesp/Build/Products/Debug-iphonesimulator/PackageFrameworks -F /Users/jaigaurav/Library/Developer/Xcode/DerivedData/Broccoli-eapieicfqwxippexlubxawpdfesp/Build/Products/Debug-iphonesimulator/PackageFrameworks -F /Users/jaigaurav/Library/Developer/Xcode/DerivedData/Broccoli-eapieicfqwxippexlubxawpdfesp/Build/Products/Debug-iphonesimulator/PackageFrameworks -F /Users/jaigaurav/Library/Developer/Xcode/DerivedData/Broccoli-eapieicfqwxippexlubxawpdfesp/Build/Products/Debug-iphonesimulator/PackageFrameworks -F /Users/jaigaurav/Library/Developer/Xcode/DerivedData/Broccoli-eapieicfqwxippexlubxawpdfesp/Build/Products/Debug-iphonesimulator/PackageFrameworks -F /Users/jaigaurav/Library/Developer/Xcode/DerivedData/Broccoli-eapieicfqwxippexlubxawpdfesp/Build/Products/Debug-iphonesimulator/PackageFrameworks -F /Users/jaigaurav/Library/Developer/Xcode/DerivedData/Broccoli-eapieicfqwxippexlubxawpdfesp/Build/Products/Debug-iphonesimulator/PackageFrameworks -F /Users/jaigaurav/Library/Developer/Xcode/DerivedData/Broccoli-eapieicfqwxippexlubxawpdfesp/Build/Products/Debug-iphonesimulator/PackageFrameworks -F /Users/jaigaurav/Library/Developer/Xcode/DerivedData/Broccoli-eapieicfqwxippexlubxawpdfesp/Build/Products/Debug-iphonesimulator/PackageFrameworks -F /Users/jaigaurav/Library/Developer/Xcode/DerivedData/Broccoli-eapieicfqwxippexlubxawpdfesp/Build/Products/Debug-iphonesimulator/PackageFrameworks -F /Users/jaigaurav/Library/Developer/Xcode/DerivedData/Broccoli-eapieicfqwxippexlubxawpdfesp/Build/Products/Debug-iphonesimulator/PackageFrameworks -F /Users/jaigaurav/Library/Developer/Xcode/DerivedData/Broccoli-eapieicfqwxippexlubxawpdfesp/Build/Products/Debug-iphonesimulator/PackageFrameworks -F /Users/jaigaurav/Library/Developer/Xcode/DerivedData/Broccoli-eapieicfqwxippexlubxawpdfesp/Build/Products/Debug-iphonesimulator/PackageFrameworks -F /Users/jaigaurav/Library/Developer/Xcode/DerivedData/Broccoli-eapieicfqwxippexlubxawpdfesp/Build/Products/Debug-iphonesimulator/PackageFrameworks -F /Users/jaigaurav/Library/Developer/Xcode/DerivedData/Broccoli-eapieicfqwxippexlubxawpdfesp/Build/Products/Debug-iphonesimulator/PackageFrameworks -F /Users/jaigaurav/Library/Developer/Xcode/DerivedData/Broccoli-eapieicfqwxippexlubxawpdfesp/Build/Products/Debug-iphonesimulator/PackageFrameworks -F /Users/jaigaurav/Library/Developer/Xcode/DerivedData/Broccoli-eapieicfqwxippexlubxawpdfesp/Build/Products/Debug-iphonesimulator/PackageFrameworks -F /Users/jaigaurav/Library/Developer/Xcode/DerivedData/Broccoli-eapieicfqwxippexlubxawpdfesp/Build/Products/Debug-iphonesimulator/PackageFrameworks -F /Users/jaigaurav/Library/Developer/Xcode/DerivedData/Broccoli-eapieicfqwxippexlubxawpdfesp/Build/Products/Debug-iphonesimulator/PackageFrameworks -F /Users/jaigaurav/Library/Developer/Xcode/DerivedData/Broccoli-eapieicfqwxippexlubxawpdfesp/Build/Products/Debug-iphonesimulator/PackageFrameworks -F /Users/jaigaurav/Library/Developer/Xcode/DerivedData/Broccoli-eapieicfqwxippexlubxawpdfesp/Build/Products/Debug-iphonesimulator/PackageFrameworks -F /Users/jaigaurav/Library/Developer/Xcode/DerivedData/Broccoli-eapieicfqwxippexlubxawpdfesp/Build/Products/Debug-iphonesimulator/PackageFrameworks -F /Users/jaigaurav/Library/Developer/Xcode/DerivedData/Broccoli-eapieicfqwxippexlubxawpdfesp/Build/Products/Debug-iphonesimulator/PackageFrameworks -F /Users/jaigaurav/Library/Developer/Xcode/DerivedData/Broccoli-eapieicfqwxippexlubxawpdfesp/Build/Products/Debug-iphonesimulator/PackageFrameworks -F /Users/jaigaurav/Library/Developer/Xcode/DerivedData/Broccoli-eapieicfqwxippexlubxawpdfesp/Build/Products/Debug-iphonesimulator/PackageFrameworks -F /Users/jaigaurav/Library/Developer/Xcode/DerivedData/Broccoli-eapieicfqwxippexlubxawpdfesp/Build/Products/Debug-iphonesimulator/PackageFrameworks -F /Users/jaigaurav/Library/Developer/Xcode/DerivedData/Broccoli-eapieicfqwxippexlubxawpdfesp/Build/Products/Debug-iphonesimulator/PackageFrameworks -F /Users/jaigaurav/Library/Developer/Xcode/DerivedData/Broccoli-eapieicfqwxippexlubxawpdfesp/Build/Products/Debug-iphonesimulator/PackageFrameworks -F /Users/jaigaurav/Library/Developer/Xcode/DerivedData/Broccoli-eapieicfqwxippexlubxawpdfesp/Build/Products/Debug-iphonesimulator/PackageFrameworks -F /Users/jaigaurav/Library/Developer/Xcode/DerivedData/Broccoli-eapieicfqwxippexlubxawpdfesp/Build/Products/Debug-iphonesimulator/PackageFrameworks -F /Users/jaigaurav/Library/Developer/Xcode/DerivedData/Broccoli-eapieicfqwxippexlubxawpdfesp/Build/Products/Debug-iphonesimulator/PackageFrameworks -F /Users/jaigaurav/Library/Developer/Xcode/DerivedData/Broccoli-eapieicfqwxippexlubxawpdfesp/Build/Products/Debug-iphonesimulator/PackageFrameworks -F /Users/jaigaurav/Library/Developer/Xcode/DerivedData/Broccoli-eapieicfqwxippexlubxawpdfesp/Build/Products/Debug-iphonesimulator/PackageFrameworks -F /Users/jaigaurav/Library/Developer/Xcode/DerivedData/Broccoli-eapieicfqwxippexlubxawpdfesp/Build/Products/Debug-iphonesimulator/PackageFrameworks -F /Users/jaigaurav/Library/Developer/Xcode/DerivedData/Broccoli-eapieicfqwxippexlubxawpdfesp/Build/Products/Debug-iphonesimulator/PackageFrameworks -F /Users/jaigaurav/Library/Developer/Xcode/DerivedData/Broccoli-eapieicfqwxippexlubxawpdfesp/Build/Products/Debug-iphonesimulator/PackageFrameworks -F /Users/jaigaurav/Library/Developer/Xcode/DerivedData/Broccoli-eapieicfqwxippexlubxawpdfesp/Build/Products/Debug-iphonesimulator -emit-localized-strings -emit-localized-strings-path /Users/jaigaurav/Library/Developer/Xcode/DerivedData/Broccoli-eapieicfqwxippexlubxawpdfesp/Build/Intermediates.noindex/Broccoli.build/Debug-iphonesimulator/Broccoli.build/Objects-normal/x86_64 -c -j8 -enable-batch-mode -incremental -Xcc -ivfsstatcache -Xcc /Users/jaigaurav/Library/Developer/Xcode/DerivedData/SDKStatCaches.noindex/iphonesimulator26.5-23F81a-6cfe768891a92b912361537c460fe42b.sdkstatcache -output-file-map /Users/jaigaurav/Library/Developer/Xcode/DerivedData/Broccoli-eapieicfqwxippexlubxawpdfesp/Build/Intermediates.noindex/Broccoli.build/Debug-iphonesimulator/Broccoli.build/Objects-normal/x86_64/Broccoli-OutputFileMap.json -use-frontend-parseable-output -save-temps -no-color-diagnostics -explicit-module-build -module-cache-path /Users/jaigaurav/Library/Developer/Xcode/DerivedData/Broccoli-eapieicfqwxippexlubxawpdfesp/Build/Intermediates.noindex/SwiftExplicitPrecompiledModules -clang-scanner-module-cache-path /Users/jaigaurav/Library/Developer/Xcode/DerivedData/ModuleCache.noindex -sdk-module-cache-path /Users/jaigaurav/Library/Developer/Xcode/DerivedData/ModuleCache.noindex -serialize-diagnostics -emit-dependencies -emit-module -emit-module-path /Users/jaigaurav/Library/Developer/Xcode/DerivedData/Broccoli-eapieicfqwxippexlubxawpdfesp/Build/Intermediates.noindex/Broccoli.build/Debug-iphonesimulator/Broccoli.build/Objects-normal/x86_64/Broccoli.swiftmodule -validate-clang-modules-once -clang-build-session-file /Users/jaigaurav/Library/Developer/Xcode/DerivedData/ModuleCache.noindex/Session.modulevalidation -Xcc -I/Users/jaigaurav/Library/Developer/Xcode/DerivedData/Broccoli-eapieicfqwxippexlubxawpdfesp/Build/Intermediates.noindex/Broccoli.build/Debug-iphonesimulator/Broccoli.build/swift-overrides.hmap -emit-const-values -Xfrontend -const-gather-protocols-file -Xfrontend /Users/jaigaurav/Library/Developer/Xcode/DerivedData/Broccoli-eapieicfqwxippexlubxawpdfesp/Build/Intermediates.noindex/Broccoli.build/Debug-iphonesimulator/Broccoli.build/Objects-normal/x86_64/Broccoli_const_extract_protocols.json -Xcc -iquote -Xcc /Users/jaigaurav/Library/Developer/Xcode/DerivedData/Broccoli-eapieicfqwxippexlubxawpdfesp/Build/Intermediates.noindex/Broccoli.build/Debug-iphonesimulator/Broccoli.build/Broccoli-generated-files.hmap -Xcc -I/Users/jaigaurav/Library/Developer/Xcode/DerivedData/Broccoli-eapieicfqwxippexlubxawpdfesp/Build/Intermediates.noindex/Broccoli.build/Debug-iphonesimulator/Broccoli.build/Broccoli-own-target-headers.hmap -Xcc -I/Users/jaigaurav/Library/Developer/Xcode/DerivedData/Broccoli-eapieicfqwxippexlubxawpdfesp/Build/Intermediates.noindex/Broccoli.build/Debug-iphonesimulator/Broccoli.build/Broccoli-all-non-framework-target-headers.hmap -Xcc -ivfsoverlay -Xcc /Users/jaigaurav/Library/Developer/Xcode/DerivedData/Broccoli-eapieicfqwxippexlubxawpdfesp/Build/Intermediates.noindex/Broccoli.build/Debug-iphonesimulator/Broccoli-b570dedc7e9dc92657e4abeab955b46f-VFS-iphonesimulator/all-product-headers.yaml -Xcc -iquote -Xcc /Users/jaigaurav/Library/Developer/Xcode/DerivedData/Broccoli-eapieicfqwxippexlubxawpdfesp/Build/Intermediates.noindex/Broccoli.build/Debug-iphonesimulator/Broccoli.build/Broccoli-project-headers.hmap -Xcc -I/Users/jaigaurav/Library/Developer/Xcode/DerivedData/Broccoli-eapieicfqwxippexlubxawpdfesp/SourcePackages/checkouts/GoogleUtilities/GoogleUtilities/Network/Public -Xcc -I/Users/jaigaurav/Library/Developer/Xcode/DerivedData/Broccoli-eapieicfqwxippexlubxawpdfesp/SourcePackages/checkouts/GoogleUtilities/GoogleUtilities/AppDelegateSwizzler/Public -Xcc -I/Users/jaigaurav/Library/Developer/Xcode/DerivedData/Broccoli-eapieicfqwxippexlubxawpdfesp/SourcePackages/checkouts/GoogleUtilities/GoogleUtilities/Reachability/Public -Xcc -I/Users/jaigaurav/Library/Developer/Xcode/DerivedData/Broccoli-eapieicfqwxippexlubxawpdfesp/SourcePackages/checkouts/firebase-ios-sdk/FirebaseMessaging/Sources/Public -Xcc -I/Users/jaigaurav/Library/Developer/Xcode/DerivedData/Broccoli-eapieicfqwxippexlubxawpdfesp/SourcePackages/checkouts/AppAuth-iOS/Sources/AppAuth -Xcc -I/Users/jaigaurav/Library/Developer/Xcode/DerivedData/Broccoli-eapieicfqwxippexlubxawpdfesp/SourcePackages/checkouts/AppAuth-iOS/Sources/AppAuthCore -Xcc -I/Users/jaigaurav/Library/Developer/Xcode/DerivedData/Broccoli-eapieicfqwxippexlubxawpdfesp/SourcePackages/checkouts/app-check/AppCheckCore/Sources/Public -Xcc -I/Users/jaigaurav/Library/Developer/Xcode/DerivedData/Broccoli-eapieicfqwxippexlubxawpdfesp/SourcePackages/checkouts/gtm-session-fetcher/Sources/Core/Public -Xcc -I/Users/jaigaurav/Library/Developer/Xcode/DerivedData/Broccoli-eapieicfqwxippexlubxawpdfesp/SourcePackages/checkouts/GoogleSignIn-iOS/GoogleSignIn/Sources/Public -Xcc -I/Users/jaigaurav/Library/Developer/Xcode/DerivedData/Broccoli-eapieicfqwxippexlubxawpdfesp/SourcePackages/checkouts/stripe-ios-spm/Stripe3DS2/Stripe3DS2/include -Xcc -I/Users/jaigaurav/Library/Developer/Xcode/DerivedData/Broccoli-eapieicfqwxippexlubxawpdfesp/SourcePackages/checkouts/GoogleUtilities/GoogleUtilities/NSData+zlib/Public -Xcc -I/Users/jaigaurav/Library/Developer/Xcode/DerivedData/Broccoli-eapieicfqwxippexlubxawpdfesp/SourcePackages/checkouts/GoogleUtilities/GoogleUtilities/Logger/Public -Xcc -I/Users/jaigaurav/Library/Developer/Xcode/DerivedData/Broccoli-eapieicfqwxippexlubxawpdfesp/SourcePackages/checkouts/GoogleUtilities/GoogleUtilities/Environment/Public -Xcc -I/Users/jaigaurav/Library/Developer/Xcode/DerivedData/Broccoli-eapieicfqwxippexlubxawpdfesp/SourcePackages/checkouts/GoogleUtilities/third_party/IsAppEncrypted/Public -Xcc -I/Users/jaigaurav/Library/Developer/Xcode/DerivedData/Broccoli-eapieicfqwxippexlubxawpdfesp/SourcePackages/checkouts/GoogleUtilities/GoogleUtilities/UserDefaults/Public -Xcc -I/Users/jaigaurav/Library/Developer/Xcode/DerivedData/Broccoli-eapieicfqwxippexlubxawpdfesp/SourcePackages/checkouts/nanopb/spm_headers -Xcc -I/Users/jaigaurav/Library/Developer/Xcode/DerivedData/Broccoli-eapieicfqwxippexlubxawpdfesp/SourcePackages/checkouts/promises/Sources/FBLPromises/include -Xcc -I/Users/jaigaurav/Library/Developer/Xcode/DerivedData/Broccoli-eapieicfqwxippexlubxawpdfesp/SourcePackages/checkouts/GoogleDataTransport/GoogleDataTransport/GDTCORLibrary/Public -Xcc -I/Users/jaigaurav/Library/Developer/Xcode/DerivedData/Broccoli-eapieicfqwxippexlubxawpdfesp/SourcePackages/checkouts/firebase-ios-sdk/FirebaseSessions/SourcesObjC -Xcc -I/Users/jaigaurav/Library/Developer/Xcode/DerivedData/Broccoli-eapieicfqwxippexlubxawpdfesp/SourcePackages/checkouts/firebase-ios-sdk/FirebaseCore/Extension -Xcc -I/Users/jaigaurav/Library/Developer/Xcode/DerivedData/Broccoli-eapieicfqwxippexlubxawpdfesp/SourcePackages/checkouts/firebase-ios-sdk/FirebaseInstallations/Source/Library/Public -Xcc -I/Users/jaigaurav/Library/Developer/Xcode/DerivedData/Broccoli-eapieicfqwxippexlubxawpdfesp/SourcePackages/checkouts/firebase-ios-sdk/FirebaseCore/Sources/Public -Xcc -I/Users/jaigaurav/Library/Developer/Xcode/DerivedData/Broccoli-eapieicfqwxippexlubxawpdfesp/SourcePackages/checkouts/firebase-ios-sdk/CoreOnly/Sources -Xcc -I/Users/jaigaurav/Library/Developer/Xcode/DerivedData/Broccoli-eapieicfqwxippexlubxawpdfesp/SourcePackages/checkouts/firebase-ios-sdk/Crashlytics/Crashlytics/Public -Xcc -I/Users/jaigaurav/Library/Developer/Xcode/DerivedData/Broccoli-eapieicfqwxippexlubxawpdfesp/Build/Products/Debug-iphonesimulator/include -Xcc -I/Users/jaigaurav/Library/Developer/Xcode/DerivedData/Broccoli-eapieicfqwxippexlubxawpdfesp/Build/Intermediates.noindex/Broccoli.build/Debug-iphonesimulator/Broccoli.build/DerivedSources-normal/x86_64 -Xcc -I/Users/jaigaurav/Library/Developer/Xcode/DerivedData/Broccoli-eapieicfqwxippexlubxawpdfesp/Build/Intermediates.noindex/Broccoli.build/Debug-iphonesimulator/Broccoli.build/DerivedSources/x86_64 -Xcc -I/Users/jaigaurav/Library/Developer/Xcode/DerivedData/Broccoli-eapieicfqwxippexlubxawpdfesp/Build/Intermediates.noindex/Broccoli.build/Debug-iphonesimulator/Broccoli.build/DerivedSources -Xcc -DDEBUG\=1 -emit-objc-header -emit-objc-header-path /Users/jaigaurav/Library/Developer/Xcode/DerivedData/Broccoli-eapieicfqwxippexlubxawpdfesp/Build/Intermediates.noindex/Broccoli.build/Debug-iphonesimulator/Broccoli.build/Objects-normal/x86_64/Broccoli-Swift.h -working-directory /Volumes/jaigaurav17-001/Projects/iOS/Broccoli -experimental-emit-module-separately -disable-cmo

SwiftDriverJobDiscovery normal x86_64 Compiling ChatBookingCardView.swift, ChatBubbleView.swift, ChatComposerView.swift, ChatQuickRepliesView.swift, ChatReminderCardView.swift, StarterChipsView.swift, TypingIndicatorView.swift (in target 'Broccoli' from project 'Broccoli')

SwiftCompile normal arm64 Compiling\ SpecialtyListView.swift,\ EditPatientProfileView.swift,\ PatientProfileDetailView.swift,\ ProfileView.swift,\ StaticPageView.swift,\ DoctorNotesFormView.swift,\ ContentView.swift /Volumes/jaigaurav17-001/Projects/iOS/Broccoli/Broccoli/Features/Patient/SpecialtyListView.swift /Volumes/jaigaurav17-001/Projects/iOS/Broccoli/Broccoli/Features/Profile/EditPatientProfileView.swift /Volumes/jaigaurav17-001/Projects/iOS/Broccoli/Broccoli/Features/Profile/PatientProfileDetailView.swift /Volumes/jaigaurav17-001/Projects/iOS/Broccoli/Broccoli/Features/Profile/ProfileView.swift /Volumes/jaigaurav17-001/Projects/iOS/Broccoli/Broccoli/Features/StaticPages/StaticPageView.swift /Volumes/jaigaurav17-001/Projects/iOS/Broccoli/Broccoli/Features/VideoCall/DoctorNotesFormView.swift /Volumes/jaigaurav17-001/Projects/iOS/Broccoli/Broccoli/ContentView.swift (in target 'Broccoli' from project 'Broccoli')
SwiftCompile normal arm64 /Volumes/jaigaurav17-001/Projects/iOS/Broccoli/Broccoli/Features/Patient/SpecialtyListView.swift (in target 'Broccoli' from project 'Broccoli')
    cd /Volumes/jaigaurav17-001/Projects/iOS/Broccoli
    
/Users/jaigaurav/Library/Developer/Xcode/DerivedData/Broccoli-eapieicfqwxippexlubxawpdfesp/Build/Intermediates.noindex/Broccoli.build/Debug-iphonesimulator/Broccoli.build/DerivedSources/GeneratedAssetSymbols.swift:739:14: warning: The "Primary" color asset name resolves to a conflicting Color symbol "primary". Try renaming the asset.
    #warning("The \"Primary\" color asset name resolves to a conflicting Color symbol \"primary\". Try renaming the asset.")
             ^~~~~~~~~~~~~~~~~~~~~~~~~~~~~~~~~~~~~~~~~~~~~~~~~~~~~~~~~~~~~~~~~~~~~~~~~~~~~~~~~~~~~~~~~~~~~~~~~~~~~~~~~~~~~~
/Users/jaigaurav/Library/Developer/Xcode/DerivedData/Broccoli-eapieicfqwxippexlubxawpdfesp/Build/Intermediates.noindex/Broccoli.build/Debug-iphonesimulator/Broccoli.build/DerivedSources/GeneratedAssetSymbols.swift:747:14: warning: The "Secondary" color asset name resolves to a conflicting Color symbol "secondary". Try renaming the asset.
    #warning("The \"Secondary\" color asset name resolves to a conflicting Color symbol \"secondary\". Try renaming the asset.")
             ^~~~~~~~~~~~~~~~~~~~~~~~~~~~~~~~~~~~~~~~~~~~~~~~~~~~~~~~~~~~~~~~~~~~~~~~~~~~~~~~~~~~~~~~~~~~~~~~~~~~~~~~~~~~~~~~~~

SwiftCompile normal arm64 /Volumes/jaigaurav17-001/Projects/iOS/Broccoli/Broccoli/Features/Profile/EditPatientProfileView.swift (in target 'Broccoli' from project 'Broccoli')
    cd /Volumes/jaigaurav17-001/Projects/iOS/Broccoli
    
/Volumes/jaigaurav17-001/Projects/iOS/Broccoli/Broccoli/Features/Profile/EditPatientProfileView.swift:411:10: warning: 'onChange(of:perform:)' was deprecated in iOS 17.0: Use `onChange` with a two or zero parameter action closure instead.
        .onChange(of: photoPickerItem) { item in
         ^

SwiftCompile normal arm64 /Volumes/jaigaurav17-001/Projects/iOS/Broccoli/Broccoli/Features/Profile/PatientProfileDetailView.swift (in target 'Broccoli' from project 'Broccoli')
    cd /Volumes/jaigaurav17-001/Projects/iOS/Broccoli
    

SwiftCompile normal arm64 /Volumes/jaigaurav17-001/Projects/iOS/Broccoli/Broccoli/Features/Profile/ProfileView.swift (in target 'Broccoli' from project 'Broccoli')
    cd /Volumes/jaigaurav17-001/Projects/iOS/Broccoli
    

SwiftCompile normal arm64 /Volumes/jaigaurav17-001/Projects/iOS/Broccoli/Broccoli/Features/StaticPages/StaticPageView.swift (in target 'Broccoli' from project 'Broccoli')
    cd /Volumes/jaigaurav17-001/Projects/iOS/Broccoli
    

SwiftCompile normal arm64 /Volumes/jaigaurav17-001/Projects/iOS/Broccoli/Broccoli/Features/VideoCall/DoctorNotesFormView.swift (in target 'Broccoli' from project 'Broccoli')
    cd /Volumes/jaigaurav17-001/Projects/iOS/Broccoli
    

SwiftCompile normal arm64 /Volumes/jaigaurav17-001/Projects/iOS/Broccoli/Broccoli/ContentView.swift (in target 'Broccoli' from project 'Broccoli')
    cd /Volumes/jaigaurav17-001/Projects/iOS/Broccoli
    

SwiftDriverJobDiscovery normal arm64 Emitting module for Broccoli (in target 'Broccoli' from project 'Broccoli')

SwiftDriver\ Compilation\ Requirements Broccoli normal arm64 com.apple.xcode.tools.swift.compiler (in target 'Broccoli' from project 'Broccoli')
    cd /Volumes/jaigaurav17-001/Projects/iOS/Broccoli
    builtin-Swift-Compilation-Requirements -- /Applications/Xcode.app/Contents/Developer/Toolchains/XcodeDefault.xctoolchain/usr/bin/swiftc -module-name Broccoli -Onone @/Users/jaigaurav/Library/Developer/Xcode/DerivedData/Broccoli-eapieicfqwxippexlubxawpdfesp/Build/Intermediates.noindex/Broccoli.build/Debug-iphonesimulator/Broccoli.build/Objects-normal/arm64/Broccoli.SwiftFileList -DDEBUG -Xcc -fmodule-map-file\=/Users/jaigaurav/Library/Developer/Xcode/DerivedData/Broccoli-eapieicfqwxippexlubxawpdfesp/Build/Intermediates.noindex/GeneratedModuleMaps-iphonesimulator/GoogleUtilities-Network.modulemap -Xcc -fmodule-map-file\=/Users/jaigaurav/Library/Developer/Xcode/DerivedData/Broccoli-eapieicfqwxippexlubxawpdfesp/Build/Intermediates.noindex/GeneratedModuleMaps-iphonesimulator/GoogleUtilities-AppDelegateSwizzler.modulemap -Xcc -fmodule-map-file\=/Users/jaigaurav/Library/Developer/Xcode/DerivedData/Broccoli-eapieicfqwxippexlubxawpdfesp/Build/Intermediates.noindex/GeneratedModuleMaps-iphonesimulator/GoogleUtilities-Reachability.modulemap -Xcc -fmodule-map-file\=/Users/jaigaurav/Library/Developer/Xcode/DerivedData/Broccoli-eapieicfqwxippexlubxawpdfesp/Build/Intermediates.noindex/GeneratedModuleMaps-iphonesimulator/FirebaseMessaging.modulemap -Xcc -fmodule-map-file\=/Users/jaigaurav/Library/Developer/Xcode/DerivedData/Broccoli-eapieicfqwxippexlubxawpdfesp/Build/Intermediates.noindex/GeneratedModuleMaps-iphonesimulator/AppAuth.modulemap -Xcc -fmodule-map-file\=/Users/jaigaurav/Library/Developer/Xcode/DerivedData/Broccoli-eapieicfqwxippexlubxawpdfesp/Build/Intermediates.noindex/GeneratedModuleMaps-iphonesimulator/AppAuthCore.modulemap -Xcc -fmodule-map-file\=/Users/jaigaurav/Library/Developer/Xcode/DerivedData/Broccoli-eapieicfqwxippexlubxawpdfesp/Build/Intermediates.noindex/GeneratedModuleMaps-iphonesimulator/AppCheckCore.modulemap -Xcc -fmodule-map-file\=/Users/jaigaurav/Library/Developer/Xcode/DerivedData/Broccoli-eapieicfqwxippexlubxawpdfesp/Build/Intermediates.noindex/GeneratedModuleMaps-iphonesimulator/GTMSessionFetcherCore.modulemap -Xcc -fmodule-map-file\=/Users/jaigaurav/Library/Developer/Xcode/DerivedData/Broccoli-eapieicfqwxippexlubxawpdfesp/Build/Intermediates.noindex/GeneratedModuleMaps-iphonesimulator/GoogleSignIn.modulemap -Xcc -fmodule-map-file\=/Users/jaigaurav/Library/Developer/Xcode/DerivedData/Broccoli-eapieicfqwxippexlubxawpdfesp/Build/Intermediates.noindex/GeneratedModuleMaps-iphonesimulator/Stripe3DS2.modulemap -Xcc -fmodule-map-file\=/Users/jaigaurav/Library/Developer/Xcode/DerivedData/Broccoli-eapieicfqwxippexlubxawpdfesp/Build/Intermediates.noindex/GeneratedModuleMaps-iphonesimulator/GoogleUtilities-NSData.modulemap -Xcc -fmodule-map-file\=/Users/jaigaurav/Library/Developer/Xcode/DerivedData/Broccoli-eapieicfqwxippexlubxawpdfesp/Build/Intermediates.noindex/GeneratedModuleMaps-iphonesimulator/GoogleUtilities-Logger.modulemap -Xcc -fmodule-map-file\=/Users/jaigaurav/Library/Developer/Xcode/DerivedData/Broccoli-eapieicfqwxippexlubxawpdfesp/Build/Intermediates.noindex/GeneratedModuleMaps-iphonesimulator/GoogleUtilities-Environment.modulemap -Xcc -fmodule-map-file\=/Users/jaigaurav/Library/Developer/Xcode/DerivedData/Broccoli-eapieicfqwxippexlubxawpdfesp/Build/Intermediates.noindex/GeneratedModuleMaps-iphonesimulator/third-party-IsAppEncrypted.modulemap -Xcc -fmodule-map-file\=/Users/jaigaurav/Library/Developer/Xcode/DerivedData/Broccoli-eapieicfqwxippexlubxawpdfesp/Build/Intermediates.noindex/GeneratedModuleMaps-iphonesimulator/GoogleUtilities-UserDefaults.modulemap -Xcc -fmodule-map-file\=/Users/jaigaurav/Library/Developer/Xcode/DerivedData/Broccoli-eapieicfqwxippexlubxawpdfesp/Build/Intermediates.noindex/GeneratedModuleMaps-iphonesimulator/nanopb.modulemap -Xcc -fmodule-map-file\=/Users/jaigaurav/Library/Developer/Xcode/DerivedData/Broccoli-eapieicfqwxippexlubxawpdfesp/Build/Intermediates.noindex/GeneratedModuleMaps-iphonesimulator/GoogleDataTransport.modulemap -Xcc -fmodule-map-file\=/Users/jaigaurav/Library/Developer/Xcode/DerivedData/Broccoli-eapieicfqwxippexlubxawpdfesp/Build/Intermediates.noindex/GeneratedModuleMaps-iphonesimulator/FirebaseSessionsObjC.modulemap -Xcc -fmodule-map-file\=/Users/jaigaurav/Library/Developer/Xcode/DerivedData/Broccoli-eapieicfqwxippexlubxawpdfesp/Build/Intermediates.noindex/GeneratedModuleMaps-iphonesimulator/FirebaseCoreExtension.modulemap -Xcc -fmodule-map-file\=/Users/jaigaurav/Library/Developer/Xcode/DerivedData/Broccoli-eapieicfqwxippexlubxawpdfesp/Build/Intermediates.noindex/GeneratedModuleMaps-iphonesimulator/FirebaseInstallations.modulemap -Xcc -fmodule-map-file\=/Users/jaigaurav/Library/Developer/Xcode/DerivedData/Broccoli-eapieicfqwxippexlubxawpdfesp/Build/Intermediates.noindex/GeneratedModuleMaps-iphonesimulator/FirebaseCore.modulemap -Xcc -fmodule-map-file\=/Users/jaigaurav/Library/Developer/Xcode/DerivedData/Broccoli-eapieicfqwxippexlubxawpdfesp/Build/Intermediates.noindex/GeneratedModuleMaps-iphonesimulator/FirebaseCrashlytics.modulemap -default-isolation\=MainActor -enable-bare-slash-regex -enable-upcoming-feature DisableOutwardActorInference -enable-upcoming-feature InferSendableFromCaptures -enable-upcoming-feature GlobalActorIsolatedTypesUsability -enable-upcoming-feature MemberImportVisibility -enable-upcoming-feature InferIsolatedConformances -enable-upcoming-feature NonisolatedNonsendingByDefault -enable-experimental-feature DebugDescriptionMacro -sdk /Applications/Xcode.app/Contents/Developer/Platforms/iPhoneSimulator.platform/Developer/SDKs/iPhoneSimulator26.5.sdk -target arm64-apple-ios17.6-simulator -g -module-cache-path /Users/jaigaurav/Library/Developer/Xcode/DerivedData/ModuleCache.noindex -Xfrontend -serialize-debugging-options -profile-coverage-mapping -profile-generate -enable-testing -index-store-path /Users/jaigaurav/Library/Developer/Xcode/DerivedData/Broccoli-eapieicfqwxippexlubxawpdfesp/Index.noindex/DataStore -Xcc -D_LIBCPP_HARDENING_MODE\=_LIBCPP_HARDENING_MODE_DEBUG -swift-version 5 -I /Users/jaigaurav/Library/Developer/Xcode/DerivedData/Broccoli-eapieicfqwxippexlubxawpdfesp/Build/Products/Debug-iphonesimulator -F /Users/jaigaurav/Library/Developer/Xcode/DerivedData/Broccoli-eapieicfqwxippexlubxawpdfesp/Build/Products/Debug-iphonesimulator/PackageFrameworks -F /Users/jaigaurav/Library/Developer/Xcode/DerivedData/Broccoli-eapieicfqwxippexlubxawpdfesp/Build/Products/Debug-iphonesimulator/PackageFrameworks -F /Users/jaigaurav/Library/Developer/Xcode/DerivedData/Broccoli-eapieicfqwxippexlubxawpdfesp/Build/Products/Debug-iphonesimulator/PackageFrameworks -F /Users/jaigaurav/Library/Developer/Xcode/DerivedData/Broccoli-eapieicfqwxippexlubxawpdfesp/Build/Products/Debug-iphonesimulator/PackageFrameworks -F /Users/jaigaurav/Library/Developer/Xcode/DerivedData/Broccoli-eapieicfqwxippexlubxawpdfesp/Build/Products/Debug-iphonesimulator/PackageFrameworks -F /Users/jaigaurav/Library/Developer/Xcode/DerivedData/Broccoli-eapieicfqwxippexlubxawpdfesp/Build/Products/Debug-iphonesimulator/PackageFrameworks -F /Users/jaigaurav/Library/Developer/Xcode/DerivedData/Broccoli-eapieicfqwxippexlubxawpdfesp/Build/Products/Debug-iphonesimulator/PackageFrameworks -F /Users/jaigaurav/Library/Developer/Xcode/DerivedData/Broccoli-eapieicfqwxippexlubxawpdfesp/Build/Products/Debug-iphonesimulator/PackageFrameworks -F /Users/jaigaurav/Library/Developer/Xcode/DerivedData/Broccoli-eapieicfqwxippexlubxawpdfesp/Build/Products/Debug-iphonesimulator/PackageFrameworks -F /Users/jaigaurav/Library/Developer/Xcode/DerivedData/Broccoli-eapieicfqwxippexlubxawpdfesp/Build/Products/Debug-iphonesimulator/PackageFrameworks -F /Users/jaigaurav/Library/Developer/Xcode/DerivedData/Broccoli-eapieicfqwxippexlubxawpdfesp/Build/Products/Debug-iphonesimulator/PackageFrameworks -F /Users/jaigaurav/Library/Developer/Xcode/DerivedData/Broccoli-eapieicfqwxippexlubxawpdfesp/Build/Products/Debug-iphonesimulator/PackageFrameworks -F /Users/jaigaurav/Library/Developer/Xcode/DerivedData/Broccoli-eapieicfqwxippexlubxawpdfesp/Build/Products/Debug-iphonesimulator/PackageFrameworks -F /Users/jaigaurav/Library/Developer/Xcode/DerivedData/Broccoli-eapieicfqwxippexlubxawpdfesp/Build/Products/Debug-iphonesimulator/PackageFrameworks -F /Users/jaigaurav/Library/Developer/Xcode/DerivedData/Broccoli-eapieicfqwxippexlubxawpdfesp/Build/Products/Debug-iphonesimulator/PackageFrameworks -F /Users/jaigaurav/Library/Developer/Xcode/DerivedData/Broccoli-eapieicfqwxippexlubxawpdfesp/Build/Products/Debug-iphonesimulator/PackageFrameworks -F /Users/jaigaurav/Library/Developer/Xcode/DerivedData/Broccoli-eapieicfqwxippexlubxawpdfesp/Build/Products/Debug-iphonesimulator/PackageFrameworks -F /Users/jaigaurav/Library/Developer/Xcode/DerivedData/Broccoli-eapieicfqwxippexlubxawpdfesp/Build/Products/Debug-iphonesimulator/PackageFrameworks -F /Users/jaigaurav/Library/Developer/Xcode/DerivedData/Broccoli-eapieicfqwxippexlubxawpdfesp/Build/Products/Debug-iphonesimulator/PackageFrameworks -F /Users/jaigaurav/Library/Developer/Xcode/DerivedData/Broccoli-eapieicfqwxippexlubxawpdfesp/Build/Products/Debug-iphonesimulator/PackageFrameworks -F /Users/jaigaurav/Library/Developer/Xcode/DerivedData/Broccoli-eapieicfqwxippexlubxawpdfesp/Build/Products/Debug-iphonesimulator/PackageFrameworks -F /Users/jaigaurav/Library/Developer/Xcode/DerivedData/Broccoli-eapieicfqwxippexlubxawpdfesp/Build/Products/Debug-iphonesimulator/PackageFrameworks -F /Users/jaigaurav/Library/Developer/Xcode/DerivedData/Broccoli-eapieicfqwxippexlubxawpdfesp/Build/Products/Debug-iphonesimulator/PackageFrameworks -F /Users/jaigaurav/Library/Developer/Xcode/DerivedData/Broccoli-eapieicfqwxippexlubxawpdfesp/Build/Products/Debug-iphonesimulator/PackageFrameworks -F /Users/jaigaurav/Library/Developer/Xcode/DerivedData/Broccoli-eapieicfqwxippexlubxawpdfesp/Build/Products/Debug-iphonesimulator/PackageFrameworks -F /Users/jaigaurav/Library/Developer/Xcode/DerivedData/Broccoli-eapieicfqwxippexlubxawpdfesp/Build/Products/Debug-iphonesimulator/PackageFrameworks -F /Users/jaigaurav/Library/Developer/Xcode/DerivedData/Broccoli-eapieicfqwxippexlubxawpdfesp/Build/Products/Debug-iphonesimulator/PackageFrameworks -F /Users/jaigaurav/Library/Developer/Xcode/DerivedData/Broccoli-eapieicfqwxippexlubxawpdfesp/Build/Products/Debug-iphonesimulator/PackageFrameworks -F /Users/jaigaurav/Library/Developer/Xcode/DerivedData/Broccoli-eapieicfqwxippexlubxawpdfesp/Build/Products/Debug-iphonesimulator/PackageFrameworks -F /Users/jaigaurav/Library/Developer/Xcode/DerivedData/Broccoli-eapieicfqwxippexlubxawpdfesp/Build/Products/Debug-iphonesimulator/PackageFrameworks -F /Users/jaigaurav/Library/Developer/Xcode/DerivedData/Broccoli-eapieicfqwxippexlubxawpdfesp/Build/Products/Debug-iphonesimulator/PackageFrameworks -F /Users/jaigaurav/Library/Developer/Xcode/DerivedData/Broccoli-eapieicfqwxippexlubxawpdfesp/Build/Products/Debug-iphonesimulator/PackageFrameworks -F /Users/jaigaurav/Library/Developer/Xcode/DerivedData/Broccoli-eapieicfqwxippexlubxawpdfesp/Build/Products/Debug-iphonesimulator/PackageFrameworks -F /Users/jaigaurav/Library/Developer/Xcode/DerivedData/Broccoli-eapieicfqwxippexlubxawpdfesp/Build/Products/Debug-iphonesimulator/PackageFrameworks -F /Users/jaigaurav/Library/Developer/Xcode/DerivedData/Broccoli-eapieicfqwxippexlubxawpdfesp/Build/Products/Debug-iphonesimulator/PackageFrameworks -F /Users/jaigaurav/Library/Developer/Xcode/DerivedData/Broccoli-eapieicfqwxippexlubxawpdfesp/Build/Products/Debug-iphonesimulator/PackageFrameworks -F /Users/jaigaurav/Library/Developer/Xcode/DerivedData/Broccoli-eapieicfqwxippexlubxawpdfesp/Build/Products/Debug-iphonesimulator/PackageFrameworks -F /Users/jaigaurav/Library/Developer/Xcode/DerivedData/Broccoli-eapieicfqwxippexlubxawpdfesp/Build/Products/Debug-iphonesimulator/PackageFrameworks -F /Users/jaigaurav/Library/Developer/Xcode/DerivedData/Broccoli-eapieicfqwxippexlubxawpdfesp/Build/Products/Debug-iphonesimulator/PackageFrameworks -F /Users/jaigaurav/Library/Developer/Xcode/DerivedData/Broccoli-eapieicfqwxippexlubxawpdfesp/Build/Products/Debug-iphonesimulator/PackageFrameworks -F /Users/jaigaurav/Library/Developer/Xcode/DerivedData/Broccoli-eapieicfqwxippexlubxawpdfesp/Build/Products/Debug-iphonesimulator/PackageFrameworks -F /Users/jaigaurav/Library/Developer/Xcode/DerivedData/Broccoli-eapieicfqwxippexlubxawpdfesp/Build/Products/Debug-iphonesimulator/PackageFrameworks -F /Users/jaigaurav/Library/Developer/Xcode/DerivedData/Broccoli-eapieicfqwxippexlubxawpdfesp/Build/Products/Debug-iphonesimulator/PackageFrameworks -F /Users/jaigaurav/Library/Developer/Xcode/DerivedData/Broccoli-eapieicfqwxippexlubxawpdfesp/Build/Products/Debug-iphonesimulator/PackageFrameworks -F /Users/jaigaurav/Library/Developer/Xcode/DerivedData/Broccoli-eapieicfqwxippexlubxawpdfesp/Build/Products/Debug-iphonesimulator/PackageFrameworks -F /Users/jaigaurav/Library/Developer/Xcode/DerivedData/Broccoli-eapieicfqwxippexlubxawpdfesp/Build/Products/Debug-iphonesimulator -emit-localized-strings -emit-localized-strings-path /Users/jaigaurav/Library/Developer/Xcode/DerivedData/Broccoli-eapieicfqwxippexlubxawpdfesp/Build/Intermediates.noindex/Broccoli.build/Debug-iphonesimulator/Broccoli.build/Objects-normal/arm64 -c -j8 -enable-batch-mode -incremental -Xcc -ivfsstatcache -Xcc /Users/jaigaurav/Library/Developer/Xcode/DerivedData/SDKStatCaches.noindex/iphonesimulator26.5-23F81a-6cfe768891a92b912361537c460fe42b.sdkstatcache -output-file-map /Users/jaigaurav/Library/Developer/Xcode/DerivedData/Broccoli-eapieicfqwxippexlubxawpdfesp/Build/Intermediates.noindex/Broccoli.build/Debug-iphonesimulator/Broccoli.build/Objects-normal/arm64/Broccoli-OutputFileMap.json -use-frontend-parseable-output -save-temps -no-color-diagnostics -explicit-module-build -module-cache-path /Users/jaigaurav/Library/Developer/Xcode/DerivedData/Broccoli-eapieicfqwxippexlubxawpdfesp/Build/Intermediates.noindex/SwiftExplicitPrecompiledModules -clang-scanner-module-cache-path /Users/jaigaurav/Library/Developer/Xcode/DerivedData/ModuleCache.noindex -sdk-module-cache-path /Users/jaigaurav/Library/Developer/Xcode/DerivedData/ModuleCache.noindex -serialize-diagnostics -emit-dependencies -emit-module -emit-module-path /Users/jaigaurav/Library/Developer/Xcode/DerivedData/Broccoli-eapieicfqwxippexlubxawpdfesp/Build/Intermediates.noindex/Broccoli.build/Debug-iphonesimulator/Broccoli.build/Objects-normal/arm64/Broccoli.swiftmodule -validate-clang-modules-once -clang-build-session-file /Users/jaigaurav/Library/Developer/Xcode/DerivedData/ModuleCache.noindex/Session.modulevalidation -Xcc -I/Users/jaigaurav/Library/Developer/Xcode/DerivedData/Broccoli-eapieicfqwxippexlubxawpdfesp/Build/Intermediates.noindex/Broccoli.build/Debug-iphonesimulator/Broccoli.build/swift-overrides.hmap -emit-const-values -Xfrontend -const-gather-protocols-file -Xfrontend /Users/jaigaurav/Library/Developer/Xcode/DerivedData/Broccoli-eapieicfqwxippexlubxawpdfesp/Build/Intermediates.noindex/Broccoli.build/Debug-iphonesimulator/Broccoli.build/Objects-normal/arm64/Broccoli_const_extract_protocols.json -Xcc -iquote -Xcc /Users/jaigaurav/Library/Developer/Xcode/DerivedData/Broccoli-eapieicfqwxippexlubxawpdfesp/Build/Intermediates.noindex/Broccoli.build/Debug-iphonesimulator/Broccoli.build/Broccoli-generated-files.hmap -Xcc -I/Users/jaigaurav/Library/Developer/Xcode/DerivedData/Broccoli-eapieicfqwxippexlubxawpdfesp/Build/Intermediates.noindex/Broccoli.build/Debug-iphonesimulator/Broccoli.build/Broccoli-own-target-headers.hmap -Xcc -I/Users/jaigaurav/Library/Developer/Xcode/DerivedData/Broccoli-eapieicfqwxippexlubxawpdfesp/Build/Intermediates.noindex/Broccoli.build/Debug-iphonesimulator/Broccoli.build/Broccoli-all-non-framework-target-headers.hmap -Xcc -ivfsoverlay -Xcc /Users/jaigaurav/Library/Developer/Xcode/DerivedData/Broccoli-eapieicfqwxippexlubxawpdfesp/Build/Intermediates.noindex/Broccoli.build/Debug-iphonesimulator/Broccoli-b570dedc7e9dc92657e4abeab955b46f-VFS-iphonesimulator/all-product-headers.yaml -Xcc -iquote -Xcc /Users/jaigaurav/Library/Developer/Xcode/DerivedData/Broccoli-eapieicfqwxippexlubxawpdfesp/Build/Intermediates.noindex/Broccoli.build/Debug-iphonesimulator/Broccoli.build/Broccoli-project-headers.hmap -Xcc -I/Users/jaigaurav/Library/Developer/Xcode/DerivedData/Broccoli-eapieicfqwxippexlubxawpdfesp/SourcePackages/checkouts/GoogleUtilities/GoogleUtilities/Network/Public -Xcc -I/Users/jaigaurav/Library/Developer/Xcode/DerivedData/Broccoli-eapieicfqwxippexlubxawpdfesp/SourcePackages/checkouts/GoogleUtilities/GoogleUtilities/AppDelegateSwizzler/Public -Xcc -I/Users/jaigaurav/Library/Developer/Xcode/DerivedData/Broccoli-eapieicfqwxippexlubxawpdfesp/SourcePackages/checkouts/GoogleUtilities/GoogleUtilities/Reachability/Public -Xcc -I/Users/jaigaurav/Library/Developer/Xcode/DerivedData/Broccoli-eapieicfqwxippexlubxawpdfesp/SourcePackages/checkouts/firebase-ios-sdk/FirebaseMessaging/Sources/Public -Xcc -I/Users/jaigaurav/Library/Developer/Xcode/DerivedData/Broccoli-eapieicfqwxippexlubxawpdfesp/SourcePackages/checkouts/AppAuth-iOS/Sources/AppAuth -Xcc -I/Users/jaigaurav/Library/Developer/Xcode/DerivedData/Broccoli-eapieicfqwxippexlubxawpdfesp/SourcePackages/checkouts/AppAuth-iOS/Sources/AppAuthCore -Xcc -I/Users/jaigaurav/Library/Developer/Xcode/DerivedData/Broccoli-eapieicfqwxippexlubxawpdfesp/SourcePackages/checkouts/app-check/AppCheckCore/Sources/Public -Xcc -I/Users/jaigaurav/Library/Developer/Xcode/DerivedData/Broccoli-eapieicfqwxippexlubxawpdfesp/SourcePackages/checkouts/gtm-session-fetcher/Sources/Core/Public -Xcc -I/Users/jaigaurav/Library/Developer/Xcode/DerivedData/Broccoli-eapieicfqwxippexlubxawpdfesp/SourcePackages/checkouts/GoogleSignIn-iOS/GoogleSignIn/Sources/Public -Xcc -I/Users/jaigaurav/Library/Developer/Xcode/DerivedData/Broccoli-eapieicfqwxippexlubxawpdfesp/SourcePackages/checkouts/stripe-ios-spm/Stripe3DS2/Stripe3DS2/include -Xcc -I/Users/jaigaurav/Library/Developer/Xcode/DerivedData/Broccoli-eapieicfqwxippexlubxawpdfesp/SourcePackages/checkouts/GoogleUtilities/GoogleUtilities/NSData+zlib/Public -Xcc -I/Users/jaigaurav/Library/Developer/Xcode/DerivedData/Broccoli-eapieicfqwxippexlubxawpdfesp/SourcePackages/checkouts/GoogleUtilities/GoogleUtilities/Logger/Public -Xcc -I/Users/jaigaurav/Library/Developer/Xcode/DerivedData/Broccoli-eapieicfqwxippexlubxawpdfesp/SourcePackages/checkouts/GoogleUtilities/GoogleUtilities/Environment/Public -Xcc -I/Users/jaigaurav/Library/Developer/Xcode/DerivedData/Broccoli-eapieicfqwxippexlubxawpdfesp/SourcePackages/checkouts/GoogleUtilities/third_party/IsAppEncrypted/Public -Xcc -I/Users/jaigaurav/Library/Developer/Xcode/DerivedData/Broccoli-eapieicfqwxippexlubxawpdfesp/SourcePackages/checkouts/GoogleUtilities/GoogleUtilities/UserDefaults/Public -Xcc -I/Users/jaigaurav/Library/Developer/Xcode/DerivedData/Broccoli-eapieicfqwxippexlubxawpdfesp/SourcePackages/checkouts/nanopb/spm_headers -Xcc -I/Users/jaigaurav/Library/Developer/Xcode/DerivedData/Broccoli-eapieicfqwxippexlubxawpdfesp/SourcePackages/checkouts/promises/Sources/FBLPromises/include -Xcc -I/Users/jaigaurav/Library/Developer/Xcode/DerivedData/Broccoli-eapieicfqwxippexlubxawpdfesp/SourcePackages/checkouts/GoogleDataTransport/GoogleDataTransport/GDTCORLibrary/Public -Xcc -I/Users/jaigaurav/Library/Developer/Xcode/DerivedData/Broccoli-eapieicfqwxippexlubxawpdfesp/SourcePackages/checkouts/firebase-ios-sdk/FirebaseSessions/SourcesObjC -Xcc -I/Users/jaigaurav/Library/Developer/Xcode/DerivedData/Broccoli-eapieicfqwxippexlubxawpdfesp/SourcePackages/checkouts/firebase-ios-sdk/FirebaseCore/Extension -Xcc -I/Users/jaigaurav/Library/Developer/Xcode/DerivedData/Broccoli-eapieicfqwxippexlubxawpdfesp/SourcePackages/checkouts/firebase-ios-sdk/FirebaseInstallations/Source/Library/Public -Xcc -I/Users/jaigaurav/Library/Developer/Xcode/DerivedData/Broccoli-eapieicfqwxippexlubxawpdfesp/SourcePackages/checkouts/firebase-ios-sdk/FirebaseCore/Sources/Public -Xcc -I/Users/jaigaurav/Library/Developer/Xcode/DerivedData/Broccoli-eapieicfqwxippexlubxawpdfesp/SourcePackages/checkouts/firebase-ios-sdk/CoreOnly/Sources -Xcc -I/Users/jaigaurav/Library/Developer/Xcode/DerivedData/Broccoli-eapieicfqwxippexlubxawpdfesp/SourcePackages/checkouts/firebase-ios-sdk/Crashlytics/Crashlytics/Public -Xcc -I/Users/jaigaurav/Library/Developer/Xcode/DerivedData/Broccoli-eapieicfqwxippexlubxawpdfesp/Build/Products/Debug-iphonesimulator/include -Xcc -I/Users/jaigaurav/Library/Developer/Xcode/DerivedData/Broccoli-eapieicfqwxippexlubxawpdfesp/Build/Intermediates.noindex/Broccoli.build/Debug-iphonesimulator/Broccoli.build/DerivedSources-normal/arm64 -Xcc -I/Users/jaigaurav/Library/Developer/Xcode/DerivedData/Broccoli-eapieicfqwxippexlubxawpdfesp/Build/Intermediates.noindex/Broccoli.build/Debug-iphonesimulator/Broccoli.build/DerivedSources/arm64 -Xcc -I/Users/jaigaurav/Library/Developer/Xcode/DerivedData/Broccoli-eapieicfqwxippexlubxawpdfesp/Build/Intermediates.noindex/Broccoli.build/Debug-iphonesimulator/Broccoli.build/DerivedSources -Xcc -DDEBUG\=1 -emit-objc-header -emit-objc-header-path /Users/jaigaurav/Library/Developer/Xcode/DerivedData/Broccoli-eapieicfqwxippexlubxawpdfesp/Build/Intermediates.noindex/Broccoli.build/Debug-iphonesimulator/Broccoli.build/Objects-normal/arm64/Broccoli-Swift.h -working-directory /Volumes/jaigaurav17-001/Projects/iOS/Broccoli -experimental-emit-module-separately -disable-cmo

SwiftDriverJobDiscovery normal x86_64 Compiling AppointmentCard.swift, DatePickerField.swift, MenuItemRow.swift, NoAppointmentView.swift, ScheduledAppointmentCard.swift, SmallActionTile.swift, StatItem.swift, TodayAppointmentCard.swift (in target 'Broccoli' from project 'Broccoli')

SwiftCompile normal arm64 Compiling\ ChatBookingCardView.swift,\ ChatBubbleView.swift,\ ChatComposerView.swift,\ ChatQuickRepliesView.swift,\ ChatReminderCardView.swift,\ StarterChipsView.swift,\ TypingIndicatorView.swift /Volumes/jaigaurav17-001/Projects/iOS/Broccoli/Broccoli/Features/Patient/HealthAssistant/Components/ChatBookingCardView.swift /Volumes/jaigaurav17-001/Projects/iOS/Broccoli/Broccoli/Features/Patient/HealthAssistant/Components/ChatBubbleView.swift /Volumes/jaigaurav17-001/Projects/iOS/Broccoli/Broccoli/Features/Patient/HealthAssistant/Components/ChatComposerView.swift /Volumes/jaigaurav17-001/Projects/iOS/Broccoli/Broccoli/Features/Patient/HealthAssistant/Components/ChatQuickRepliesView.swift /Volumes/jaigaurav17-001/Projects/iOS/Broccoli/Broccoli/Features/Patient/HealthAssistant/Components/ChatReminderCardView.swift /Volumes/jaigaurav17-001/Projects/iOS/Broccoli/Broccoli/Features/Patient/HealthAssistant/Components/StarterChipsView.swift /Volumes/jaigaurav17-001/Projects/iOS/Broccoli/Broccoli/Features/Patient/HealthAssistant/Components/TypingIndicatorView.swift (in target 'Broccoli' from project 'Broccoli')

SwiftCompile normal arm64 /Volumes/jaigaurav17-001/Projects/iOS/Broccoli/Broccoli/Features/Patient/HealthAssistant/Components/ChatBookingCardView.swift (in target 'Broccoli' from project 'Broccoli')
    cd /Volumes/jaigaurav17-001/Projects/iOS/Broccoli
    
/Users/jaigaurav/Library/Developer/Xcode/DerivedData/Broccoli-eapieicfqwxippexlubxawpdfesp/Build/Intermediates.noindex/Broccoli.build/Debug-iphonesimulator/Broccoli.build/DerivedSources/GeneratedAssetSymbols.swift:739:14: warning: The "Primary" color asset name resolves to a conflicting Color symbol "primary". Try renaming the asset.
    #warning("The \"Primary\" color asset name resolves to a conflicting Color symbol \"primary\". Try renaming the asset.")
             ^~~~~~~~~~~~~~~~~~~~~~~~~~~~~~~~~~~~~~~~~~~~~~~~~~~~~~~~~~~~~~~~~~~~~~~~~~~~~~~~~~~~~~~~~~~~~~~~~~~~~~~~~~~~~~
/Users/jaigaurav/Library/Developer/Xcode/DerivedData/Broccoli-eapieicfqwxippexlubxawpdfesp/Build/Intermediates.noindex/Broccoli.build/Debug-iphonesimulator/Broccoli.build/DerivedSources/GeneratedAssetSymbols.swift:747:14: warning: The "Secondary" color asset name resolves to a conflicting Color symbol "secondary". Try renaming the asset.
    #warning("The \"Secondary\" color asset name resolves to a conflicting Color symbol \"secondary\". Try renaming the asset.")
             ^~~~~~~~~~~~~~~~~~~~~~~~~~~~~~~~~~~~~~~~~~~~~~~~~~~~~~~~~~~~~~~~~~~~~~~~~~~~~~~~~~~~~~~~~~~~~~~~~~~~~~~~~~~~~~~~~~

SwiftCompile normal arm64 /Volumes/jaigaurav17-001/Projects/iOS/Broccoli/Broccoli/Features/Patient/HealthAssistant/Components/ChatBubbleView.swift (in target 'Broccoli' from project 'Broccoli')
    cd /Volumes/jaigaurav17-001/Projects/iOS/Broccoli
    

SwiftCompile normal arm64 /Volumes/jaigaurav17-001/Projects/iOS/Broccoli/Broccoli/Features/Patient/HealthAssistant/Components/ChatComposerView.swift (in target 'Broccoli' from project 'Broccoli')
    cd /Volumes/jaigaurav17-001/Projects/iOS/Broccoli
    

SwiftCompile normal arm64 /Volumes/jaigaurav17-001/Projects/iOS/Broccoli/Broccoli/Features/Patient/HealthAssistant/Components/ChatQuickRepliesView.swift (in target 'Broccoli' from project 'Broccoli')
    cd /Volumes/jaigaurav17-001/Projects/iOS/Broccoli
    

SwiftCompile normal arm64 /Volumes/jaigaurav17-001/Projects/iOS/Broccoli/Broccoli/Features/Patient/HealthAssistant/Components/ChatReminderCardView.swift (in target 'Broccoli' from project 'Broccoli')
    cd /Volumes/jaigaurav17-001/Projects/iOS/Broccoli
    

SwiftCompile normal arm64 /Volumes/jaigaurav17-001/Projects/iOS/Broccoli/Broccoli/Features/Patient/HealthAssistant/Components/StarterChipsView.swift (in target 'Broccoli' from project 'Broccoli')
    cd /Volumes/jaigaurav17-001/Projects/iOS/Broccoli
    

SwiftCompile normal arm64 /Volumes/jaigaurav17-001/Projects/iOS/Broccoli/Broccoli/Features/Patient/HealthAssistant/Components/TypingIndicatorView.swift (in target 'Broccoli' from project 'Broccoli')
    cd /Volumes/jaigaurav17-001/Projects/iOS/Broccoli
    

Copy /Users/jaigaurav/Library/Developer/Xcode/DerivedData/Broccoli-eapieicfqwxippexlubxawpdfesp/Build/Products/Debug-iphonesimulator/Broccoli.swiftmodule/x86_64-apple-ios-simulator.swiftmodule /Users/jaigaurav/Library/Developer/Xcode/DerivedData/Broccoli-eapieicfqwxippexlubxawpdfesp/Build/Intermediates.noindex/Broccoli.build/Debug-iphonesimulator/Broccoli.build/Objects-normal/x86_64/Broccoli.swiftmodule (in target 'Broccoli' from project 'Broccoli')
    cd /Volumes/jaigaurav17-001/Projects/iOS/Broccoli
    builtin-copy -exclude .DS_Store -exclude CVS -exclude .svn -exclude .git -exclude .hg -resolve-src-symlinks -rename /Users/jaigaurav/Library/Developer/Xcode/DerivedData/Broccoli-eapieicfqwxippexlubxawpdfesp/Build/Intermediates.noindex/Broccoli.build/Debug-iphonesimulator/Broccoli.build/Objects-normal/x86_64/Broccoli.swiftmodule /Users/jaigaurav/Library/Developer/Xcode/DerivedData/Broccoli-eapieicfqwxippexlubxawpdfesp/Build/Products/Debug-iphonesimulator/Broccoli.swiftmodule/x86_64-apple-ios-simulator.swiftmodule

SwiftDriverJobDiscovery normal x86_64 Compiling VideoCallButton.swift, ForgotPasswordView.swift, LoginView.swift, ResetPasswordView.swift, SignUpSuccessView.swift, WelcomeView.swift, AppRootView.swift, ContactUsView.swift (in target 'Broccoli' from project 'Broccoli')

Copy /Users/jaigaurav/Library/Developer/Xcode/DerivedData/Broccoli-eapieicfqwxippexlubxawpdfesp/Build/Products/Debug-iphonesimulator/Broccoli.swiftmodule/x86_64-apple-ios-simulator.swiftdoc /Users/jaigaurav/Library/Developer/Xcode/DerivedData/Broccoli-eapieicfqwxippexlubxawpdfesp/Build/Intermediates.noindex/Broccoli.build/Debug-iphonesimulator/Broccoli.build/Objects-normal/x86_64/Broccoli.swiftdoc (in target 'Broccoli' from project 'Broccoli')
    cd /Volumes/jaigaurav17-001/Projects/iOS/Broccoli
    builtin-copy -exclude .DS_Store -exclude CVS -exclude .svn -exclude .git -exclude .hg -resolve-src-symlinks -rename /Users/jaigaurav/Library/Developer/Xcode/DerivedData/Broccoli-eapieicfqwxippexlubxawpdfesp/Build/Intermediates.noindex/Broccoli.build/Debug-iphonesimulator/Broccoli.build/Objects-normal/x86_64/Broccoli.swiftdoc /Users/jaigaurav/Library/Developer/Xcode/DerivedData/Broccoli-eapieicfqwxippexlubxawpdfesp/Build/Products/Debug-iphonesimulator/Broccoli.swiftmodule/x86_64-apple-ios-simulator.swiftdoc

Copy /Users/jaigaurav/Library/Developer/Xcode/DerivedData/Broccoli-eapieicfqwxippexlubxawpdfesp/Build/Products/Debug-iphonesimulator/Broccoli.swiftmodule/x86_64-apple-ios-simulator.abi.json /Users/jaigaurav/Library/Developer/Xcode/DerivedData/Broccoli-eapieicfqwxippexlubxawpdfesp/Build/Intermediates.noindex/Broccoli.build/Debug-iphonesimulator/Broccoli.build/Objects-normal/x86_64/Broccoli.abi.json (in target 'Broccoli' from project 'Broccoli')
    cd /Volumes/jaigaurav17-001/Projects/iOS/Broccoli
    builtin-copy -exclude .DS_Store -exclude CVS -exclude .svn -exclude .git -exclude .hg -resolve-src-symlinks -rename /Users/jaigaurav/Library/Developer/Xcode/DerivedData/Broccoli-eapieicfqwxippexlubxawpdfesp/Build/Intermediates.noindex/Broccoli.build/Debug-iphonesimulator/Broccoli.build/Objects-normal/x86_64/Broccoli.abi.json /Users/jaigaurav/Library/Developer/Xcode/DerivedData/Broccoli-eapieicfqwxippexlubxawpdfesp/Build/Products/Debug-iphonesimulator/Broccoli.swiftmodule/x86_64-apple-ios-simulator.abi.json

Copy /Users/jaigaurav/Library/Developer/Xcode/DerivedData/Broccoli-eapieicfqwxippexlubxawpdfesp/Build/Products/Debug-iphonesimulator/Broccoli.swiftmodule/arm64-apple-ios-simulator.swiftmodule /Users/jaigaurav/Library/Developer/Xcode/DerivedData/Broccoli-eapieicfqwxippexlubxawpdfesp/Build/Intermediates.noindex/Broccoli.build/Debug-iphonesimulator/Broccoli.build/Objects-normal/arm64/Broccoli.swiftmodule (in target 'Broccoli' from project 'Broccoli')
    cd /Volumes/jaigaurav17-001/Projects/iOS/Broccoli
    builtin-copy -exclude .DS_Store -exclude CVS -exclude .svn -exclude .git -exclude .hg -resolve-src-symlinks -rename /Users/jaigaurav/Library/Developer/Xcode/DerivedData/Broccoli-eapieicfqwxippexlubxawpdfesp/Build/Intermediates.noindex/Broccoli.build/Debug-iphonesimulator/Broccoli.build/Objects-normal/arm64/Broccoli.swiftmodule /Users/jaigaurav/Library/Developer/Xcode/DerivedData/Broccoli-eapieicfqwxippexlubxawpdfesp/Build/Products/Debug-iphonesimulator/Broccoli.swiftmodule/arm64-apple-ios-simulator.swiftmodule

Copy /Users/jaigaurav/Library/Developer/Xcode/DerivedData/Broccoli-eapieicfqwxippexlubxawpdfesp/Build/Products/Debug-iphonesimulator/Broccoli.swiftmodule/arm64-apple-ios-simulator.swiftdoc /Users/jaigaurav/Library/Developer/Xcode/DerivedData/Broccoli-eapieicfqwxippexlubxawpdfesp/Build/Intermediates.noindex/Broccoli.build/Debug-iphonesimulator/Broccoli.build/Objects-normal/arm64/Broccoli.swiftdoc (in target 'Broccoli' from project 'Broccoli')
    cd /Volumes/jaigaurav17-001/Projects/iOS/Broccoli
    builtin-copy -exclude .DS_Store -exclude CVS -exclude .svn -exclude .git -exclude .hg -resolve-src-symlinks -rename /Users/jaigaurav/Library/Developer/Xcode/DerivedData/Broccoli-eapieicfqwxippexlubxawpdfesp/Build/Intermediates.noindex/Broccoli.build/Debug-iphonesimulator/Broccoli.build/Objects-normal/arm64/Broccoli.swiftdoc /Users/jaigaurav/Library/Developer/Xcode/DerivedData/Broccoli-eapieicfqwxippexlubxawpdfesp/Build/Products/Debug-iphonesimulator/Broccoli.swiftmodule/arm64-apple-ios-simulator.swiftdoc

Copy /Users/jaigaurav/Library/Developer/Xcode/DerivedData/Broccoli-eapieicfqwxippexlubxawpdfesp/Build/Products/Debug-iphonesimulator/Broccoli.swiftmodule/arm64-apple-ios-simulator.abi.json /Users/jaigaurav/Library/Developer/Xcode/DerivedData/Broccoli-eapieicfqwxippexlubxawpdfesp/Build/Intermediates.noindex/Broccoli.build/Debug-iphonesimulator/Broccoli.build/Objects-normal/arm64/Broccoli.abi.json (in target 'Broccoli' from project 'Broccoli')
    cd /Volumes/jaigaurav17-001/Projects/iOS/Broccoli
    builtin-copy -exclude .DS_Store -exclude CVS -exclude .svn -exclude .git -exclude .hg -resolve-src-symlinks -rename /Users/jaigaurav/Library/Developer/Xcode/DerivedData/Broccoli-eapieicfqwxippexlubxawpdfesp/Build/Intermediates.noindex/Broccoli.build/Debug-iphonesimulator/Broccoli.build/Objects-normal/arm64/Broccoli.abi.json /Users/jaigaurav/Library/Developer/Xcode/DerivedData/Broccoli-eapieicfqwxippexlubxawpdfesp/Build/Products/Debug-iphonesimulator/Broccoli.swiftmodule/arm64-apple-ios-simulator.abi.json

Copy /Users/jaigaurav/Library/Developer/Xcode/DerivedData/Broccoli-eapieicfqwxippexlubxawpdfesp/Build/Products/Debug-iphonesimulator/Broccoli.swiftmodule/Project/x86_64-apple-ios-simulator.swiftsourceinfo /Users/jaigaurav/Library/Developer/Xcode/DerivedData/Broccoli-eapieicfqwxippexlubxawpdfesp/Build/Intermediates.noindex/Broccoli.build/Debug-iphonesimulator/Broccoli.build/Objects-normal/x86_64/Broccoli.swiftsourceinfo (in target 'Broccoli' from project 'Broccoli')
    cd /Volumes/jaigaurav17-001/Projects/iOS/Broccoli
    builtin-copy -exclude .DS_Store -exclude CVS -exclude .svn -exclude .git -exclude .hg -resolve-src-symlinks -rename /Users/jaigaurav/Library/Developer/Xcode/DerivedData/Broccoli-eapieicfqwxippexlubxawpdfesp/Build/Intermediates.noindex/Broccoli.build/Debug-iphonesimulator/Broccoli.build/Objects-normal/x86_64/Broccoli.swiftsourceinfo /Users/jaigaurav/Library/Developer/Xcode/DerivedData/Broccoli-eapieicfqwxippexlubxawpdfesp/Build/Products/Debug-iphonesimulator/Broccoli.swiftmodule/Project/x86_64-apple-ios-simulator.swiftsourceinfo

Copy /Users/jaigaurav/Library/Developer/Xcode/DerivedData/Broccoli-eapieicfqwxippexlubxawpdfesp/Build/Products/Debug-iphonesimulator/Broccoli.swiftmodule/Project/arm64-apple-ios-simulator.swiftsourceinfo /Users/jaigaurav/Library/Developer/Xcode/DerivedData/Broccoli-eapieicfqwxippexlubxawpdfesp/Build/Intermediates.noindex/Broccoli.build/Debug-iphonesimulator/Broccoli.build/Objects-normal/arm64/Broccoli.swiftsourceinfo (in target 'Broccoli' from project 'Broccoli')
    cd /Volumes/jaigaurav17-001/Projects/iOS/Broccoli
    builtin-copy -exclude .DS_Store -exclude CVS -exclude .svn -exclude .git -exclude .hg -resolve-src-symlinks -rename /Users/jaigaurav/Library/Developer/Xcode/DerivedData/Broccoli-eapieicfqwxippexlubxawpdfesp/Build/Intermediates.noindex/Broccoli.build/Debug-iphonesimulator/Broccoli.build/Objects-normal/arm64/Broccoli.swiftsourceinfo /Users/jaigaurav/Library/Developer/Xcode/DerivedData/Broccoli-eapieicfqwxippexlubxawpdfesp/Build/Products/Debug-iphonesimulator/Broccoli.swiftmodule/Project/arm64-apple-ios-simulator.swiftsourceinfo

SwiftCompile normal arm64 Compiling\ SettingsView.swift,\ AppointmentDetailForDoctorView.swift,\ DoctorAppointmentHistory.swift,\ DoctorHomeView.swift,\ DoctorProfileDetailView.swift,\ DoctorProfileView.swift,\ EditDoctorProfileView.swift,\ ChatAppointmentCardView.swift /Volumes/jaigaurav17-001/Projects/iOS/Broccoli/Broccoli/Features/Common/SettingsView.swift /Volumes/jaigaurav17-001/Projects/iOS/Broccoli/Broccoli/Features/Doctor/AppointmentDetailForDoctorView.swift /Volumes/jaigaurav17-001/Projects/iOS/Broccoli/Broccoli/Features/Doctor/DoctorAppointmentHistory.swift /Volumes/jaigaurav17-001/Projects/iOS/Broccoli/Broccoli/Features/Doctor/DoctorHomeView.swift /Volumes/jaigaurav17-001/Projects/iOS/Broccoli/Broccoli/Features/Doctor/DoctorProfileDetailView.swift /Volumes/jaigaurav17-001/Projects/iOS/Broccoli/Broccoli/Features/Doctor/DoctorProfileView.swift /Volumes/jaigaurav17-001/Projects/iOS/Broccoli/Broccoli/Features/Doctor/EditDoctorProfileView.swift /Volumes/jaigaurav17-001/Projects/iOS/Broccoli/Broccoli/Features/Patient/HealthAssistant/Components/ChatAppointmentCardView.swift (in target 'Broccoli' from project 'Broccoli')
SwiftCompile normal arm64 /Volumes/jaigaurav17-001/Projects/iOS/Broccoli/Broccoli/Features/Common/SettingsView.swift (in target 'Broccoli' from project 'Broccoli')
    cd /Volumes/jaigaurav17-001/Projects/iOS/Broccoli
    
/Users/jaigaurav/Library/Developer/Xcode/DerivedData/Broccoli-eapieicfqwxippexlubxawpdfesp/Build/Intermediates.noindex/Broccoli.build/Debug-iphonesimulator/Broccoli.build/DerivedSources/GeneratedAssetSymbols.swift:739:14: warning: The "Primary" color asset name resolves to a conflicting Color symbol "primary". Try renaming the asset.
    #warning("The \"Primary\" color asset name resolves to a conflicting Color symbol \"primary\". Try renaming the asset.")
             ^~~~~~~~~~~~~~~~~~~~~~~~~~~~~~~~~~~~~~~~~~~~~~~~~~~~~~~~~~~~~~~~~~~~~~~~~~~~~~~~~~~~~~~~~~~~~~~~~~~~~~~~~~~~~~
/Users/jaigaurav/Library/Developer/Xcode/DerivedData/Broccoli-eapieicfqwxippexlubxawpdfesp/Build/Intermediates.noindex/Broccoli.build/Debug-iphonesimulator/Broccoli.build/DerivedSources/GeneratedAssetSymbols.swift:747:14: warning: The "Secondary" color asset name resolves to a conflicting Color symbol "secondary". Try renaming the asset.
    #warning("The \"Secondary\" color asset name resolves to a conflicting Color symbol \"secondary\". Try renaming the asset.")
             ^~~~~~~~~~~~~~~~~~~~~~~~~~~~~~~~~~~~~~~~~~~~~~~~~~~~~~~~~~~~~~~~~~~~~~~~~~~~~~~~~~~~~~~~~~~~~~~~~~~~~~~~~~~~~~~~~~

SwiftCompile normal arm64 /Volumes/jaigaurav17-001/Projects/iOS/Broccoli/Broccoli/Features/Doctor/AppointmentDetailForDoctorView.swift (in target 'Broccoli' from project 'Broccoli')
    cd /Volumes/jaigaurav17-001/Projects/iOS/Broccoli
    
/Volumes/jaigaurav17-001/Projects/iOS/Broccoli/Broccoli/Features/Doctor/AppointmentDetailForDoctorView.swift:448:10: warning: 'onChange(of:perform:)' was deprecated in iOS 17.0: Use `onChange` with a two or zero parameter action closure instead.
        .onChange(of: photoPickerItem) { item in
         ^

SwiftCompile normal arm64 /Volumes/jaigaurav17-001/Projects/iOS/Broccoli/Broccoli/Features/Doctor/DoctorAppointmentHistory.swift (in target 'Broccoli' from project 'Broccoli')
    cd /Volumes/jaigaurav17-001/Projects/iOS/Broccoli
    

SwiftCompile normal arm64 /Volumes/jaigaurav17-001/Projects/iOS/Broccoli/Broccoli/Features/Doctor/DoctorHomeView.swift (in target 'Broccoli' from project 'Broccoli')
    cd /Volumes/jaigaurav17-001/Projects/iOS/Broccoli
    

SwiftCompile normal arm64 /Volumes/jaigaurav17-001/Projects/iOS/Broccoli/Broccoli/Features/Doctor/DoctorProfileDetailView.swift (in target 'Broccoli' from project 'Broccoli')
    cd /Volumes/jaigaurav17-001/Projects/iOS/Broccoli
    
/Volumes/jaigaurav17-001/Projects/iOS/Broccoli/Broccoli/GlobalViewModels/UserGlobalViewModel.swift:23:78: warning: call to main actor-isolated initializer 'init(service:)' in a synchronous nonisolated context
    public init(userService: UserServiceProtocol, secureStore: SecureStore = SecureStore()) {
                                                                             ^
/Volumes/jaigaurav17-001/Projects/iOS/Broccoli/Broccoli/Services/SecureStore.swift:21:12: note: calls to initializer 'init(service:)' from outside of its actor context are implicitly asynchronous
    public init(service: String = "com.broccoli.app") {
           ^
/Volumes/jaigaurav17-001/Projects/iOS/Broccoli/Broccoli/Services/SecureStore.swift:21:12: note: main actor isolation inferred from conformance to protocol 'SecureStoreProtocol'
    public init(service: String = "com.broccoli.app") {
           ^

SwiftCompile normal arm64 /Volumes/jaigaurav17-001/Projects/iOS/Broccoli/Broccoli/Features/Doctor/DoctorProfileView.swift (in target 'Broccoli' from project 'Broccoli')
    cd /Volumes/jaigaurav17-001/Projects/iOS/Broccoli
    

SwiftCompile normal arm64 /Volumes/jaigaurav17-001/Projects/iOS/Broccoli/Broccoli/Features/Doctor/EditDoctorProfileView.swift (in target 'Broccoli' from project 'Broccoli')
    cd /Volumes/jaigaurav17-001/Projects/iOS/Broccoli
    
/Volumes/jaigaurav17-001/Projects/iOS/Broccoli/Broccoli/Features/Doctor/EditDoctorProfileView.swift:269:10: warning: 'onChange(of:perform:)' was deprecated in iOS 17.0: Use `onChange` with a two or zero parameter action closure instead.
        .onChange(of: photoPickerItem) { item in
         ^

SwiftCompile normal arm64 /Volumes/jaigaurav17-001/Projects/iOS/Broccoli/Broccoli/Features/Patient/HealthAssistant/Components/ChatAppointmentCardView.swift (in target 'Broccoli' from project 'Broccoli')
    cd /Volumes/jaigaurav17-001/Projects/iOS/Broccoli
    

SwiftCompile normal arm64 Compiling\ PatientHomeView.swift,\ PaymentSuccessView.swift,\ PrescriptionQuestionsView.swift,\ PrescriptionView.swift,\ SearchView.swift,\ SelectPharmacyView.swift,\ SpecialistBookingFormView.swift /Volumes/jaigaurav17-001/Projects/iOS/Broccoli/Broccoli/Features/Patient/PatientHomeView.swift /Volumes/jaigaurav17-001/Projects/iOS/Broccoli/Broccoli/Features/Patient/PaymentSuccessView.swift /Volumes/jaigaurav17-001/Projects/iOS/Broccoli/Broccoli/Features/Patient/PrescriptionQuestionsView.swift /Volumes/jaigaurav17-001/Projects/iOS/Broccoli/Broccoli/Features/Patient/PrescriptionView.swift /Volumes/jaigaurav17-001/Projects/iOS/Broccoli/Broccoli/Features/Patient/SearchView.swift /Volumes/jaigaurav17-001/Projects/iOS/Broccoli/Broccoli/Features/Patient/SelectPharmacyView.swift /Volumes/jaigaurav17-001/Projects/iOS/Broccoli/Broccoli/Features/Patient/SpecialistBookingFormView.swift (in target 'Broccoli' from project 'Broccoli')
SwiftCompile normal arm64 /Volumes/jaigaurav17-001/Projects/iOS/Broccoli/Broccoli/Features/Patient/PatientHomeView.swift (in target 'Broccoli' from project 'Broccoli')
    cd /Volumes/jaigaurav17-001/Projects/iOS/Broccoli
    
/Users/jaigaurav/Library/Developer/Xcode/DerivedData/Broccoli-eapieicfqwxippexlubxawpdfesp/Build/Intermediates.noindex/Broccoli.build/Debug-iphonesimulator/Broccoli.build/DerivedSources/GeneratedAssetSymbols.swift:739:14: warning: The "Primary" color asset name resolves to a conflicting Color symbol "primary". Try renaming the asset.
    #warning("The \"Primary\" color asset name resolves to a conflicting Color symbol \"primary\". Try renaming the asset.")
             ^~~~~~~~~~~~~~~~~~~~~~~~~~~~~~~~~~~~~~~~~~~~~~~~~~~~~~~~~~~~~~~~~~~~~~~~~~~~~~~~~~~~~~~~~~~~~~~~~~~~~~~~~~~~~~
/Users/jaigaurav/Library/Developer/Xcode/DerivedData/Broccoli-eapieicfqwxippexlubxawpdfesp/Build/Intermediates.noindex/Broccoli.build/Debug-iphonesimulator/Broccoli.build/DerivedSources/GeneratedAssetSymbols.swift:747:14: warning: The "Secondary" color asset name resolves to a conflicting Color symbol "secondary". Try renaming the asset.
    #warning("The \"Secondary\" color asset name resolves to a conflicting Color symbol \"secondary\". Try renaming the asset.")
             ^~~~~~~~~~~~~~~~~~~~~~~~~~~~~~~~~~~~~~~~~~~~~~~~~~~~~~~~~~~~~~~~~~~~~~~~~~~~~~~~~~~~~~~~~~~~~~~~~~~~~~~~~~~~~~~~~~
/Volumes/jaigaurav17-001/Projects/iOS/Broccoli/Broccoli/Features/Patient/PatientHomeView.swift:307:10: warning: 'onChange(of:perform:)' was deprecated in iOS 17.0: Use `onChange` with a two or zero parameter action closure instead.
        .onChange(of: index) { _ in
         ^

SwiftCompile normal arm64 /Volumes/jaigaurav17-001/Projects/iOS/Broccoli/Broccoli/Features/Patient/PaymentSuccessView.swift (in target 'Broccoli' from project 'Broccoli')
    cd /Volumes/jaigaurav17-001/Projects/iOS/Broccoli
    

SwiftCompile normal arm64 /Volumes/jaigaurav17-001/Projects/iOS/Broccoli/Broccoli/Features/Patient/PrescriptionQuestionsView.swift (in target 'Broccoli' from project 'Broccoli')
    cd /Volumes/jaigaurav17-001/Projects/iOS/Broccoli
    

SwiftCompile normal arm64 /Volumes/jaigaurav17-001/Projects/iOS/Broccoli/Broccoli/Features/Patient/PrescriptionView.swift (in target 'Broccoli' from project 'Broccoli')
    cd /Volumes/jaigaurav17-001/Projects/iOS/Broccoli
    
/Volumes/jaigaurav17-001/Projects/iOS/Broccoli/Broccoli/GlobalViewModels/UserGlobalViewModel.swift:23:78: warning: call to main actor-isolated initializer 'init(service:)' in a synchronous nonisolated context
    public init(userService: UserServiceProtocol, secureStore: SecureStore = SecureStore()) {
                                                                             ^
/Volumes/jaigaurav17-001/Projects/iOS/Broccoli/Broccoli/Services/SecureStore.swift:21:12: note: calls to initializer 'init(service:)' from outside of its actor context are implicitly asynchronous
    public init(service: String = "com.broccoli.app") {
           ^
/Volumes/jaigaurav17-001/Projects/iOS/Broccoli/Broccoli/Services/SecureStore.swift:21:12: note: main actor isolation inferred from conformance to protocol 'SecureStoreProtocol'
    public init(service: String = "com.broccoli.app") {
           ^

SwiftCompile normal arm64 /Volumes/jaigaurav17-001/Projects/iOS/Broccoli/Broccoli/Features/Patient/SearchView.swift (in target 'Broccoli' from project 'Broccoli')
    cd /Volumes/jaigaurav17-001/Projects/iOS/Broccoli
    

SwiftCompile normal arm64 /Volumes/jaigaurav17-001/Projects/iOS/Broccoli/Broccoli/Features/Patient/SelectPharmacyView.swift (in target 'Broccoli' from project 'Broccoli')
    cd /Volumes/jaigaurav17-001/Projects/iOS/Broccoli
    

SwiftCompile normal arm64 /Volumes/jaigaurav17-001/Projects/iOS/Broccoli/Broccoli/Features/Patient/SpecialistBookingFormView.swift (in target 'Broccoli' from project 'Broccoli')
    cd /Volumes/jaigaurav17-001/Projects/iOS/Broccoli
    

SwiftDriverJobDiscovery normal arm64 Compiling VideoCallButton.swift, ForgotPasswordView.swift, LoginView.swift, ResetPasswordView.swift, SignUpSuccessView.swift, WelcomeView.swift, AppRootView.swift, ContactUsView.swift (in target 'Broccoli' from project 'Broccoli')

SwiftCompile normal arm64 Compiling\ ChatStreamHarness.swift,\ HealthAssistantView.swift,\ AddPharmacyView.swift,\ AppointmentDetailForPatientView.swift,\ BookingConfirmationView.swift,\ BookPrescriptionView.swift,\ CureFromDrugView.swift /Volumes/jaigaurav17-001/Projects/iOS/Broccoli/Broccoli/Features/Patient/HealthAssistant/ChatStreamHarness.swift /Volumes/jaigaurav17-001/Projects/iOS/Broccoli/Broccoli/Features/Patient/HealthAssistant/HealthAssistantView.swift /Volumes/jaigaurav17-001/Projects/iOS/Broccoli/Broccoli/Features/Patient/AddPharmacyView.swift /Volumes/jaigaurav17-001/Projects/iOS/Broccoli/Broccoli/Features/Patient/AppointmentDetailForPatientView.swift /Volumes/jaigaurav17-001/Projects/iOS/Broccoli/Broccoli/Features/Patient/BookingConfirmationView.swift /Volumes/jaigaurav17-001/Projects/iOS/Broccoli/Broccoli/Features/Patient/BookPrescriptionView.swift /Volumes/jaigaurav17-001/Projects/iOS/Broccoli/Broccoli/Features/Patient/CureFromDrugView.swift (in target 'Broccoli' from project 'Broccoli')
SwiftCompile normal arm64 /Volumes/jaigaurav17-001/Projects/iOS/Broccoli/Broccoli/Features/Patient/HealthAssistant/ChatStreamHarness.swift (in target 'Broccoli' from project 'Broccoli')
    cd /Volumes/jaigaurav17-001/Projects/iOS/Broccoli
    
/Users/jaigaurav/Library/Developer/Xcode/DerivedData/Broccoli-eapieicfqwxippexlubxawpdfesp/Build/Intermediates.noindex/Broccoli.build/Debug-iphonesimulator/Broccoli.build/DerivedSources/GeneratedAssetSymbols.swift:739:14: warning: The "Primary" color asset name resolves to a conflicting Color symbol "primary". Try renaming the asset.
    #warning("The \"Primary\" color asset name resolves to a conflicting Color symbol \"primary\". Try renaming the asset.")
             ^~~~~~~~~~~~~~~~~~~~~~~~~~~~~~~~~~~~~~~~~~~~~~~~~~~~~~~~~~~~~~~~~~~~~~~~~~~~~~~~~~~~~~~~~~~~~~~~~~~~~~~~~~~~~~
/Users/jaigaurav/Library/Developer/Xcode/DerivedData/Broccoli-eapieicfqwxippexlubxawpdfesp/Build/Intermediates.noindex/Broccoli.build/Debug-iphonesimulator/Broccoli.build/DerivedSources/GeneratedAssetSymbols.swift:747:14: warning: The "Secondary" color asset name resolves to a conflicting Color symbol "secondary". Try renaming the asset.
    #warning("The \"Secondary\" color asset name resolves to a conflicting Color symbol \"secondary\". Try renaming the asset.")
             ^~~~~~~~~~~~~~~~~~~~~~~~~~~~~~~~~~~~~~~~~~~~~~~~~~~~~~~~~~~~~~~~~~~~~~~~~~~~~~~~~~~~~~~~~~~~~~~~~~~~~~~~~~~~~~~~~~

SwiftCompile normal arm64 /Volumes/jaigaurav17-001/Projects/iOS/Broccoli/Broccoli/Features/Patient/HealthAssistant/HealthAssistantView.swift (in target 'Broccoli' from project 'Broccoli')
    cd /Volumes/jaigaurav17-001/Projects/iOS/Broccoli
    

SwiftCompile normal arm64 /Volumes/jaigaurav17-001/Projects/iOS/Broccoli/Broccoli/Features/Patient/AddPharmacyView.swift (in target 'Broccoli' from project 'Broccoli')
    cd /Volumes/jaigaurav17-001/Projects/iOS/Broccoli
    

SwiftCompile normal arm64 /Volumes/jaigaurav17-001/Projects/iOS/Broccoli/Broccoli/Features/Patient/AppointmentDetailForPatientView.swift (in target 'Broccoli' from project 'Broccoli')
    cd /Volumes/jaigaurav17-001/Projects/iOS/Broccoli
    

SwiftCompile normal arm64 /Volumes/jaigaurav17-001/Projects/iOS/Broccoli/Broccoli/Features/Patient/BookingConfirmationView.swift (in target 'Broccoli' from project 'Broccoli')
    cd /Volumes/jaigaurav17-001/Projects/iOS/Broccoli
    

SwiftCompile normal arm64 /Volumes/jaigaurav17-001/Projects/iOS/Broccoli/Broccoli/Features/Patient/BookPrescriptionView.swift (in target 'Broccoli' from project 'Broccoli')
    cd /Volumes/jaigaurav17-001/Projects/iOS/Broccoli
    

SwiftCompile normal arm64 /Volumes/jaigaurav17-001/Projects/iOS/Broccoli/Broccoli/Features/Patient/CureFromDrugView.swift (in target 'Broccoli' from project 'Broccoli')
    cd /Volumes/jaigaurav17-001/Projects/iOS/Broccoli
    

SwiftDriverJobDiscovery normal x86_64 Compiling ChatStreamHarness.swift, HealthAssistantView.swift, AddPharmacyView.swift, AppointmentDetailForPatientView.swift, BookingConfirmationView.swift, BookPrescriptionView.swift, CureFromDrugView.swift (in target 'Broccoli' from project 'Broccoli')

SwiftCompile normal arm64 Compiling\ AppointmentCard.swift,\ DatePickerField.swift,\ MenuItemRow.swift,\ NoAppointmentView.swift,\ ScheduledAppointmentCard.swift,\ SmallActionTile.swift,\ StatItem.swift,\ TodayAppointmentCard.swift /Volumes/jaigaurav17-001/Projects/iOS/Broccoli/Broccoli/DesignSystem/Components/AppointmentCard.swift /Volumes/jaigaurav17-001/Projects/iOS/Broccoli/Broccoli/DesignSystem/Components/DatePickerField.swift /Volumes/jaigaurav17-001/Projects/iOS/Broccoli/Broccoli/DesignSystem/Components/MenuItemRow.swift /Volumes/jaigaurav17-001/Projects/iOS/Broccoli/Broccoli/DesignSystem/Components/NoAppointmentView.swift /Volumes/jaigaurav17-001/Projects/iOS/Broccoli/Broccoli/DesignSystem/Components/ScheduledAppointmentCard.swift /Volumes/jaigaurav17-001/Projects/iOS/Broccoli/Broccoli/DesignSystem/Components/SmallActionTile.swift /Volumes/jaigaurav17-001/Projects/iOS/Broccoli/Broccoli/DesignSystem/Components/StatItem.swift /Volumes/jaigaurav17-001/Projects/iOS/Broccoli/Broccoli/DesignSystem/Components/TodayAppointmentCard.swift (in target 'Broccoli' from project 'Broccoli')

SwiftCompile normal arm64 /Volumes/jaigaurav17-001/Projects/iOS/Broccoli/Broccoli/DesignSystem/Components/AppointmentCard.swift (in target 'Broccoli' from project 'Broccoli')
    cd /Volumes/jaigaurav17-001/Projects/iOS/Broccoli
    
/Users/jaigaurav/Library/Developer/Xcode/DerivedData/Broccoli-eapieicfqwxippexlubxawpdfesp/Build/Intermediates.noindex/Broccoli.build/Debug-iphonesimulator/Broccoli.build/DerivedSources/GeneratedAssetSymbols.swift:739:14: warning: The "Primary" color asset name resolves to a conflicting Color symbol "primary". Try renaming the asset.
    #warning("The \"Primary\" color asset name resolves to a conflicting Color symbol \"primary\". Try renaming the asset.")
             ^~~~~~~~~~~~~~~~~~~~~~~~~~~~~~~~~~~~~~~~~~~~~~~~~~~~~~~~~~~~~~~~~~~~~~~~~~~~~~~~~~~~~~~~~~~~~~~~~~~~~~~~~~~~~~
/Users/jaigaurav/Library/Developer/Xcode/DerivedData/Broccoli-eapieicfqwxippexlubxawpdfesp/Build/Intermediates.noindex/Broccoli.build/Debug-iphonesimulator/Broccoli.build/DerivedSources/GeneratedAssetSymbols.swift:747:14: warning: The "Secondary" color asset name resolves to a conflicting Color symbol "secondary". Try renaming the asset.
    #warning("The \"Secondary\" color asset name resolves to a conflicting Color symbol \"secondary\". Try renaming the asset.")
             ^~~~~~~~~~~~~~~~~~~~~~~~~~~~~~~~~~~~~~~~~~~~~~~~~~~~~~~~~~~~~~~~~~~~~~~~~~~~~~~~~~~~~~~~~~~~~~~~~~~~~~~~~~~~~~~~~~

SwiftCompile normal arm64 /Volumes/jaigaurav17-001/Projects/iOS/Broccoli/Broccoli/DesignSystem/Components/DatePickerField.swift (in target 'Broccoli' from project 'Broccoli')
    cd /Volumes/jaigaurav17-001/Projects/iOS/Broccoli
    

SwiftCompile normal arm64 /Volumes/jaigaurav17-001/Projects/iOS/Broccoli/Broccoli/DesignSystem/Components/MenuItemRow.swift (in target 'Broccoli' from project 'Broccoli')
    cd /Volumes/jaigaurav17-001/Projects/iOS/Broccoli
    

SwiftCompile normal arm64 /Volumes/jaigaurav17-001/Projects/iOS/Broccoli/Broccoli/DesignSystem/Components/NoAppointmentView.swift (in target 'Broccoli' from project 'Broccoli')
    cd /Volumes/jaigaurav17-001/Projects/iOS/Broccoli
    

SwiftCompile normal arm64 /Volumes/jaigaurav17-001/Projects/iOS/Broccoli/Broccoli/DesignSystem/Components/ScheduledAppointmentCard.swift (in target 'Broccoli' from project 'Broccoli')
    cd /Volumes/jaigaurav17-001/Projects/iOS/Broccoli
    
/Volumes/jaigaurav17-001/Projects/iOS/Broccoli/Broccoli/DesignSystem/Components/ScheduledAppointmentCard.swift:111:13: warning: variable 'fmt' was never mutated; consider changing to 'let' constant
        var fmt = DateFormatter()
        ~~~ ^
        let

SwiftCompile normal arm64 /Volumes/jaigaurav17-001/Projects/iOS/Broccoli/Broccoli/DesignSystem/Components/SmallActionTile.swift (in target 'Broccoli' from project 'Broccoli')
    cd /Volumes/jaigaurav17-001/Projects/iOS/Broccoli
    

SwiftCompile normal arm64 /Volumes/jaigaurav17-001/Projects/iOS/Broccoli/Broccoli/DesignSystem/Components/StatItem.swift (in target 'Broccoli' from project 'Broccoli')
    cd /Volumes/jaigaurav17-001/Projects/iOS/Broccoli
    

SwiftCompile normal arm64 /Volumes/jaigaurav17-001/Projects/iOS/Broccoli/Broccoli/DesignSystem/Components/TodayAppointmentCard.swift (in target 'Broccoli' from project 'Broccoli')
    cd /Volumes/jaigaurav17-001/Projects/iOS/Broccoli
    

SwiftDriverJobDiscovery normal x86_64 Compiling SpecialtyListView.swift, EditPatientProfileView.swift, PatientProfileDetailView.swift, ProfileView.swift, StaticPageView.swift, DoctorNotesFormView.swift, ContentView.swift (in target 'Broccoli' from project 'Broccoli')

SwiftCompile normal x86_64 Compiling\ PatientHomeView.swift,\ PaymentSuccessView.swift,\ PrescriptionQuestionsView.swift,\ PrescriptionView.swift,\ SearchView.swift,\ SelectPharmacyView.swift,\ SpecialistBookingFormView.swift /Volumes/jaigaurav17-001/Projects/iOS/Broccoli/Broccoli/Features/Patient/PatientHomeView.swift /Volumes/jaigaurav17-001/Projects/iOS/Broccoli/Broccoli/Features/Patient/PaymentSuccessView.swift /Volumes/jaigaurav17-001/Projects/iOS/Broccoli/Broccoli/Features/Patient/PrescriptionQuestionsView.swift /Volumes/jaigaurav17-001/Projects/iOS/Broccoli/Broccoli/Features/Patient/PrescriptionView.swift /Volumes/jaigaurav17-001/Projects/iOS/Broccoli/Broccoli/Features/Patient/SearchView.swift /Volumes/jaigaurav17-001/Projects/iOS/Broccoli/Broccoli/Features/Patient/SelectPharmacyView.swift /Volumes/jaigaurav17-001/Projects/iOS/Broccoli/Broccoli/Features/Patient/SpecialistBookingFormView.swift (in target 'Broccoli' from project 'Broccoli')
SwiftCompile normal x86_64 /Volumes/jaigaurav17-001/Projects/iOS/Broccoli/Broccoli/Features/Patient/PatientHomeView.swift (in target 'Broccoli' from project 'Broccoli')
    cd /Volumes/jaigaurav17-001/Projects/iOS/Broccoli
    
/Users/jaigaurav/Library/Developer/Xcode/DerivedData/Broccoli-eapieicfqwxippexlubxawpdfesp/Build/Intermediates.noindex/Broccoli.build/Debug-iphonesimulator/Broccoli.build/DerivedSources/GeneratedAssetSymbols.swift:739:14: warning: The "Primary" color asset name resolves to a conflicting Color symbol "primary". Try renaming the asset.
    #warning("The \"Primary\" color asset name resolves to a conflicting Color symbol \"primary\". Try renaming the asset.")
             ^~~~~~~~~~~~~~~~~~~~~~~~~~~~~~~~~~~~~~~~~~~~~~~~~~~~~~~~~~~~~~~~~~~~~~~~~~~~~~~~~~~~~~~~~~~~~~~~~~~~~~~~~~~~~~
/Users/jaigaurav/Library/Developer/Xcode/DerivedData/Broccoli-eapieicfqwxippexlubxawpdfesp/Build/Intermediates.noindex/Broccoli.build/Debug-iphonesimulator/Broccoli.build/DerivedSources/GeneratedAssetSymbols.swift:747:14: warning: The "Secondary" color asset name resolves to a conflicting Color symbol "secondary". Try renaming the asset.
    #warning("The \"Secondary\" color asset name resolves to a conflicting Color symbol \"secondary\". Try renaming the asset.")
             ^~~~~~~~~~~~~~~~~~~~~~~~~~~~~~~~~~~~~~~~~~~~~~~~~~~~~~~~~~~~~~~~~~~~~~~~~~~~~~~~~~~~~~~~~~~~~~~~~~~~~~~~~~~~~~~~~~
/Volumes/jaigaurav17-001/Projects/iOS/Broccoli/Broccoli/Features/Patient/PatientHomeView.swift:307:10: warning: 'onChange(of:perform:)' was deprecated in iOS 17.0: Use `onChange` with a two or zero parameter action closure instead.
        .onChange(of: index) { _ in
         ^

SwiftCompile normal x86_64 /Volumes/jaigaurav17-001/Projects/iOS/Broccoli/Broccoli/Features/Patient/PaymentSuccessView.swift (in target 'Broccoli' from project 'Broccoli')
    cd /Volumes/jaigaurav17-001/Projects/iOS/Broccoli
    

SwiftCompile normal x86_64 /Volumes/jaigaurav17-001/Projects/iOS/Broccoli/Broccoli/Features/Patient/PrescriptionQuestionsView.swift (in target 'Broccoli' from project 'Broccoli')
    cd /Volumes/jaigaurav17-001/Projects/iOS/Broccoli
    

SwiftCompile normal x86_64 /Volumes/jaigaurav17-001/Projects/iOS/Broccoli/Broccoli/Features/Patient/PrescriptionView.swift (in target 'Broccoli' from project 'Broccoli')
    cd /Volumes/jaigaurav17-001/Projects/iOS/Broccoli
    
/Volumes/jaigaurav17-001/Projects/iOS/Broccoli/Broccoli/GlobalViewModels/UserGlobalViewModel.swift:23:78: warning: call to main actor-isolated initializer 'init(service:)' in a synchronous nonisolated context
    public init(userService: UserServiceProtocol, secureStore: SecureStore = SecureStore()) {
                                                                             ^
/Volumes/jaigaurav17-001/Projects/iOS/Broccoli/Broccoli/Services/SecureStore.swift:21:12: note: calls to initializer 'init(service:)' from outside of its actor context are implicitly asynchronous
    public init(service: String = "com.broccoli.app") {
           ^
/Volumes/jaigaurav17-001/Projects/iOS/Broccoli/Broccoli/Services/SecureStore.swift:21:12: note: main actor isolation inferred from conformance to protocol 'SecureStoreProtocol'
    public init(service: String = "com.broccoli.app") {
           ^

SwiftCompile normal x86_64 /Volumes/jaigaurav17-001/Projects/iOS/Broccoli/Broccoli/Features/Patient/SearchView.swift (in target 'Broccoli' from project 'Broccoli')
    cd /Volumes/jaigaurav17-001/Projects/iOS/Broccoli
    

SwiftCompile normal x86_64 /Volumes/jaigaurav17-001/Projects/iOS/Broccoli/Broccoli/Features/Patient/SelectPharmacyView.swift (in target 'Broccoli' from project 'Broccoli')
    cd /Volumes/jaigaurav17-001/Projects/iOS/Broccoli
    

SwiftCompile normal x86_64 /Volumes/jaigaurav17-001/Projects/iOS/Broccoli/Broccoli/Features/Patient/SpecialistBookingFormView.swift (in target 'Broccoli' from project 'Broccoli')
    cd /Volumes/jaigaurav17-001/Projects/iOS/Broccoli
    

SwiftDriverJobDiscovery normal x86_64 Compiling SettingsView.swift, AppointmentDetailForDoctorView.swift, DoctorAppointmentHistory.swift, DoctorHomeView.swift, DoctorProfileDetailView.swift, DoctorProfileView.swift, EditDoctorProfileView.swift, ChatAppointmentCardView.swift (in target 'Broccoli' from project 'Broccoli')

SwiftCompile normal x86_64 Compiling\ EditPharmacyView.swift,\ GPAppointmentBookingForm.swift,\ MedicalEnquiryView.swift,\ MyAppointmentsView.swift,\ MyPharmaciesView.swift,\ MyPrescriptionsView.swift,\ NotificationsView.swift /Volumes/jaigaurav17-001/Projects/iOS/Broccoli/Broccoli/Features/Patient/EditPharmacyView.swift /Volumes/jaigaurav17-001/Projects/iOS/Broccoli/Broccoli/Features/Patient/GPAppointmentBookingForm.swift /Volumes/jaigaurav17-001/Projects/iOS/Broccoli/Broccoli/Features/Patient/MedicalEnquiryView.swift /Volumes/jaigaurav17-001/Projects/iOS/Broccoli/Broccoli/Features/Patient/MyAppointmentsView.swift /Volumes/jaigaurav17-001/Projects/iOS/Broccoli/Broccoli/Features/Patient/MyPharmaciesView.swift /Volumes/jaigaurav17-001/Projects/iOS/Broccoli/Broccoli/Features/Patient/MyPrescriptionsView.swift /Volumes/jaigaurav17-001/Projects/iOS/Broccoli/Broccoli/Features/Patient/NotificationsView.swift (in target 'Broccoli' from project 'Broccoli')
SwiftCompile normal x86_64 /Volumes/jaigaurav17-001/Projects/iOS/Broccoli/Broccoli/Features/Patient/EditPharmacyView.swift (in target 'Broccoli' from project 'Broccoli')
    cd /Volumes/jaigaurav17-001/Projects/iOS/Broccoli
    
/Users/jaigaurav/Library/Developer/Xcode/DerivedData/Broccoli-eapieicfqwxippexlubxawpdfesp/Build/Intermediates.noindex/Broccoli.build/Debug-iphonesimulator/Broccoli.build/DerivedSources/GeneratedAssetSymbols.swift:739:14: warning: The "Primary" color asset name resolves to a conflicting Color symbol "primary". Try renaming the asset.
    #warning("The \"Primary\" color asset name resolves to a conflicting Color symbol \"primary\". Try renaming the asset.")
             ^~~~~~~~~~~~~~~~~~~~~~~~~~~~~~~~~~~~~~~~~~~~~~~~~~~~~~~~~~~~~~~~~~~~~~~~~~~~~~~~~~~~~~~~~~~~~~~~~~~~~~~~~~~~~~
/Users/jaigaurav/Library/Developer/Xcode/DerivedData/Broccoli-eapieicfqwxippexlubxawpdfesp/Build/Intermediates.noindex/Broccoli.build/Debug-iphonesimulator/Broccoli.build/DerivedSources/GeneratedAssetSymbols.swift:747:14: warning: The "Secondary" color asset name resolves to a conflicting Color symbol "secondary". Try renaming the asset.
    #warning("The \"Secondary\" color asset name resolves to a conflicting Color symbol \"secondary\". Try renaming the asset.")
             ^~~~~~~~~~~~~~~~~~~~~~~~~~~~~~~~~~~~~~~~~~~~~~~~~~~~~~~~~~~~~~~~~~~~~~~~~~~~~~~~~~~~~~~~~~~~~~~~~~~~~~~~~~~~~~~~~~

SwiftCompile normal x86_64 /Volumes/jaigaurav17-001/Projects/iOS/Broccoli/Broccoli/Features/Patient/GPAppointmentBookingForm.swift (in target 'Broccoli' from project 'Broccoli')
    cd /Volumes/jaigaurav17-001/Projects/iOS/Broccoli
    

SwiftCompile normal x86_64 /Volumes/jaigaurav17-001/Projects/iOS/Broccoli/Broccoli/Features/Patient/MedicalEnquiryView.swift (in target 'Broccoli' from project 'Broccoli')
    cd /Volumes/jaigaurav17-001/Projects/iOS/Broccoli
    

SwiftCompile normal x86_64 /Volumes/jaigaurav17-001/Projects/iOS/Broccoli/Broccoli/Features/Patient/MyAppointmentsView.swift (in target 'Broccoli' from project 'Broccoli')
    cd /Volumes/jaigaurav17-001/Projects/iOS/Broccoli
    

SwiftCompile normal x86_64 /Volumes/jaigaurav17-001/Projects/iOS/Broccoli/Broccoli/Features/Patient/MyPharmaciesView.swift (in target 'Broccoli' from project 'Broccoli')
    cd /Volumes/jaigaurav17-001/Projects/iOS/Broccoli
    
/Volumes/jaigaurav17-001/Projects/iOS/Broccoli/Broccoli/Features/Patient/MyPharmaciesView.swift:156:28: warning: value 'address' was defined but never used; consider replacing with boolean test
                    if let address = pharmacy.address {
                       ~~~~^~~~~~~~~~
                                                      != nil

SwiftCompile normal x86_64 /Volumes/jaigaurav17-001/Projects/iOS/Broccoli/Broccoli/Features/Patient/MyPrescriptionsView.swift (in target 'Broccoli' from project 'Broccoli')
    cd /Volumes/jaigaurav17-001/Projects/iOS/Broccoli
    

SwiftCompile normal x86_64 /Volumes/jaigaurav17-001/Projects/iOS/Broccoli/Broccoli/Features/Patient/NotificationsView.swift (in target 'Broccoli' from project 'Broccoli')
    cd /Volumes/jaigaurav17-001/Projects/iOS/Broccoli
    

SwiftDriverJobDiscovery normal arm64 Compiling ChatBookingCardView.swift, ChatBubbleView.swift, ChatComposerView.swift, ChatQuickRepliesView.swift, ChatReminderCardView.swift, StarterChipsView.swift, TypingIndicatorView.swift (in target 'Broccoli' from project 'Broccoli')

SwiftDriverJobDiscovery normal arm64 Compiling EditPharmacyView.swift, GPAppointmentBookingForm.swift, MedicalEnquiryView.swift, MyAppointmentsView.swift, MyPharmaciesView.swift, MyPrescriptionsView.swift, NotificationsView.swift (in target 'Broccoli' from project 'Broccoli')

SwiftDriverJobDiscovery normal arm64 Compiling SpecialtyListView.swift, EditPatientProfileView.swift, PatientProfileDetailView.swift, ProfileView.swift, StaticPageView.swift, DoctorNotesFormView.swift, ContentView.swift (in target 'Broccoli' from project 'Broccoli')

SwiftDriverJobDiscovery normal arm64 Compiling AppointmentCard.swift, DatePickerField.swift, MenuItemRow.swift, NoAppointmentView.swift, ScheduledAppointmentCard.swift, SmallActionTile.swift, StatItem.swift, TodayAppointmentCard.swift (in target 'Broccoli' from project 'Broccoli')

SwiftDriverJobDiscovery normal arm64 Compiling SettingsView.swift, AppointmentDetailForDoctorView.swift, DoctorAppointmentHistory.swift, DoctorHomeView.swift, DoctorProfileDetailView.swift, DoctorProfileView.swift, EditDoctorProfileView.swift, ChatAppointmentCardView.swift (in target 'Broccoli' from project 'Broccoli')

SwiftDriverJobDiscovery normal arm64 Compiling PatientHomeView.swift, PaymentSuccessView.swift, PrescriptionQuestionsView.swift, PrescriptionView.swift, SearchView.swift, SelectPharmacyView.swift, SpecialistBookingFormView.swift (in target 'Broccoli' from project 'Broccoli')

SwiftDriverJobDiscovery normal arm64 Compiling ChatStreamHarness.swift, HealthAssistantView.swift, AddPharmacyView.swift, AppointmentDetailForPatientView.swift, BookingConfirmationView.swift, BookPrescriptionView.swift, CureFromDrugView.swift (in target 'Broccoli' from project 'Broccoli')

SwiftDriver\ Compilation Broccoli normal arm64 com.apple.xcode.tools.swift.compiler (in target 'Broccoli' from project 'Broccoli')
    cd /Volumes/jaigaurav17-001/Projects/iOS/Broccoli
    builtin-Swift-Compilation -- /Applications/Xcode.app/Contents/Developer/Toolchains/XcodeDefault.xctoolchain/usr/bin/swiftc -module-name Broccoli -Onone @/Users/jaigaurav/Library/Developer/Xcode/DerivedData/Broccoli-eapieicfqwxippexlubxawpdfesp/Build/Intermediates.noindex/Broccoli.build/Debug-iphonesimulator/Broccoli.build/Objects-normal/arm64/Broccoli.SwiftFileList -DDEBUG -Xcc -fmodule-map-file\=/Users/jaigaurav/Library/Developer/Xcode/DerivedData/Broccoli-eapieicfqwxippexlubxawpdfesp/Build/Intermediates.noindex/GeneratedModuleMaps-iphonesimulator/GoogleUtilities-Network.modulemap -Xcc -fmodule-map-file\=/Users/jaigaurav/Library/Developer/Xcode/DerivedData/Broccoli-eapieicfqwxippexlubxawpdfesp/Build/Intermediates.noindex/GeneratedModuleMaps-iphonesimulator/GoogleUtilities-AppDelegateSwizzler.modulemap -Xcc -fmodule-map-file\=/Users/jaigaurav/Library/Developer/Xcode/DerivedData/Broccoli-eapieicfqwxippexlubxawpdfesp/Build/Intermediates.noindex/GeneratedModuleMaps-iphonesimulator/GoogleUtilities-Reachability.modulemap -Xcc -fmodule-map-file\=/Users/jaigaurav/Library/Developer/Xcode/DerivedData/Broccoli-eapieicfqwxippexlubxawpdfesp/Build/Intermediates.noindex/GeneratedModuleMaps-iphonesimulator/FirebaseMessaging.modulemap -Xcc -fmodule-map-file\=/Users/jaigaurav/Library/Developer/Xcode/DerivedData/Broccoli-eapieicfqwxippexlubxawpdfesp/Build/Intermediates.noindex/GeneratedModuleMaps-iphonesimulator/AppAuth.modulemap -Xcc -fmodule-map-file\=/Users/jaigaurav/Library/Developer/Xcode/DerivedData/Broccoli-eapieicfqwxippexlubxawpdfesp/Build/Intermediates.noindex/GeneratedModuleMaps-iphonesimulator/AppAuthCore.modulemap -Xcc -fmodule-map-file\=/Users/jaigaurav/Library/Developer/Xcode/DerivedData/Broccoli-eapieicfqwxippexlubxawpdfesp/Build/Intermediates.noindex/GeneratedModuleMaps-iphonesimulator/AppCheckCore.modulemap -Xcc -fmodule-map-file\=/Users/jaigaurav/Library/Developer/Xcode/DerivedData/Broccoli-eapieicfqwxippexlubxawpdfesp/Build/Intermediates.noindex/GeneratedModuleMaps-iphonesimulator/GTMSessionFetcherCore.modulemap -Xcc -fmodule-map-file\=/Users/jaigaurav/Library/Developer/Xcode/DerivedData/Broccoli-eapieicfqwxippexlubxawpdfesp/Build/Intermediates.noindex/GeneratedModuleMaps-iphonesimulator/GoogleSignIn.modulemap -Xcc -fmodule-map-file\=/Users/jaigaurav/Library/Developer/Xcode/DerivedData/Broccoli-eapieicfqwxippexlubxawpdfesp/Build/Intermediates.noindex/GeneratedModuleMaps-iphonesimulator/Stripe3DS2.modulemap -Xcc -fmodule-map-file\=/Users/jaigaurav/Library/Developer/Xcode/DerivedData/Broccoli-eapieicfqwxippexlubxawpdfesp/Build/Intermediates.noindex/GeneratedModuleMaps-iphonesimulator/GoogleUtilities-NSData.modulemap -Xcc -fmodule-map-file\=/Users/jaigaurav/Library/Developer/Xcode/DerivedData/Broccoli-eapieicfqwxippexlubxawpdfesp/Build/Intermediates.noindex/GeneratedModuleMaps-iphonesimulator/GoogleUtilities-Logger.modulemap -Xcc -fmodule-map-file\=/Users/jaigaurav/Library/Developer/Xcode/DerivedData/Broccoli-eapieicfqwxippexlubxawpdfesp/Build/Intermediates.noindex/GeneratedModuleMaps-iphonesimulator/GoogleUtilities-Environment.modulemap -Xcc -fmodule-map-file\=/Users/jaigaurav/Library/Developer/Xcode/DerivedData/Broccoli-eapieicfqwxippexlubxawpdfesp/Build/Intermediates.noindex/GeneratedModuleMaps-iphonesimulator/third-party-IsAppEncrypted.modulemap -Xcc -fmodule-map-file\=/Users/jaigaurav/Library/Developer/Xcode/DerivedData/Broccoli-eapieicfqwxippexlubxawpdfesp/Build/Intermediates.noindex/GeneratedModuleMaps-iphonesimulator/GoogleUtilities-UserDefaults.modulemap -Xcc -fmodule-map-file\=/Users/jaigaurav/Library/Developer/Xcode/DerivedData/Broccoli-eapieicfqwxippexlubxawpdfesp/Build/Intermediates.noindex/GeneratedModuleMaps-iphonesimulator/nanopb.modulemap -Xcc -fmodule-map-file\=/Users/jaigaurav/Library/Developer/Xcode/DerivedData/Broccoli-eapieicfqwxippexlubxawpdfesp/Build/Intermediates.noindex/GeneratedModuleMaps-iphonesimulator/GoogleDataTransport.modulemap -Xcc -fmodule-map-file\=/Users/jaigaurav/Library/Developer/Xcode/DerivedData/Broccoli-eapieicfqwxippexlubxawpdfesp/Build/Intermediates.noindex/GeneratedModuleMaps-iphonesimulator/FirebaseSessionsObjC.modulemap -Xcc -fmodule-map-file\=/Users/jaigaurav/Library/Developer/Xcode/DerivedData/Broccoli-eapieicfqwxippexlubxawpdfesp/Build/Intermediates.noindex/GeneratedModuleMaps-iphonesimulator/FirebaseCoreExtension.modulemap -Xcc -fmodule-map-file\=/Users/jaigaurav/Library/Developer/Xcode/DerivedData/Broccoli-eapieicfqwxippexlubxawpdfesp/Build/Intermediates.noindex/GeneratedModuleMaps-iphonesimulator/FirebaseInstallations.modulemap -Xcc -fmodule-map-file\=/Users/jaigaurav/Library/Developer/Xcode/DerivedData/Broccoli-eapieicfqwxippexlubxawpdfesp/Build/Intermediates.noindex/GeneratedModuleMaps-iphonesimulator/FirebaseCore.modulemap -Xcc -fmodule-map-file\=/Users/jaigaurav/Library/Developer/Xcode/DerivedData/Broccoli-eapieicfqwxippexlubxawpdfesp/Build/Intermediates.noindex/GeneratedModuleMaps-iphonesimulator/FirebaseCrashlytics.modulemap -default-isolation\=MainActor -enable-bare-slash-regex -enable-upcoming-feature DisableOutwardActorInference -enable-upcoming-feature InferSendableFromCaptures -enable-upcoming-feature GlobalActorIsolatedTypesUsability -enable-upcoming-feature MemberImportVisibility -enable-upcoming-feature InferIsolatedConformances -enable-upcoming-feature NonisolatedNonsendingByDefault -enable-experimental-feature DebugDescriptionMacro -sdk /Applications/Xcode.app/Contents/Developer/Platforms/iPhoneSimulator.platform/Developer/SDKs/iPhoneSimulator26.5.sdk -target arm64-apple-ios17.6-simulator -g -module-cache-path /Users/jaigaurav/Library/Developer/Xcode/DerivedData/ModuleCache.noindex -Xfrontend -serialize-debugging-options -profile-coverage-mapping -profile-generate -enable-testing -index-store-path /Users/jaigaurav/Library/Developer/Xcode/DerivedData/Broccoli-eapieicfqwxippexlubxawpdfesp/Index.noindex/DataStore -Xcc -D_LIBCPP_HARDENING_MODE\=_LIBCPP_HARDENING_MODE_DEBUG -swift-version 5 -I /Users/jaigaurav/Library/Developer/Xcode/DerivedData/Broccoli-eapieicfqwxippexlubxawpdfesp/Build/Products/Debug-iphonesimulator -F /Users/jaigaurav/Library/Developer/Xcode/DerivedData/Broccoli-eapieicfqwxippexlubxawpdfesp/Build/Products/Debug-iphonesimulator/PackageFrameworks -F /Users/jaigaurav/Library/Developer/Xcode/DerivedData/Broccoli-eapieicfqwxippexlubxawpdfesp/Build/Products/Debug-iphonesimulator/PackageFrameworks -F /Users/jaigaurav/Library/Developer/Xcode/DerivedData/Broccoli-eapieicfqwxippexlubxawpdfesp/Build/Products/Debug-iphonesimulator/PackageFrameworks -F /Users/jaigaurav/Library/Developer/Xcode/DerivedData/Broccoli-eapieicfqwxippexlubxawpdfesp/Build/Products/Debug-iphonesimulator/PackageFrameworks -F /Users/jaigaurav/Library/Developer/Xcode/DerivedData/Broccoli-eapieicfqwxippexlubxawpdfesp/Build/Products/Debug-iphonesimulator/PackageFrameworks -F /Users/jaigaurav/Library/Developer/Xcode/DerivedData/Broccoli-eapieicfqwxippexlubxawpdfesp/Build/Products/Debug-iphonesimulator/PackageFrameworks -F /Users/jaigaurav/Library/Developer/Xcode/DerivedData/Broccoli-eapieicfqwxippexlubxawpdfesp/Build/Products/Debug-iphonesimulator/PackageFrameworks -F /Users/jaigaurav/Library/Developer/Xcode/DerivedData/Broccoli-eapieicfqwxippexlubxawpdfesp/Build/Products/Debug-iphonesimulator/PackageFrameworks -F /Users/jaigaurav/Library/Developer/Xcode/DerivedData/Broccoli-eapieicfqwxippexlubxawpdfesp/Build/Products/Debug-iphonesimulator/PackageFrameworks -F /Users/jaigaurav/Library/Developer/Xcode/DerivedData/Broccoli-eapieicfqwxippexlubxawpdfesp/Build/Products/Debug-iphonesimulator/PackageFrameworks -F /Users/jaigaurav/Library/Developer/Xcode/DerivedData/Broccoli-eapieicfqwxippexlubxawpdfesp/Build/Products/Debug-iphonesimulator/PackageFrameworks -F /Users/jaigaurav/Library/Developer/Xcode/DerivedData/Broccoli-eapieicfqwxippexlubxawpdfesp/Build/Products/Debug-iphonesimulator/PackageFrameworks -F /Users/jaigaurav/Library/Developer/Xcode/DerivedData/Broccoli-eapieicfqwxippexlubxawpdfesp/Build/Products/Debug-iphonesimulator/PackageFrameworks -F /Users/jaigaurav/Library/Developer/Xcode/DerivedData/Broccoli-eapieicfqwxippexlubxawpdfesp/Build/Products/Debug-iphonesimulator/PackageFrameworks -F /Users/jaigaurav/Library/Developer/Xcode/DerivedData/Broccoli-eapieicfqwxippexlubxawpdfesp/Build/Products/Debug-iphonesimulator/PackageFrameworks -F /Users/jaigaurav/Library/Developer/Xcode/DerivedData/Broccoli-eapieicfqwxippexlubxawpdfesp/Build/Products/Debug-iphonesimulator/PackageFrameworks -F /Users/jaigaurav/Library/Developer/Xcode/DerivedData/Broccoli-eapieicfqwxippexlubxawpdfesp/Build/Products/Debug-iphonesimulator/PackageFrameworks -F /Users/jaigaurav/Library/Developer/Xcode/DerivedData/Broccoli-eapieicfqwxippexlubxawpdfesp/Build/Products/Debug-iphonesimulator/PackageFrameworks -F /Users/jaigaurav/Library/Developer/Xcode/DerivedData/Broccoli-eapieicfqwxippexlubxawpdfesp/Build/Products/Debug-iphonesimulator/PackageFrameworks -F /Users/jaigaurav/Library/Developer/Xcode/DerivedData/Broccoli-eapieicfqwxippexlubxawpdfesp/Build/Products/Debug-iphonesimulator/PackageFrameworks -F /Users/jaigaurav/Library/Developer/Xcode/DerivedData/Broccoli-eapieicfqwxippexlubxawpdfesp/Build/Products/Debug-iphonesimulator/PackageFrameworks -F /Users/jaigaurav/Library/Developer/Xcode/DerivedData/Broccoli-eapieicfqwxippexlubxawpdfesp/Build/Products/Debug-iphonesimulator/PackageFrameworks -F /Users/jaigaurav/Library/Developer/Xcode/DerivedData/Broccoli-eapieicfqwxippexlubxawpdfesp/Build/Products/Debug-iphonesimulator/PackageFrameworks -F /Users/jaigaurav/Library/Developer/Xcode/DerivedData/Broccoli-eapieicfqwxippexlubxawpdfesp/Build/Products/Debug-iphonesimulator/PackageFrameworks -F /Users/jaigaurav/Library/Developer/Xcode/DerivedData/Broccoli-eapieicfqwxippexlubxawpdfesp/Build/Products/Debug-iphonesimulator/PackageFrameworks -F /Users/jaigaurav/Library/Developer/Xcode/DerivedData/Broccoli-eapieicfqwxippexlubxawpdfesp/Build/Products/Debug-iphonesimulator/PackageFrameworks -F /Users/jaigaurav/Library/Developer/Xcode/DerivedData/Broccoli-eapieicfqwxippexlubxawpdfesp/Build/Products/Debug-iphonesimulator/PackageFrameworks -F /Users/jaigaurav/Library/Developer/Xcode/DerivedData/Broccoli-eapieicfqwxippexlubxawpdfesp/Build/Products/Debug-iphonesimulator/PackageFrameworks -F /Users/jaigaurav/Library/Developer/Xcode/DerivedData/Broccoli-eapieicfqwxippexlubxawpdfesp/Build/Products/Debug-iphonesimulator/PackageFrameworks -F /Users/jaigaurav/Library/Developer/Xcode/DerivedData/Broccoli-eapieicfqwxippexlubxawpdfesp/Build/Products/Debug-iphonesimulator/PackageFrameworks -F /Users/jaigaurav/Library/Developer/Xcode/DerivedData/Broccoli-eapieicfqwxippexlubxawpdfesp/Build/Products/Debug-iphonesimulator/PackageFrameworks -F /Users/jaigaurav/Library/Developer/Xcode/DerivedData/Broccoli-eapieicfqwxippexlubxawpdfesp/Build/Products/Debug-iphonesimulator/PackageFrameworks -F /Users/jaigaurav/Library/Developer/Xcode/DerivedData/Broccoli-eapieicfqwxippexlubxawpdfesp/Build/Products/Debug-iphonesimulator/PackageFrameworks -F /Users/jaigaurav/Library/Developer/Xcode/DerivedData/Broccoli-eapieicfqwxippexlubxawpdfesp/Build/Products/Debug-iphonesimulator/PackageFrameworks -F /Users/jaigaurav/Library/Developer/Xcode/DerivedData/Broccoli-eapieicfqwxippexlubxawpdfesp/Build/Products/Debug-iphonesimulator/PackageFrameworks -F /Users/jaigaurav/Library/Developer/Xcode/DerivedData/Broccoli-eapieicfqwxippexlubxawpdfesp/Build/Products/Debug-iphonesimulator/PackageFrameworks -F /Users/jaigaurav/Library/Developer/Xcode/DerivedData/Broccoli-eapieicfqwxippexlubxawpdfesp/Build/Products/Debug-iphonesimulator/PackageFrameworks -F /Users/jaigaurav/Library/Developer/Xcode/DerivedData/Broccoli-eapieicfqwxippexlubxawpdfesp/Build/Products/Debug-iphonesimulator/PackageFrameworks -F /Users/jaigaurav/Library/Developer/Xcode/DerivedData/Broccoli-eapieicfqwxippexlubxawpdfesp/Build/Products/Debug-iphonesimulator/PackageFrameworks -F /Users/jaigaurav/Library/Developer/Xcode/DerivedData/Broccoli-eapieicfqwxippexlubxawpdfesp/Build/Products/Debug-iphonesimulator/PackageFrameworks -F /Users/jaigaurav/Library/Developer/Xcode/DerivedData/Broccoli-eapieicfqwxippexlubxawpdfesp/Build/Products/Debug-iphonesimulator/PackageFrameworks -F /Users/jaigaurav/Library/Developer/Xcode/DerivedData/Broccoli-eapieicfqwxippexlubxawpdfesp/Build/Products/Debug-iphonesimulator/PackageFrameworks -F /Users/jaigaurav/Library/Developer/Xcode/DerivedData/Broccoli-eapieicfqwxippexlubxawpdfesp/Build/Products/Debug-iphonesimulator/PackageFrameworks -F /Users/jaigaurav/Library/Developer/Xcode/DerivedData/Broccoli-eapieicfqwxippexlubxawpdfesp/Build/Products/Debug-iphonesimulator/PackageFrameworks -F /Users/jaigaurav/Library/Developer/Xcode/DerivedData/Broccoli-eapieicfqwxippexlubxawpdfesp/Build/Products/Debug-iphonesimulator/PackageFrameworks -F /Users/jaigaurav/Library/Developer/Xcode/DerivedData/Broccoli-eapieicfqwxippexlubxawpdfesp/Build/Products/Debug-iphonesimulator -emit-localized-strings -emit-localized-strings-path /Users/jaigaurav/Library/Developer/Xcode/DerivedData/Broccoli-eapieicfqwxippexlubxawpdfesp/Build/Intermediates.noindex/Broccoli.build/Debug-iphonesimulator/Broccoli.build/Objects-normal/arm64 -c -j8 -enable-batch-mode -incremental -Xcc -ivfsstatcache -Xcc /Users/jaigaurav/Library/Developer/Xcode/DerivedData/SDKStatCaches.noindex/iphonesimulator26.5-23F81a-6cfe768891a92b912361537c460fe42b.sdkstatcache -output-file-map /Users/jaigaurav/Library/Developer/Xcode/DerivedData/Broccoli-eapieicfqwxippexlubxawpdfesp/Build/Intermediates.noindex/Broccoli.build/Debug-iphonesimulator/Broccoli.build/Objects-normal/arm64/Broccoli-OutputFileMap.json -use-frontend-parseable-output -save-temps -no-color-diagnostics -explicit-module-build -module-cache-path /Users/jaigaurav/Library/Developer/Xcode/DerivedData/Broccoli-eapieicfqwxippexlubxawpdfesp/Build/Intermediates.noindex/SwiftExplicitPrecompiledModules -clang-scanner-module-cache-path /Users/jaigaurav/Library/Developer/Xcode/DerivedData/ModuleCache.noindex -sdk-module-cache-path /Users/jaigaurav/Library/Developer/Xcode/DerivedData/ModuleCache.noindex -serialize-diagnostics -emit-dependencies -emit-module -emit-module-path /Users/jaigaurav/Library/Developer/Xcode/DerivedData/Broccoli-eapieicfqwxippexlubxawpdfesp/Build/Intermediates.noindex/Broccoli.build/Debug-iphonesimulator/Broccoli.build/Objects-normal/arm64/Broccoli.swiftmodule -validate-clang-modules-once -clang-build-session-file /Users/jaigaurav/Library/Developer/Xcode/DerivedData/ModuleCache.noindex/Session.modulevalidation -Xcc -I/Users/jaigaurav/Library/Developer/Xcode/DerivedData/Broccoli-eapieicfqwxippexlubxawpdfesp/Build/Intermediates.noindex/Broccoli.build/Debug-iphonesimulator/Broccoli.build/swift-overrides.hmap -emit-const-values -Xfrontend -const-gather-protocols-file -Xfrontend /Users/jaigaurav/Library/Developer/Xcode/DerivedData/Broccoli-eapieicfqwxippexlubxawpdfesp/Build/Intermediates.noindex/Broccoli.build/Debug-iphonesimulator/Broccoli.build/Objects-normal/arm64/Broccoli_const_extract_protocols.json -Xcc -iquote -Xcc /Users/jaigaurav/Library/Developer/Xcode/DerivedData/Broccoli-eapieicfqwxippexlubxawpdfesp/Build/Intermediates.noindex/Broccoli.build/Debug-iphonesimulator/Broccoli.build/Broccoli-generated-files.hmap -Xcc -I/Users/jaigaurav/Library/Developer/Xcode/DerivedData/Broccoli-eapieicfqwxippexlubxawpdfesp/Build/Intermediates.noindex/Broccoli.build/Debug-iphonesimulator/Broccoli.build/Broccoli-own-target-headers.hmap -Xcc -I/Users/jaigaurav/Library/Developer/Xcode/DerivedData/Broccoli-eapieicfqwxippexlubxawpdfesp/Build/Intermediates.noindex/Broccoli.build/Debug-iphonesimulator/Broccoli.build/Broccoli-all-non-framework-target-headers.hmap -Xcc -ivfsoverlay -Xcc /Users/jaigaurav/Library/Developer/Xcode/DerivedData/Broccoli-eapieicfqwxippexlubxawpdfesp/Build/Intermediates.noindex/Broccoli.build/Debug-iphonesimulator/Broccoli-b570dedc7e9dc92657e4abeab955b46f-VFS-iphonesimulator/all-product-headers.yaml -Xcc -iquote -Xcc /Users/jaigaurav/Library/Developer/Xcode/DerivedData/Broccoli-eapieicfqwxippexlubxawpdfesp/Build/Intermediates.noindex/Broccoli.build/Debug-iphonesimulator/Broccoli.build/Broccoli-project-headers.hmap -Xcc -I/Users/jaigaurav/Library/Developer/Xcode/DerivedData/Broccoli-eapieicfqwxippexlubxawpdfesp/SourcePackages/checkouts/GoogleUtilities/GoogleUtilities/Network/Public -Xcc -I/Users/jaigaurav/Library/Developer/Xcode/DerivedData/Broccoli-eapieicfqwxippexlubxawpdfesp/SourcePackages/checkouts/GoogleUtilities/GoogleUtilities/AppDelegateSwizzler/Public -Xcc -I/Users/jaigaurav/Library/Developer/Xcode/DerivedData/Broccoli-eapieicfqwxippexlubxawpdfesp/SourcePackages/checkouts/GoogleUtilities/GoogleUtilities/Reachability/Public -Xcc -I/Users/jaigaurav/Library/Developer/Xcode/DerivedData/Broccoli-eapieicfqwxippexlubxawpdfesp/SourcePackages/checkouts/firebase-ios-sdk/FirebaseMessaging/Sources/Public -Xcc -I/Users/jaigaurav/Library/Developer/Xcode/DerivedData/Broccoli-eapieicfqwxippexlubxawpdfesp/SourcePackages/checkouts/AppAuth-iOS/Sources/AppAuth -Xcc -I/Users/jaigaurav/Library/Developer/Xcode/DerivedData/Broccoli-eapieicfqwxippexlubxawpdfesp/SourcePackages/checkouts/AppAuth-iOS/Sources/AppAuthCore -Xcc -I/Users/jaigaurav/Library/Developer/Xcode/DerivedData/Broccoli-eapieicfqwxippexlubxawpdfesp/SourcePackages/checkouts/app-check/AppCheckCore/Sources/Public -Xcc -I/Users/jaigaurav/Library/Developer/Xcode/DerivedData/Broccoli-eapieicfqwxippexlubxawpdfesp/SourcePackages/checkouts/gtm-session-fetcher/Sources/Core/Public -Xcc -I/Users/jaigaurav/Library/Developer/Xcode/DerivedData/Broccoli-eapieicfqwxippexlubxawpdfesp/SourcePackages/checkouts/GoogleSignIn-iOS/GoogleSignIn/Sources/Public -Xcc -I/Users/jaigaurav/Library/Developer/Xcode/DerivedData/Broccoli-eapieicfqwxippexlubxawpdfesp/SourcePackages/checkouts/stripe-ios-spm/Stripe3DS2/Stripe3DS2/include -Xcc -I/Users/jaigaurav/Library/Developer/Xcode/DerivedData/Broccoli-eapieicfqwxippexlubxawpdfesp/SourcePackages/checkouts/GoogleUtilities/GoogleUtilities/NSData+zlib/Public -Xcc -I/Users/jaigaurav/Library/Developer/Xcode/DerivedData/Broccoli-eapieicfqwxippexlubxawpdfesp/SourcePackages/checkouts/GoogleUtilities/GoogleUtilities/Logger/Public -Xcc -I/Users/jaigaurav/Library/Developer/Xcode/DerivedData/Broccoli-eapieicfqwxippexlubxawpdfesp/SourcePackages/checkouts/GoogleUtilities/GoogleUtilities/Environment/Public -Xcc -I/Users/jaigaurav/Library/Developer/Xcode/DerivedData/Broccoli-eapieicfqwxippexlubxawpdfesp/SourcePackages/checkouts/GoogleUtilities/third_party/IsAppEncrypted/Public -Xcc -I/Users/jaigaurav/Library/Developer/Xcode/DerivedData/Broccoli-eapieicfqwxippexlubxawpdfesp/SourcePackages/checkouts/GoogleUtilities/GoogleUtilities/UserDefaults/Public -Xcc -I/Users/jaigaurav/Library/Developer/Xcode/DerivedData/Broccoli-eapieicfqwxippexlubxawpdfesp/SourcePackages/checkouts/nanopb/spm_headers -Xcc -I/Users/jaigaurav/Library/Developer/Xcode/DerivedData/Broccoli-eapieicfqwxippexlubxawpdfesp/SourcePackages/checkouts/promises/Sources/FBLPromises/include -Xcc -I/Users/jaigaurav/Library/Developer/Xcode/DerivedData/Broccoli-eapieicfqwxippexlubxawpdfesp/SourcePackages/checkouts/GoogleDataTransport/GoogleDataTransport/GDTCORLibrary/Public -Xcc -I/Users/jaigaurav/Library/Developer/Xcode/DerivedData/Broccoli-eapieicfqwxippexlubxawpdfesp/SourcePackages/checkouts/firebase-ios-sdk/FirebaseSessions/SourcesObjC -Xcc -I/Users/jaigaurav/Library/Developer/Xcode/DerivedData/Broccoli-eapieicfqwxippexlubxawpdfesp/SourcePackages/checkouts/firebase-ios-sdk/FirebaseCore/Extension -Xcc -I/Users/jaigaurav/Library/Developer/Xcode/DerivedData/Broccoli-eapieicfqwxippexlubxawpdfesp/SourcePackages/checkouts/firebase-ios-sdk/FirebaseInstallations/Source/Library/Public -Xcc -I/Users/jaigaurav/Library/Developer/Xcode/DerivedData/Broccoli-eapieicfqwxippexlubxawpdfesp/SourcePackages/checkouts/firebase-ios-sdk/FirebaseCore/Sources/Public -Xcc -I/Users/jaigaurav/Library/Developer/Xcode/DerivedData/Broccoli-eapieicfqwxippexlubxawpdfesp/SourcePackages/checkouts/firebase-ios-sdk/CoreOnly/Sources -Xcc -I/Users/jaigaurav/Library/Developer/Xcode/DerivedData/Broccoli-eapieicfqwxippexlubxawpdfesp/SourcePackages/checkouts/firebase-ios-sdk/Crashlytics/Crashlytics/Public -Xcc -I/Users/jaigaurav/Library/Developer/Xcode/DerivedData/Broccoli-eapieicfqwxippexlubxawpdfesp/Build/Products/Debug-iphonesimulator/include -Xcc -I/Users/jaigaurav/Library/Developer/Xcode/DerivedData/Broccoli-eapieicfqwxippexlubxawpdfesp/Build/Intermediates.noindex/Broccoli.build/Debug-iphonesimulator/Broccoli.build/DerivedSources-normal/arm64 -Xcc -I/Users/jaigaurav/Library/Developer/Xcode/DerivedData/Broccoli-eapieicfqwxippexlubxawpdfesp/Build/Intermediates.noindex/Broccoli.build/Debug-iphonesimulator/Broccoli.build/DerivedSources/arm64 -Xcc -I/Users/jaigaurav/Library/Developer/Xcode/DerivedData/Broccoli-eapieicfqwxippexlubxawpdfesp/Build/Intermediates.noindex/Broccoli.build/Debug-iphonesimulator/Broccoli.build/DerivedSources -Xcc -DDEBUG\=1 -emit-objc-header -emit-objc-header-path /Users/jaigaurav/Library/Developer/Xcode/DerivedData/Broccoli-eapieicfqwxippexlubxawpdfesp/Build/Intermediates.noindex/Broccoli.build/Debug-iphonesimulator/Broccoli.build/Objects-normal/arm64/Broccoli-Swift.h -working-directory /Volumes/jaigaurav17-001/Projects/iOS/Broccoli -experimental-emit-module-separately -disable-cmo

Ld /Users/jaigaurav/Library/Developer/Xcode/DerivedData/Broccoli-eapieicfqwxippexlubxawpdfesp/Build/Intermediates.noindex/Broccoli.build/Debug-iphonesimulator/Broccoli.build/Objects-normal/arm64/Binary/Broccoli.debug.dylib normal arm64 (in target 'Broccoli' from project 'Broccoli')
    cd /Volumes/jaigaurav17-001/Projects/iOS/Broccoli
    /Applications/Xcode.app/Contents/Developer/Toolchains/XcodeDefault.xctoolchain/usr/bin/clang -Xlinker -reproducible -target arm64-apple-ios17.6-simulator -dynamiclib -isysroot /Applications/Xcode.app/Contents/Developer/Platforms/iPhoneSimulator.platform/Developer/SDKs/iPhoneSimulator26.5.sdk -O0 -L/Users/jaigaurav/Library/Developer/Xcode/DerivedData/Broccoli-eapieicfqwxippexlubxawpdfesp/Build/Intermediates.noindex/EagerLinkingTBDs/Debug-iphonesimulator -L/Users/jaigaurav/Library/Developer/Xcode/DerivedData/Broccoli-eapieicfqwxippexlubxawpdfesp/Build/Products/Debug-iphonesimulator -F/Users/jaigaurav/Library/Developer/Xcode/DerivedData/Broccoli-eapieicfqwxippexlubxawpdfesp/Build/Intermediates.noindex/EagerLinkingTBDs/Debug-iphonesimulator -F/Users/jaigaurav/Library/Developer/Xcode/DerivedData/Broccoli-eapieicfqwxippexlubxawpdfesp/Build/Products/Debug-iphonesimulator/PackageFrameworks -F/Users/jaigaurav/Library/Developer/Xcode/DerivedData/Broccoli-eapieicfqwxippexlubxawpdfesp/Build/Products/Debug-iphonesimulator/PackageFrameworks -F/Users/jaigaurav/Library/Developer/Xcode/DerivedData/Broccoli-eapieicfqwxippexlubxawpdfesp/Build/Products/Debug-iphonesimulator/PackageFrameworks -F/Users/jaigaurav/Library/Developer/Xcode/DerivedData/Broccoli-eapieicfqwxippexlubxawpdfesp/Build/Products/Debug-iphonesimulator/PackageFrameworks -F/Users/jaigaurav/Library/Developer/Xcode/DerivedData/Broccoli-eapieicfqwxippexlubxawpdfesp/Build/Products/Debug-iphonesimulator/PackageFrameworks -F/Users/jaigaurav/Library/Developer/Xcode/DerivedData/Broccoli-eapieicfqwxippexlubxawpdfesp/Build/Products/Debug-iphonesimulator/PackageFrameworks -F/Users/jaigaurav/Library/Developer/Xcode/DerivedData/Broccoli-eapieicfqwxippexlubxawpdfesp/Build/Products/Debug-iphonesimulator/PackageFrameworks -F/Users/jaigaurav/Library/Developer/Xcode/DerivedData/Broccoli-eapieicfqwxippexlubxawpdfesp/Build/Products/Debug-iphonesimulator/PackageFrameworks -F/Users/jaigaurav/Library/Developer/Xcode/DerivedData/Broccoli-eapieicfqwxippexlubxawpdfesp/Build/Products/Debug-iphonesimulator/PackageFrameworks -F/Users/jaigaurav/Library/Developer/Xcode/DerivedData/Broccoli-eapieicfqwxippexlubxawpdfesp/Build/Products/Debug-iphonesimulator/PackageFrameworks -F/Users/jaigaurav/Library/Developer/Xcode/DerivedData/Broccoli-eapieicfqwxippexlubxawpdfesp/Build/Products/Debug-iphonesimulator/PackageFrameworks -F/Users/jaigaurav/Library/Developer/Xcode/DerivedData/Broccoli-eapieicfqwxippexlubxawpdfesp/Build/Products/Debug-iphonesimulator/PackageFrameworks -F/Users/jaigaurav/Library/Developer/Xcode/DerivedData/Broccoli-eapieicfqwxippexlubxawpdfesp/Build/Products/Debug-iphonesimulator/PackageFrameworks -F/Users/jaigaurav/Library/Developer/Xcode/DerivedData/Broccoli-eapieicfqwxippexlubxawpdfesp/Build/Products/Debug-iphonesimulator/PackageFrameworks -F/Users/jaigaurav/Library/Developer/Xcode/DerivedData/Broccoli-eapieicfqwxippexlubxawpdfesp/Build/Products/Debug-iphonesimulator/PackageFrameworks -F/Users/jaigaurav/Library/Developer/Xcode/DerivedData/Broccoli-eapieicfqwxippexlubxawpdfesp/Build/Products/Debug-iphonesimulator/PackageFrameworks -F/Users/jaigaurav/Library/Developer/Xcode/DerivedData/Broccoli-eapieicfqwxippexlubxawpdfesp/Build/Products/Debug-iphonesimulator/PackageFrameworks -F/Users/jaigaurav/Library/Developer/Xcode/DerivedData/Broccoli-eapieicfqwxippexlubxawpdfesp/Build/Products/Debug-iphonesimulator/PackageFrameworks -F/Users/jaigaurav/Library/Developer/Xcode/DerivedData/Broccoli-eapieicfqwxippexlubxawpdfesp/Build/Products/Debug-iphonesimulator/PackageFrameworks -F/Users/jaigaurav/Library/Developer/Xcode/DerivedData/Broccoli-eapieicfqwxippexlubxawpdfesp/Build/Products/Debug-iphonesimulator/PackageFrameworks -F/Users/jaigaurav/Library/Developer/Xcode/DerivedData/Broccoli-eapieicfqwxippexlubxawpdfesp/Build/Products/Debug-iphonesimulator/PackageFrameworks -F/Users/jaigaurav/Library/Developer/Xcode/DerivedData/Broccoli-eapieicfqwxippexlubxawpdfesp/Build/Products/Debug-iphonesimulator/PackageFrameworks -F/Users/jaigaurav/Library/Developer/Xcode/DerivedData/Broccoli-eapieicfqwxippexlubxawpdfesp/Build/Products/Debug-iphonesimulator/PackageFrameworks -F/Users/jaigaurav/Library/Developer/Xcode/DerivedData/Broccoli-eapieicfqwxippexlubxawpdfesp/Build/Products/Debug-iphonesimulator/PackageFrameworks -F/Users/jaigaurav/Library/Developer/Xcode/DerivedData/Broccoli-eapieicfqwxippexlubxawpdfesp/Build/Products/Debug-iphonesimulator/PackageFrameworks -F/Users/jaigaurav/Library/Developer/Xcode/DerivedData/Broccoli-eapieicfqwxippexlubxawpdfesp/Build/Products/Debug-iphonesimulator/PackageFrameworks -F/Users/jaigaurav/Library/Developer/Xcode/DerivedData/Broccoli-eapieicfqwxippexlubxawpdfesp/Build/Products/Debug-iphonesimulator/PackageFrameworks -F/Users/jaigaurav/Library/Developer/Xcode/DerivedData/Broccoli-eapieicfqwxippexlubxawpdfesp/Build/Products/Debug-iphonesimulator/PackageFrameworks -F/Users/jaigaurav/Library/Developer/Xcode/DerivedData/Broccoli-eapieicfqwxippexlubxawpdfesp/Build/Products/Debug-iphonesimulator/PackageFrameworks -F/Users/jaigaurav/Library/Developer/Xcode/DerivedData/Broccoli-eapieicfqwxippexlubxawpdfesp/Build/Products/Debug-iphonesimulator/PackageFrameworks -F/Users/jaigaurav/Library/Developer/Xcode/DerivedData/Broccoli-eapieicfqwxippexlubxawpdfesp/Build/Products/Debug-iphonesimulator/PackageFrameworks -F/Users/jaigaurav/Library/Developer/Xcode/DerivedData/Broccoli-eapieicfqwxippexlubxawpdfesp/Build/Products/Debug-iphonesimulator/PackageFrameworks -F/Users/jaigaurav/Library/Developer/Xcode/DerivedData/Broccoli-eapieicfqwxippexlubxawpdfesp/Build/Products/Debug-iphonesimulator/PackageFrameworks -F/Users/jaigaurav/Library/Developer/Xcode/DerivedData/Broccoli-eapieicfqwxippexlubxawpdfesp/Build/Products/Debug-iphonesimulator/PackageFrameworks -F/Users/jaigaurav/Library/Developer/Xcode/DerivedData/Broccoli-eapieicfqwxippexlubxawpdfesp/Build/Products/Debug-iphonesimulator/PackageFrameworks -F/Users/jaigaurav/Library/Developer/Xcode/DerivedData/Broccoli-eapieicfqwxippexlubxawpdfesp/Build/Products/Debug-iphonesimulator/PackageFrameworks -F/Users/jaigaurav/Library/Developer/Xcode/DerivedData/Broccoli-eapieicfqwxippexlubxawpdfesp/Build/Products/Debug-iphonesimulator/PackageFrameworks -F/Users/jaigaurav/Library/Developer/Xcode/DerivedData/Broccoli-eapieicfqwxippexlubxawpdfesp/Build/Products/Debug-iphonesimulator/PackageFrameworks -F/Users/jaigaurav/Library/Developer/Xcode/DerivedData/Broccoli-eapieicfqwxippexlubxawpdfesp/Build/Products/Debug-iphonesimulator/PackageFrameworks -F/Users/jaigaurav/Library/Developer/Xcode/DerivedData/Broccoli-eapieicfqwxippexlubxawpdfesp/Build/Products/Debug-iphonesimulator/PackageFrameworks -F/Users/jaigaurav/Library/Developer/Xcode/DerivedData/Broccoli-eapieicfqwxippexlubxawpdfesp/Build/Products/Debug-iphonesimulator/PackageFrameworks -F/Users/jaigaurav/Library/Developer/Xcode/DerivedData/Broccoli-eapieicfqwxippexlubxawpdfesp/Build/Products/Debug-iphonesimulator/PackageFrameworks -F/Users/jaigaurav/Library/Developer/Xcode/DerivedData/Broccoli-eapieicfqwxippexlubxawpdfesp/Build/Products/Debug-iphonesimulator/PackageFrameworks -F/Users/jaigaurav/Library/Developer/Xcode/DerivedData/Broccoli-eapieicfqwxippexlubxawpdfesp/Build/Products/Debug-iphonesimulator/PackageFrameworks -F/Users/jaigaurav/Library/Developer/Xcode/DerivedData/Broccoli-eapieicfqwxippexlubxawpdfesp/Build/Products/Debug-iphonesimulator/PackageFrameworks -F/Users/jaigaurav/Library/Developer/Xcode/DerivedData/Broccoli-eapieicfqwxippexlubxawpdfesp/Build/Products/Debug-iphonesimulator -filelist /Users/jaigaurav/Library/Developer/Xcode/DerivedData/Broccoli-eapieicfqwxippexlubxawpdfesp/Build/Intermediates.noindex/Broccoli.build/Debug-iphonesimulator/Broccoli.build/Objects-normal/arm64/Broccoli.LinkFileList -install_name @rpath/Broccoli.debug.dylib -Xlinker -rpath -Xlinker /usr/lib/swift -Xlinker -rpath -Xlinker /Users/jaigaurav/Library/Developer/Xcode/DerivedData/Broccoli-eapieicfqwxippexlubxawpdfesp/Build/Products/Debug-iphonesimulator/PackageFrameworks -Xlinker -rpath -Xlinker @executable_path/Frameworks -Xlinker -dead_strip -Xlinker -object_path_lto -Xlinker /Users/jaigaurav/Library/Developer/Xcode/DerivedData/Broccoli-eapieicfqwxippexlubxawpdfesp/Build/Intermediates.noindex/Broccoli.build/Debug-iphonesimulator/Broccoli.build/Objects-normal/arm64/Broccoli_lto.o -rdynamic -Xlinker -no_deduplicate -Xlinker -objc_abi_version -Xlinker 2 -Xlinker -debug_variant -Xlinker -dependency_info -Xlinker /Users/jaigaurav/Library/Developer/Xcode/DerivedData/Broccoli-eapieicfqwxippexlubxawpdfesp/Build/Intermediates.noindex/Broccoli.build/Debug-iphonesimulator/Broccoli.build/Objects-normal/arm64/Broccoli_dependency_info.dat -fobjc-link-runtime -fprofile-instr-generate -L/Applications/Xcode.app/Contents/Developer/Toolchains/XcodeDefault.xctoolchain/usr/lib/swift/iphonesimulator -L/usr/lib/swift -Xlinker -add_ast_path -Xlinker /Users/jaigaurav/Library/Developer/Xcode/DerivedData/Broccoli-eapieicfqwxippexlubxawpdfesp/Build/Intermediates.noindex/Broccoli.build/Debug-iphonesimulator/Broccoli.build/Objects-normal/arm64/Broccoli.swiftmodule @/Users/jaigaurav/Library/Developer/Xcode/DerivedData/Broccoli-eapieicfqwxippexlubxawpdfesp/Build/Intermediates.noindex/Broccoli.build/Debug-iphonesimulator/Broccoli.build/Objects-normal/arm64/Broccoli-linker-args.resp -Wl,-no_warn_duplicate_libraries -Wl,-no_warn_duplicate_libraries -Wl,-no_warn_duplicate_libraries -Wl,-no_warn_duplicate_libraries -Wl,-no_warn_duplicate_libraries -Wl,-no_warn_duplicate_libraries -Wl,-no_warn_duplicate_libraries -Wl,-no_warn_duplicate_libraries -Wl,-no_warn_duplicate_libraries -Wl,-no_warn_duplicate_libraries -Wl,-no_warn_duplicate_libraries -Wl,-no_warn_duplicate_libraries -Wl,-no_warn_duplicate_libraries -Wl,-no_warn_duplicate_libraries -Wl,-no_warn_duplicate_libraries -Wl,-no_warn_duplicate_libraries -Wl,-no_warn_duplicate_libraries -Wl,-no_warn_duplicate_libraries -Wl,-no_warn_duplicate_libraries -Wl,-no_warn_duplicate_libraries -Wl,-no_warn_duplicate_libraries -Wl,-no_warn_duplicate_libraries -Wl,-no_warn_duplicate_libraries -Wl,-no_warn_duplicate_libraries -Wl,-no_warn_duplicate_libraries -Wl,-no_warn_duplicate_libraries -Wl,-no_warn_duplicate_libraries -Wl,-no_warn_duplicate_libraries -Wl,-no_warn_duplicate_libraries -Wl,-no_warn_duplicate_libraries -Wl,-no_warn_duplicate_libraries -Wl,-no_warn_duplicate_libraries -Wl,-no_warn_duplicate_libraries -Wl,-no_warn_duplicate_libraries -Wl,-no_warn_duplicate_libraries -Wl,-no_warn_duplicate_libraries -Wl,-no_warn_duplicate_libraries -Wl,-no_warn_duplicate_libraries -Wl,-no_warn_duplicate_libraries -Wl,-no_warn_duplicate_libraries -Wl,-no_warn_duplicate_libraries -Wl,-no_warn_duplicate_libraries -Wl,-no_warn_duplicate_libraries -lc++ -Wl,-no_warn_duplicate_libraries -Wl,-no_warn_duplicate_libraries -framework Security -framework SystemConfiguration -framework UIKit -framework Security -framework Security -framework SystemConfiguration -framework Security -framework SystemConfiguration -framework SystemConfiguration -framework CoreTelephony -lz -lc++ -lz -framework Accelerate -Xlinker -no_application_extension -framework CoreGraphics -framework CoreText -framework Foundation -framework LocalAuthentication -framework Security -framework UIKit -framework Security -framework DeviceCheck -framework SystemConfiguration -Xlinker -alias -Xlinker _main -Xlinker ___debug_main_executable_dylib_entry_point -framework FBSDKCoreKit -framework FBAEMKit -framework FBSDKCoreKit_Basics -framework FBSDKCoreKit -framework AgoraSpatialAudioExtension -framework AgoraVideoSegmentationExtension -framework FBAEMKit -framework FBSDKCoreKit_Basics -framework FBSDKCoreKit -framework FBSDKLoginKit -framework AgoraRtcKit -framework Agorafdkaac -framework Agoraffmpeg -framework AgoraSoundTouch -framework video_dec -framework aosl -framework aosl -Xlinker -no_adhoc_codesign -o /Users/jaigaurav/Library/Developer/Xcode/DerivedData/Broccoli-eapieicfqwxippexlubxawpdfesp/Build/Intermediates.noindex/Broccoli.build/Debug-iphonesimulator/Broccoli.build/Objects-normal/arm64/Binary/Broccoli.debug.dylib -Xlinker -add_ast_path -Xlinker /Users/jaigaurav/Library/Developer/Xcode/DerivedData/Broccoli-eapieicfqwxippexlubxawpdfesp/Build/Intermediates.noindex/swiftui-toasts.build/Debug-iphonesimulator/Toasts.build/Objects-normal/arm64/Toasts.swiftmodule @/Users/jaigaurav/Library/Developer/Xcode/DerivedData/Broccoli-eapieicfqwxippexlubxawpdfesp/Build/Intermediates.noindex/swiftui-toasts.build/Debug-iphonesimulator/Toasts.build/Objects-normal/arm64/Toasts-linker-args.resp -Xlinker -add_ast_path -Xlinker /Users/jaigaurav/Library/Developer/Xcode/DerivedData/Broccoli-eapieicfqwxippexlubxawpdfesp/Build/Intermediates.noindex/swiftui-window-overlay.build/Debug-iphonesimulator/WindowOverlay.build/Objects-normal/arm64/WindowOverlay.swiftmodule @/Users/jaigaurav/Library/Developer/Xcode/DerivedData/Broccoli-eapieicfqwxippexlubxawpdfesp/Build/Intermediates.noindex/swiftui-window-overlay.build/Debug-iphonesimulator/WindowOverlay.build/Objects-normal/arm64/WindowOverlay-linker-args.resp -Xlinker -add_ast_path -Xlinker /Users/jaigaurav/Library/Developer/Xcode/DerivedData/Broccoli-eapieicfqwxippexlubxawpdfesp/Build/Intermediates.noindex/GoogleSignIn.build/Debug-iphonesimulator/GoogleSignInSwift.build/Objects-normal/arm64/GoogleSignInSwift.swiftmodule @/Users/jaigaurav/Library/Developer/Xcode/DerivedData/Broccoli-eapieicfqwxippexlubxawpdfesp/Build/Intermediates.noindex/GoogleSignIn.build/Debug-iphonesimulator/GoogleSignInSwift.build/Objects-normal/arm64/GoogleSignInSwift-linker-args.resp -Xlinker -add_ast_path -Xlinker /Users/jaigaurav/Library/Developer/Xcode/DerivedData/Broccoli-eapieicfqwxippexlubxawpdfesp/Build/Intermediates.noindex/GTMAppAuth.build/Debug-iphonesimulator/GTMAppAuth.build/Objects-normal/arm64/GTMAppAuth.swiftmodule @/Users/jaigaurav/Library/Developer/Xcode/DerivedData/Broccoli-eapieicfqwxippexlubxawpdfesp/Build/Intermediates.noindex/GTMAppAuth.build/Debug-iphonesimulator/GTMAppAuth.build/Objects-normal/arm64/GTMAppAuth-linker-args.resp -Xlinker -add_ast_path -Xlinker /Users/jaigaurav/Library/Developer/Xcode/DerivedData/Broccoli-eapieicfqwxippexlubxawpdfesp/Build/Intermediates.noindex/Facebook.build/Debug-iphonesimulator/FacebookCore.build/Objects-normal/arm64/FacebookCore.swiftmodule @/Users/jaigaurav/Library/Developer/Xcode/DerivedData/Broccoli-eapieicfqwxippexlubxawpdfesp/Build/Intermediates.noindex/Facebook.build/Debug-iphonesimulator/FacebookCore.build/Objects-normal/arm64/FacebookCore-linker-args.resp -Xlinker -add_ast_path -Xlinker /Users/jaigaurav/Library/Developer/Xcode/DerivedData/Broccoli-eapieicfqwxippexlubxawpdfesp/Build/Intermediates.noindex/Facebook.build/Debug-iphonesimulator/FacebookAEM.build/Objects-normal/arm64/FacebookAEM.swiftmodule @/Users/jaigaurav/Library/Developer/Xcode/DerivedData/Broccoli-eapieicfqwxippexlubxawpdfesp/Build/Intermediates.noindex/Facebook.build/Debug-iphonesimulator/FacebookAEM.build/Objects-normal/arm64/FacebookAEM-linker-args.resp -Xlinker -add_ast_path -Xlinker /Users/jaigaurav/Library/Developer/Xcode/DerivedData/Broccoli-eapieicfqwxippexlubxawpdfesp/Build/Intermediates.noindex/Firebase.build/Debug-iphonesimulator/FirebaseCoreInternal.build/Objects-normal/arm64/FirebaseCoreInternal.swiftmodule @/Users/jaigaurav/Library/Developer/Xcode/DerivedData/Broccoli-eapieicfqwxippexlubxawpdfesp/Build/Intermediates.noindex/Firebase.build/Debug-iphonesimulator/FirebaseCoreInternal.build/Objects-normal/arm64/FirebaseCoreInternal-linker-args.resp -Xlinker -add_ast_path -Xlinker /Users/jaigaurav/Library/Developer/Xcode/DerivedData/Broccoli-eapieicfqwxippexlubxawpdfesp/Build/Intermediates.noindex/AlertToast.build/Debug-iphonesimulator/AlertToast.build/Objects-normal/arm64/AlertToast.swiftmodule @/Users/jaigaurav/Library/Developer/Xcode/DerivedData/Broccoli-eapieicfqwxippexlubxawpdfesp/Build/Intermediates.noindex/AlertToast.build/Debug-iphonesimulator/AlertToast.build/Objects-normal/arm64/AlertToast-linker-args.resp -Xlinker -add_ast_path -Xlinker /Users/jaigaurav/Library/Developer/Xcode/DerivedData/Broccoli-eapieicfqwxippexlubxawpdfesp/Build/Intermediates.noindex/KeychainAccess.build/Debug-iphonesimulator/KeychainAccess.build/Objects-normal/arm64/KeychainAccess.swiftmodule @/Users/jaigaurav/Library/Developer/Xcode/DerivedData/Broccoli-eapieicfqwxippexlubxawpdfesp/Build/Intermediates.noindex/KeychainAccess.build/Debug-iphonesimulator/KeychainAccess.build/Objects-normal/arm64/KeychainAccess-linker-args.resp -Xlinker -add_ast_path -Xlinker /Users/jaigaurav/Library/Developer/Xcode/DerivedData/Broccoli-eapieicfqwxippexlubxawpdfesp/Build/Intermediates.noindex/Facebook.build/Debug-iphonesimulator/FacebookLogin.build/Objects-normal/arm64/FacebookLogin.swiftmodule @/Users/jaigaurav/Library/Developer/Xcode/DerivedData/Broccoli-eapieicfqwxippexlubxawpdfesp/Build/Intermediates.noindex/Facebook.build/Debug-iphonesimulator/FacebookLogin.build/Objects-normal/arm64/FacebookLogin-linker-args.resp -Xlinker -add_ast_path -Xlinker /Users/jaigaurav/Library/Developer/Xcode/DerivedData/Broccoli-eapieicfqwxippexlubxawpdfesp/Build/Intermediates.noindex/Stripe.build/Debug-iphonesimulator/StripePaymentSheet.build/Objects-normal/arm64/StripePaymentSheet.swiftmodule @/Users/jaigaurav/Library/Developer/Xcode/DerivedData/Broccoli-eapieicfqwxippexlubxawpdfesp/Build/Intermediates.noindex/Stripe.build/Debug-iphonesimulator/StripePaymentSheet.build/Objects-normal/arm64/StripePaymentSheet-linker-args.resp -Xlinker -add_ast_path -Xlinker /Users/jaigaurav/Library/Developer/Xcode/DerivedData/Broccoli-eapieicfqwxippexlubxawpdfesp/Build/Intermediates.noindex/Stripe.build/Debug-iphonesimulator/StripeCore.build/Objects-normal/arm64/StripeCore.swiftmodule @/Users/jaigaurav/Library/Developer/Xcode/DerivedData/Broccoli-eapieicfqwxippexlubxawpdfesp/Build/Intermediates.noindex/Stripe.build/Debug-iphonesimulator/StripeCore.build/Objects-normal/arm64/StripeCore-linker-args.resp -Xlinker -add_ast_path -Xlinker /Users/jaigaurav/Library/Developer/Xcode/DerivedData/Broccoli-eapieicfqwxippexlubxawpdfesp/Build/Intermediates.noindex/Stripe.build/Debug-iphonesimulator/StripePayments.build/Objects-normal/arm64/StripePayments.swiftmodule @/Users/jaigaurav/Library/Developer/Xcode/DerivedData/Broccoli-eapieicfqwxippexlubxawpdfesp/Build/Intermediates.noindex/Stripe.build/Debug-iphonesimulator/StripePayments.build/Objects-normal/arm64/StripePayments-linker-args.resp -Xlinker -add_ast_path -Xlinker /Users/jaigaurav/Library/Developer/Xcode/DerivedData/Broccoli-eapieicfqwxippexlubxawpdfesp/Build/Intermediates.noindex/Stripe.build/Debug-iphonesimulator/StripeUICore.build/Objects-normal/arm64/StripeUICore.swiftmodule @/Users/jaigaurav/Library/Developer/Xcode/DerivedData/Broccoli-eapieicfqwxippexlubxawpdfesp/Build/Intermediates.noindex/Stripe.build/Debug-iphonesimulator/StripeUICore.build/Objects-normal/arm64/StripeUICore-linker-args.resp -Xlinker -add_ast_path -Xlinker /Users/jaigaurav/Library/Developer/Xcode/DerivedData/Broccoli-eapieicfqwxippexlubxawpdfesp/Build/Intermediates.noindex/Stripe.build/Debug-iphonesimulator/StripePaymentsUI.build/Objects-normal/arm64/StripePaymentsUI.swiftmodule @/Users/jaigaurav/Library/Developer/Xcode/DerivedData/Broccoli-eapieicfqwxippexlubxawpdfesp/Build/Intermediates.noindex/Stripe.build/Debug-iphonesimulator/StripePaymentsUI.build/Objects-normal/arm64/StripePaymentsUI-linker-args.resp -Xlinker -add_ast_path -Xlinker /Users/jaigaurav/Library/Developer/Xcode/DerivedData/Broccoli-eapieicfqwxippexlubxawpdfesp/Build/Intermediates.noindex/Stripe.build/Debug-iphonesimulator/StripeApplePay.build/Objects-normal/arm64/StripeApplePay.swiftmodule @/Users/jaigaurav/Library/Developer/Xcode/DerivedData/Broccoli-eapieicfqwxippexlubxawpdfesp/Build/Intermediates.noindex/Stripe.build/Debug-iphonesimulator/StripeApplePay.build/Objects-normal/arm64/StripeApplePay-linker-args.resp -Xlinker -add_ast_path -Xlinker /Users/jaigaurav/Library/Developer/Xcode/DerivedData/Broccoli-eapieicfqwxippexlubxawpdfesp/Build/Intermediates.noindex/Promises.build/Debug-iphonesimulator/Promises.build/Objects-normal/arm64/Promises.swiftmodule @/Users/jaigaurav/Library/Developer/Xcode/DerivedData/Broccoli-eapieicfqwxippexlubxawpdfesp/Build/Intermediates.noindex/Promises.build/Debug-iphonesimulator/Promises.build/Objects-normal/arm64/Promises-linker-args.resp -Xlinker -add_ast_path -Xlinker /Users/jaigaurav/Library/Developer/Xcode/DerivedData/Broccoli-eapieicfqwxippexlubxawpdfesp/Build/Intermediates.noindex/Firebase.build/Debug-iphonesimulator/FirebaseSessions.build/Objects-normal/arm64/FirebaseSessions.swiftmodule @/Users/jaigaurav/Library/Developer/Xcode/DerivedData/Broccoli-eapieicfqwxippexlubxawpdfesp/Build/Intermediates.noindex/Firebase.build/Debug-iphonesimulator/FirebaseSessions.build/Objects-normal/arm64/FirebaseSessions-linker-args.resp -Xlinker -add_ast_path -Xlinker /Users/jaigaurav/Library/Developer/Xcode/DerivedData/Broccoli-eapieicfqwxippexlubxawpdfesp/Build/Intermediates.noindex/Firebase.build/Debug-iphonesimulator/FirebaseRemoteConfigInterop.build/Objects-normal/arm64/FirebaseRemoteConfigInterop.swiftmodule @/Users/jaigaurav/Library/Developer/Xcode/DerivedData/Broccoli-eapieicfqwxippexlubxawpdfesp/Build/Intermediates.noindex/Firebase.build/Debug-iphonesimulator/FirebaseRemoteConfigInterop.build/Objects-normal/arm64/FirebaseRemoteConfigInterop-linker-args.resp -Xlinker -add_ast_path -Xlinker /Users/jaigaurav/Library/Developer/Xcode/DerivedData/Broccoli-eapieicfqwxippexlubxawpdfesp/Build/Intermediates.noindex/Firebase.build/Debug-iphonesimulator/FirebaseCrashlyticsSwift.build/Objects-normal/arm64/FirebaseCrashlyticsSwift.swiftmodule @/Users/jaigaurav/Library/Developer/Xcode/DerivedData/Broccoli-eapieicfqwxippexlubxawpdfesp/Build/Intermediates.noindex/Firebase.build/Debug-iphonesimulator/FirebaseCrashlyticsSwift.build/Objects-normal/arm64/FirebaseCrashlyticsSwift-linker-args.resp -Xlinker -add_ast_path -Xlinker /Users/jaigaurav/Library/Developer/Xcode/DerivedData/Broccoli-eapieicfqwxippexlubxawpdfesp/Build/Intermediates.noindex/AgoraRtcEngine_iOS.build/Debug-iphonesimulator/AgoraInfra_iOS.build/Objects-normal/arm64/AgoraInfra_iOS.swiftmodule @/Users/jaigaurav/Library/Developer/Xcode/DerivedData/Broccoli-eapieicfqwxippexlubxawpdfesp/Build/Intermediates.noindex/AgoraRtcEngine_iOS.build/Debug-iphonesimulator/AgoraInfra_iOS.build/Objects-normal/arm64/AgoraInfra_iOS-linker-args.resp

ConstructStubExecutorLinkFileList /Users/jaigaurav/Library/Developer/Xcode/DerivedData/Broccoli-eapieicfqwxippexlubxawpdfesp/Build/Intermediates.noindex/Broccoli.build/Debug-iphonesimulator/Broccoli.build/Broccoli-ExecutorLinkFileList-normal-arm64.txt (in target 'Broccoli' from project 'Broccoli')
    cd /Volumes/jaigaurav17-001/Projects/iOS/Broccoli
    construct-stub-executor-link-file-list /Users/jaigaurav/Library/Developer/Xcode/DerivedData/Broccoli-eapieicfqwxippexlubxawpdfesp/Build/Intermediates.noindex/Broccoli.build/Debug-iphonesimulator/Broccoli.build/Objects-normal/arm64/Binary/Broccoli.debug.dylib /Applications/Xcode.app/Contents/Developer/Platforms/iPhoneSimulator.platform/Developer/usr/lib/libPreviewsJITStubExecutor_no_swift_entry_point.a /Applications/Xcode.app/Contents/Developer/Platforms/iPhoneSimulator.platform/Developer/usr/lib/libPreviewsJITStubExecutor.a --output /Users/jaigaurav/Library/Developer/Xcode/DerivedData/Broccoli-eapieicfqwxippexlubxawpdfesp/Build/Intermediates.noindex/Broccoli.build/Debug-iphonesimulator/Broccoli.build/Broccoli-ExecutorLinkFileList-normal-arm64.txt
note: Using stub executor library with Swift entry point. (in target 'Broccoli' from project 'Broccoli')

Ld /Users/jaigaurav/Library/Developer/Xcode/DerivedData/Broccoli-eapieicfqwxippexlubxawpdfesp/Build/Intermediates.noindex/Broccoli.build/Debug-iphonesimulator/Broccoli.build/Objects-normal/arm64/Binary/Broccoli normal arm64 (in target 'Broccoli' from project 'Broccoli')
    cd /Volumes/jaigaurav17-001/Projects/iOS/Broccoli
    /Applications/Xcode.app/Contents/Developer/Toolchains/XcodeDefault.xctoolchain/usr/bin/clang -Xlinker -reproducible -target arm64-apple-ios17.6-simulator -isysroot /Applications/Xcode.app/Contents/Developer/Platforms/iPhoneSimulator.platform/Developer/SDKs/iPhoneSimulator26.5.sdk -O0 -L/Users/jaigaurav/Library/Developer/Xcode/DerivedData/Broccoli-eapieicfqwxippexlubxawpdfesp/Build/Products/Debug-iphonesimulator -F/Users/jaigaurav/Library/Developer/Xcode/DerivedData/Broccoli-eapieicfqwxippexlubxawpdfesp/Build/Products/Debug-iphonesimulator/PackageFrameworks -F/Users/jaigaurav/Library/Developer/Xcode/DerivedData/Broccoli-eapieicfqwxippexlubxawpdfesp/Build/Products/Debug-iphonesimulator/PackageFrameworks -F/Users/jaigaurav/Library/Developer/Xcode/DerivedData/Broccoli-eapieicfqwxippexlubxawpdfesp/Build/Products/Debug-iphonesimulator/PackageFrameworks -F/Users/jaigaurav/Library/Developer/Xcode/DerivedData/Broccoli-eapieicfqwxippexlubxawpdfesp/Build/Products/Debug-iphonesimulator/PackageFrameworks -F/Users/jaigaurav/Library/Developer/Xcode/DerivedData/Broccoli-eapieicfqwxippexlubxawpdfesp/Build/Products/Debug-iphonesimulator/PackageFrameworks -F/Users/jaigaurav/Library/Developer/Xcode/DerivedData/Broccoli-eapieicfqwxippexlubxawpdfesp/Build/Products/Debug-iphonesimulator/PackageFrameworks -F/Users/jaigaurav/Library/Developer/Xcode/DerivedData/Broccoli-eapieicfqwxippexlubxawpdfesp/Build/Products/Debug-iphonesimulator/PackageFrameworks -F/Users/jaigaurav/Library/Developer/Xcode/DerivedData/Broccoli-eapieicfqwxippexlubxawpdfesp/Build/Products/Debug-iphonesimulator/PackageFrameworks -F/Users/jaigaurav/Library/Developer/Xcode/DerivedData/Broccoli-eapieicfqwxippexlubxawpdfesp/Build/Products/Debug-iphonesimulator/PackageFrameworks -F/Users/jaigaurav/Library/Developer/Xcode/DerivedData/Broccoli-eapieicfqwxippexlubxawpdfesp/Build/Products/Debug-iphonesimulator/PackageFrameworks -F/Users/jaigaurav/Library/Developer/Xcode/DerivedData/Broccoli-eapieicfqwxippexlubxawpdfesp/Build/Products/Debug-iphonesimulator/PackageFrameworks -F/Users/jaigaurav/Library/Developer/Xcode/DerivedData/Broccoli-eapieicfqwxippexlubxawpdfesp/Build/Products/Debug-iphonesimulator/PackageFrameworks -F/Users/jaigaurav/Library/Developer/Xcode/DerivedData/Broccoli-eapieicfqwxippexlubxawpdfesp/Build/Products/Debug-iphonesimulator/PackageFrameworks -F/Users/jaigaurav/Library/Developer/Xcode/DerivedData/Broccoli-eapieicfqwxippexlubxawpdfesp/Build/Products/Debug-iphonesimulator/PackageFrameworks -F/Users/jaigaurav/Library/Developer/Xcode/DerivedData/Broccoli-eapieicfqwxippexlubxawpdfesp/Build/Products/Debug-iphonesimulator/PackageFrameworks -F/Users/jaigaurav/Library/Developer/Xcode/DerivedData/Broccoli-eapieicfqwxippexlubxawpdfesp/Build/Products/Debug-iphonesimulator/PackageFrameworks -F/Users/jaigaurav/Library/Developer/Xcode/DerivedData/Broccoli-eapieicfqwxippexlubxawpdfesp/Build/Products/Debug-iphonesimulator/PackageFrameworks -F/Users/jaigaurav/Library/Developer/Xcode/DerivedData/Broccoli-eapieicfqwxippexlubxawpdfesp/Build/Products/Debug-iphonesimulator/PackageFrameworks -F/Users/jaigaurav/Library/Developer/Xcode/DerivedData/Broccoli-eapieicfqwxippexlubxawpdfesp/Build/Products/Debug-iphonesimulator/PackageFrameworks -F/Users/jaigaurav/Library/Developer/Xcode/DerivedData/Broccoli-eapieicfqwxippexlubxawpdfesp/Build/Products/Debug-iphonesimulator/PackageFrameworks -F/Users/jaigaurav/Library/Developer/Xcode/DerivedData/Broccoli-eapieicfqwxippexlubxawpdfesp/Build/Products/Debug-iphonesimulator/PackageFrameworks -F/Users/jaigaurav/Library/Developer/Xcode/DerivedData/Broccoli-eapieicfqwxippexlubxawpdfesp/Build/Products/Debug-iphonesimulator/PackageFrameworks -F/Users/jaigaurav/Library/Developer/Xcode/DerivedData/Broccoli-eapieicfqwxippexlubxawpdfesp/Build/Products/Debug-iphonesimulator/PackageFrameworks -F/Users/jaigaurav/Library/Developer/Xcode/DerivedData/Broccoli-eapieicfqwxippexlubxawpdfesp/Build/Products/Debug-iphonesimulator/PackageFrameworks -F/Users/jaigaurav/Library/Developer/Xcode/DerivedData/Broccoli-eapieicfqwxippexlubxawpdfesp/Build/Products/Debug-iphonesimulator/PackageFrameworks -F/Users/jaigaurav/Library/Developer/Xcode/DerivedData/Broccoli-eapieicfqwxippexlubxawpdfesp/Build/Products/Debug-iphonesimulator/PackageFrameworks -F/Users/jaigaurav/Library/Developer/Xcode/DerivedData/Broccoli-eapieicfqwxippexlubxawpdfesp/Build/Products/Debug-iphonesimulator/PackageFrameworks -F/Users/jaigaurav/Library/Developer/Xcode/DerivedData/Broccoli-eapieicfqwxippexlubxawpdfesp/Build/Products/Debug-iphonesimulator/PackageFrameworks -F/Users/jaigaurav/Library/Developer/Xcode/DerivedData/Broccoli-eapieicfqwxippexlubxawpdfesp/Build/Products/Debug-iphonesimulator/PackageFrameworks -F/Users/jaigaurav/Library/Developer/Xcode/DerivedData/Broccoli-eapieicfqwxippexlubxawpdfesp/Build/Products/Debug-iphonesimulator/PackageFrameworks -F/Users/jaigaurav/Library/Developer/Xcode/DerivedData/Broccoli-eapieicfqwxippexlubxawpdfesp/Build/Products/Debug-iphonesimulator/PackageFrameworks -F/Users/jaigaurav/Library/Developer/Xcode/DerivedData/Broccoli-eapieicfqwxippexlubxawpdfesp/Build/Products/Debug-iphonesimulator/PackageFrameworks -F/Users/jaigaurav/Library/Developer/Xcode/DerivedData/Broccoli-eapieicfqwxippexlubxawpdfesp/Build/Products/Debug-iphonesimulator/PackageFrameworks -F/Users/jaigaurav/Library/Developer/Xcode/DerivedData/Broccoli-eapieicfqwxippexlubxawpdfesp/Build/Products/Debug-iphonesimulator/PackageFrameworks -F/Users/jaigaurav/Library/Developer/Xcode/DerivedData/Broccoli-eapieicfqwxippexlubxawpdfesp/Build/Products/Debug-iphonesimulator/PackageFrameworks -F/Users/jaigaurav/Library/Developer/Xcode/DerivedData/Broccoli-eapieicfqwxippexlubxawpdfesp/Build/Products/Debug-iphonesimulator/PackageFrameworks -F/Users/jaigaurav/Library/Developer/Xcode/DerivedData/Broccoli-eapieicfqwxippexlubxawpdfesp/Build/Products/Debug-iphonesimulator/PackageFrameworks -F/Users/jaigaurav/Library/Developer/Xcode/DerivedData/Broccoli-eapieicfqwxippexlubxawpdfesp/Build/Products/Debug-iphonesimulator/PackageFrameworks -F/Users/jaigaurav/Library/Developer/Xcode/DerivedData/Broccoli-eapieicfqwxippexlubxawpdfesp/Build/Products/Debug-iphonesimulator/PackageFrameworks -F/Users/jaigaurav/Library/Developer/Xcode/DerivedData/Broccoli-eapieicfqwxippexlubxawpdfesp/Build/Products/Debug-iphonesimulator/PackageFrameworks -F/Users/jaigaurav/Library/Developer/Xcode/DerivedData/Broccoli-eapieicfqwxippexlubxawpdfesp/Build/Products/Debug-iphonesimulator/PackageFrameworks -F/Users/jaigaurav/Library/Developer/Xcode/DerivedData/Broccoli-eapieicfqwxippexlubxawpdfesp/Build/Products/Debug-iphonesimulator/PackageFrameworks -F/Users/jaigaurav/Library/Developer/Xcode/DerivedData/Broccoli-eapieicfqwxippexlubxawpdfesp/Build/Products/Debug-iphonesimulator/PackageFrameworks -F/Users/jaigaurav/Library/Developer/Xcode/DerivedData/Broccoli-eapieicfqwxippexlubxawpdfesp/Build/Products/Debug-iphonesimulator/PackageFrameworks -F/Users/jaigaurav/Library/Developer/Xcode/DerivedData/Broccoli-eapieicfqwxippexlubxawpdfesp/Build/Products/Debug-iphonesimulator/PackageFrameworks -F/Users/jaigaurav/Library/Developer/Xcode/DerivedData/Broccoli-eapieicfqwxippexlubxawpdfesp/Build/Products/Debug-iphonesimulator -Xlinker -rpath -Xlinker @executable_path -Xlinker -rpath -Xlinker /Users/jaigaurav/Library/Developer/Xcode/DerivedData/Broccoli-eapieicfqwxippexlubxawpdfesp/Build/Products/Debug-iphonesimulator/PackageFrameworks -Xlinker -rpath -Xlinker @executable_path/Frameworks -rdynamic -Xlinker -no_deduplicate -Xlinker -objc_abi_version -Xlinker 2 -Xlinker -debug_variant -e ___debug_blank_executor_main -Xlinker -sectcreate -Xlinker __TEXT -Xlinker __debug_dylib -Xlinker /Users/jaigaurav/Library/Developer/Xcode/DerivedData/Broccoli-eapieicfqwxippexlubxawpdfesp/Build/Intermediates.noindex/Broccoli.build/Debug-iphonesimulator/Broccoli.build/Broccoli-DebugDylibPath-normal-arm64.txt -Xlinker -sectcreate -Xlinker __TEXT -Xlinker __debug_instlnm -Xlinker /Users/jaigaurav/Library/Developer/Xcode/DerivedData/Broccoli-eapieicfqwxippexlubxawpdfesp/Build/Intermediates.noindex/Broccoli.build/Debug-iphonesimulator/Broccoli.build/Broccoli-DebugDylibInstallName-normal-arm64.txt -Xlinker -filelist -Xlinker /Users/jaigaurav/Library/Developer/Xcode/DerivedData/Broccoli-eapieicfqwxippexlubxawpdfesp/Build/Intermediates.noindex/Broccoli.build/Debug-iphonesimulator/Broccoli.build/Broccoli-ExecutorLinkFileList-normal-arm64.txt -Xlinker -sectcreate -Xlinker __TEXT -Xlinker __entitlements -Xlinker /Users/jaigaurav/Library/Developer/Xcode/DerivedData/Broccoli-eapieicfqwxippexlubxawpdfesp/Build/Intermediates.noindex/Broccoli.build/Debug-iphonesimulator/Broccoli.build/Broccoli.app-Simulated.xcent -Xlinker -sectcreate -Xlinker __TEXT -Xlinker __ents_der -Xlinker /Users/jaigaurav/Library/Developer/Xcode/DerivedData/Broccoli-eapieicfqwxippexlubxawpdfesp/Build/Intermediates.noindex/Broccoli.build/Debug-iphonesimulator/Broccoli.build/Broccoli.app-Simulated.xcent.der /Users/jaigaurav/Library/Developer/Xcode/DerivedData/Broccoli-eapieicfqwxippexlubxawpdfesp/Build/Intermediates.noindex/Broccoli.build/Debug-iphonesimulator/Broccoli.build/Objects-normal/arm64/Binary/Broccoli.debug.dylib -Xlinker -no_adhoc_codesign -o /Users/jaigaurav/Library/Developer/Xcode/DerivedData/Broccoli-eapieicfqwxippexlubxawpdfesp/Build/Intermediates.noindex/Broccoli.build/Debug-iphonesimulator/Broccoli.build/Objects-normal/arm64/Binary/Broccoli

SwiftDriverJobDiscovery normal x86_64 Compiling PatientHomeView.swift, PaymentSuccessView.swift, PrescriptionQuestionsView.swift, PrescriptionView.swift, SearchView.swift, SelectPharmacyView.swift, SpecialistBookingFormView.swift (in target 'Broccoli' from project 'Broccoli')

SwiftDriverJobDiscovery normal x86_64 Compiling EditPharmacyView.swift, GPAppointmentBookingForm.swift, MedicalEnquiryView.swift, MyAppointmentsView.swift, MyPharmaciesView.swift, MyPrescriptionsView.swift, NotificationsView.swift (in target 'Broccoli' from project 'Broccoli')

SwiftDriver\ Compilation Broccoli normal x86_64 com.apple.xcode.tools.swift.compiler (in target 'Broccoli' from project 'Broccoli')
    cd /Volumes/jaigaurav17-001/Projects/iOS/Broccoli
    builtin-Swift-Compilation -- /Applications/Xcode.app/Contents/Developer/Toolchains/XcodeDefault.xctoolchain/usr/bin/swiftc -module-name Broccoli -Onone @/Users/jaigaurav/Library/Developer/Xcode/DerivedData/Broccoli-eapieicfqwxippexlubxawpdfesp/Build/Intermediates.noindex/Broccoli.build/Debug-iphonesimulator/Broccoli.build/Objects-normal/x86_64/Broccoli.SwiftFileList -DDEBUG -Xcc -fmodule-map-file\=/Users/jaigaurav/Library/Developer/Xcode/DerivedData/Broccoli-eapieicfqwxippexlubxawpdfesp/Build/Intermediates.noindex/GeneratedModuleMaps-iphonesimulator/GoogleUtilities-Network.modulemap -Xcc -fmodule-map-file\=/Users/jaigaurav/Library/Developer/Xcode/DerivedData/Broccoli-eapieicfqwxippexlubxawpdfesp/Build/Intermediates.noindex/GeneratedModuleMaps-iphonesimulator/GoogleUtilities-AppDelegateSwizzler.modulemap -Xcc -fmodule-map-file\=/Users/jaigaurav/Library/Developer/Xcode/DerivedData/Broccoli-eapieicfqwxippexlubxawpdfesp/Build/Intermediates.noindex/GeneratedModuleMaps-iphonesimulator/GoogleUtilities-Reachability.modulemap -Xcc -fmodule-map-file\=/Users/jaigaurav/Library/Developer/Xcode/DerivedData/Broccoli-eapieicfqwxippexlubxawpdfesp/Build/Intermediates.noindex/GeneratedModuleMaps-iphonesimulator/FirebaseMessaging.modulemap -Xcc -fmodule-map-file\=/Users/jaigaurav/Library/Developer/Xcode/DerivedData/Broccoli-eapieicfqwxippexlubxawpdfesp/Build/Intermediates.noindex/GeneratedModuleMaps-iphonesimulator/AppAuth.modulemap -Xcc -fmodule-map-file\=/Users/jaigaurav/Library/Developer/Xcode/DerivedData/Broccoli-eapieicfqwxippexlubxawpdfesp/Build/Intermediates.noindex/GeneratedModuleMaps-iphonesimulator/AppAuthCore.modulemap -Xcc -fmodule-map-file\=/Users/jaigaurav/Library/Developer/Xcode/DerivedData/Broccoli-eapieicfqwxippexlubxawpdfesp/Build/Intermediates.noindex/GeneratedModuleMaps-iphonesimulator/AppCheckCore.modulemap -Xcc -fmodule-map-file\=/Users/jaigaurav/Library/Developer/Xcode/DerivedData/Broccoli-eapieicfqwxippexlubxawpdfesp/Build/Intermediates.noindex/GeneratedModuleMaps-iphonesimulator/GTMSessionFetcherCore.modulemap -Xcc -fmodule-map-file\=/Users/jaigaurav/Library/Developer/Xcode/DerivedData/Broccoli-eapieicfqwxippexlubxawpdfesp/Build/Intermediates.noindex/GeneratedModuleMaps-iphonesimulator/GoogleSignIn.modulemap -Xcc -fmodule-map-file\=/Users/jaigaurav/Library/Developer/Xcode/DerivedData/Broccoli-eapieicfqwxippexlubxawpdfesp/Build/Intermediates.noindex/GeneratedModuleMaps-iphonesimulator/Stripe3DS2.modulemap -Xcc -fmodule-map-file\=/Users/jaigaurav/Library/Developer/Xcode/DerivedData/Broccoli-eapieicfqwxippexlubxawpdfesp/Build/Intermediates.noindex/GeneratedModuleMaps-iphonesimulator/GoogleUtilities-NSData.modulemap -Xcc -fmodule-map-file\=/Users/jaigaurav/Library/Developer/Xcode/DerivedData/Broccoli-eapieicfqwxippexlubxawpdfesp/Build/Intermediates.noindex/GeneratedModuleMaps-iphonesimulator/GoogleUtilities-Logger.modulemap -Xcc -fmodule-map-file\=/Users/jaigaurav/Library/Developer/Xcode/DerivedData/Broccoli-eapieicfqwxippexlubxawpdfesp/Build/Intermediates.noindex/GeneratedModuleMaps-iphonesimulator/GoogleUtilities-Environment.modulemap -Xcc -fmodule-map-file\=/Users/jaigaurav/Library/Developer/Xcode/DerivedData/Broccoli-eapieicfqwxippexlubxawpdfesp/Build/Intermediates.noindex/GeneratedModuleMaps-iphonesimulator/third-party-IsAppEncrypted.modulemap -Xcc -fmodule-map-file\=/Users/jaigaurav/Library/Developer/Xcode/DerivedData/Broccoli-eapieicfqwxippexlubxawpdfesp/Build/Intermediates.noindex/GeneratedModuleMaps-iphonesimulator/GoogleUtilities-UserDefaults.modulemap -Xcc -fmodule-map-file\=/Users/jaigaurav/Library/Developer/Xcode/DerivedData/Broccoli-eapieicfqwxippexlubxawpdfesp/Build/Intermediates.noindex/GeneratedModuleMaps-iphonesimulator/nanopb.modulemap -Xcc -fmodule-map-file\=/Users/jaigaurav/Library/Developer/Xcode/DerivedData/Broccoli-eapieicfqwxippexlubxawpdfesp/Build/Intermediates.noindex/GeneratedModuleMaps-iphonesimulator/GoogleDataTransport.modulemap -Xcc -fmodule-map-file\=/Users/jaigaurav/Library/Developer/Xcode/DerivedData/Broccoli-eapieicfqwxippexlubxawpdfesp/Build/Intermediates.noindex/GeneratedModuleMaps-iphonesimulator/FirebaseSessionsObjC.modulemap -Xcc -fmodule-map-file\=/Users/jaigaurav/Library/Developer/Xcode/DerivedData/Broccoli-eapieicfqwxippexlubxawpdfesp/Build/Intermediates.noindex/GeneratedModuleMaps-iphonesimulator/FirebaseCoreExtension.modulemap -Xcc -fmodule-map-file\=/Users/jaigaurav/Library/Developer/Xcode/DerivedData/Broccoli-eapieicfqwxippexlubxawpdfesp/Build/Intermediates.noindex/GeneratedModuleMaps-iphonesimulator/FirebaseInstallations.modulemap -Xcc -fmodule-map-file\=/Users/jaigaurav/Library/Developer/Xcode/DerivedData/Broccoli-eapieicfqwxippexlubxawpdfesp/Build/Intermediates.noindex/GeneratedModuleMaps-iphonesimulator/FirebaseCore.modulemap -Xcc -fmodule-map-file\=/Users/jaigaurav/Library/Developer/Xcode/DerivedData/Broccoli-eapieicfqwxippexlubxawpdfesp/Build/Intermediates.noindex/GeneratedModuleMaps-iphonesimulator/FirebaseCrashlytics.modulemap -default-isolation\=MainActor -enable-bare-slash-regex -enable-upcoming-feature DisableOutwardActorInference -enable-upcoming-feature InferSendableFromCaptures -enable-upcoming-feature GlobalActorIsolatedTypesUsability -enable-upcoming-feature MemberImportVisibility -enable-upcoming-feature InferIsolatedConformances -enable-upcoming-feature NonisolatedNonsendingByDefault -enable-experimental-feature DebugDescriptionMacro -sdk /Applications/Xcode.app/Contents/Developer/Platforms/iPhoneSimulator.platform/Developer/SDKs/iPhoneSimulator26.5.sdk -target x86_64-apple-ios17.6-simulator -g -module-cache-path /Users/jaigaurav/Library/Developer/Xcode/DerivedData/ModuleCache.noindex -Xfrontend -serialize-debugging-options -profile-coverage-mapping -profile-generate -enable-testing -index-store-path /Users/jaigaurav/Library/Developer/Xcode/DerivedData/Broccoli-eapieicfqwxippexlubxawpdfesp/Index.noindex/DataStore -Xcc -D_LIBCPP_HARDENING_MODE\=_LIBCPP_HARDENING_MODE_DEBUG -swift-version 5 -I /Users/jaigaurav/Library/Developer/Xcode/DerivedData/Broccoli-eapieicfqwxippexlubxawpdfesp/Build/Products/Debug-iphonesimulator -F /Users/jaigaurav/Library/Developer/Xcode/DerivedData/Broccoli-eapieicfqwxippexlubxawpdfesp/Build/Products/Debug-iphonesimulator/PackageFrameworks -F /Users/jaigaurav/Library/Developer/Xcode/DerivedData/Broccoli-eapieicfqwxippexlubxawpdfesp/Build/Products/Debug-iphonesimulator/PackageFrameworks -F /Users/jaigaurav/Library/Developer/Xcode/DerivedData/Broccoli-eapieicfqwxippexlubxawpdfesp/Build/Products/Debug-iphonesimulator/PackageFrameworks -F /Users/jaigaurav/Library/Developer/Xcode/DerivedData/Broccoli-eapieicfqwxippexlubxawpdfesp/Build/Products/Debug-iphonesimulator/PackageFrameworks -F /Users/jaigaurav/Library/Developer/Xcode/DerivedData/Broccoli-eapieicfqwxippexlubxawpdfesp/Build/Products/Debug-iphonesimulator/PackageFrameworks -F /Users/jaigaurav/Library/Developer/Xcode/DerivedData/Broccoli-eapieicfqwxippexlubxawpdfesp/Build/Products/Debug-iphonesimulator/PackageFrameworks -F /Users/jaigaurav/Library/Developer/Xcode/DerivedData/Broccoli-eapieicfqwxippexlubxawpdfesp/Build/Products/Debug-iphonesimulator/PackageFrameworks -F /Users/jaigaurav/Library/Developer/Xcode/DerivedData/Broccoli-eapieicfqwxippexlubxawpdfesp/Build/Products/Debug-iphonesimulator/PackageFrameworks -F /Users/jaigaurav/Library/Developer/Xcode/DerivedData/Broccoli-eapieicfqwxippexlubxawpdfesp/Build/Products/Debug-iphonesimulator/PackageFrameworks -F /Users/jaigaurav/Library/Developer/Xcode/DerivedData/Broccoli-eapieicfqwxippexlubxawpdfesp/Build/Products/Debug-iphonesimulator/PackageFrameworks -F /Users/jaigaurav/Library/Developer/Xcode/DerivedData/Broccoli-eapieicfqwxippexlubxawpdfesp/Build/Products/Debug-iphonesimulator/PackageFrameworks -F /Users/jaigaurav/Library/Developer/Xcode/DerivedData/Broccoli-eapieicfqwxippexlubxawpdfesp/Build/Products/Debug-iphonesimulator/PackageFrameworks -F /Users/jaigaurav/Library/Developer/Xcode/DerivedData/Broccoli-eapieicfqwxippexlubxawpdfesp/Build/Products/Debug-iphonesimulator/PackageFrameworks -F /Users/jaigaurav/Library/Developer/Xcode/DerivedData/Broccoli-eapieicfqwxippexlubxawpdfesp/Build/Products/Debug-iphonesimulator/PackageFrameworks -F /Users/jaigaurav/Library/Developer/Xcode/DerivedData/Broccoli-eapieicfqwxippexlubxawpdfesp/Build/Products/Debug-iphonesimulator/PackageFrameworks -F /Users/jaigaurav/Library/Developer/Xcode/DerivedData/Broccoli-eapieicfqwxippexlubxawpdfesp/Build/Products/Debug-iphonesimulator/PackageFrameworks -F /Users/jaigaurav/Library/Developer/Xcode/DerivedData/Broccoli-eapieicfqwxippexlubxawpdfesp/Build/Products/Debug-iphonesimulator/PackageFrameworks -F /Users/jaigaurav/Library/Developer/Xcode/DerivedData/Broccoli-eapieicfqwxippexlubxawpdfesp/Build/Products/Debug-iphonesimulator/PackageFrameworks -F /Users/jaigaurav/Library/Developer/Xcode/DerivedData/Broccoli-eapieicfqwxippexlubxawpdfesp/Build/Products/Debug-iphonesimulator/PackageFrameworks -F /Users/jaigaurav/Library/Developer/Xcode/DerivedData/Broccoli-eapieicfqwxippexlubxawpdfesp/Build/Products/Debug-iphonesimulator/PackageFrameworks -F /Users/jaigaurav/Library/Developer/Xcode/DerivedData/Broccoli-eapieicfqwxippexlubxawpdfesp/Build/Products/Debug-iphonesimulator/PackageFrameworks -F /Users/jaigaurav/Library/Developer/Xcode/DerivedData/Broccoli-eapieicfqwxippexlubxawpdfesp/Build/Products/Debug-iphonesimulator/PackageFrameworks -F /Users/jaigaurav/Library/Developer/Xcode/DerivedData/Broccoli-eapieicfqwxippexlubxawpdfesp/Build/Products/Debug-iphonesimulator/PackageFrameworks -F /Users/jaigaurav/Library/Developer/Xcode/DerivedData/Broccoli-eapieicfqwxippexlubxawpdfesp/Build/Products/Debug-iphonesimulator/PackageFrameworks -F /Users/jaigaurav/Library/Developer/Xcode/DerivedData/Broccoli-eapieicfqwxippexlubxawpdfesp/Build/Products/Debug-iphonesimulator/PackageFrameworks -F /Users/jaigaurav/Library/Developer/Xcode/DerivedData/Broccoli-eapieicfqwxippexlubxawpdfesp/Build/Products/Debug-iphonesimulator/PackageFrameworks -F /Users/jaigaurav/Library/Developer/Xcode/DerivedData/Broccoli-eapieicfqwxippexlubxawpdfesp/Build/Products/Debug-iphonesimulator/PackageFrameworks -F /Users/jaigaurav/Library/Developer/Xcode/DerivedData/Broccoli-eapieicfqwxippexlubxawpdfesp/Build/Products/Debug-iphonesimulator/PackageFrameworks -F /Users/jaigaurav/Library/Developer/Xcode/DerivedData/Broccoli-eapieicfqwxippexlubxawpdfesp/Build/Products/Debug-iphonesimulator/PackageFrameworks -F /Users/jaigaurav/Library/Developer/Xcode/DerivedData/Broccoli-eapieicfqwxippexlubxawpdfesp/Build/Products/Debug-iphonesimulator/PackageFrameworks -F /Users/jaigaurav/Library/Developer/Xcode/DerivedData/Broccoli-eapieicfqwxippexlubxawpdfesp/Build/Products/Debug-iphonesimulator/PackageFrameworks -F /Users/jaigaurav/Library/Developer/Xcode/DerivedData/Broccoli-eapieicfqwxippexlubxawpdfesp/Build/Products/Debug-iphonesimulator/PackageFrameworks -F /Users/jaigaurav/Library/Developer/Xcode/DerivedData/Broccoli-eapieicfqwxippexlubxawpdfesp/Build/Products/Debug-iphonesimulator/PackageFrameworks -F /Users/jaigaurav/Library/Developer/Xcode/DerivedData/Broccoli-eapieicfqwxippexlubxawpdfesp/Build/Products/Debug-iphonesimulator/PackageFrameworks -F /Users/jaigaurav/Library/Developer/Xcode/DerivedData/Broccoli-eapieicfqwxippexlubxawpdfesp/Build/Products/Debug-iphonesimulator/PackageFrameworks -F /Users/jaigaurav/Library/Developer/Xcode/DerivedData/Broccoli-eapieicfqwxippexlubxawpdfesp/Build/Products/Debug-iphonesimulator/PackageFrameworks -F /Users/jaigaurav/Library/Developer/Xcode/DerivedData/Broccoli-eapieicfqwxippexlubxawpdfesp/Build/Products/Debug-iphonesimulator/PackageFrameworks -F /Users/jaigaurav/Library/Developer/Xcode/DerivedData/Broccoli-eapieicfqwxippexlubxawpdfesp/Build/Products/Debug-iphonesimulator/PackageFrameworks -F /Users/jaigaurav/Library/Developer/Xcode/DerivedData/Broccoli-eapieicfqwxippexlubxawpdfesp/Build/Products/Debug-iphonesimulator/PackageFrameworks -F /Users/jaigaurav/Library/Developer/Xcode/DerivedData/Broccoli-eapieicfqwxippexlubxawpdfesp/Build/Products/Debug-iphonesimulator/PackageFrameworks -F /Users/jaigaurav/Library/Developer/Xcode/DerivedData/Broccoli-eapieicfqwxippexlubxawpdfesp/Build/Products/Debug-iphonesimulator/PackageFrameworks -F /Users/jaigaurav/Library/Developer/Xcode/DerivedData/Broccoli-eapieicfqwxippexlubxawpdfesp/Build/Products/Debug-iphonesimulator/PackageFrameworks -F /Users/jaigaurav/Library/Developer/Xcode/DerivedData/Broccoli-eapieicfqwxippexlubxawpdfesp/Build/Products/Debug-iphonesimulator/PackageFrameworks -F /Users/jaigaurav/Library/Developer/Xcode/DerivedData/Broccoli-eapieicfqwxippexlubxawpdfesp/Build/Products/Debug-iphonesimulator/PackageFrameworks -F /Users/jaigaurav/Library/Developer/Xcode/DerivedData/Broccoli-eapieicfqwxippexlubxawpdfesp/Build/Products/Debug-iphonesimulator/PackageFrameworks -F /Users/jaigaurav/Library/Developer/Xcode/DerivedData/Broccoli-eapieicfqwxippexlubxawpdfesp/Build/Products/Debug-iphonesimulator -emit-localized-strings -emit-localized-strings-path /Users/jaigaurav/Library/Developer/Xcode/DerivedData/Broccoli-eapieicfqwxippexlubxawpdfesp/Build/Intermediates.noindex/Broccoli.build/Debug-iphonesimulator/Broccoli.build/Objects-normal/x86_64 -c -j8 -enable-batch-mode -incremental -Xcc -ivfsstatcache -Xcc /Users/jaigaurav/Library/Developer/Xcode/DerivedData/SDKStatCaches.noindex/iphonesimulator26.5-23F81a-6cfe768891a92b912361537c460fe42b.sdkstatcache -output-file-map /Users/jaigaurav/Library/Developer/Xcode/DerivedData/Broccoli-eapieicfqwxippexlubxawpdfesp/Build/Intermediates.noindex/Broccoli.build/Debug-iphonesimulator/Broccoli.build/Objects-normal/x86_64/Broccoli-OutputFileMap.json -use-frontend-parseable-output -save-temps -no-color-diagnostics -explicit-module-build -module-cache-path /Users/jaigaurav/Library/Developer/Xcode/DerivedData/Broccoli-eapieicfqwxippexlubxawpdfesp/Build/Intermediates.noindex/SwiftExplicitPrecompiledModules -clang-scanner-module-cache-path /Users/jaigaurav/Library/Developer/Xcode/DerivedData/ModuleCache.noindex -sdk-module-cache-path /Users/jaigaurav/Library/Developer/Xcode/DerivedData/ModuleCache.noindex -serialize-diagnostics -emit-dependencies -emit-module -emit-module-path /Users/jaigaurav/Library/Developer/Xcode/DerivedData/Broccoli-eapieicfqwxippexlubxawpdfesp/Build/Intermediates.noindex/Broccoli.build/Debug-iphonesimulator/Broccoli.build/Objects-normal/x86_64/Broccoli.swiftmodule -validate-clang-modules-once -clang-build-session-file /Users/jaigaurav/Library/Developer/Xcode/DerivedData/ModuleCache.noindex/Session.modulevalidation -Xcc -I/Users/jaigaurav/Library/Developer/Xcode/DerivedData/Broccoli-eapieicfqwxippexlubxawpdfesp/Build/Intermediates.noindex/Broccoli.build/Debug-iphonesimulator/Broccoli.build/swift-overrides.hmap -emit-const-values -Xfrontend -const-gather-protocols-file -Xfrontend /Users/jaigaurav/Library/Developer/Xcode/DerivedData/Broccoli-eapieicfqwxippexlubxawpdfesp/Build/Intermediates.noindex/Broccoli.build/Debug-iphonesimulator/Broccoli.build/Objects-normal/x86_64/Broccoli_const_extract_protocols.json -Xcc -iquote -Xcc /Users/jaigaurav/Library/Developer/Xcode/DerivedData/Broccoli-eapieicfqwxippexlubxawpdfesp/Build/Intermediates.noindex/Broccoli.build/Debug-iphonesimulator/Broccoli.build/Broccoli-generated-files.hmap -Xcc -I/Users/jaigaurav/Library/Developer/Xcode/DerivedData/Broccoli-eapieicfqwxippexlubxawpdfesp/Build/Intermediates.noindex/Broccoli.build/Debug-iphonesimulator/Broccoli.build/Broccoli-own-target-headers.hmap -Xcc -I/Users/jaigaurav/Library/Developer/Xcode/DerivedData/Broccoli-eapieicfqwxippexlubxawpdfesp/Build/Intermediates.noindex/Broccoli.build/Debug-iphonesimulator/Broccoli.build/Broccoli-all-non-framework-target-headers.hmap -Xcc -ivfsoverlay -Xcc /Users/jaigaurav/Library/Developer/Xcode/DerivedData/Broccoli-eapieicfqwxippexlubxawpdfesp/Build/Intermediates.noindex/Broccoli.build/Debug-iphonesimulator/Broccoli-b570dedc7e9dc92657e4abeab955b46f-VFS-iphonesimulator/all-product-headers.yaml -Xcc -iquote -Xcc /Users/jaigaurav/Library/Developer/Xcode/DerivedData/Broccoli-eapieicfqwxippexlubxawpdfesp/Build/Intermediates.noindex/Broccoli.build/Debug-iphonesimulator/Broccoli.build/Broccoli-project-headers.hmap -Xcc -I/Users/jaigaurav/Library/Developer/Xcode/DerivedData/Broccoli-eapieicfqwxippexlubxawpdfesp/SourcePackages/checkouts/GoogleUtilities/GoogleUtilities/Network/Public -Xcc -I/Users/jaigaurav/Library/Developer/Xcode/DerivedData/Broccoli-eapieicfqwxippexlubxawpdfesp/SourcePackages/checkouts/GoogleUtilities/GoogleUtilities/AppDelegateSwizzler/Public -Xcc -I/Users/jaigaurav/Library/Developer/Xcode/DerivedData/Broccoli-eapieicfqwxippexlubxawpdfesp/SourcePackages/checkouts/GoogleUtilities/GoogleUtilities/Reachability/Public -Xcc -I/Users/jaigaurav/Library/Developer/Xcode/DerivedData/Broccoli-eapieicfqwxippexlubxawpdfesp/SourcePackages/checkouts/firebase-ios-sdk/FirebaseMessaging/Sources/Public -Xcc -I/Users/jaigaurav/Library/Developer/Xcode/DerivedData/Broccoli-eapieicfqwxippexlubxawpdfesp/SourcePackages/checkouts/AppAuth-iOS/Sources/AppAuth -Xcc -I/Users/jaigaurav/Library/Developer/Xcode/DerivedData/Broccoli-eapieicfqwxippexlubxawpdfesp/SourcePackages/checkouts/AppAuth-iOS/Sources/AppAuthCore -Xcc -I/Users/jaigaurav/Library/Developer/Xcode/DerivedData/Broccoli-eapieicfqwxippexlubxawpdfesp/SourcePackages/checkouts/app-check/AppCheckCore/Sources/Public -Xcc -I/Users/jaigaurav/Library/Developer/Xcode/DerivedData/Broccoli-eapieicfqwxippexlubxawpdfesp/SourcePackages/checkouts/gtm-session-fetcher/Sources/Core/Public -Xcc -I/Users/jaigaurav/Library/Developer/Xcode/DerivedData/Broccoli-eapieicfqwxippexlubxawpdfesp/SourcePackages/checkouts/GoogleSignIn-iOS/GoogleSignIn/Sources/Public -Xcc -I/Users/jaigaurav/Library/Developer/Xcode/DerivedData/Broccoli-eapieicfqwxippexlubxawpdfesp/SourcePackages/checkouts/stripe-ios-spm/Stripe3DS2/Stripe3DS2/include -Xcc -I/Users/jaigaurav/Library/Developer/Xcode/DerivedData/Broccoli-eapieicfqwxippexlubxawpdfesp/SourcePackages/checkouts/GoogleUtilities/GoogleUtilities/NSData+zlib/Public -Xcc -I/Users/jaigaurav/Library/Developer/Xcode/DerivedData/Broccoli-eapieicfqwxippexlubxawpdfesp/SourcePackages/checkouts/GoogleUtilities/GoogleUtilities/Logger/Public -Xcc -I/Users/jaigaurav/Library/Developer/Xcode/DerivedData/Broccoli-eapieicfqwxippexlubxawpdfesp/SourcePackages/checkouts/GoogleUtilities/GoogleUtilities/Environment/Public -Xcc -I/Users/jaigaurav/Library/Developer/Xcode/DerivedData/Broccoli-eapieicfqwxippexlubxawpdfesp/SourcePackages/checkouts/GoogleUtilities/third_party/IsAppEncrypted/Public -Xcc -I/Users/jaigaurav/Library/Developer/Xcode/DerivedData/Broccoli-eapieicfqwxippexlubxawpdfesp/SourcePackages/checkouts/GoogleUtilities/GoogleUtilities/UserDefaults/Public -Xcc -I/Users/jaigaurav/Library/Developer/Xcode/DerivedData/Broccoli-eapieicfqwxippexlubxawpdfesp/SourcePackages/checkouts/nanopb/spm_headers -Xcc -I/Users/jaigaurav/Library/Developer/Xcode/DerivedData/Broccoli-eapieicfqwxippexlubxawpdfesp/SourcePackages/checkouts/promises/Sources/FBLPromises/include -Xcc -I/Users/jaigaurav/Library/Developer/Xcode/DerivedData/Broccoli-eapieicfqwxippexlubxawpdfesp/SourcePackages/checkouts/GoogleDataTransport/GoogleDataTransport/GDTCORLibrary/Public -Xcc -I/Users/jaigaurav/Library/Developer/Xcode/DerivedData/Broccoli-eapieicfqwxippexlubxawpdfesp/SourcePackages/checkouts/firebase-ios-sdk/FirebaseSessions/SourcesObjC -Xcc -I/Users/jaigaurav/Library/Developer/Xcode/DerivedData/Broccoli-eapieicfqwxippexlubxawpdfesp/SourcePackages/checkouts/firebase-ios-sdk/FirebaseCore/Extension -Xcc -I/Users/jaigaurav/Library/Developer/Xcode/DerivedData/Broccoli-eapieicfqwxippexlubxawpdfesp/SourcePackages/checkouts/firebase-ios-sdk/FirebaseInstallations/Source/Library/Public -Xcc -I/Users/jaigaurav/Library/Developer/Xcode/DerivedData/Broccoli-eapieicfqwxippexlubxawpdfesp/SourcePackages/checkouts/firebase-ios-sdk/FirebaseCore/Sources/Public -Xcc -I/Users/jaigaurav/Library/Developer/Xcode/DerivedData/Broccoli-eapieicfqwxippexlubxawpdfesp/SourcePackages/checkouts/firebase-ios-sdk/CoreOnly/Sources -Xcc -I/Users/jaigaurav/Library/Developer/Xcode/DerivedData/Broccoli-eapieicfqwxippexlubxawpdfesp/SourcePackages/checkouts/firebase-ios-sdk/Crashlytics/Crashlytics/Public -Xcc -I/Users/jaigaurav/Library/Developer/Xcode/DerivedData/Broccoli-eapieicfqwxippexlubxawpdfesp/Build/Products/Debug-iphonesimulator/include -Xcc -I/Users/jaigaurav/Library/Developer/Xcode/DerivedData/Broccoli-eapieicfqwxippexlubxawpdfesp/Build/Intermediates.noindex/Broccoli.build/Debug-iphonesimulator/Broccoli.build/DerivedSources-normal/x86_64 -Xcc -I/Users/jaigaurav/Library/Developer/Xcode/DerivedData/Broccoli-eapieicfqwxippexlubxawpdfesp/Build/Intermediates.noindex/Broccoli.build/Debug-iphonesimulator/Broccoli.build/DerivedSources/x86_64 -Xcc -I/Users/jaigaurav/Library/Developer/Xcode/DerivedData/Broccoli-eapieicfqwxippexlubxawpdfesp/Build/Intermediates.noindex/Broccoli.build/Debug-iphonesimulator/Broccoli.build/DerivedSources -Xcc -DDEBUG\=1 -emit-objc-header -emit-objc-header-path /Users/jaigaurav/Library/Developer/Xcode/DerivedData/Broccoli-eapieicfqwxippexlubxawpdfesp/Build/Intermediates.noindex/Broccoli.build/Debug-iphonesimulator/Broccoli.build/Objects-normal/x86_64/Broccoli-Swift.h -working-directory /Volumes/jaigaurav17-001/Projects/iOS/Broccoli -experimental-emit-module-separately -disable-cmo

Ld /Users/jaigaurav/Library/Developer/Xcode/DerivedData/Broccoli-eapieicfqwxippexlubxawpdfesp/Build/Intermediates.noindex/Broccoli.build/Debug-iphonesimulator/Broccoli.build/Objects-normal/x86_64/Binary/Broccoli.debug.dylib normal x86_64 (in target 'Broccoli' from project 'Broccoli')
    cd /Volumes/jaigaurav17-001/Projects/iOS/Broccoli
    /Applications/Xcode.app/Contents/Developer/Toolchains/XcodeDefault.xctoolchain/usr/bin/clang -Xlinker -reproducible -target x86_64-apple-ios17.6-simulator -dynamiclib -isysroot /Applications/Xcode.app/Contents/Developer/Platforms/iPhoneSimulator.platform/Developer/SDKs/iPhoneSimulator26.5.sdk -O0 -L/Users/jaigaurav/Library/Developer/Xcode/DerivedData/Broccoli-eapieicfqwxippexlubxawpdfesp/Build/Intermediates.noindex/EagerLinkingTBDs/Debug-iphonesimulator -L/Users/jaigaurav/Library/Developer/Xcode/DerivedData/Broccoli-eapieicfqwxippexlubxawpdfesp/Build/Products/Debug-iphonesimulator -F/Users/jaigaurav/Library/Developer/Xcode/DerivedData/Broccoli-eapieicfqwxippexlubxawpdfesp/Build/Intermediates.noindex/EagerLinkingTBDs/Debug-iphonesimulator -F/Users/jaigaurav/Library/Developer/Xcode/DerivedData/Broccoli-eapieicfqwxippexlubxawpdfesp/Build/Products/Debug-iphonesimulator/PackageFrameworks -F/Users/jaigaurav/Library/Developer/Xcode/DerivedData/Broccoli-eapieicfqwxippexlubxawpdfesp/Build/Products/Debug-iphonesimulator/PackageFrameworks -F/Users/jaigaurav/Library/Developer/Xcode/DerivedData/Broccoli-eapieicfqwxippexlubxawpdfesp/Build/Products/Debug-iphonesimulator/PackageFrameworks -F/Users/jaigaurav/Library/Developer/Xcode/DerivedData/Broccoli-eapieicfqwxippexlubxawpdfesp/Build/Products/Debug-iphonesimulator/PackageFrameworks -F/Users/jaigaurav/Library/Developer/Xcode/DerivedData/Broccoli-eapieicfqwxippexlubxawpdfesp/Build/Products/Debug-iphonesimulator/PackageFrameworks -F/Users/jaigaurav/Library/Developer/Xcode/DerivedData/Broccoli-eapieicfqwxippexlubxawpdfesp/Build/Products/Debug-iphonesimulator/PackageFrameworks -F/Users/jaigaurav/Library/Developer/Xcode/DerivedData/Broccoli-eapieicfqwxippexlubxawpdfesp/Build/Products/Debug-iphonesimulator/PackageFrameworks -F/Users/jaigaurav/Library/Developer/Xcode/DerivedData/Broccoli-eapieicfqwxippexlubxawpdfesp/Build/Products/Debug-iphonesimulator/PackageFrameworks -F/Users/jaigaurav/Library/Developer/Xcode/DerivedData/Broccoli-eapieicfqwxippexlubxawpdfesp/Build/Products/Debug-iphonesimulator/PackageFrameworks -F/Users/jaigaurav/Library/Developer/Xcode/DerivedData/Broccoli-eapieicfqwxippexlubxawpdfesp/Build/Products/Debug-iphonesimulator/PackageFrameworks -F/Users/jaigaurav/Library/Developer/Xcode/DerivedData/Broccoli-eapieicfqwxippexlubxawpdfesp/Build/Products/Debug-iphonesimulator/PackageFrameworks -F/Users/jaigaurav/Library/Developer/Xcode/DerivedData/Broccoli-eapieicfqwxippexlubxawpdfesp/Build/Products/Debug-iphonesimulator/PackageFrameworks -F/Users/jaigaurav/Library/Developer/Xcode/DerivedData/Broccoli-eapieicfqwxippexlubxawpdfesp/Build/Products/Debug-iphonesimulator/PackageFrameworks -F/Users/jaigaurav/Library/Developer/Xcode/DerivedData/Broccoli-eapieicfqwxippexlubxawpdfesp/Build/Products/Debug-iphonesimulator/PackageFrameworks -F/Users/jaigaurav/Library/Developer/Xcode/DerivedData/Broccoli-eapieicfqwxippexlubxawpdfesp/Build/Products/Debug-iphonesimulator/PackageFrameworks -F/Users/jaigaurav/Library/Developer/Xcode/DerivedData/Broccoli-eapieicfqwxippexlubxawpdfesp/Build/Products/Debug-iphonesimulator/PackageFrameworks -F/Users/jaigaurav/Library/Developer/Xcode/DerivedData/Broccoli-eapieicfqwxippexlubxawpdfesp/Build/Products/Debug-iphonesimulator/PackageFrameworks -F/Users/jaigaurav/Library/Developer/Xcode/DerivedData/Broccoli-eapieicfqwxippexlubxawpdfesp/Build/Products/Debug-iphonesimulator/PackageFrameworks -F/Users/jaigaurav/Library/Developer/Xcode/DerivedData/Broccoli-eapieicfqwxippexlubxawpdfesp/Build/Products/Debug-iphonesimulator/PackageFrameworks -F/Users/jaigaurav/Library/Developer/Xcode/DerivedData/Broccoli-eapieicfqwxippexlubxawpdfesp/Build/Products/Debug-iphonesimulator/PackageFrameworks -F/Users/jaigaurav/Library/Developer/Xcode/DerivedData/Broccoli-eapieicfqwxippexlubxawpdfesp/Build/Products/Debug-iphonesimulator/PackageFrameworks -F/Users/jaigaurav/Library/Developer/Xcode/DerivedData/Broccoli-eapieicfqwxippexlubxawpdfesp/Build/Products/Debug-iphonesimulator/PackageFrameworks -F/Users/jaigaurav/Library/Developer/Xcode/DerivedData/Broccoli-eapieicfqwxippexlubxawpdfesp/Build/Products/Debug-iphonesimulator/PackageFrameworks -F/Users/jaigaurav/Library/Developer/Xcode/DerivedData/Broccoli-eapieicfqwxippexlubxawpdfesp/Build/Products/Debug-iphonesimulator/PackageFrameworks -F/Users/jaigaurav/Library/Developer/Xcode/DerivedData/Broccoli-eapieicfqwxippexlubxawpdfesp/Build/Products/Debug-iphonesimulator/PackageFrameworks -F/Users/jaigaurav/Library/Developer/Xcode/DerivedData/Broccoli-eapieicfqwxippexlubxawpdfesp/Build/Products/Debug-iphonesimulator/PackageFrameworks -F/Users/jaigaurav/Library/Developer/Xcode/DerivedData/Broccoli-eapieicfqwxippexlubxawpdfesp/Build/Products/Debug-iphonesimulator/PackageFrameworks -F/Users/jaigaurav/Library/Developer/Xcode/DerivedData/Broccoli-eapieicfqwxippexlubxawpdfesp/Build/Products/Debug-iphonesimulator/PackageFrameworks -F/Users/jaigaurav/Library/Developer/Xcode/DerivedData/Broccoli-eapieicfqwxippexlubxawpdfesp/Build/Products/Debug-iphonesimulator/PackageFrameworks -F/Users/jaigaurav/Library/Developer/Xcode/DerivedData/Broccoli-eapieicfqwxippexlubxawpdfesp/Build/Products/Debug-iphonesimulator/PackageFrameworks -F/Users/jaigaurav/Library/Developer/Xcode/DerivedData/Broccoli-eapieicfqwxippexlubxawpdfesp/Build/Products/Debug-iphonesimulator/PackageFrameworks -F/Users/jaigaurav/Library/Developer/Xcode/DerivedData/Broccoli-eapieicfqwxippexlubxawpdfesp/Build/Products/Debug-iphonesimulator/PackageFrameworks -F/Users/jaigaurav/Library/Developer/Xcode/DerivedData/Broccoli-eapieicfqwxippexlubxawpdfesp/Build/Products/Debug-iphonesimulator/PackageFrameworks -F/Users/jaigaurav/Library/Developer/Xcode/DerivedData/Broccoli-eapieicfqwxippexlubxawpdfesp/Build/Products/Debug-iphonesimulator/PackageFrameworks -F/Users/jaigaurav/Library/Developer/Xcode/DerivedData/Broccoli-eapieicfqwxippexlubxawpdfesp/Build/Products/Debug-iphonesimulator/PackageFrameworks -F/Users/jaigaurav/Library/Developer/Xcode/DerivedData/Broccoli-eapieicfqwxippexlubxawpdfesp/Build/Products/Debug-iphonesimulator/PackageFrameworks -F/Users/jaigaurav/Library/Developer/Xcode/DerivedData/Broccoli-eapieicfqwxippexlubxawpdfesp/Build/Products/Debug-iphonesimulator/PackageFrameworks -F/Users/jaigaurav/Library/Developer/Xcode/DerivedData/Broccoli-eapieicfqwxippexlubxawpdfesp/Build/Products/Debug-iphonesimulator/PackageFrameworks -F/Users/jaigaurav/Library/Developer/Xcode/DerivedData/Broccoli-eapieicfqwxippexlubxawpdfesp/Build/Products/Debug-iphonesimulator/PackageFrameworks -F/Users/jaigaurav/Library/Developer/Xcode/DerivedData/Broccoli-eapieicfqwxippexlubxawpdfesp/Build/Products/Debug-iphonesimulator/PackageFrameworks -F/Users/jaigaurav/Library/Developer/Xcode/DerivedData/Broccoli-eapieicfqwxippexlubxawpdfesp/Build/Products/Debug-iphonesimulator/PackageFrameworks -F/Users/jaigaurav/Library/Developer/Xcode/DerivedData/Broccoli-eapieicfqwxippexlubxawpdfesp/Build/Products/Debug-iphonesimulator/PackageFrameworks -F/Users/jaigaurav/Library/Developer/Xcode/DerivedData/Broccoli-eapieicfqwxippexlubxawpdfesp/Build/Products/Debug-iphonesimulator/PackageFrameworks -F/Users/jaigaurav/Library/Developer/Xcode/DerivedData/Broccoli-eapieicfqwxippexlubxawpdfesp/Build/Products/Debug-iphonesimulator/PackageFrameworks -F/Users/jaigaurav/Library/Developer/Xcode/DerivedData/Broccoli-eapieicfqwxippexlubxawpdfesp/Build/Products/Debug-iphonesimulator/PackageFrameworks -F/Users/jaigaurav/Library/Developer/Xcode/DerivedData/Broccoli-eapieicfqwxippexlubxawpdfesp/Build/Products/Debug-iphonesimulator -filelist /Users/jaigaurav/Library/Developer/Xcode/DerivedData/Broccoli-eapieicfqwxippexlubxawpdfesp/Build/Intermediates.noindex/Broccoli.build/Debug-iphonesimulator/Broccoli.build/Objects-normal/x86_64/Broccoli.LinkFileList -install_name @rpath/Broccoli.debug.dylib -Xlinker -rpath -Xlinker /usr/lib/swift -Xlinker -rpath -Xlinker /Users/jaigaurav/Library/Developer/Xcode/DerivedData/Broccoli-eapieicfqwxippexlubxawpdfesp/Build/Products/Debug-iphonesimulator/PackageFrameworks -Xlinker -rpath -Xlinker @executable_path/Frameworks -Xlinker -dead_strip -Xlinker -object_path_lto -Xlinker /Users/jaigaurav/Library/Developer/Xcode/DerivedData/Broccoli-eapieicfqwxippexlubxawpdfesp/Build/Intermediates.noindex/Broccoli.build/Debug-iphonesimulator/Broccoli.build/Objects-normal/x86_64/Broccoli_lto.o -rdynamic -Xlinker -no_deduplicate -Xlinker -objc_abi_version -Xlinker 2 -Xlinker -debug_variant -Xlinker -dependency_info -Xlinker /Users/jaigaurav/Library/Developer/Xcode/DerivedData/Broccoli-eapieicfqwxippexlubxawpdfesp/Build/Intermediates.noindex/Broccoli.build/Debug-iphonesimulator/Broccoli.build/Objects-normal/x86_64/Broccoli_dependency_info.dat -fobjc-link-runtime -fprofile-instr-generate -L/Applications/Xcode.app/Contents/Developer/Toolchains/XcodeDefault.xctoolchain/usr/lib/swift/iphonesimulator -L/usr/lib/swift -Xlinker -add_ast_path -Xlinker /Users/jaigaurav/Library/Developer/Xcode/DerivedData/Broccoli-eapieicfqwxippexlubxawpdfesp/Build/Intermediates.noindex/Broccoli.build/Debug-iphonesimulator/Broccoli.build/Objects-normal/x86_64/Broccoli.swiftmodule @/Users/jaigaurav/Library/Developer/Xcode/DerivedData/Broccoli-eapieicfqwxippexlubxawpdfesp/Build/Intermediates.noindex/Broccoli.build/Debug-iphonesimulator/Broccoli.build/Objects-normal/x86_64/Broccoli-linker-args.resp -Wl,-no_warn_duplicate_libraries -Wl,-no_warn_duplicate_libraries -Wl,-no_warn_duplicate_libraries -Wl,-no_warn_duplicate_libraries -Wl,-no_warn_duplicate_libraries -Wl,-no_warn_duplicate_libraries -Wl,-no_warn_duplicate_libraries -Wl,-no_warn_duplicate_libraries -Wl,-no_warn_duplicate_libraries -Wl,-no_warn_duplicate_libraries -Wl,-no_warn_duplicate_libraries -Wl,-no_warn_duplicate_libraries -Wl,-no_warn_duplicate_libraries -Wl,-no_warn_duplicate_libraries -Wl,-no_warn_duplicate_libraries -Wl,-no_warn_duplicate_libraries -Wl,-no_warn_duplicate_libraries -Wl,-no_warn_duplicate_libraries -Wl,-no_warn_duplicate_libraries -Wl,-no_warn_duplicate_libraries -Wl,-no_warn_duplicate_libraries -Wl,-no_warn_duplicate_libraries -Wl,-no_warn_duplicate_libraries -Wl,-no_warn_duplicate_libraries -Wl,-no_warn_duplicate_libraries -Wl,-no_warn_duplicate_libraries -Wl,-no_warn_duplicate_libraries -Wl,-no_warn_duplicate_libraries -Wl,-no_warn_duplicate_libraries -Wl,-no_warn_duplicate_libraries -Wl,-no_warn_duplicate_libraries -Wl,-no_warn_duplicate_libraries -Wl,-no_warn_duplicate_libraries -Wl,-no_warn_duplicate_libraries -Wl,-no_warn_duplicate_libraries -Wl,-no_warn_duplicate_libraries -Wl,-no_warn_duplicate_libraries -Wl,-no_warn_duplicate_libraries -Wl,-no_warn_duplicate_libraries -Wl,-no_warn_duplicate_libraries -Wl,-no_warn_duplicate_libraries -Wl,-no_warn_duplicate_libraries -Wl,-no_warn_duplicate_libraries -lc++ -Wl,-no_warn_duplicate_libraries -Wl,-no_warn_duplicate_libraries -framework Security -framework SystemConfiguration -framework UIKit -framework Security -framework Security -framework SystemConfiguration -framework Security -framework SystemConfiguration -framework SystemConfiguration -framework CoreTelephony -lz -lc++ -lz -framework Accelerate -Xlinker -no_application_extension -framework CoreGraphics -framework CoreText -framework Foundation -framework LocalAuthentication -framework Security -framework UIKit -framework Security -framework DeviceCheck -framework SystemConfiguration -Xlinker -alias -Xlinker _main -Xlinker ___debug_main_executable_dylib_entry_point -framework FBSDKCoreKit -framework FBAEMKit -framework FBSDKCoreKit_Basics -framework FBSDKCoreKit -framework AgoraSpatialAudioExtension -framework AgoraVideoSegmentationExtension -framework FBAEMKit -framework FBSDKCoreKit_Basics -framework FBSDKCoreKit -framework FBSDKLoginKit -framework AgoraRtcKit -framework Agorafdkaac -framework Agoraffmpeg -framework AgoraSoundTouch -framework video_dec -framework aosl -framework aosl -Xlinker -no_adhoc_codesign -o /Users/jaigaurav/Library/Developer/Xcode/DerivedData/Broccoli-eapieicfqwxippexlubxawpdfesp/Build/Intermediates.noindex/Broccoli.build/Debug-iphonesimulator/Broccoli.build/Objects-normal/x86_64/Binary/Broccoli.debug.dylib -Xlinker -add_ast_path -Xlinker /Users/jaigaurav/Library/Developer/Xcode/DerivedData/Broccoli-eapieicfqwxippexlubxawpdfesp/Build/Intermediates.noindex/swiftui-toasts.build/Debug-iphonesimulator/Toasts.build/Objects-normal/x86_64/Toasts.swiftmodule @/Users/jaigaurav/Library/Developer/Xcode/DerivedData/Broccoli-eapieicfqwxippexlubxawpdfesp/Build/Intermediates.noindex/swiftui-toasts.build/Debug-iphonesimulator/Toasts.build/Objects-normal/x86_64/Toasts-linker-args.resp -Xlinker -add_ast_path -Xlinker /Users/jaigaurav/Library/Developer/Xcode/DerivedData/Broccoli-eapieicfqwxippexlubxawpdfesp/Build/Intermediates.noindex/swiftui-window-overlay.build/Debug-iphonesimulator/WindowOverlay.build/Objects-normal/x86_64/WindowOverlay.swiftmodule @/Users/jaigaurav/Library/Developer/Xcode/DerivedData/Broccoli-eapieicfqwxippexlubxawpdfesp/Build/Intermediates.noindex/swiftui-window-overlay.build/Debug-iphonesimulator/WindowOverlay.build/Objects-normal/x86_64/WindowOverlay-linker-args.resp -Xlinker -add_ast_path -Xlinker /Users/jaigaurav/Library/Developer/Xcode/DerivedData/Broccoli-eapieicfqwxippexlubxawpdfesp/Build/Intermediates.noindex/GoogleSignIn.build/Debug-iphonesimulator/GoogleSignInSwift.build/Objects-normal/x86_64/GoogleSignInSwift.swiftmodule @/Users/jaigaurav/Library/Developer/Xcode/DerivedData/Broccoli-eapieicfqwxippexlubxawpdfesp/Build/Intermediates.noindex/GoogleSignIn.build/Debug-iphonesimulator/GoogleSignInSwift.build/Objects-normal/x86_64/GoogleSignInSwift-linker-args.resp -Xlinker -add_ast_path -Xlinker /Users/jaigaurav/Library/Developer/Xcode/DerivedData/Broccoli-eapieicfqwxippexlubxawpdfesp/Build/Intermediates.noindex/GTMAppAuth.build/Debug-iphonesimulator/GTMAppAuth.build/Objects-normal/x86_64/GTMAppAuth.swiftmodule @/Users/jaigaurav/Library/Developer/Xcode/DerivedData/Broccoli-eapieicfqwxippexlubxawpdfesp/Build/Intermediates.noindex/GTMAppAuth.build/Debug-iphonesimulator/GTMAppAuth.build/Objects-normal/x86_64/GTMAppAuth-linker-args.resp -Xlinker -add_ast_path -Xlinker /Users/jaigaurav/Library/Developer/Xcode/DerivedData/Broccoli-eapieicfqwxippexlubxawpdfesp/Build/Intermediates.noindex/Facebook.build/Debug-iphonesimulator/FacebookCore.build/Objects-normal/x86_64/FacebookCore.swiftmodule @/Users/jaigaurav/Library/Developer/Xcode/DerivedData/Broccoli-eapieicfqwxippexlubxawpdfesp/Build/Intermediates.noindex/Facebook.build/Debug-iphonesimulator/FacebookCore.build/Objects-normal/x86_64/FacebookCore-linker-args.resp -Xlinker -add_ast_path -Xlinker /Users/jaigaurav/Library/Developer/Xcode/DerivedData/Broccoli-eapieicfqwxippexlubxawpdfesp/Build/Intermediates.noindex/Facebook.build/Debug-iphonesimulator/FacebookAEM.build/Objects-normal/x86_64/FacebookAEM.swiftmodule @/Users/jaigaurav/Library/Developer/Xcode/DerivedData/Broccoli-eapieicfqwxippexlubxawpdfesp/Build/Intermediates.noindex/Facebook.build/Debug-iphonesimulator/FacebookAEM.build/Objects-normal/x86_64/FacebookAEM-linker-args.resp -Xlinker -add_ast_path -Xlinker /Users/jaigaurav/Library/Developer/Xcode/DerivedData/Broccoli-eapieicfqwxippexlubxawpdfesp/Build/Intermediates.noindex/Firebase.build/Debug-iphonesimulator/FirebaseCoreInternal.build/Objects-normal/x86_64/FirebaseCoreInternal.swiftmodule @/Users/jaigaurav/Library/Developer/Xcode/DerivedData/Broccoli-eapieicfqwxippexlubxawpdfesp/Build/Intermediates.noindex/Firebase.build/Debug-iphonesimulator/FirebaseCoreInternal.build/Objects-normal/x86_64/FirebaseCoreInternal-linker-args.resp -Xlinker -add_ast_path -Xlinker /Users/jaigaurav/Library/Developer/Xcode/DerivedData/Broccoli-eapieicfqwxippexlubxawpdfesp/Build/Intermediates.noindex/AlertToast.build/Debug-iphonesimulator/AlertToast.build/Objects-normal/x86_64/AlertToast.swiftmodule @/Users/jaigaurav/Library/Developer/Xcode/DerivedData/Broccoli-eapieicfqwxippexlubxawpdfesp/Build/Intermediates.noindex/AlertToast.build/Debug-iphonesimulator/AlertToast.build/Objects-normal/x86_64/AlertToast-linker-args.resp -Xlinker -add_ast_path -Xlinker /Users/jaigaurav/Library/Developer/Xcode/DerivedData/Broccoli-eapieicfqwxippexlubxawpdfesp/Build/Intermediates.noindex/KeychainAccess.build/Debug-iphonesimulator/KeychainAccess.build/Objects-normal/x86_64/KeychainAccess.swiftmodule @/Users/jaigaurav/Library/Developer/Xcode/DerivedData/Broccoli-eapieicfqwxippexlubxawpdfesp/Build/Intermediates.noindex/KeychainAccess.build/Debug-iphonesimulator/KeychainAccess.build/Objects-normal/x86_64/KeychainAccess-linker-args.resp -Xlinker -add_ast_path -Xlinker /Users/jaigaurav/Library/Developer/Xcode/DerivedData/Broccoli-eapieicfqwxippexlubxawpdfesp/Build/Intermediates.noindex/Facebook.build/Debug-iphonesimulator/FacebookLogin.build/Objects-normal/x86_64/FacebookLogin.swiftmodule @/Users/jaigaurav/Library/Developer/Xcode/DerivedData/Broccoli-eapieicfqwxippexlubxawpdfesp/Build/Intermediates.noindex/Facebook.build/Debug-iphonesimulator/FacebookLogin.build/Objects-normal/x86_64/FacebookLogin-linker-args.resp -Xlinker -add_ast_path -Xlinker /Users/jaigaurav/Library/Developer/Xcode/DerivedData/Broccoli-eapieicfqwxippexlubxawpdfesp/Build/Intermediates.noindex/Stripe.build/Debug-iphonesimulator/StripePaymentSheet.build/Objects-normal/x86_64/StripePaymentSheet.swiftmodule @/Users/jaigaurav/Library/Developer/Xcode/DerivedData/Broccoli-eapieicfqwxippexlubxawpdfesp/Build/Intermediates.noindex/Stripe.build/Debug-iphonesimulator/StripePaymentSheet.build/Objects-normal/x86_64/StripePaymentSheet-linker-args.resp -Xlinker -add_ast_path -Xlinker /Users/jaigaurav/Library/Developer/Xcode/DerivedData/Broccoli-eapieicfqwxippexlubxawpdfesp/Build/Intermediates.noindex/Stripe.build/Debug-iphonesimulator/StripeCore.build/Objects-normal/x86_64/StripeCore.swiftmodule @/Users/jaigaurav/Library/Developer/Xcode/DerivedData/Broccoli-eapieicfqwxippexlubxawpdfesp/Build/Intermediates.noindex/Stripe.build/Debug-iphonesimulator/StripeCore.build/Objects-normal/x86_64/StripeCore-linker-args.resp -Xlinker -add_ast_path -Xlinker /Users/jaigaurav/Library/Developer/Xcode/DerivedData/Broccoli-eapieicfqwxippexlubxawpdfesp/Build/Intermediates.noindex/Stripe.build/Debug-iphonesimulator/StripePayments.build/Objects-normal/x86_64/StripePayments.swiftmodule @/Users/jaigaurav/Library/Developer/Xcode/DerivedData/Broccoli-eapieicfqwxippexlubxawpdfesp/Build/Intermediates.noindex/Stripe.build/Debug-iphonesimulator/StripePayments.build/Objects-normal/x86_64/StripePayments-linker-args.resp -Xlinker -add_ast_path -Xlinker /Users/jaigaurav/Library/Developer/Xcode/DerivedData/Broccoli-eapieicfqwxippexlubxawpdfesp/Build/Intermediates.noindex/Stripe.build/Debug-iphonesimulator/StripeUICore.build/Objects-normal/x86_64/StripeUICore.swiftmodule @/Users/jaigaurav/Library/Developer/Xcode/DerivedData/Broccoli-eapieicfqwxippexlubxawpdfesp/Build/Intermediates.noindex/Stripe.build/Debug-iphonesimulator/StripeUICore.build/Objects-normal/x86_64/StripeUICore-linker-args.resp -Xlinker -add_ast_path -Xlinker /Users/jaigaurav/Library/Developer/Xcode/DerivedData/Broccoli-eapieicfqwxippexlubxawpdfesp/Build/Intermediates.noindex/Stripe.build/Debug-iphonesimulator/StripePaymentsUI.build/Objects-normal/x86_64/StripePaymentsUI.swiftmodule @/Users/jaigaurav/Library/Developer/Xcode/DerivedData/Broccoli-eapieicfqwxippexlubxawpdfesp/Build/Intermediates.noindex/Stripe.build/Debug-iphonesimulator/StripePaymentsUI.build/Objects-normal/x86_64/StripePaymentsUI-linker-args.resp -Xlinker -add_ast_path -Xlinker /Users/jaigaurav/Library/Developer/Xcode/DerivedData/Broccoli-eapieicfqwxippexlubxawpdfesp/Build/Intermediates.noindex/Stripe.build/Debug-iphonesimulator/StripeApplePay.build/Objects-normal/x86_64/StripeApplePay.swiftmodule @/Users/jaigaurav/Library/Developer/Xcode/DerivedData/Broccoli-eapieicfqwxippexlubxawpdfesp/Build/Intermediates.noindex/Stripe.build/Debug-iphonesimulator/StripeApplePay.build/Objects-normal/x86_64/StripeApplePay-linker-args.resp -Xlinker -add_ast_path -Xlinker /Users/jaigaurav/Library/Developer/Xcode/DerivedData/Broccoli-eapieicfqwxippexlubxawpdfesp/Build/Intermediates.noindex/Promises.build/Debug-iphonesimulator/Promises.build/Objects-normal/x86_64/Promises.swiftmodule @/Users/jaigaurav/Library/Developer/Xcode/DerivedData/Broccoli-eapieicfqwxippexlubxawpdfesp/Build/Intermediates.noindex/Promises.build/Debug-iphonesimulator/Promises.build/Objects-normal/x86_64/Promises-linker-args.resp -Xlinker -add_ast_path -Xlinker /Users/jaigaurav/Library/Developer/Xcode/DerivedData/Broccoli-eapieicfqwxippexlubxawpdfesp/Build/Intermediates.noindex/Firebase.build/Debug-iphonesimulator/FirebaseSessions.build/Objects-normal/x86_64/FirebaseSessions.swiftmodule @/Users/jaigaurav/Library/Developer/Xcode/DerivedData/Broccoli-eapieicfqwxippexlubxawpdfesp/Build/Intermediates.noindex/Firebase.build/Debug-iphonesimulator/FirebaseSessions.build/Objects-normal/x86_64/FirebaseSessions-linker-args.resp -Xlinker -add_ast_path -Xlinker /Users/jaigaurav/Library/Developer/Xcode/DerivedData/Broccoli-eapieicfqwxippexlubxawpdfesp/Build/Intermediates.noindex/Firebase.build/Debug-iphonesimulator/FirebaseRemoteConfigInterop.build/Objects-normal/x86_64/FirebaseRemoteConfigInterop.swiftmodule @/Users/jaigaurav/Library/Developer/Xcode/DerivedData/Broccoli-eapieicfqwxippexlubxawpdfesp/Build/Intermediates.noindex/Firebase.build/Debug-iphonesimulator/FirebaseRemoteConfigInterop.build/Objects-normal/x86_64/FirebaseRemoteConfigInterop-linker-args.resp -Xlinker -add_ast_path -Xlinker /Users/jaigaurav/Library/Developer/Xcode/DerivedData/Broccoli-eapieicfqwxippexlubxawpdfesp/Build/Intermediates.noindex/Firebase.build/Debug-iphonesimulator/FirebaseCrashlyticsSwift.build/Objects-normal/x86_64/FirebaseCrashlyticsSwift.swiftmodule @/Users/jaigaurav/Library/Developer/Xcode/DerivedData/Broccoli-eapieicfqwxippexlubxawpdfesp/Build/Intermediates.noindex/Firebase.build/Debug-iphonesimulator/FirebaseCrashlyticsSwift.build/Objects-normal/x86_64/FirebaseCrashlyticsSwift-linker-args.resp -Xlinker -add_ast_path -Xlinker /Users/jaigaurav/Library/Developer/Xcode/DerivedData/Broccoli-eapieicfqwxippexlubxawpdfesp/Build/Intermediates.noindex/AgoraRtcEngine_iOS.build/Debug-iphonesimulator/AgoraInfra_iOS.build/Objects-normal/x86_64/AgoraInfra_iOS.swiftmodule @/Users/jaigaurav/Library/Developer/Xcode/DerivedData/Broccoli-eapieicfqwxippexlubxawpdfesp/Build/Intermediates.noindex/AgoraRtcEngine_iOS.build/Debug-iphonesimulator/AgoraInfra_iOS.build/Objects-normal/x86_64/AgoraInfra_iOS-linker-args.resp

CreateUniversalBinary /Users/jaigaurav/Library/Developer/Xcode/DerivedData/Broccoli-eapieicfqwxippexlubxawpdfesp/Build/Products/Debug-iphonesimulator/Broccoli.app/Broccoli.debug.dylib normal arm64\ x86_64 (in target 'Broccoli' from project 'Broccoli')
    cd /Volumes/jaigaurav17-001/Projects/iOS/Broccoli
    /Applications/Xcode.app/Contents/Developer/Toolchains/XcodeDefault.xctoolchain/usr/bin/lipo -create /Users/jaigaurav/Library/Developer/Xcode/DerivedData/Broccoli-eapieicfqwxippexlubxawpdfesp/Build/Intermediates.noindex/Broccoli.build/Debug-iphonesimulator/Broccoli.build/Objects-normal/arm64/Binary/Broccoli.debug.dylib /Users/jaigaurav/Library/Developer/Xcode/DerivedData/Broccoli-eapieicfqwxippexlubxawpdfesp/Build/Intermediates.noindex/Broccoli.build/Debug-iphonesimulator/Broccoli.build/Objects-normal/x86_64/Binary/Broccoli.debug.dylib -output /Users/jaigaurav/Library/Developer/Xcode/DerivedData/Broccoli-eapieicfqwxippexlubxawpdfesp/Build/Products/Debug-iphonesimulator/Broccoli.app/Broccoli.debug.dylib

ConstructStubExecutorLinkFileList /Users/jaigaurav/Library/Developer/Xcode/DerivedData/Broccoli-eapieicfqwxippexlubxawpdfesp/Build/Intermediates.noindex/Broccoli.build/Debug-iphonesimulator/Broccoli.build/Broccoli-ExecutorLinkFileList-normal-x86_64.txt (in target 'Broccoli' from project 'Broccoli')
    cd /Volumes/jaigaurav17-001/Projects/iOS/Broccoli
    construct-stub-executor-link-file-list /Users/jaigaurav/Library/Developer/Xcode/DerivedData/Broccoli-eapieicfqwxippexlubxawpdfesp/Build/Intermediates.noindex/Broccoli.build/Debug-iphonesimulator/Broccoli.build/Objects-normal/x86_64/Binary/Broccoli.debug.dylib /Applications/Xcode.app/Contents/Developer/Platforms/iPhoneSimulator.platform/Developer/usr/lib/libPreviewsJITStubExecutor_no_swift_entry_point.a /Applications/Xcode.app/Contents/Developer/Platforms/iPhoneSimulator.platform/Developer/usr/lib/libPreviewsJITStubExecutor.a --output /Users/jaigaurav/Library/Developer/Xcode/DerivedData/Broccoli-eapieicfqwxippexlubxawpdfesp/Build/Intermediates.noindex/Broccoli.build/Debug-iphonesimulator/Broccoli.build/Broccoli-ExecutorLinkFileList-normal-x86_64.txt
note: Using stub executor library with Swift entry point. (in target 'Broccoli' from project 'Broccoli')

Ld /Users/jaigaurav/Library/Developer/Xcode/DerivedData/Broccoli-eapieicfqwxippexlubxawpdfesp/Build/Intermediates.noindex/Broccoli.build/Debug-iphonesimulator/Broccoli.build/Objects-normal/x86_64/Binary/Broccoli normal x86_64 (in target 'Broccoli' from project 'Broccoli')
    cd /Volumes/jaigaurav17-001/Projects/iOS/Broccoli
    /Applications/Xcode.app/Contents/Developer/Toolchains/XcodeDefault.xctoolchain/usr/bin/clang -Xlinker -reproducible -target x86_64-apple-ios17.6-simulator -isysroot /Applications/Xcode.app/Contents/Developer/Platforms/iPhoneSimulator.platform/Developer/SDKs/iPhoneSimulator26.5.sdk -O0 -L/Users/jaigaurav/Library/Developer/Xcode/DerivedData/Broccoli-eapieicfqwxippexlubxawpdfesp/Build/Products/Debug-iphonesimulator -F/Users/jaigaurav/Library/Developer/Xcode/DerivedData/Broccoli-eapieicfqwxippexlubxawpdfesp/Build/Products/Debug-iphonesimulator/PackageFrameworks -F/Users/jaigaurav/Library/Developer/Xcode/DerivedData/Broccoli-eapieicfqwxippexlubxawpdfesp/Build/Products/Debug-iphonesimulator/PackageFrameworks -F/Users/jaigaurav/Library/Developer/Xcode/DerivedData/Broccoli-eapieicfqwxippexlubxawpdfesp/Build/Products/Debug-iphonesimulator/PackageFrameworks -F/Users/jaigaurav/Library/Developer/Xcode/DerivedData/Broccoli-eapieicfqwxippexlubxawpdfesp/Build/Products/Debug-iphonesimulator/PackageFrameworks -F/Users/jaigaurav/Library/Developer/Xcode/DerivedData/Broccoli-eapieicfqwxippexlubxawpdfesp/Build/Products/Debug-iphonesimulator/PackageFrameworks -F/Users/jaigaurav/Library/Developer/Xcode/DerivedData/Broccoli-eapieicfqwxippexlubxawpdfesp/Build/Products/Debug-iphonesimulator/PackageFrameworks -F/Users/jaigaurav/Library/Developer/Xcode/DerivedData/Broccoli-eapieicfqwxippexlubxawpdfesp/Build/Products/Debug-iphonesimulator/PackageFrameworks -F/Users/jaigaurav/Library/Developer/Xcode/DerivedData/Broccoli-eapieicfqwxippexlubxawpdfesp/Build/Products/Debug-iphonesimulator/PackageFrameworks -F/Users/jaigaurav/Library/Developer/Xcode/DerivedData/Broccoli-eapieicfqwxippexlubxawpdfesp/Build/Products/Debug-iphonesimulator/PackageFrameworks -F/Users/jaigaurav/Library/Developer/Xcode/DerivedData/Broccoli-eapieicfqwxippexlubxawpdfesp/Build/Products/Debug-iphonesimulator/PackageFrameworks -F/Users/jaigaurav/Library/Developer/Xcode/DerivedData/Broccoli-eapieicfqwxippexlubxawpdfesp/Build/Products/Debug-iphonesimulator/PackageFrameworks -F/Users/jaigaurav/Library/Developer/Xcode/DerivedData/Broccoli-eapieicfqwxippexlubxawpdfesp/Build/Products/Debug-iphonesimulator/PackageFrameworks -F/Users/jaigaurav/Library/Developer/Xcode/DerivedData/Broccoli-eapieicfqwxippexlubxawpdfesp/Build/Products/Debug-iphonesimulator/PackageFrameworks -F/Users/jaigaurav/Library/Developer/Xcode/DerivedData/Broccoli-eapieicfqwxippexlubxawpdfesp/Build/Products/Debug-iphonesimulator/PackageFrameworks -F/Users/jaigaurav/Library/Developer/Xcode/DerivedData/Broccoli-eapieicfqwxippexlubxawpdfesp/Build/Products/Debug-iphonesimulator/PackageFrameworks -F/Users/jaigaurav/Library/Developer/Xcode/DerivedData/Broccoli-eapieicfqwxippexlubxawpdfesp/Build/Products/Debug-iphonesimulator/PackageFrameworks -F/Users/jaigaurav/Library/Developer/Xcode/DerivedData/Broccoli-eapieicfqwxippexlubxawpdfesp/Build/Products/Debug-iphonesimulator/PackageFrameworks -F/Users/jaigaurav/Library/Developer/Xcode/DerivedData/Broccoli-eapieicfqwxippexlubxawpdfesp/Build/Products/Debug-iphonesimulator/PackageFrameworks -F/Users/jaigaurav/Library/Developer/Xcode/DerivedData/Broccoli-eapieicfqwxippexlubxawpdfesp/Build/Products/Debug-iphonesimulator/PackageFrameworks -F/Users/jaigaurav/Library/Developer/Xcode/DerivedData/Broccoli-eapieicfqwxippexlubxawpdfesp/Build/Products/Debug-iphonesimulator/PackageFrameworks -F/Users/jaigaurav/Library/Developer/Xcode/DerivedData/Broccoli-eapieicfqwxippexlubxawpdfesp/Build/Products/Debug-iphonesimulator/PackageFrameworks -F/Users/jaigaurav/Library/Developer/Xcode/DerivedData/Broccoli-eapieicfqwxippexlubxawpdfesp/Build/Products/Debug-iphonesimulator/PackageFrameworks -F/Users/jaigaurav/Library/Developer/Xcode/DerivedData/Broccoli-eapieicfqwxippexlubxawpdfesp/Build/Products/Debug-iphonesimulator/PackageFrameworks -F/Users/jaigaurav/Library/Developer/Xcode/DerivedData/Broccoli-eapieicfqwxippexlubxawpdfesp/Build/Products/Debug-iphonesimulator/PackageFrameworks -F/Users/jaigaurav/Library/Developer/Xcode/DerivedData/Broccoli-eapieicfqwxippexlubxawpdfesp/Build/Products/Debug-iphonesimulator/PackageFrameworks -F/Users/jaigaurav/Library/Developer/Xcode/DerivedData/Broccoli-eapieicfqwxippexlubxawpdfesp/Build/Products/Debug-iphonesimulator/PackageFrameworks -F/Users/jaigaurav/Library/Developer/Xcode/DerivedData/Broccoli-eapieicfqwxippexlubxawpdfesp/Build/Products/Debug-iphonesimulator/PackageFrameworks -F/Users/jaigaurav/Library/Developer/Xcode/DerivedData/Broccoli-eapieicfqwxippexlubxawpdfesp/Build/Products/Debug-iphonesimulator/PackageFrameworks -F/Users/jaigaurav/Library/Developer/Xcode/DerivedData/Broccoli-eapieicfqwxippexlubxawpdfesp/Build/Products/Debug-iphonesimulator/PackageFrameworks -F/Users/jaigaurav/Library/Developer/Xcode/DerivedData/Broccoli-eapieicfqwxippexlubxawpdfesp/Build/Products/Debug-iphonesimulator/PackageFrameworks -F/Users/jaigaurav/Library/Developer/Xcode/DerivedData/Broccoli-eapieicfqwxippexlubxawpdfesp/Build/Products/Debug-iphonesimulator/PackageFrameworks -F/Users/jaigaurav/Library/Developer/Xcode/DerivedData/Broccoli-eapieicfqwxippexlubxawpdfesp/Build/Products/Debug-iphonesimulator/PackageFrameworks -F/Users/jaigaurav/Library/Developer/Xcode/DerivedData/Broccoli-eapieicfqwxippexlubxawpdfesp/Build/Products/Debug-iphonesimulator/PackageFrameworks -F/Users/jaigaurav/Library/Developer/Xcode/DerivedData/Broccoli-eapieicfqwxippexlubxawpdfesp/Build/Products/Debug-iphonesimulator/PackageFrameworks -F/Users/jaigaurav/Library/Developer/Xcode/DerivedData/Broccoli-eapieicfqwxippexlubxawpdfesp/Build/Products/Debug-iphonesimulator/PackageFrameworks -F/Users/jaigaurav/Library/Developer/Xcode/DerivedData/Broccoli-eapieicfqwxippexlubxawpdfesp/Build/Products/Debug-iphonesimulator/PackageFrameworks -F/Users/jaigaurav/Library/Developer/Xcode/DerivedData/Broccoli-eapieicfqwxippexlubxawpdfesp/Build/Products/Debug-iphonesimulator/PackageFrameworks -F/Users/jaigaurav/Library/Developer/Xcode/DerivedData/Broccoli-eapieicfqwxippexlubxawpdfesp/Build/Products/Debug-iphonesimulator/PackageFrameworks -F/Users/jaigaurav/Library/Developer/Xcode/DerivedData/Broccoli-eapieicfqwxippexlubxawpdfesp/Build/Products/Debug-iphonesimulator/PackageFrameworks -F/Users/jaigaurav/Library/Developer/Xcode/DerivedData/Broccoli-eapieicfqwxippexlubxawpdfesp/Build/Products/Debug-iphonesimulator/PackageFrameworks -F/Users/jaigaurav/Library/Developer/Xcode/DerivedData/Broccoli-eapieicfqwxippexlubxawpdfesp/Build/Products/Debug-iphonesimulator/PackageFrameworks -F/Users/jaigaurav/Library/Developer/Xcode/DerivedData/Broccoli-eapieicfqwxippexlubxawpdfesp/Build/Products/Debug-iphonesimulator/PackageFrameworks -F/Users/jaigaurav/Library/Developer/Xcode/DerivedData/Broccoli-eapieicfqwxippexlubxawpdfesp/Build/Products/Debug-iphonesimulator/PackageFrameworks -F/Users/jaigaurav/Library/Developer/Xcode/DerivedData/Broccoli-eapieicfqwxippexlubxawpdfesp/Build/Products/Debug-iphonesimulator/PackageFrameworks -F/Users/jaigaurav/Library/Developer/Xcode/DerivedData/Broccoli-eapieicfqwxippexlubxawpdfesp/Build/Products/Debug-iphonesimulator/PackageFrameworks -F/Users/jaigaurav/Library/Developer/Xcode/DerivedData/Broccoli-eapieicfqwxippexlubxawpdfesp/Build/Products/Debug-iphonesimulator -Xlinker -rpath -Xlinker @executable_path -Xlinker -rpath -Xlinker /Users/jaigaurav/Library/Developer/Xcode/DerivedData/Broccoli-eapieicfqwxippexlubxawpdfesp/Build/Products/Debug-iphonesimulator/PackageFrameworks -Xlinker -rpath -Xlinker @executable_path/Frameworks -rdynamic -Xlinker -no_deduplicate -Xlinker -objc_abi_version -Xlinker 2 -Xlinker -debug_variant -e ___debug_blank_executor_main -Xlinker -sectcreate -Xlinker __TEXT -Xlinker __debug_dylib -Xlinker /Users/jaigaurav/Library/Developer/Xcode/DerivedData/Broccoli-eapieicfqwxippexlubxawpdfesp/Build/Intermediates.noindex/Broccoli.build/Debug-iphonesimulator/Broccoli.build/Broccoli-DebugDylibPath-normal-x86_64.txt -Xlinker -sectcreate -Xlinker __TEXT -Xlinker __debug_instlnm -Xlinker /Users/jaigaurav/Library/Developer/Xcode/DerivedData/Broccoli-eapieicfqwxippexlubxawpdfesp/Build/Intermediates.noindex/Broccoli.build/Debug-iphonesimulator/Broccoli.build/Broccoli-DebugDylibInstallName-normal-x86_64.txt -Xlinker -filelist -Xlinker /Users/jaigaurav/Library/Developer/Xcode/DerivedData/Broccoli-eapieicfqwxippexlubxawpdfesp/Build/Intermediates.noindex/Broccoli.build/Debug-iphonesimulator/Broccoli.build/Broccoli-ExecutorLinkFileList-normal-x86_64.txt -Xlinker -sectcreate -Xlinker __TEXT -Xlinker __entitlements -Xlinker /Users/jaigaurav/Library/Developer/Xcode/DerivedData/Broccoli-eapieicfqwxippexlubxawpdfesp/Build/Intermediates.noindex/Broccoli.build/Debug-iphonesimulator/Broccoli.build/Broccoli.app-Simulated.xcent -Xlinker -sectcreate -Xlinker __TEXT -Xlinker __ents_der -Xlinker /Users/jaigaurav/Library/Developer/Xcode/DerivedData/Broccoli-eapieicfqwxippexlubxawpdfesp/Build/Intermediates.noindex/Broccoli.build/Debug-iphonesimulator/Broccoli.build/Broccoli.app-Simulated.xcent.der /Users/jaigaurav/Library/Developer/Xcode/DerivedData/Broccoli-eapieicfqwxippexlubxawpdfesp/Build/Intermediates.noindex/Broccoli.build/Debug-iphonesimulator/Broccoli.build/Objects-normal/x86_64/Binary/Broccoli.debug.dylib -Xlinker -no_adhoc_codesign -o /Users/jaigaurav/Library/Developer/Xcode/DerivedData/Broccoli-eapieicfqwxippexlubxawpdfesp/Build/Intermediates.noindex/Broccoli.build/Debug-iphonesimulator/Broccoli.build/Objects-normal/x86_64/Binary/Broccoli

CreateUniversalBinary /Users/jaigaurav/Library/Developer/Xcode/DerivedData/Broccoli-eapieicfqwxippexlubxawpdfesp/Build/Products/Debug-iphonesimulator/Broccoli.app/Broccoli normal arm64\ x86_64 (in target 'Broccoli' from project 'Broccoli')
    cd /Volumes/jaigaurav17-001/Projects/iOS/Broccoli
    /Applications/Xcode.app/Contents/Developer/Toolchains/XcodeDefault.xctoolchain/usr/bin/lipo -create /Users/jaigaurav/Library/Developer/Xcode/DerivedData/Broccoli-eapieicfqwxippexlubxawpdfesp/Build/Intermediates.noindex/Broccoli.build/Debug-iphonesimulator/Broccoli.build/Objects-normal/arm64/Binary/Broccoli /Users/jaigaurav/Library/Developer/Xcode/DerivedData/Broccoli-eapieicfqwxippexlubxawpdfesp/Build/Intermediates.noindex/Broccoli.build/Debug-iphonesimulator/Broccoli.build/Objects-normal/x86_64/Binary/Broccoli -output /Users/jaigaurav/Library/Developer/Xcode/DerivedData/Broccoli-eapieicfqwxippexlubxawpdfesp/Build/Products/Debug-iphonesimulator/Broccoli.app/Broccoli

PhaseScriptExecution Run\ Script /Users/jaigaurav/Library/Developer/Xcode/DerivedData/Broccoli-eapieicfqwxippexlubxawpdfesp/Build/Intermediates.noindex/Broccoli.build/Debug-iphonesimulator/Broccoli.build/Script-53D688D62F4A936D00F4350C.sh (in target 'Broccoli' from project 'Broccoli')
    cd /Volumes/jaigaurav17-001/Projects/iOS/Broccoli
    export ACTION\=build
    export AD_HOC_CODE_SIGNING_ALLOWED\=YES
    export AGGREGATE_TRACKED_DOMAINS\=YES
    export ALLOW_BUILD_REQUEST_OVERRIDES\=NO
    export ALLOW_TARGET_PLATFORM_SPECIALIZATION\=NO
    export ALTERNATE_GROUP\=staff
    export ALTERNATE_MODE\=u+w,go-w,a+rX
    export ALTERNATE_OWNER\=jaigaurav
    export ALTERNATIVE_DISTRIBUTION_WEB\=NO
    export ALWAYS_EMBED_SWIFT_STANDARD_LIBRARIES\=NO
    export ALWAYS_SEARCH_USER_PATHS\=NO
    export ALWAYS_USE_SEPARATE_HEADERMAPS\=NO
    export ANDROID_DEPLOYMENT_TARGET\=21.0
    export APPLICATION_EXTENSION_API_ONLY\=NO
    export APPLY_RULES_IN_COPY_FILES\=NO
    export APPLY_RULES_IN_COPY_HEADERS\=NO
    export APP_SHORTCUTS_ENABLE_FLEXIBLE_MATCHING\=YES
    export ARCHS\=arm64\ x86_64
    export ARCHS_BASE\=arm64\ x86_64
    export ARCHS_STANDARD\=arm64\ x86_64
    export ARCHS_STANDARD_32_64_BIT\=arm64\ x86_64
    export ARCHS_STANDARD_64_BIT\=arm64\ x86_64
    export ARCHS_STANDARD_INCLUDING_64_BIT\=arm64\ x86_64
    export ARCHS_UNIVERSAL_IPHONE_OS\=arm64\ x86_64
    export ASSETCATALOG_COMPILER_APPICON_NAME\=AppIcon
    export ASSETCATALOG_COMPILER_GENERATE_SWIFT_ASSET_SYMBOL_EXTENSIONS\=YES
    export ASSETCATALOG_COMPILER_GLOBAL_ACCENT_COLOR_NAME\=AccentColor
    export ASSETCATALOG_COMPILER_INCLUDE_ALL_APPICON_ASSETS\=NO
    export AUTOMATICALLY_MERGE_DEPENDENCIES\=NO
    export AUTOMATION_APPLE_EVENTS\=NO
    export AVAILABLE_PLATFORMS\=android\ appletvos\ appletvsimulator\ driverkit\ freebsd\ iphoneos\ iphonesimulator\ linux\ macosx\ none\ openbsd\ qnx\ watchos\ watchsimulator\ webassembly\ xros\ xrsimulator
    export AppIdentifierPrefix\=DYGMRKM7YF.
    export BUILD_ACTIVE_RESOURCES_ONLY\=NO
    export BUILD_COMPONENTS\=headers\ build
    export BUILD_DIR\=/Users/jaigaurav/Library/Developer/Xcode/DerivedData/Broccoli-eapieicfqwxippexlubxawpdfesp/Build/Products
    export BUILD_LIBRARY_FOR_DISTRIBUTION\=NO
    export BUILD_ONLY_KNOWN_LOCALIZATIONS\=NO
    export BUILD_ROOT\=/Users/jaigaurav/Library/Developer/Xcode/DerivedData/Broccoli-eapieicfqwxippexlubxawpdfesp/Build/Products
    export BUILD_STYLE\=
    export BUILD_VARIANTS\=normal
    export BUILT_PRODUCTS_DIR\=/Users/jaigaurav/Library/Developer/Xcode/DerivedData/Broccoli-eapieicfqwxippexlubxawpdfesp/Build/Products/Debug-iphonesimulator
    export BUNDLE_CONTENTS_FOLDER_PATH_deep\=Contents/
    export BUNDLE_EXECUTABLE_FOLDER_NAME_deep\=MacOS
    export BUNDLE_EXTENSIONS_FOLDER_PATH\=Extensions
    export BUNDLE_FORMAT\=shallow
    export BUNDLE_FRAMEWORKS_FOLDER_PATH\=Frameworks
    export BUNDLE_PLUGINS_FOLDER_PATH\=PlugIns
    export BUNDLE_PRIVATE_HEADERS_FOLDER_PATH\=PrivateHeaders
    export BUNDLE_PUBLIC_HEADERS_FOLDER_PATH\=Headers
    export CACHE_ROOT\=/var/folders/k9/2dmg3tk138q009h96gy7s5500000gn/C/com.apple.DeveloperTools/26.6-17F113/Xcode
    export CCHROOT\=/var/folders/k9/2dmg3tk138q009h96gy7s5500000gn/C/com.apple.DeveloperTools/26.6-17F113/Xcode
    export CHMOD\=/bin/chmod
    export CHOWN\=chown
    export CLANG_ANALYZER_NONNULL\=YES
    export CLANG_ANALYZER_NUMBER_OBJECT_CONVERSION\=YES_AGGRESSIVE
    export CLANG_CACHE_FINE_GRAINED_OUTPUTS\=YES
    export CLANG_COVERAGE_MAPPING\=YES
    export CLANG_CXX_LANGUAGE_STANDARD\=gnu++20
    export CLANG_ENABLE_EXPLICIT_MODULES\=YES
    export CLANG_ENABLE_MODULES\=YES
    export CLANG_ENABLE_OBJC_ARC\=YES
    export CLANG_ENABLE_OBJC_WEAK\=YES
    export CLANG_MODULES_BUILD_SESSION_FILE\=/Users/jaigaurav/Library/Developer/Xcode/DerivedData/ModuleCache.noindex/Session.modulevalidation
    export CLANG_PROFILE_DATA_DIRECTORY\=/Users/jaigaurav/Library/Developer/Xcode/DerivedData/Broccoli-eapieicfqwxippexlubxawpdfesp/Build/ProfileData
    export CLANG_WARN_BLOCK_CAPTURE_AUTORELEASING\=YES
    export CLANG_WARN_BOOL_CONVERSION\=YES
    export CLANG_WARN_COMMA\=YES
    export CLANG_WARN_CONSTANT_CONVERSION\=YES
    export CLANG_WARN_DEPRECATED_OBJC_IMPLEMENTATIONS\=YES
    export CLANG_WARN_DIRECT_OBJC_ISA_USAGE\=YES_ERROR
    export CLANG_WARN_DOCUMENTATION_COMMENTS\=YES
    export CLANG_WARN_EMPTY_BODY\=YES
    export CLANG_WARN_ENUM_CONVERSION\=YES
    export CLANG_WARN_INFINITE_RECURSION\=YES
    export CLANG_WARN_INT_CONVERSION\=YES
    export CLANG_WARN_NON_LITERAL_NULL_CONVERSION\=YES
    export CLANG_WARN_OBJC_IMPLICIT_RETAIN_SELF\=YES
    export CLANG_WARN_OBJC_LITERAL_CONVERSION\=YES
    export CLANG_WARN_OBJC_ROOT_CLASS\=YES_ERROR
    export CLANG_WARN_QUOTED_INCLUDE_IN_FRAMEWORK_HEADER\=YES
    export CLANG_WARN_RANGE_LOOP_ANALYSIS\=YES
    export CLANG_WARN_STRICT_PROTOTYPES\=YES
    export CLANG_WARN_SUSPICIOUS_MOVE\=YES
    export CLANG_WARN_UNGUARDED_AVAILABILITY\=YES_AGGRESSIVE
    export CLANG_WARN_UNREACHABLE_CODE\=YES
    export CLANG_WARN__DUPLICATE_METHOD_MATCH\=YES
    export CLASS_FILE_DIR\=/Users/jaigaurav/Library/Developer/Xcode/DerivedData/Broccoli-eapieicfqwxippexlubxawpdfesp/Build/Intermediates.noindex/Broccoli.build/Debug-iphonesimulator/Broccoli.build/JavaClasses
    export CLEAN_PRECOMPS\=YES
    export CLONE_HEADERS\=NO
    export CODESIGNING_FOLDER_PATH\=/Users/jaigaurav/Library/Developer/Xcode/DerivedData/Broccoli-eapieicfqwxippexlubxawpdfesp/Build/Products/Debug-iphonesimulator/Broccoli.app
    export CODE_SIGNING_ALLOWED\=YES
    export CODE_SIGNING_REQUIRED\=YES
    export CODE_SIGN_CONTEXT_CLASS\=XCiPhoneSimulatorCodeSignContext
    export CODE_SIGN_ENTITLEMENTS\=Broccoli/Broccoli.entitlements
    export CODE_SIGN_IDENTITY\=-
    export CODE_SIGN_INJECT_BASE_ENTITLEMENTS\=YES
    export CODE_SIGN_STYLE\=Automatic
    export COLOR_DIAGNOSTICS\=NO
    export COMBINE_HIDPI_IMAGES\=NO
    export COMPILATION_CACHE_CAS_PATH\=/Users/jaigaurav/Library/Developer/Xcode/DerivedData/CompilationCache.noindex
    export COMPILATION_CACHE_KEEP_CAS_DIRECTORY\=YES
    export COMPILER_INDEX_STORE_ENABLE\=Default
    export COMPOSITE_SDK_DIRS\=/Users/jaigaurav/Library/Developer/Xcode/DerivedData/Broccoli-eapieicfqwxippexlubxawpdfesp/Build/Intermediates.noindex/CompositeSDKs
    export COMPRESS_PNG_FILES\=YES
    export CONFIGURATION\=Debug
    export CONFIGURATION_BUILD_DIR\=/Users/jaigaurav/Library/Developer/Xcode/DerivedData/Broccoli-eapieicfqwxippexlubxawpdfesp/Build/Products/Debug-iphonesimulator
    export CONFIGURATION_TEMP_DIR\=/Users/jaigaurav/Library/Developer/Xcode/DerivedData/Broccoli-eapieicfqwxippexlubxawpdfesp/Build/Intermediates.noindex/Broccoli.build/Debug-iphonesimulator
    export CONTENTS_FOLDER_PATH\=Broccoli.app
    export CONTENTS_FOLDER_PATH_SHALLOW_BUNDLE_NO\=Broccoli.app/Contents
    export CONTENTS_FOLDER_PATH_SHALLOW_BUNDLE_YES\=Broccoli.app
    export COPYING_PRESERVES_HFS_DATA\=NO
    export COPY_HEADERS_RUN_UNIFDEF\=NO
    export COPY_PHASE_STRIP\=NO
    export CORRESPONDING_DEVICE_PLATFORM_DIR\=/Applications/Xcode.app/Contents/Developer/Platforms/iPhoneOS.platform
    export CORRESPONDING_DEVICE_PLATFORM_NAME\=iphoneos
    export CORRESPONDING_DEVICE_SDK_DIR\=/Applications/Xcode.app/Contents/Developer/Platforms/iPhoneOS.platform/Developer/SDKs/iPhoneOS26.5.sdk
    export CORRESPONDING_DEVICE_SDK_NAME\=iphoneos26.5
    export CP\=/bin/cp
    export CREATE_INFOPLIST_SECTION_IN_BINARY\=NO
    export CURRENT_ARCH\=undefined_arch
    export CURRENT_PROJECT_VERSION\=1
    export CURRENT_VARIANT\=normal
    export DEAD_CODE_STRIPPING\=YES
    export DEBUGGING_SYMBOLS\=YES
    export DEBUG_INFORMATION_FORMAT\=dwarf
    export DEBUG_INFORMATION_VERSION\=compiler-default
    export DEFAULT_COMPILER\=com.apple.compilers.llvm.clang.1_0
    export DEFAULT_DEXT_INSTALL_PATH\=/System/Library/DriverExtensions
    export DEFAULT_KEXT_INSTALL_PATH\=/System/Library/Extensions
    export DEFINES_MODULE\=NO
    export DEPLOYMENT_LOCATION\=NO
    export DEPLOYMENT_POSTPROCESSING\=NO
    export DEPLOYMENT_TARGET_SETTING_NAME\=IPHONEOS_DEPLOYMENT_TARGET
    export DEPLOYMENT_TARGET_SUGGESTED_VALUES\=12.0\ 12.1\ 12.2\ 12.3\ 12.4\ 13.0\ 13.1\ 13.2\ 13.3\ 13.4\ 13.5\ 13.6\ 14.0\ 14.1\ 14.2\ 14.3\ 14.4\ 14.5\ 14.6\ 14.7\ 15.0\ 15.1\ 15.2\ 15.3\ 15.4\ 15.5\ 15.6\ 16.0\ 16.1\ 16.2\ 16.3\ 16.4\ 16.5\ 16.6\ 17.0\ 17.1\ 17.2\ 17.3\ 17.4\ 17.5\ 17.6\ 18.0\ 18.1\ 18.2\ 18.3\ 18.4\ 18.5\ 18.6\ 26.0\ 26.2\ 26.3\ 26.4\ 26.5
    export DERIVED_FILES_DIR\=/Users/jaigaurav/Library/Developer/Xcode/DerivedData/Broccoli-eapieicfqwxippexlubxawpdfesp/Build/Intermediates.noindex/Broccoli.build/Debug-iphonesimulator/Broccoli.build/DerivedSources
    export DERIVED_FILE_DIR\=/Users/jaigaurav/Library/Developer/Xcode/DerivedData/Broccoli-eapieicfqwxippexlubxawpdfesp/Build/Intermediates.noindex/Broccoli.build/Debug-iphonesimulator/Broccoli.build/DerivedSources
    export DERIVED_SOURCES_DIR\=/Users/jaigaurav/Library/Developer/Xcode/DerivedData/Broccoli-eapieicfqwxippexlubxawpdfesp/Build/Intermediates.noindex/Broccoli.build/Debug-iphonesimulator/Broccoli.build/DerivedSources
    export DEVELOPER_APPLICATIONS_DIR\=/Applications/Xcode.app/Contents/Developer/Applications
    export DEVELOPER_BIN_DIR\=/Applications/Xcode.app/Contents/Developer/usr/bin
    export DEVELOPER_DIR\=/Applications/Xcode.app/Contents/Developer
    export DEVELOPER_FRAMEWORKS_DIR\=/Applications/Xcode.app/Contents/Developer/Library/Frameworks
    export DEVELOPER_FRAMEWORKS_DIR_QUOTED\=/Applications/Xcode.app/Contents/Developer/Library/Frameworks
    export DEVELOPER_LIBRARY_DIR\=/Applications/Xcode.app/Contents/Developer/Library
    export DEVELOPER_SDK_DIR\=/Applications/Xcode.app/Contents/Developer/Platforms/MacOSX.platform/Developer/SDKs
    export DEVELOPER_TOOLS_DIR\=/Applications/Xcode.app/Contents/Developer/Tools
    export DEVELOPER_USR_DIR\=/Applications/Xcode.app/Contents/Developer/usr
    export DEVELOPMENT_LANGUAGE\=en
    export DEVELOPMENT_TEAM\=DYGMRKM7YF
    export DIAGNOSE_MISSING_TARGET_DEPENDENCIES\=YES
    export DIFF\=/usr/bin/diff
    export DOCUMENTATION_FOLDER_PATH\=Broccoli.app/en.lproj/Documentation
    export DONT_GENERATE_INFOPLIST_FILE\=NO
    export DSTROOT\=/tmp/Broccoli.dst
    export DT_TOOLCHAIN_DIR\=/Applications/Xcode.app/Contents/Developer/Toolchains/XcodeDefault.xctoolchain
    export DUMP_DEPENDENCIES\=NO
    export DUMP_DEPENDENCIES_OUTPUT_PATH\=/Users/jaigaurav/Library/Developer/Xcode/DerivedData/Broccoli-eapieicfqwxippexlubxawpdfesp/Build/Intermediates.noindex/Broccoli.build/Debug-iphonesimulator/Broccoli.build/Broccoli-BuildDependencyInfo.json
    export DWARF_DSYM_FILE_NAME\=Broccoli.app.dSYM
    export DWARF_DSYM_FILE_SHOULD_ACCOMPANY_PRODUCT\=NO
    export DWARF_DSYM_FOLDER_PATH\=/Users/jaigaurav/Library/Developer/Xcode/DerivedData/Broccoli-eapieicfqwxippexlubxawpdfesp/Build/Products/Debug-iphonesimulator
    export DYNAMIC_LIBRARY_EXTENSION\=dylib
    export EAGER_COMPILATION_ALLOW_SCRIPTS\=NO
    export EAGER_LINKING\=NO
    export EFFECTIVE_PLATFORM_NAME\=-iphonesimulator
    export EFFECTIVE_SWIFT_VERSION\=5
    export EMBEDDED_CONTENT_CONTAINS_SWIFT\=NO
    export EMBED_ASSET_PACKS_IN_PRODUCT_BUNDLE\=NO
    export EMBED_PACKAGE_RESOURCE_BUNDLE_NAMES\=\ Firebase_FirebaseCrashlytics\ Firebase_FirebaseCoreInternal\ Firebase_FirebaseCore\ Firebase_FirebaseInstallations\ Firebase_FirebaseCoreExtension\ Firebase_FirebaseCrashlyticsSwift\ GoogleDataTransport_GoogleDataTransport\ Promises_Promises\ Promises_FBLPromises\ nanopb_nanopb\ GoogleUtilities_GoogleUtilities-UserDefaults\ GoogleUtilities_GoogleUtilities-Environment\ GoogleUtilities_GoogleUtilities-Logger\ GoogleUtilities_GoogleUtilities-NSData\ Stripe_StripePaymentSheet\ Stripe_StripeCore\ Stripe_Stripe3DS2\ Stripe_StripePayments\ Stripe_StripeUICore\ Stripe_StripePaymentsUI\ GoogleSignIn_GoogleSignIn\ GTMSessionFetcher_GTMSessionFetcherCore\ GTMAppAuth_GTMAppAuth\ AppAuth_AppAuthCore\ AppAuth_AppAuth\ Firebase_FirebaseMessaging\ GoogleUtilities_GoogleUtilities-Reachability\ GoogleUtilities_GoogleUtilities-AppDelegateSwizzler\ GoogleUtilities_GoogleUtilities-Network\ GoogleSignIn_GoogleSignInSwift
    export ENABLE_APP_SANDBOX\=YES
    export ENABLE_CODE_COVERAGE\=YES
    export ENABLE_COHORT_ARCHS\=NO
    export ENABLE_CPLUSPLUS_BOUNDS_SAFE_BUFFERS\=NO
    export ENABLE_C_BOUNDS_SAFETY\=NO
    export ENABLE_DEBUG_DYLIB\=YES
    export ENABLE_DEFAULT_HEADER_SEARCH_PATHS\=YES
    export ENABLE_DEFAULT_SEARCH_PATHS\=YES
    export ENABLE_ENHANCED_SECURITY\=NO
    export ENABLE_HARDENED_RUNTIME\=NO
    export ENABLE_HEADER_DEPENDENCIES\=YES
    export ENABLE_INCOMING_NETWORK_CONNECTIONS\=NO
    export ENABLE_ON_DEMAND_RESOURCES\=YES
    export ENABLE_OUTGOING_NETWORK_CONNECTIONS\=NO
    export ENABLE_POINTER_AUTHENTICATION\=NO
    export ENABLE_PREVIEWS\=NO
    export ENABLE_RESOURCE_ACCESS_AUDIO_INPUT\=NO
    export ENABLE_RESOURCE_ACCESS_BLUETOOTH\=NO
    export ENABLE_RESOURCE_ACCESS_CALENDARS\=NO
    export ENABLE_RESOURCE_ACCESS_CAMERA\=NO
    export ENABLE_RESOURCE_ACCESS_CONTACTS\=NO
    export ENABLE_RESOURCE_ACCESS_LOCATION\=NO
    export ENABLE_RESOURCE_ACCESS_PHOTO_LIBRARY\=NO
    export ENABLE_RESOURCE_ACCESS_PRINTING\=NO
    export ENABLE_RESOURCE_ACCESS_USB\=NO
    export ENABLE_SDK_IMPORTS\=NO
    export ENABLE_SECURITY_COMPILER_WARNINGS\=NO
    export ENABLE_STRICT_OBJC_MSGSEND\=YES
    export ENABLE_TESTABILITY\=YES
    export ENABLE_TESTING_SEARCH_PATHS\=NO
    export ENABLE_USER_SCRIPT_SANDBOXING\=NO
    export ENABLE_USER_SELECTED_FILES\=readonly
    export ENABLE_XOJIT_PREVIEWS\=YES
    export ENFORCE_VALID_ARCHS\=YES
    export ENTITLEMENTS_ALLOWED\=NO
    export ENTITLEMENTS_DESTINATION\=__entitlements
    export ENTITLEMENTS_REQUIRED\=NO
    export EXCLUDED_INSTALLSRC_SUBDIRECTORY_PATTERNS\=.DS_Store\ .svn\ .git\ .hg\ CVS
    export EXCLUDED_RECURSIVE_SEARCH_PATH_SUBDIRECTORIES\=\*.nib\ \*.lproj\ \*.framework\ \*.gch\ \*.xcode\*\ \*.xcassets\ \*.icon\ \(\*\)\ .DS_Store\ CVS\ .svn\ .git\ .hg\ \*.pbproj\ \*.pbxproj
    export EXECUTABLES_FOLDER_PATH\=Broccoli.app/Executables
    export EXECUTABLE_BLANK_INJECTION_DYLIB_PATH\=Broccoli.app/__preview.dylib
    export EXECUTABLE_DEBUG_DYLIB_INSTALL_NAME\=@rpath/Broccoli.debug.dylib
    export EXECUTABLE_DEBUG_DYLIB_PATH\=Broccoli.app/Broccoli.debug.dylib
    export EXECUTABLE_FOLDER_PATH\=Broccoli.app
    export EXECUTABLE_FOLDER_PATH_SHALLOW_BUNDLE_NO\=Broccoli.app/MacOS
    export EXECUTABLE_FOLDER_PATH_SHALLOW_BUNDLE_YES\=Broccoli.app
    export EXECUTABLE_NAME\=Broccoli
    export EXECUTABLE_PATH\=Broccoli.app/Broccoli
    export EXPANDED_CODE_SIGN_IDENTITY\=-
    export EXPANDED_CODE_SIGN_IDENTITY_NAME\=Sign\ to\ Run\ Locally
    export EXTENSIONS_FOLDER_PATH\=Broccoli.app/Extensions
    export FILE_LIST\=/Users/jaigaurav/Library/Developer/Xcode/DerivedData/Broccoli-eapieicfqwxippexlubxawpdfesp/Build/Intermediates.noindex/Broccoli.build/Debug-iphonesimulator/Broccoli.build/Objects/LinkFileList
    export FIXED_FILES_DIR\=/Users/jaigaurav/Library/Developer/Xcode/DerivedData/Broccoli-eapieicfqwxippexlubxawpdfesp/Build/Intermediates.noindex/Broccoli.build/Debug-iphonesimulator/Broccoli.build/FixedFiles
    export FRAMEWORKS_FOLDER_PATH\=Broccoli.app/Frameworks
    export FRAMEWORK_FLAG_PREFIX\=-framework
    export FRAMEWORK_SEARCH_PATHS\=/Users/jaigaurav/Library/Developer/Xcode/DerivedData/Broccoli-eapieicfqwxippexlubxawpdfesp/Build/Products/Debug-iphonesimulator/PackageFrameworks\ /Users/jaigaurav/Library/Developer/Xcode/DerivedData/Broccoli-eapieicfqwxippexlubxawpdfesp/Build/Products/Debug-iphonesimulator/PackageFrameworks\ /Users/jaigaurav/Library/Developer/Xcode/DerivedData/Broccoli-eapieicfqwxippexlubxawpdfesp/Build/Products/Debug-iphonesimulator/PackageFrameworks\ /Users/jaigaurav/Library/Developer/Xcode/DerivedData/Broccoli-eapieicfqwxippexlubxawpdfesp/Build/Products/Debug-iphonesimulator/PackageFrameworks\ /Users/jaigaurav/Library/Developer/Xcode/DerivedData/Broccoli-eapieicfqwxippexlubxawpdfesp/Build/Products/Debug-iphonesimulator/PackageFrameworks\ /Users/jaigaurav/Library/Developer/Xcode/DerivedData/Broccoli-eapieicfqwxippexlubxawpdfesp/Build/Products/Debug-iphonesimulator/PackageFrameworks\ /Users/jaigaurav/Library/Developer/Xcode/DerivedData/Broccoli-eapieicfqwxippexlubxawpdfesp/Build/Products/Debug-iphonesimulator/PackageFrameworks\ /Users/jaigaurav/Library/Developer/Xcode/DerivedData/Broccoli-eapieicfqwxippexlubxawpdfesp/Build/Products/Debug-iphonesimulator/PackageFrameworks\ /Users/jaigaurav/Library/Developer/Xcode/DerivedData/Broccoli-eapieicfqwxippexlubxawpdfesp/Build/Products/Debug-iphonesimulator/PackageFrameworks\ /Users/jaigaurav/Library/Developer/Xcode/DerivedData/Broccoli-eapieicfqwxippexlubxawpdfesp/Build/Products/Debug-iphonesimulator/PackageFrameworks\ /Users/jaigaurav/Library/Developer/Xcode/DerivedData/Broccoli-eapieicfqwxippexlubxawpdfesp/Build/Products/Debug-iphonesimulator/PackageFrameworks\ /Users/jaigaurav/Library/Developer/Xcode/DerivedData/Broccoli-eapieicfqwxippexlubxawpdfesp/Build/Products/Debug-iphonesimulator/PackageFrameworks\ /Users/jaigaurav/Library/Developer/Xcode/DerivedData/Broccoli-eapieicfqwxippexlubxawpdfesp/Build/Products/Debug-iphonesimulator/PackageFrameworks\ /Users/jaigaurav/Library/Developer/Xcode/DerivedData/Broccoli-eapieicfqwxippexlubxawpdfesp/Build/Products/Debug-iphonesimulator/PackageFrameworks\ /Users/jaigaurav/Library/Developer/Xcode/DerivedData/Broccoli-eapieicfqwxippexlubxawpdfesp/Build/Products/Debug-iphonesimulator/PackageFrameworks\ /Users/jaigaurav/Library/Developer/Xcode/DerivedData/Broccoli-eapieicfqwxippexlubxawpdfesp/Build/Products/Debug-iphonesimulator/PackageFrameworks\ /Users/jaigaurav/Library/Developer/Xcode/DerivedData/Broccoli-eapieicfqwxippexlubxawpdfesp/Build/Products/Debug-iphonesimulator/PackageFrameworks\ /Users/jaigaurav/Library/Developer/Xcode/DerivedData/Broccoli-eapieicfqwxippexlubxawpdfesp/Build/Products/Debug-iphonesimulator/PackageFrameworks\ /Users/jaigaurav/Library/Developer/Xcode/DerivedData/Broccoli-eapieicfqwxippexlubxawpdfesp/Build/Products/Debug-iphonesimulator/PackageFrameworks\ /Users/jaigaurav/Library/Developer/Xcode/DerivedData/Broccoli-eapieicfqwxippexlubxawpdfesp/Build/Products/Debug-iphonesimulator/PackageFrameworks\ /Users/jaigaurav/Library/Developer/Xcode/DerivedData/Broccoli-eapieicfqwxippexlubxawpdfesp/Build/Products/Debug-iphonesimulator/PackageFrameworks\ /Users/jaigaurav/Library/Developer/Xcode/DerivedData/Broccoli-eapieicfqwxippexlubxawpdfesp/Build/Products/Debug-iphonesimulator/PackageFrameworks\ /Users/jaigaurav/Library/Developer/Xcode/DerivedData/Broccoli-eapieicfqwxippexlubxawpdfesp/Build/Products/Debug-iphonesimulator/PackageFrameworks\ /Users/jaigaurav/Library/Developer/Xcode/DerivedData/Broccoli-eapieicfqwxippexlubxawpdfesp/Build/Products/Debug-iphonesimulator/PackageFrameworks\ /Users/jaigaurav/Library/Developer/Xcode/DerivedData/Broccoli-eapieicfqwxippexlubxawpdfesp/Build/Products/Debug-iphonesimulator/PackageFrameworks\ /Users/jaigaurav/Library/Developer/Xcode/DerivedData/Broccoli-eapieicfqwxippexlubxawpdfesp/Build/Products/Debug-iphonesimulator/PackageFrameworks\ /Users/jaigaurav/Library/Developer/Xcode/DerivedData/Broccoli-eapieicfqwxippexlubxawpdfesp/Build/Products/Debug-iphonesimulator/PackageFrameworks\ /Users/jaigaurav/Library/Developer/Xcode/DerivedData/Broccoli-eapieicfqwxippexlubxawpdfesp/Build/Products/Debug-iphonesimulator/PackageFrameworks\ /Users/jaigaurav/Library/Developer/Xcode/DerivedData/Broccoli-eapieicfqwxippexlubxawpdfesp/Build/Products/Debug-iphonesimulator/PackageFrameworks\ /Users/jaigaurav/Library/Developer/Xcode/DerivedData/Broccoli-eapieicfqwxippexlubxawpdfesp/Build/Products/Debug-iphonesimulator/PackageFrameworks\ /Users/jaigaurav/Library/Developer/Xcode/DerivedData/Broccoli-eapieicfqwxippexlubxawpdfesp/Build/Products/Debug-iphonesimulator/PackageFrameworks\ /Users/jaigaurav/Library/Developer/Xcode/DerivedData/Broccoli-eapieicfqwxippexlubxawpdfesp/Build/Products/Debug-iphonesimulator/PackageFrameworks\ /Users/jaigaurav/Library/Developer/Xcode/DerivedData/Broccoli-eapieicfqwxippexlubxawpdfesp/Build/Products/Debug-iphonesimulator/PackageFrameworks\ /Users/jaigaurav/Library/Developer/Xcode/DerivedData/Broccoli-eapieicfqwxippexlubxawpdfesp/Build/Products/Debug-iphonesimulator/PackageFrameworks\ /Users/jaigaurav/Library/Developer/Xcode/DerivedData/Broccoli-eapieicfqwxippexlubxawpdfesp/Build/Products/Debug-iphonesimulator/PackageFrameworks\ /Users/jaigaurav/Library/Developer/Xcode/DerivedData/Broccoli-eapieicfqwxippexlubxawpdfesp/Build/Products/Debug-iphonesimulator/PackageFrameworks\ /Users/jaigaurav/Library/Developer/Xcode/DerivedData/Broccoli-eapieicfqwxippexlubxawpdfesp/Build/Products/Debug-iphonesimulator/PackageFrameworks\ /Users/jaigaurav/Library/Developer/Xcode/DerivedData/Broccoli-eapieicfqwxippexlubxawpdfesp/Build/Products/Debug-iphonesimulator/PackageFrameworks\ /Users/jaigaurav/Library/Developer/Xcode/DerivedData/Broccoli-eapieicfqwxippexlubxawpdfesp/Build/Products/Debug-iphonesimulator/PackageFrameworks\ /Users/jaigaurav/Library/Developer/Xcode/DerivedData/Broccoli-eapieicfqwxippexlubxawpdfesp/Build/Products/Debug-iphonesimulator/PackageFrameworks\ /Users/jaigaurav/Library/Developer/Xcode/DerivedData/Broccoli-eapieicfqwxippexlubxawpdfesp/Build/Products/Debug-iphonesimulator/PackageFrameworks\ /Users/jaigaurav/Library/Developer/Xcode/DerivedData/Broccoli-eapieicfqwxippexlubxawpdfesp/Build/Products/Debug-iphonesimulator/PackageFrameworks\ /Users/jaigaurav/Library/Developer/Xcode/DerivedData/Broccoli-eapieicfqwxippexlubxawpdfesp/Build/Products/Debug-iphonesimulator/PackageFrameworks\ /Users/jaigaurav/Library/Developer/Xcode/DerivedData/Broccoli-eapieicfqwxippexlubxawpdfesp/Build/Products/Debug-iphonesimulator/PackageFrameworks\ /Users/jaigaurav/Library/Developer/Xcode/DerivedData/Broccoli-eapieicfqwxippexlubxawpdfesp/Build/Products/Debug-iphonesimulator/PackageFrameworks\ /Users/jaigaurav/Library/Developer/Xcode/DerivedData/Broccoli-eapieicfqwxippexlubxawpdfesp/Build/Products/Debug-iphonesimulator\ 
    export FRAMEWORK_VERSION\=A
    export FULL_PRODUCT_NAME\=Broccoli.app
    export FUSE_BUILD_PHASES\=YES
    export FUSE_BUILD_SCRIPT_PHASES\=NO
    export GCC3_VERSION\=3.3
    export GCC_C_LANGUAGE_STANDARD\=gnu17
    export GCC_DYNAMIC_NO_PIC\=NO
    export GCC_INLINES_ARE_PRIVATE_EXTERN\=YES
    export GCC_NO_COMMON_BLOCKS\=YES
    export GCC_OBJC_LEGACY_DISPATCH\=YES
    export GCC_OPTIMIZATION_LEVEL\=0
    export GCC_PFE_FILE_C_DIALECTS\=c\ objective-c\ c++\ objective-c++
    export GCC_PREPROCESSOR_DEFINITIONS\=DEBUG\=1\ 
    export GCC_SYMBOLS_PRIVATE_EXTERN\=NO
    export GCC_TREAT_WARNINGS_AS_ERRORS\=NO
    export GCC_VERSION\=com.apple.compilers.llvm.clang.1_0
    export GCC_VERSION_IDENTIFIER\=com_apple_compilers_llvm_clang_1_0
    export GCC_WARN_64_TO_32_BIT_CONVERSION\=YES
    export GCC_WARN_ABOUT_RETURN_TYPE\=YES_ERROR
    export GCC_WARN_UNDECLARED_SELECTOR\=YES
    export GCC_WARN_UNINITIALIZED_AUTOS\=YES_AGGRESSIVE
    export GCC_WARN_UNUSED_FUNCTION\=YES
    export GCC_WARN_UNUSED_VARIABLE\=YES
    export GENERATED_MODULEMAP_DIR\=/Users/jaigaurav/Library/Developer/Xcode/DerivedData/Broccoli-eapieicfqwxippexlubxawpdfesp/Build/Intermediates.noindex/GeneratedModuleMaps-iphonesimulator
    export GENERATE_INFOPLIST_FILE\=YES
    export GENERATE_INTERMEDIATE_TEXT_BASED_STUBS\=YES
    export GENERATE_PKGINFO_FILE\=YES
    export GENERATE_PRELINK_OBJECT_FILE\=NO
    export GENERATE_PROFILING_CODE\=NO
    export GENERATE_TEXT_BASED_STUBS\=NO
    export GID\=20
    export GROUP\=staff
    export HEADERMAP_INCLUDES_FLAT_ENTRIES_FOR_TARGET_BEING_BUILT\=YES
    export HEADERMAP_INCLUDES_FRAMEWORK_ENTRIES_FOR_ALL_PRODUCT_TYPES\=YES
    export HEADERMAP_INCLUDES_FRAMEWORK_ENTRIES_FOR_TARGETS_NOT_BEING_BUILT\=YES
    export HEADERMAP_INCLUDES_NONPUBLIC_NONPRIVATE_HEADERS\=YES
    export HEADERMAP_INCLUDES_PROJECT_HEADERS\=YES
    export HEADERMAP_USES_FRAMEWORK_PREFIX_ENTRIES\=YES
    export HEADERMAP_USES_VFS\=NO
    export HEADER_SEARCH_PATHS\=/Users/jaigaurav/Library/Developer/Xcode/DerivedData/Broccoli-eapieicfqwxippexlubxawpdfesp/SourcePackages/checkouts/GoogleUtilities/GoogleUtilities/Network/Public\ /Users/jaigaurav/Library/Developer/Xcode/DerivedData/Broccoli-eapieicfqwxippexlubxawpdfesp/SourcePackages/checkouts/GoogleUtilities/GoogleUtilities/AppDelegateSwizzler/Public\ /Users/jaigaurav/Library/Developer/Xcode/DerivedData/Broccoli-eapieicfqwxippexlubxawpdfesp/SourcePackages/checkouts/GoogleUtilities/GoogleUtilities/Reachability/Public\ /Users/jaigaurav/Library/Developer/Xcode/DerivedData/Broccoli-eapieicfqwxippexlubxawpdfesp/SourcePackages/checkouts/firebase-ios-sdk/FirebaseMessaging/Sources/Public\ /Users/jaigaurav/Library/Developer/Xcode/DerivedData/Broccoli-eapieicfqwxippexlubxawpdfesp/SourcePackages/checkouts/AppAuth-iOS/Sources/AppAuth/.\ /Users/jaigaurav/Library/Developer/Xcode/DerivedData/Broccoli-eapieicfqwxippexlubxawpdfesp/SourcePackages/checkouts/AppAuth-iOS/Sources/AppAuthCore/.\ /Users/jaigaurav/Library/Developer/Xcode/DerivedData/Broccoli-eapieicfqwxippexlubxawpdfesp/SourcePackages/checkouts/app-check/AppCheckCore/Sources/Public\ /Users/jaigaurav/Library/Developer/Xcode/DerivedData/Broccoli-eapieicfqwxippexlubxawpdfesp/SourcePackages/checkouts/gtm-session-fetcher/Sources/Core/Public\ /Users/jaigaurav/Library/Developer/Xcode/DerivedData/Broccoli-eapieicfqwxippexlubxawpdfesp/SourcePackages/checkouts/GoogleSignIn-iOS/GoogleSignIn/Sources/Public\ /Users/jaigaurav/Library/Developer/Xcode/DerivedData/Broccoli-eapieicfqwxippexlubxawpdfesp/SourcePackages/checkouts/stripe-ios-spm/Stripe3DS2/Stripe3DS2/include\ /Users/jaigaurav/Library/Developer/Xcode/DerivedData/Broccoli-eapieicfqwxippexlubxawpdfesp/SourcePackages/checkouts/GoogleUtilities/GoogleUtilities/NSData+zlib/Public\ /Users/jaigaurav/Library/Developer/Xcode/DerivedData/Broccoli-eapieicfqwxippexlubxawpdfesp/SourcePackages/checkouts/GoogleUtilities/GoogleUtilities/Logger/Public\ /Users/jaigaurav/Library/Developer/Xcode/DerivedData/Broccoli-eapieicfqwxippexlubxawpdfesp/SourcePackages/checkouts/GoogleUtilities/GoogleUtilities/Environment/Public\ /Users/jaigaurav/Library/Developer/Xcode/DerivedData/Broccoli-eapieicfqwxippexlubxawpdfesp/SourcePackages/checkouts/GoogleUtilities/third_party/IsAppEncrypted/Public\ /Users/jaigaurav/Library/Developer/Xcode/DerivedData/Broccoli-eapieicfqwxippexlubxawpdfesp/SourcePackages/checkouts/GoogleUtilities/GoogleUtilities/UserDefaults/Public\ /Users/jaigaurav/Library/Developer/Xcode/DerivedData/Broccoli-eapieicfqwxippexlubxawpdfesp/SourcePackages/checkouts/nanopb/spm_headers\ /Users/jaigaurav/Library/Developer/Xcode/DerivedData/Broccoli-eapieicfqwxippexlubxawpdfesp/SourcePackages/checkouts/promises/Sources/FBLPromises/include\ /Users/jaigaurav/Library/Developer/Xcode/DerivedData/Broccoli-eapieicfqwxippexlubxawpdfesp/SourcePackages/checkouts/GoogleDataTransport/GoogleDataTransport/GDTCORLibrary/Public\ /Users/jaigaurav/Library/Developer/Xcode/DerivedData/Broccoli-eapieicfqwxippexlubxawpdfesp/SourcePackages/checkouts/firebase-ios-sdk/FirebaseSessions/SourcesObjC\ /Users/jaigaurav/Library/Developer/Xcode/DerivedData/Broccoli-eapieicfqwxippexlubxawpdfesp/SourcePackages/checkouts/firebase-ios-sdk/FirebaseCore/Extension/.\ /Users/jaigaurav/Library/Developer/Xcode/DerivedData/Broccoli-eapieicfqwxippexlubxawpdfesp/SourcePackages/checkouts/firebase-ios-sdk/FirebaseInstallations/Source/Library/Public\ /Users/jaigaurav/Library/Developer/Xcode/DerivedData/Broccoli-eapieicfqwxippexlubxawpdfesp/SourcePackages/checkouts/firebase-ios-sdk/FirebaseCore/Sources/Public\ /Users/jaigaurav/Library/Developer/Xcode/DerivedData/Broccoli-eapieicfqwxippexlubxawpdfesp/SourcePackages/checkouts/firebase-ios-sdk/CoreOnly/Sources/.\ /Users/jaigaurav/Library/Developer/Xcode/DerivedData/Broccoli-eapieicfqwxippexlubxawpdfesp/SourcePackages/checkouts/firebase-ios-sdk/Crashlytics/Crashlytics/Public\ /Users/jaigaurav/Library/Developer/Xcode/DerivedData/Broccoli-eapieicfqwxippexlubxawpdfesp/Build/Products/Debug-iphonesimulator/include\ 
    export HOME\=/Users/jaigaurav
    export HOST_ARCH\=arm64
    export HOST_PLATFORM\=macosx
    export ICONV\=/usr/bin/iconv
    export IMPLICIT_DEPENDENCY_DOMAIN\=default
    export INDEX_STORE_COMPRESS\=NO
    export INDEX_STORE_ONLY_PROJECT_FILES\=NO
    export INFOPLIST_ENABLE_CFBUNDLEICONS_MERGE\=YES
    export INFOPLIST_EXPAND_BUILD_SETTINGS\=YES
    export INFOPLIST_FILE\=Broccoli/Info.plist
    export INFOPLIST_KEY_CFBundleDisplayName\=Broccolicare
    export INFOPLIST_KEY_NSCameraUsageDescription\=We\ need\ access\ to\ your\ camera\ to\ allow\ you\ to\ upload\ medical\ documents,\ prescriptions,\ and\ photos\ for\ your\ healthcare\ consultations.
    export INFOPLIST_KEY_NSPhotoLibraryUsageDescription\=We\ need\ access\ to\ your\ photo\ library\ to\ allow\ you\ to\ select\ and\ upload\ medical\ documents,\ prescriptions,\ and\ photos\ for\ your\ healthcare\ consultations.
    export INFOPLIST_KEY_UIAppFonts\=Figtree-Regular.ttf\ Figtree-Medium.ttf\ Figtree-SemiBold.ttf\ Figtree-Bold.ttf\ Figtree-ExtraBold.ttf\ Figtree-Black.ttf\ Figtree-Light.ttf\ Figtree-Italic.ttf\ Figtree-MediumItalic.ttf\ Figtree-SemiBoldItalic.ttf\ Figtree-BoldItalic.ttf\ Figtree-ExtraBoldItalic.ttf\ Figtree-BlackItalic.ttf\ Figtree-LightItalic.ttf
    export INFOPLIST_KEY_UIApplicationSceneManifest_Generation\=YES
    export INFOPLIST_KEY_UIApplicationSupportsIndirectInputEvents\=YES
    export INFOPLIST_KEY_UILaunchScreen_Generation\=YES
    export INFOPLIST_KEY_UILaunchStoryboardName\=LaunchScreen
    export INFOPLIST_KEY_UIStatusBarStyle\=UIStatusBarStyleDefault
    export INFOPLIST_KEY_UISupportedInterfaceOrientations\=UIInterfaceOrientationPortrait
    export INFOPLIST_KEY_UISupportedInterfaceOrientations_iPad\=UIInterfaceOrientationLandscapeLeft\ UIInterfaceOrientationLandscapeRight\ UIInterfaceOrientationPortrait\ UIInterfaceOrientationPortraitUpsideDown
    export INFOPLIST_OUTPUT_FORMAT\=binary
    export INFOPLIST_PATH\=Broccoli.app/Info.plist
    export INFOPLIST_PREPROCESS\=NO
    export INFOSTRINGS_PATH\=Broccoli.app/en.lproj/InfoPlist.strings
    export INLINE_PRIVATE_FRAMEWORKS\=NO
    export INSTALLAPI_IGNORE_SKIP_INSTALL\=YES
    export INSTALLHDRS_COPY_PHASE\=NO
    export INSTALLHDRS_SCRIPT_PHASE\=NO
    export INSTALL_DIR\=/tmp/Broccoli.dst/Applications
    export INSTALL_GROUP\=staff
    export INSTALL_MODE_FLAG\=u+w,go-w,a+rX
    export INSTALL_OWNER\=jaigaurav
    export INSTALL_PATH\=/Applications
    export INSTALL_ROOT\=/tmp/Broccoli.dst
    export IPHONEOS_DEPLOYMENT_TARGET\=17.6
    export IS_UNOPTIMIZED_BUILD\=YES
    export JAVAC_DEFAULT_FLAGS\=-J-Xms64m\ -J-XX:NewSize\=4M\ -J-Dfile.encoding\=UTF8
    export JAVA_APP_STUB\=/System/Library/Frameworks/JavaVM.framework/Resources/MacOS/JavaApplicationStub
    export JAVA_ARCHIVE_CLASSES\=YES
    export JAVA_ARCHIVE_TYPE\=JAR
    export JAVA_COMPILER\=/usr/bin/javac
    export JAVA_FOLDER_PATH\=Broccoli.app/Java
    export JAVA_FRAMEWORK_RESOURCES_DIRS\=Resources
    export JAVA_JAR_FLAGS\=cv
    export JAVA_SOURCE_SUBDIR\=.
    export JAVA_USE_DEPENDENCIES\=YES
    export JAVA_ZIP_FLAGS\=-urg
    export JIKES_DEFAULT_FLAGS\=+E\ +OLDCSO
    export KEEP_PRIVATE_EXTERNS\=NO
    export LD_DEPENDENCY_INFO_FILE\=/Users/jaigaurav/Library/Developer/Xcode/DerivedData/Broccoli-eapieicfqwxippexlubxawpdfesp/Build/Intermediates.noindex/Broccoli.build/Debug-iphonesimulator/Broccoli.build/Objects-normal/undefined_arch/Broccoli_dependency_info.dat
    export LD_ENTITLEMENTS_SECTION\=/Users/jaigaurav/Library/Developer/Xcode/DerivedData/Broccoli-eapieicfqwxippexlubxawpdfesp/Build/Intermediates.noindex/Broccoli.build/Debug-iphonesimulator/Broccoli.build/Broccoli.app-Simulated.xcent
    export LD_ENTITLEMENTS_SECTION_DER\=/Users/jaigaurav/Library/Developer/Xcode/DerivedData/Broccoli-eapieicfqwxippexlubxawpdfesp/Build/Intermediates.noindex/Broccoli.build/Debug-iphonesimulator/Broccoli.build/Broccoli.app-Simulated.xcent.der
    export LD_EXPORT_SYMBOLS\=YES
    export LD_GENERATE_MAP_FILE\=NO
    export LD_MAP_FILE_PATH\=/Users/jaigaurav/Library/Developer/Xcode/DerivedData/Broccoli-eapieicfqwxippexlubxawpdfesp/Build/Intermediates.noindex/Broccoli.build/Debug-iphonesimulator/Broccoli.build/Broccoli-LinkMap-normal-undefined_arch.txt
    export LD_NO_PIE\=NO
    export LD_QUOTE_LINKER_ARGUMENTS_FOR_COMPILER_DRIVER\=YES
    export LD_RUNPATH_SEARCH_PATHS\=/Users/jaigaurav/Library/Developer/Xcode/DerivedData/Broccoli-eapieicfqwxippexlubxawpdfesp/Build/Products/Debug-iphonesimulator/PackageFrameworks\ /Users/jaigaurav/Library/Developer/Xcode/DerivedData/Broccoli-eapieicfqwxippexlubxawpdfesp/Build/Products/Debug-iphonesimulator/PackageFrameworks\ /Users/jaigaurav/Library/Developer/Xcode/DerivedData/Broccoli-eapieicfqwxippexlubxawpdfesp/Build/Products/Debug-iphonesimulator/PackageFrameworks\ /Users/jaigaurav/Library/Developer/Xcode/DerivedData/Broccoli-eapieicfqwxippexlubxawpdfesp/Build/Products/Debug-iphonesimulator/PackageFrameworks\ /Users/jaigaurav/Library/Developer/Xcode/DerivedData/Broccoli-eapieicfqwxippexlubxawpdfesp/Build/Products/Debug-iphonesimulator/PackageFrameworks\ /Users/jaigaurav/Library/Developer/Xcode/DerivedData/Broccoli-eapieicfqwxippexlubxawpdfesp/Build/Products/Debug-iphonesimulator/PackageFrameworks\ /Users/jaigaurav/Library/Developer/Xcode/DerivedData/Broccoli-eapieicfqwxippexlubxawpdfesp/Build/Products/Debug-iphonesimulator/PackageFrameworks\ /Users/jaigaurav/Library/Developer/Xcode/DerivedData/Broccoli-eapieicfqwxippexlubxawpdfesp/Build/Products/Debug-iphonesimulator/PackageFrameworks\ /Users/jaigaurav/Library/Developer/Xcode/DerivedData/Broccoli-eapieicfqwxippexlubxawpdfesp/Build/Products/Debug-iphonesimulator/PackageFrameworks\ /Users/jaigaurav/Library/Developer/Xcode/DerivedData/Broccoli-eapieicfqwxippexlubxawpdfesp/Build/Products/Debug-iphonesimulator/PackageFrameworks\ /Users/jaigaurav/Library/Developer/Xcode/DerivedData/Broccoli-eapieicfqwxippexlubxawpdfesp/Build/Products/Debug-iphonesimulator/PackageFrameworks\ /Users/jaigaurav/Library/Developer/Xcode/DerivedData/Broccoli-eapieicfqwxippexlubxawpdfesp/Build/Products/Debug-iphonesimulator/PackageFrameworks\ /Users/jaigaurav/Library/Developer/Xcode/DerivedData/Broccoli-eapieicfqwxippexlubxawpdfesp/Build/Products/Debug-iphonesimulator/PackageFrameworks\ /Users/jaigaurav/Library/Developer/Xcode/DerivedData/Broccoli-eapieicfqwxippexlubxawpdfesp/Build/Products/Debug-iphonesimulator/PackageFrameworks\ /Users/jaigaurav/Library/Developer/Xcode/DerivedData/Broccoli-eapieicfqwxippexlubxawpdfesp/Build/Products/Debug-iphonesimulator/PackageFrameworks\ /Users/jaigaurav/Library/Developer/Xcode/DerivedData/Broccoli-eapieicfqwxippexlubxawpdfesp/Build/Products/Debug-iphonesimulator/PackageFrameworks\ /Users/jaigaurav/Library/Developer/Xcode/DerivedData/Broccoli-eapieicfqwxippexlubxawpdfesp/Build/Products/Debug-iphonesimulator/PackageFrameworks\ /Users/jaigaurav/Library/Developer/Xcode/DerivedData/Broccoli-eapieicfqwxippexlubxawpdfesp/Build/Products/Debug-iphonesimulator/PackageFrameworks\ /Users/jaigaurav/Library/Developer/Xcode/DerivedData/Broccoli-eapieicfqwxippexlubxawpdfesp/Build/Products/Debug-iphonesimulator/PackageFrameworks\ /Users/jaigaurav/Library/Developer/Xcode/DerivedData/Broccoli-eapieicfqwxippexlubxawpdfesp/Build/Products/Debug-iphonesimulator/PackageFrameworks\ /Users/jaigaurav/Library/Developer/Xcode/DerivedData/Broccoli-eapieicfqwxippexlubxawpdfesp/Build/Products/Debug-iphonesimulator/PackageFrameworks\ /Users/jaigaurav/Library/Developer/Xcode/DerivedData/Broccoli-eapieicfqwxippexlubxawpdfesp/Build/Products/Debug-iphonesimulator/PackageFrameworks\ /Users/jaigaurav/Library/Developer/Xcode/DerivedData/Broccoli-eapieicfqwxippexlubxawpdfesp/Build/Products/Debug-iphonesimulator/PackageFrameworks\ /Users/jaigaurav/Library/Developer/Xcode/DerivedData/Broccoli-eapieicfqwxippexlubxawpdfesp/Build/Products/Debug-iphonesimulator/PackageFrameworks\ /Users/jaigaurav/Library/Developer/Xcode/DerivedData/Broccoli-eapieicfqwxippexlubxawpdfesp/Build/Products/Debug-iphonesimulator/PackageFrameworks\ /Users/jaigaurav/Library/Developer/Xcode/DerivedData/Broccoli-eapieicfqwxippexlubxawpdfesp/Build/Products/Debug-iphonesimulator/PackageFrameworks\ /Users/jaigaurav/Library/Developer/Xcode/DerivedData/Broccoli-eapieicfqwxippexlubxawpdfesp/Build/Products/Debug-iphonesimulator/PackageFrameworks\ /Users/jaigaurav/Library/Developer/Xcode/DerivedData/Broccoli-eapieicfqwxippexlubxawpdfesp/Build/Products/Debug-iphonesimulator/PackageFrameworks\ /Users/jaigaurav/Library/Developer/Xcode/DerivedData/Broccoli-eapieicfqwxippexlubxawpdfesp/Build/Products/Debug-iphonesimulator/PackageFrameworks\ /Users/jaigaurav/Library/Developer/Xcode/DerivedData/Broccoli-eapieicfqwxippexlubxawpdfesp/Build/Products/Debug-iphonesimulator/PackageFrameworks\ /Users/jaigaurav/Library/Developer/Xcode/DerivedData/Broccoli-eapieicfqwxippexlubxawpdfesp/Build/Products/Debug-iphonesimulator/PackageFrameworks\ /Users/jaigaurav/Library/Developer/Xcode/DerivedData/Broccoli-eapieicfqwxippexlubxawpdfesp/Build/Products/Debug-iphonesimulator/PackageFrameworks\ /Users/jaigaurav/Library/Developer/Xcode/DerivedData/Broccoli-eapieicfqwxippexlubxawpdfesp/Build/Products/Debug-iphonesimulator/PackageFrameworks\ /Users/jaigaurav/Library/Developer/Xcode/DerivedData/Broccoli-eapieicfqwxippexlubxawpdfesp/Build/Products/Debug-iphonesimulator/PackageFrameworks\ /Users/jaigaurav/Library/Developer/Xcode/DerivedData/Broccoli-eapieicfqwxippexlubxawpdfesp/Build/Products/Debug-iphonesimulator/PackageFrameworks\ /Users/jaigaurav/Library/Developer/Xcode/DerivedData/Broccoli-eapieicfqwxippexlubxawpdfesp/Build/Products/Debug-iphonesimulator/PackageFrameworks\ /Users/jaigaurav/Library/Developer/Xcode/DerivedData/Broccoli-eapieicfqwxippexlubxawpdfesp/Build/Products/Debug-iphonesimulator/PackageFrameworks\ /Users/jaigaurav/Library/Developer/Xcode/DerivedData/Broccoli-eapieicfqwxippexlubxawpdfesp/Build/Products/Debug-iphonesimulator/PackageFrameworks\ /Users/jaigaurav/Library/Developer/Xcode/DerivedData/Broccoli-eapieicfqwxippexlubxawpdfesp/Build/Products/Debug-iphonesimulator/PackageFrameworks\ /Users/jaigaurav/Library/Developer/Xcode/DerivedData/Broccoli-eapieicfqwxippexlubxawpdfesp/Build/Products/Debug-iphonesimulator/PackageFrameworks\ /Users/jaigaurav/Library/Developer/Xcode/DerivedData/Broccoli-eapieicfqwxippexlubxawpdfesp/Build/Products/Debug-iphonesimulator/PackageFrameworks\ /Users/jaigaurav/Library/Developer/Xcode/DerivedData/Broccoli-eapieicfqwxippexlubxawpdfesp/Build/Products/Debug-iphonesimulator/PackageFrameworks\ /Users/jaigaurav/Library/Developer/Xcode/DerivedData/Broccoli-eapieicfqwxippexlubxawpdfesp/Build/Products/Debug-iphonesimulator/PackageFrameworks\ /Users/jaigaurav/Library/Developer/Xcode/DerivedData/Broccoli-eapieicfqwxippexlubxawpdfesp/Build/Products/Debug-iphonesimulator/PackageFrameworks\ /Users/jaigaurav/Library/Developer/Xcode/DerivedData/Broccoli-eapieicfqwxippexlubxawpdfesp/Build/Products/Debug-iphonesimulator/PackageFrameworks\ @executable_path/Frameworks
    export LD_RUNPATH_SEARCH_PATHS_YES\=@loader_path/../Frameworks
    export LD_SHARED_CACHE_ELIGIBLE\=Automatic
    export LD_WARN_DUPLICATE_LIBRARIES\=NO
    export LD_WARN_UNUSED_DYLIBS\=NO
    export LEGACY_DEVELOPER_DIR\=/Applications/Xcode.app/Contents/PlugIns/Xcode3Core.ideplugin/Contents/SharedSupport/Developer
    export LEX\=lex
    export LIBRARY_DEXT_INSTALL_PATH\=/Library/DriverExtensions
    export LIBRARY_FLAG_NOSPACE\=YES
    export LIBRARY_FLAG_PREFIX\=-l
    export LIBRARY_KEXT_INSTALL_PATH\=/Library/Extensions
    export LIBRARY_SEARCH_PATHS\=/Users/jaigaurav/Library/Developer/Xcode/DerivedData/Broccoli-eapieicfqwxippexlubxawpdfesp/Build/Products/Debug-iphonesimulator\ 
    export LINKER_DISPLAYS_MANGLED_NAMES\=NO
    export LINK_FILE_LIST_normal_arm64\=/Users/jaigaurav/Library/Developer/Xcode/DerivedData/Broccoli-eapieicfqwxippexlubxawpdfesp/Build/Intermediates.noindex/Broccoli.build/Debug-iphonesimulator/Broccoli.build/Objects-normal/arm64/Broccoli.LinkFileList
    export LINK_FILE_LIST_normal_x86_64\=/Users/jaigaurav/Library/Developer/Xcode/DerivedData/Broccoli-eapieicfqwxippexlubxawpdfesp/Build/Intermediates.noindex/Broccoli.build/Debug-iphonesimulator/Broccoli.build/Objects-normal/x86_64/Broccoli.LinkFileList
    export LINK_OBJC_RUNTIME\=YES
    export LINK_WITH_STANDARD_LIBRARIES\=YES
    export LLVM_TARGET_TRIPLE_OS_VERSION\=ios17.6
    export LLVM_TARGET_TRIPLE_SUFFIX\=-simulator
    export LLVM_TARGET_TRIPLE_VENDOR\=apple
    export LM_AUX_CONST_METADATA_LIST_PATH_normal_arm64\=/Users/jaigaurav/Library/Developer/Xcode/DerivedData/Broccoli-eapieicfqwxippexlubxawpdfesp/Build/Intermediates.noindex/Broccoli.build/Debug-iphonesimulator/Broccoli.build/Objects-normal/arm64/Broccoli.SwiftConstValuesFileList
    export LM_AUX_CONST_METADATA_LIST_PATH_normal_x86_64\=/Users/jaigaurav/Library/Developer/Xcode/DerivedData/Broccoli-eapieicfqwxippexlubxawpdfesp/Build/Intermediates.noindex/Broccoli.build/Debug-iphonesimulator/Broccoli.build/Objects-normal/x86_64/Broccoli.SwiftConstValuesFileList
    export LOCALIZATION_EXPORT_SUPPORTED\=YES
    export LOCALIZATION_PREFERS_STRING_CATALOGS\=YES
    export LOCALIZED_RESOURCES_FOLDER_PATH\=Broccoli.app/en.lproj
    export LOCALIZED_STRING_CODE_COMMENTS\=NO
    export LOCALIZED_STRING_MACRO_NAMES\=NSLocalizedString\ CFCopyLocalizedString
    export LOCALIZED_STRING_SWIFTUI_SUPPORT\=YES
    export LOCAL_ADMIN_APPS_DIR\=/Applications/Utilities
    export LOCAL_APPS_DIR\=/Applications
    export LOCAL_DEVELOPER_DIR\=/Library/Developer
    export LOCAL_LIBRARY_DIR\=/Library
    export LOCROOT\=/Volumes/jaigaurav17-001/Projects/iOS/Broccoli
    export LOCSYMROOT\=/Volumes/jaigaurav17-001/Projects/iOS/Broccoli
    export MACH_O_TYPE\=mh_execute
    export MAC_OS_X_PRODUCT_BUILD_VERSION\=25G76
    export MAC_OS_X_VERSION_ACTUAL\=260601
    export MAC_OS_X_VERSION_MAJOR\=260000
    export MAC_OS_X_VERSION_MINOR\=260600
    export MAKE_MERGEABLE\=NO
    export MARKETING_VERSION\=1.3
    export MERGEABLE_LIBRARY\=NO
    export MERGED_BINARY_TYPE\=none
    export MERGE_LINKED_LIBRARIES\=NO
    export METAL_LIBRARY_FILE_BASE\=default
    export METAL_LIBRARY_OUTPUT_DIR\=/Users/jaigaurav/Library/Developer/Xcode/DerivedData/Broccoli-eapieicfqwxippexlubxawpdfesp/Build/Products/Debug-iphonesimulator/Broccoli.app
    export MODULES_FOLDER_PATH\=Broccoli.app/Modules
    export MODULE_CACHE_DIR\=/Users/jaigaurav/Library/Developer/Xcode/DerivedData/ModuleCache.noindex
    export MTL_ENABLE_DEBUG_INFO\=INCLUDE_SOURCE
    export MTL_FAST_MATH\=YES
    export NATIVE_ARCH\=arm64
    export NATIVE_ARCH_32_BIT\=arm
    export NATIVE_ARCH_64_BIT\=arm64
    export NATIVE_ARCH_ACTUAL\=arm64
    export NO_COMMON\=YES
    export OBJC_ABI_VERSION\=2
    export OBJECT_FILE_DIR\=/Users/jaigaurav/Library/Developer/Xcode/DerivedData/Broccoli-eapieicfqwxippexlubxawpdfesp/Build/Intermediates.noindex/Broccoli.build/Debug-iphonesimulator/Broccoli.build/Objects
    export OBJECT_FILE_DIR_normal\=/Users/jaigaurav/Library/Developer/Xcode/DerivedData/Broccoli-eapieicfqwxippexlubxawpdfesp/Build/Intermediates.noindex/Broccoli.build/Debug-iphonesimulator/Broccoli.build/Objects-normal
    export OBJROOT\=/Users/jaigaurav/Library/Developer/Xcode/DerivedData/Broccoli-eapieicfqwxippexlubxawpdfesp/Build/Intermediates.noindex
    export ONLY_ACTIVE_ARCH\=NO
    export OS\=MACOS
    export OSAC\=/usr/bin/osacompile
    export OTHER_CFLAGS\=-fmodule-map-file\=/Users/jaigaurav/Library/Developer/Xcode/DerivedData/Broccoli-eapieicfqwxippexlubxawpdfesp/Build/Intermediates.noindex/GeneratedModuleMaps-iphonesimulator/WindowOverlay.modulemap\ -fmodule-map-file\=/Users/jaigaurav/Library/Developer/Xcode/DerivedData/Broccoli-eapieicfqwxippexlubxawpdfesp/Build/Intermediates.noindex/GeneratedModuleMaps-iphonesimulator/Toasts.modulemap\ -fmodule-map-file\=/Users/jaigaurav/Library/Developer/Xcode/DerivedData/Broccoli-eapieicfqwxippexlubxawpdfesp/Build/Intermediates.noindex/GeneratedModuleMaps-iphonesimulator/GoogleSignInSwift.modulemap\ -fmodule-map-file\=/Users/jaigaurav/Library/Developer/Xcode/DerivedData/Broccoli-eapieicfqwxippexlubxawpdfesp/Build/Intermediates.noindex/GeneratedModuleMaps-iphonesimulator/GoogleUtilities-Network.modulemap\ -fmodule-map-file\=/Users/jaigaurav/Library/Developer/Xcode/DerivedData/Broccoli-eapieicfqwxippexlubxawpdfesp/Build/Intermediates.noindex/GeneratedModuleMaps-iphonesimulator/GoogleUtilities-AppDelegateSwizzler.modulemap\ -fmodule-map-file\=/Users/jaigaurav/Library/Developer/Xcode/DerivedData/Broccoli-eapieicfqwxippexlubxawpdfesp/Build/Intermediates.noindex/GeneratedModuleMaps-iphonesimulator/GoogleUtilities-Reachability.modulemap\ -fmodule-map-file\=/Users/jaigaurav/Library/Developer/Xcode/DerivedData/Broccoli-eapieicfqwxippexlubxawpdfesp/Build/Intermediates.noindex/GeneratedModuleMaps-iphonesimulator/FirebaseMessaging.modulemap\ -fmodule-map-file\=/Users/jaigaurav/Library/Developer/Xcode/DerivedData/Broccoli-eapieicfqwxippexlubxawpdfesp/Build/Intermediates.noindex/GeneratedModuleMaps-iphonesimulator/AlertToast.modulemap\ -fmodule-map-file\=/Users/jaigaurav/Library/Developer/Xcode/DerivedData/Broccoli-eapieicfqwxippexlubxawpdfesp/Build/Intermediates.noindex/GeneratedModuleMaps-iphonesimulator/AppAuth.modulemap\ -fmodule-map-file\=/Users/jaigaurav/Library/Developer/Xcode/DerivedData/Broccoli-eapieicfqwxippexlubxawpdfesp/Build/Intermediates.noindex/GeneratedModuleMaps-iphonesimulator/AppAuthCore.modulemap\ -fmodule-map-file\=/Users/jaigaurav/Library/Developer/Xcode/DerivedData/Broccoli-eapieicfqwxippexlubxawpdfesp/Build/Intermediates.noindex/GeneratedModuleMaps-iphonesimulator/AppCheckCore.modulemap\ -fmodule-map-file\=/Users/jaigaurav/Library/Developer/Xcode/DerivedData/Broccoli-eapieicfqwxippexlubxawpdfesp/Build/Intermediates.noindex/GeneratedModuleMaps-iphonesimulator/GTMAppAuth.modulemap\ -fmodule-map-file\=/Users/jaigaurav/Library/Developer/Xcode/DerivedData/Broccoli-eapieicfqwxippexlubxawpdfesp/Build/Intermediates.noindex/GeneratedModuleMaps-iphonesimulator/GTMSessionFetcherCore.modulemap\ -fmodule-map-file\=/Users/jaigaurav/Library/Developer/Xcode/DerivedData/Broccoli-eapieicfqwxippexlubxawpdfesp/Build/Intermediates.noindex/GeneratedModuleMaps-iphonesimulator/GoogleSignIn.modulemap\ -fmodule-map-file\=/Users/jaigaurav/Library/Developer/Xcode/DerivedData/Broccoli-eapieicfqwxippexlubxawpdfesp/Build/Intermediates.noindex/GeneratedModuleMaps-iphonesimulator/KeychainAccess.modulemap\ -fmodule-map-file\=/Users/jaigaurav/Library/Developer/Xcode/DerivedData/Broccoli-eapieicfqwxippexlubxawpdfesp/Build/Intermediates.noindex/GeneratedModuleMaps-iphonesimulator/FacebookCore.modulemap\ -fmodule-map-file\=/Users/jaigaurav/Library/Developer/Xcode/DerivedData/Broccoli-eapieicfqwxippexlubxawpdfesp/Build/Intermediates.noindex/GeneratedModuleMaps-iphonesimulator/FacebookAEM.modulemap\ -fmodule-map-file\=/Users/jaigaurav/Library/Developer/Xcode/DerivedData/Broccoli-eapieicfqwxippexlubxawpdfesp/Build/Intermediates.noindex/GeneratedModuleMaps-iphonesimulator/FacebookLogin.modulemap\ -fmodule-map-file\=/Users/jaigaurav/Library/Developer/Xcode/DerivedData/Broccoli-eapieicfqwxippexlubxawpdfesp/Build/Intermediates.noindex/GeneratedModuleMaps-iphonesimulator/StripeApplePay.modulemap\ -fmodule-map-file\=/Users/jaigaurav/Library/Developer/Xcode/DerivedData/Broccoli-eapieicfqwxippexlubxawpdfesp/Build/Intermediates.noindex/GeneratedModuleMaps-iphonesimulator/StripePaymentsUI.modulemap\ -fmodule-map-file\=/Users/jaigaurav/Library/Developer/Xcode/DerivedData/Broccoli-eapieicfqwxippexlubxawpdfesp/Build/Intermediates.noindex/GeneratedModuleMaps-iphonesimulator/StripeUICore.modulemap\ -fmodule-map-file\=/Users/jaigaurav/Library/Developer/Xcode/DerivedData/Broccoli-eapieicfqwxippexlubxawpdfesp/Build/Intermediates.noindex/GeneratedModuleMaps-iphonesimulator/StripePayments.modulemap\ -fmodule-map-file\=/Users/jaigaurav/Library/Developer/Xcode/DerivedData/Broccoli-eapieicfqwxippexlubxawpdfesp/Build/Intermediates.noindex/GeneratedModuleMaps-iphonesimulator/Stripe3DS2.modulemap\ -fmodule-map-file\=/Users/jaigaurav/Library/Developer/Xcode/DerivedData/Broccoli-eapieicfqwxippexlubxawpdfesp/Build/Intermediates.noindex/GeneratedModuleMaps-iphonesimulator/StripeCore.modulemap\ -fmodule-map-file\=/Users/jaigaurav/Library/Developer/Xcode/DerivedData/Broccoli-eapieicfqwxippexlubxawpdfesp/Build/Intermediates.noindex/GeneratedModuleMaps-iphonesimulator/StripePaymentSheet.modulemap\ -fmodule-map-file\=/Users/jaigaurav/Library/Developer/Xcode/DerivedData/Broccoli-eapieicfqwxippexlubxawpdfesp/Build/Intermediates.noindex/GeneratedModuleMaps-iphonesimulator/GoogleUtilities-NSData.modulemap\ -fmodule-map-file\=/Users/jaigaurav/Library/Developer/Xcode/DerivedData/Broccoli-eapieicfqwxippexlubxawpdfesp/Build/Intermediates.noindex/GeneratedModuleMaps-iphonesimulator/GoogleUtilities-Logger.modulemap\ -fmodule-map-file\=/Users/jaigaurav/Library/Developer/Xcode/DerivedData/Broccoli-eapieicfqwxippexlubxawpdfesp/Build/Intermediates.noindex/GeneratedModuleMaps-iphonesimulator/GoogleUtilities-Environment.modulemap\ -fmodule-map-file\=/Users/jaigaurav/Library/Developer/Xcode/DerivedData/Broccoli-eapieicfqwxippexlubxawpdfesp/Build/Intermediates.noindex/GeneratedModuleMaps-iphonesimulator/third-party-IsAppEncrypted.modulemap\ -fmodule-map-file\=/Users/jaigaurav/Library/Developer/Xcode/DerivedData/Broccoli-eapieicfqwxippexlubxawpdfesp/Build/Intermediates.noindex/GeneratedModuleMaps-iphonesimulator/GoogleUtilities-UserDefaults.modulemap\ -fmodule-map-file\=/Users/jaigaurav/Library/Developer/Xcode/DerivedData/Broccoli-eapieicfqwxippexlubxawpdfesp/Build/Intermediates.noindex/GeneratedModuleMaps-iphonesimulator/nanopb.modulemap\ -fmodule-map-file\=/Users/jaigaurav/Library/Developer/Xcode/DerivedData/Broccoli-eapieicfqwxippexlubxawpdfesp/Build/Intermediates.noindex/GeneratedModuleMaps-iphonesimulator/Promises.modulemap\ -fmodule-map-file\=/Users/jaigaurav/Library/Developer/Xcode/DerivedData/Broccoli-eapieicfqwxippexlubxawpdfesp/Build/Intermediates.noindex/GeneratedModuleMaps-iphonesimulator/GoogleDataTransport.modulemap\ -fmodule-map-file\=/Users/jaigaurav/Library/Developer/Xcode/DerivedData/Broccoli-eapieicfqwxippexlubxawpdfesp/Build/Intermediates.noindex/GeneratedModuleMaps-iphonesimulator/FirebaseCrashlyticsSwift.modulemap\ -fmodule-map-file\=/Users/jaigaurav/Library/Developer/Xcode/DerivedData/Broccoli-eapieicfqwxippexlubxawpdfesp/Build/Intermediates.noindex/GeneratedModuleMaps-iphonesimulator/FirebaseRemoteConfigInterop.modulemap\ -fmodule-map-file\=/Users/jaigaurav/Library/Developer/Xcode/DerivedData/Broccoli-eapieicfqwxippexlubxawpdfesp/Build/Intermediates.noindex/GeneratedModuleMaps-iphonesimulator/FirebaseSessions.modulemap\ -fmodule-map-file\=/Users/jaigaurav/Library/Developer/Xcode/DerivedData/Broccoli-eapieicfqwxippexlubxawpdfesp/Build/Intermediates.noindex/GeneratedModuleMaps-iphonesimulator/FirebaseSessionsObjC.modulemap\ -fmodule-map-file\=/Users/jaigaurav/Library/Developer/Xcode/DerivedData/Broccoli-eapieicfqwxippexlubxawpdfesp/Build/Intermediates.noindex/GeneratedModuleMaps-iphonesimulator/FirebaseCoreExtension.modulemap\ -fmodule-map-file\=/Users/jaigaurav/Library/Developer/Xcode/DerivedData/Broccoli-eapieicfqwxippexlubxawpdfesp/Build/Intermediates.noindex/GeneratedModuleMaps-iphonesimulator/FirebaseInstallations.modulemap\ -fmodule-map-file\=/Users/jaigaurav/Library/Developer/Xcode/DerivedData/Broccoli-eapieicfqwxippexlubxawpdfesp/Build/Intermediates.noindex/GeneratedModuleMaps-iphonesimulator/FirebaseCore.modulemap\ -fmodule-map-file\=/Users/jaigaurav/Library/Developer/Xcode/DerivedData/Broccoli-eapieicfqwxippexlubxawpdfesp/Build/Intermediates.noindex/GeneratedModuleMaps-iphonesimulator/FirebaseCoreInternal.modulemap\ -fmodule-map-file\=/Users/jaigaurav/Library/Developer/Xcode/DerivedData/Broccoli-eapieicfqwxippexlubxawpdfesp/Build/Intermediates.noindex/GeneratedModuleMaps-iphonesimulator/FirebaseCrashlytics.modulemap\ -fmodule-map-file\=/Users/jaigaurav/Library/Developer/Xcode/DerivedData/Broccoli-eapieicfqwxippexlubxawpdfesp/Build/Intermediates.noindex/GeneratedModuleMaps-iphonesimulator/AgoraInfra_iOS.modulemap\ 
    export OTHER_CPLUSPLUSFLAGS\=-fmodule-map-file\=/Users/jaigaurav/Library/Developer/Xcode/DerivedData/Broccoli-eapieicfqwxippexlubxawpdfesp/Build/Intermediates.noindex/GeneratedModuleMaps-iphonesimulator/WindowOverlay.modulemap\ -fmodule-map-file\=/Users/jaigaurav/Library/Developer/Xcode/DerivedData/Broccoli-eapieicfqwxippexlubxawpdfesp/Build/Intermediates.noindex/GeneratedModuleMaps-iphonesimulator/Toasts.modulemap\ -fmodule-map-file\=/Users/jaigaurav/Library/Developer/Xcode/DerivedData/Broccoli-eapieicfqwxippexlubxawpdfesp/Build/Intermediates.noindex/GeneratedModuleMaps-iphonesimulator/GoogleSignInSwift.modulemap\ -fmodule-map-file\=/Users/jaigaurav/Library/Developer/Xcode/DerivedData/Broccoli-eapieicfqwxippexlubxawpdfesp/Build/Intermediates.noindex/GeneratedModuleMaps-iphonesimulator/GoogleUtilities-Network.modulemap\ -fmodule-map-file\=/Users/jaigaurav/Library/Developer/Xcode/DerivedData/Broccoli-eapieicfqwxippexlubxawpdfesp/Build/Intermediates.noindex/GeneratedModuleMaps-iphonesimulator/GoogleUtilities-AppDelegateSwizzler.modulemap\ -fmodule-map-file\=/Users/jaigaurav/Library/Developer/Xcode/DerivedData/Broccoli-eapieicfqwxippexlubxawpdfesp/Build/Intermediates.noindex/GeneratedModuleMaps-iphonesimulator/GoogleUtilities-Reachability.modulemap\ -fmodule-map-file\=/Users/jaigaurav/Library/Developer/Xcode/DerivedData/Broccoli-eapieicfqwxippexlubxawpdfesp/Build/Intermediates.noindex/GeneratedModuleMaps-iphonesimulator/FirebaseMessaging.modulemap\ -fmodule-map-file\=/Users/jaigaurav/Library/Developer/Xcode/DerivedData/Broccoli-eapieicfqwxippexlubxawpdfesp/Build/Intermediates.noindex/GeneratedModuleMaps-iphonesimulator/AlertToast.modulemap\ -fmodule-map-file\=/Users/jaigaurav/Library/Developer/Xcode/DerivedData/Broccoli-eapieicfqwxippexlubxawpdfesp/Build/Intermediates.noindex/GeneratedModuleMaps-iphonesimulator/AppAuth.modulemap\ -fmodule-map-file\=/Users/jaigaurav/Library/Developer/Xcode/DerivedData/Broccoli-eapieicfqwxippexlubxawpdfesp/Build/Intermediates.noindex/GeneratedModuleMaps-iphonesimulator/AppAuthCore.modulemap\ -fmodule-map-file\=/Users/jaigaurav/Library/Developer/Xcode/DerivedData/Broccoli-eapieicfqwxippexlubxawpdfesp/Build/Intermediates.noindex/GeneratedModuleMaps-iphonesimulator/AppCheckCore.modulemap\ -fmodule-map-file\=/Users/jaigaurav/Library/Developer/Xcode/DerivedData/Broccoli-eapieicfqwxippexlubxawpdfesp/Build/Intermediates.noindex/GeneratedModuleMaps-iphonesimulator/GTMAppAuth.modulemap\ -fmodule-map-file\=/Users/jaigaurav/Library/Developer/Xcode/DerivedData/Broccoli-eapieicfqwxippexlubxawpdfesp/Build/Intermediates.noindex/GeneratedModuleMaps-iphonesimulator/GTMSessionFetcherCore.modulemap\ -fmodule-map-file\=/Users/jaigaurav/Library/Developer/Xcode/DerivedData/Broccoli-eapieicfqwxippexlubxawpdfesp/Build/Intermediates.noindex/GeneratedModuleMaps-iphonesimulator/GoogleSignIn.modulemap\ -fmodule-map-file\=/Users/jaigaurav/Library/Developer/Xcode/DerivedData/Broccoli-eapieicfqwxippexlubxawpdfesp/Build/Intermediates.noindex/GeneratedModuleMaps-iphonesimulator/KeychainAccess.modulemap\ -fmodule-map-file\=/Users/jaigaurav/Library/Developer/Xcode/DerivedData/Broccoli-eapieicfqwxippexlubxawpdfesp/Build/Intermediates.noindex/GeneratedModuleMaps-iphonesimulator/FacebookCore.modulemap\ -fmodule-map-file\=/Users/jaigaurav/Library/Developer/Xcode/DerivedData/Broccoli-eapieicfqwxippexlubxawpdfesp/Build/Intermediates.noindex/GeneratedModuleMaps-iphonesimulator/FacebookAEM.modulemap\ -fmodule-map-file\=/Users/jaigaurav/Library/Developer/Xcode/DerivedData/Broccoli-eapieicfqwxippexlubxawpdfesp/Build/Intermediates.noindex/GeneratedModuleMaps-iphonesimulator/FacebookLogin.modulemap\ -fmodule-map-file\=/Users/jaigaurav/Library/Developer/Xcode/DerivedData/Broccoli-eapieicfqwxippexlubxawpdfesp/Build/Intermediates.noindex/GeneratedModuleMaps-iphonesimulator/StripeApplePay.modulemap\ -fmodule-map-file\=/Users/jaigaurav/Library/Developer/Xcode/DerivedData/Broccoli-eapieicfqwxippexlubxawpdfesp/Build/Intermediates.noindex/GeneratedModuleMaps-iphonesimulator/StripePaymentsUI.modulemap\ -fmodule-map-file\=/Users/jaigaurav/Library/Developer/Xcode/DerivedData/Broccoli-eapieicfqwxippexlubxawpdfesp/Build/Intermediates.noindex/GeneratedModuleMaps-iphonesimulator/StripeUICore.modulemap\ -fmodule-map-file\=/Users/jaigaurav/Library/Developer/Xcode/DerivedData/Broccoli-eapieicfqwxippexlubxawpdfesp/Build/Intermediates.noindex/GeneratedModuleMaps-iphonesimulator/StripePayments.modulemap\ -fmodule-map-file\=/Users/jaigaurav/Library/Developer/Xcode/DerivedData/Broccoli-eapieicfqwxippexlubxawpdfesp/Build/Intermediates.noindex/GeneratedModuleMaps-iphonesimulator/Stripe3DS2.modulemap\ -fmodule-map-file\=/Users/jaigaurav/Library/Developer/Xcode/DerivedData/Broccoli-eapieicfqwxippexlubxawpdfesp/Build/Intermediates.noindex/GeneratedModuleMaps-iphonesimulator/StripeCore.modulemap\ -fmodule-map-file\=/Users/jaigaurav/Library/Developer/Xcode/DerivedData/Broccoli-eapieicfqwxippexlubxawpdfesp/Build/Intermediates.noindex/GeneratedModuleMaps-iphonesimulator/StripePaymentSheet.modulemap\ -fmodule-map-file\=/Users/jaigaurav/Library/Developer/Xcode/DerivedData/Broccoli-eapieicfqwxippexlubxawpdfesp/Build/Intermediates.noindex/GeneratedModuleMaps-iphonesimulator/GoogleUtilities-NSData.modulemap\ -fmodule-map-file\=/Users/jaigaurav/Library/Developer/Xcode/DerivedData/Broccoli-eapieicfqwxippexlubxawpdfesp/Build/Intermediates.noindex/GeneratedModuleMaps-iphonesimulator/GoogleUtilities-Logger.modulemap\ -fmodule-map-file\=/Users/jaigaurav/Library/Developer/Xcode/DerivedData/Broccoli-eapieicfqwxippexlubxawpdfesp/Build/Intermediates.noindex/GeneratedModuleMaps-iphonesimulator/GoogleUtilities-Environment.modulemap\ -fmodule-map-file\=/Users/jaigaurav/Library/Developer/Xcode/DerivedData/Broccoli-eapieicfqwxippexlubxawpdfesp/Build/Intermediates.noindex/GeneratedModuleMaps-iphonesimulator/third-party-IsAppEncrypted.modulemap\ -fmodule-map-file\=/Users/jaigaurav/Library/Developer/Xcode/DerivedData/Broccoli-eapieicfqwxippexlubxawpdfesp/Build/Intermediates.noindex/GeneratedModuleMaps-iphonesimulator/GoogleUtilities-UserDefaults.modulemap\ -fmodule-map-file\=/Users/jaigaurav/Library/Developer/Xcode/DerivedData/Broccoli-eapieicfqwxippexlubxawpdfesp/Build/Intermediates.noindex/GeneratedModuleMaps-iphonesimulator/nanopb.modulemap\ -fmodule-map-file\=/Users/jaigaurav/Library/Developer/Xcode/DerivedData/Broccoli-eapieicfqwxippexlubxawpdfesp/Build/Intermediates.noindex/GeneratedModuleMaps-iphonesimulator/Promises.modulemap\ -fmodule-map-file\=/Users/jaigaurav/Library/Developer/Xcode/DerivedData/Broccoli-eapieicfqwxippexlubxawpdfesp/Build/Intermediates.noindex/GeneratedModuleMaps-iphonesimulator/GoogleDataTransport.modulemap\ -fmodule-map-file\=/Users/jaigaurav/Library/Developer/Xcode/DerivedData/Broccoli-eapieicfqwxippexlubxawpdfesp/Build/Intermediates.noindex/GeneratedModuleMaps-iphonesimulator/FirebaseCrashlyticsSwift.modulemap\ -fmodule-map-file\=/Users/jaigaurav/Library/Developer/Xcode/DerivedData/Broccoli-eapieicfqwxippexlubxawpdfesp/Build/Intermediates.noindex/GeneratedModuleMaps-iphonesimulator/FirebaseRemoteConfigInterop.modulemap\ -fmodule-map-file\=/Users/jaigaurav/Library/Developer/Xcode/DerivedData/Broccoli-eapieicfqwxippexlubxawpdfesp/Build/Intermediates.noindex/GeneratedModuleMaps-iphonesimulator/FirebaseSessions.modulemap\ -fmodule-map-file\=/Users/jaigaurav/Library/Developer/Xcode/DerivedData/Broccoli-eapieicfqwxippexlubxawpdfesp/Build/Intermediates.noindex/GeneratedModuleMaps-iphonesimulator/FirebaseSessionsObjC.modulemap\ -fmodule-map-file\=/Users/jaigaurav/Library/Developer/Xcode/DerivedData/Broccoli-eapieicfqwxippexlubxawpdfesp/Build/Intermediates.noindex/GeneratedModuleMaps-iphonesimulator/FirebaseCoreExtension.modulemap\ -fmodule-map-file\=/Users/jaigaurav/Library/Developer/Xcode/DerivedData/Broccoli-eapieicfqwxippexlubxawpdfesp/Build/Intermediates.noindex/GeneratedModuleMaps-iphonesimulator/FirebaseInstallations.modulemap\ -fmodule-map-file\=/Users/jaigaurav/Library/Developer/Xcode/DerivedData/Broccoli-eapieicfqwxippexlubxawpdfesp/Build/Intermediates.noindex/GeneratedModuleMaps-iphonesimulator/FirebaseCore.modulemap\ -fmodule-map-file\=/Users/jaigaurav/Library/Developer/Xcode/DerivedData/Broccoli-eapieicfqwxippexlubxawpdfesp/Build/Intermediates.noindex/GeneratedModuleMaps-iphonesimulator/FirebaseCoreInternal.modulemap\ -fmodule-map-file\=/Users/jaigaurav/Library/Developer/Xcode/DerivedData/Broccoli-eapieicfqwxippexlubxawpdfesp/Build/Intermediates.noindex/GeneratedModuleMaps-iphonesimulator/FirebaseCrashlytics.modulemap\ -fmodule-map-file\=/Users/jaigaurav/Library/Developer/Xcode/DerivedData/Broccoli-eapieicfqwxippexlubxawpdfesp/Build/Intermediates.noindex/GeneratedModuleMaps-iphonesimulator/AgoraInfra_iOS.modulemap\ 
    export OTHER_LDFLAGS\=-Wl,-no_warn_duplicate_libraries\ -Wl,-no_warn_duplicate_libraries\ -Wl,-no_warn_duplicate_libraries\ -Wl,-no_warn_duplicate_libraries\ -Wl,-no_warn_duplicate_libraries\ -Wl,-no_warn_duplicate_libraries\ -Wl,-no_warn_duplicate_libraries\ -Wl,-no_warn_duplicate_libraries\ -Wl,-no_warn_duplicate_libraries\ -Wl,-no_warn_duplicate_libraries\ -Wl,-no_warn_duplicate_libraries\ -Wl,-no_warn_duplicate_libraries\ -Wl,-no_warn_duplicate_libraries\ -Wl,-no_warn_duplicate_libraries\ -Wl,-no_warn_duplicate_libraries\ -Wl,-no_warn_duplicate_libraries\ -Wl,-no_warn_duplicate_libraries\ -Wl,-no_warn_duplicate_libraries\ -Wl,-no_warn_duplicate_libraries\ -Wl,-no_warn_duplicate_libraries\ -Wl,-no_warn_duplicate_libraries\ -Wl,-no_warn_duplicate_libraries\ -Wl,-no_warn_duplicate_libraries\ -Wl,-no_warn_duplicate_libraries\ -Wl,-no_warn_duplicate_libraries\ -Wl,-no_warn_duplicate_libraries\ -Wl,-no_warn_duplicate_libraries\ -Wl,-no_warn_duplicate_libraries\ -Wl,-no_warn_duplicate_libraries\ -Wl,-no_warn_duplicate_libraries\ -Wl,-no_warn_duplicate_libraries\ -Wl,-no_warn_duplicate_libraries\ -Wl,-no_warn_duplicate_libraries\ -Wl,-no_warn_duplicate_libraries\ -Wl,-no_warn_duplicate_libraries\ -Wl,-no_warn_duplicate_libraries\ -Wl,-no_warn_duplicate_libraries\ -Wl,-no_warn_duplicate_libraries\ -Wl,-no_warn_duplicate_libraries\ -Wl,-no_warn_duplicate_libraries\ -Wl,-no_warn_duplicate_libraries\ -Wl,-no_warn_duplicate_libraries\ -Wl,-no_warn_duplicate_libraries\ -lc++\ -Wl,-no_warn_duplicate_libraries\ -Wl,-no_warn_duplicate_libraries\ \ -framework\ Security\ -framework\ SystemConfiguration\ -framework\ UIKit\ -framework\ Security\ -framework\ Security\ -framework\ SystemConfiguration\ -framework\ Security\ -framework\ SystemConfiguration\ -framework\ SystemConfiguration\ -framework\ CoreTelephony\ -lz\ -lc++\ -lz\ -framework\ Accelerate\ -Xlinker\ -no_application_extension\ -framework\ CoreGraphics\ -framework\ CoreText\ -framework\ Foundation\ -framework\ LocalAuthentication\ -framework\ Security\ -framework\ UIKit\ -framework\ Security\ -framework\ DeviceCheck\ -framework\ SystemConfiguration
    export OTHER_SWIFT_FLAGS\=-Xcc\ -fmodule-map-file\=/Users/jaigaurav/Library/Developer/Xcode/DerivedData/Broccoli-eapieicfqwxippexlubxawpdfesp/Build/Intermediates.noindex/GeneratedModuleMaps-iphonesimulator/GoogleUtilities-Network.modulemap\ -Xcc\ -fmodule-map-file\=/Users/jaigaurav/Library/Developer/Xcode/DerivedData/Broccoli-eapieicfqwxippexlubxawpdfesp/Build/Intermediates.noindex/GeneratedModuleMaps-iphonesimulator/GoogleUtilities-AppDelegateSwizzler.modulemap\ -Xcc\ -fmodule-map-file\=/Users/jaigaurav/Library/Developer/Xcode/DerivedData/Broccoli-eapieicfqwxippexlubxawpdfesp/Build/Intermediates.noindex/GeneratedModuleMaps-iphonesimulator/GoogleUtilities-Reachability.modulemap\ -Xcc\ -fmodule-map-file\=/Users/jaigaurav/Library/Developer/Xcode/DerivedData/Broccoli-eapieicfqwxippexlubxawpdfesp/Build/Intermediates.noindex/GeneratedModuleMaps-iphonesimulator/FirebaseMessaging.modulemap\ -Xcc\ -fmodule-map-file\=/Users/jaigaurav/Library/Developer/Xcode/DerivedData/Broccoli-eapieicfqwxippexlubxawpdfesp/Build/Intermediates.noindex/GeneratedModuleMaps-iphonesimulator/AppAuth.modulemap\ -Xcc\ -fmodule-map-file\=/Users/jaigaurav/Library/Developer/Xcode/DerivedData/Broccoli-eapieicfqwxippexlubxawpdfesp/Build/Intermediates.noindex/GeneratedModuleMaps-iphonesimulator/AppAuthCore.modulemap\ -Xcc\ -fmodule-map-file\=/Users/jaigaurav/Library/Developer/Xcode/DerivedData/Broccoli-eapieicfqwxippexlubxawpdfesp/Build/Intermediates.noindex/GeneratedModuleMaps-iphonesimulator/AppCheckCore.modulemap\ -Xcc\ -fmodule-map-file\=/Users/jaigaurav/Library/Developer/Xcode/DerivedData/Broccoli-eapieicfqwxippexlubxawpdfesp/Build/Intermediates.noindex/GeneratedModuleMaps-iphonesimulator/GTMSessionFetcherCore.modulemap\ -Xcc\ -fmodule-map-file\=/Users/jaigaurav/Library/Developer/Xcode/DerivedData/Broccoli-eapieicfqwxippexlubxawpdfesp/Build/Intermediates.noindex/GeneratedModuleMaps-iphonesimulator/GoogleSignIn.modulemap\ -Xcc\ -fmodule-map-file\=/Users/jaigaurav/Library/Developer/Xcode/DerivedData/Broccoli-eapieicfqwxippexlubxawpdfesp/Build/Intermediates.noindex/GeneratedModuleMaps-iphonesimulator/Stripe3DS2.modulemap\ -Xcc\ -fmodule-map-file\=/Users/jaigaurav/Library/Developer/Xcode/DerivedData/Broccoli-eapieicfqwxippexlubxawpdfesp/Build/Intermediates.noindex/GeneratedModuleMaps-iphonesimulator/GoogleUtilities-NSData.modulemap\ -Xcc\ -fmodule-map-file\=/Users/jaigaurav/Library/Developer/Xcode/DerivedData/Broccoli-eapieicfqwxippexlubxawpdfesp/Build/Intermediates.noindex/GeneratedModuleMaps-iphonesimulator/GoogleUtilities-Logger.modulemap\ -Xcc\ -fmodule-map-file\=/Users/jaigaurav/Library/Developer/Xcode/DerivedData/Broccoli-eapieicfqwxippexlubxawpdfesp/Build/Intermediates.noindex/GeneratedModuleMaps-iphonesimulator/GoogleUtilities-Environment.modulemap\ -Xcc\ -fmodule-map-file\=/Users/jaigaurav/Library/Developer/Xcode/DerivedData/Broccoli-eapieicfqwxippexlubxawpdfesp/Build/Intermediates.noindex/GeneratedModuleMaps-iphonesimulator/third-party-IsAppEncrypted.modulemap\ -Xcc\ -fmodule-map-file\=/Users/jaigaurav/Library/Developer/Xcode/DerivedData/Broccoli-eapieicfqwxippexlubxawpdfesp/Build/Intermediates.noindex/GeneratedModuleMaps-iphonesimulator/GoogleUtilities-UserDefaults.modulemap\ -Xcc\ -fmodule-map-file\=/Users/jaigaurav/Library/Developer/Xcode/DerivedData/Broccoli-eapieicfqwxippexlubxawpdfesp/Build/Intermediates.noindex/GeneratedModuleMaps-iphonesimulator/nanopb.modulemap\ -Xcc\ -fmodule-map-file\=/Users/jaigaurav/Library/Developer/Xcode/DerivedData/Broccoli-eapieicfqwxippexlubxawpdfesp/Build/Intermediates.noindex/GeneratedModuleMaps-iphonesimulator/GoogleDataTransport.modulemap\ -Xcc\ -fmodule-map-file\=/Users/jaigaurav/Library/Developer/Xcode/DerivedData/Broccoli-eapieicfqwxippexlubxawpdfesp/Build/Intermediates.noindex/GeneratedModuleMaps-iphonesimulator/FirebaseSessionsObjC.modulemap\ -Xcc\ -fmodule-map-file\=/Users/jaigaurav/Library/Developer/Xcode/DerivedData/Broccoli-eapieicfqwxippexlubxawpdfesp/Build/Intermediates.noindex/GeneratedModuleMaps-iphonesimulator/FirebaseCoreExtension.modulemap\ -Xcc\ -fmodule-map-file\=/Users/jaigaurav/Library/Developer/Xcode/DerivedData/Broccoli-eapieicfqwxippexlubxawpdfesp/Build/Intermediates.noindex/GeneratedModuleMaps-iphonesimulator/FirebaseInstallations.modulemap\ -Xcc\ -fmodule-map-file\=/Users/jaigaurav/Library/Developer/Xcode/DerivedData/Broccoli-eapieicfqwxippexlubxawpdfesp/Build/Intermediates.noindex/GeneratedModuleMaps-iphonesimulator/FirebaseCore.modulemap\ -Xcc\ -fmodule-map-file\=/Users/jaigaurav/Library/Developer/Xcode/DerivedData/Broccoli-eapieicfqwxippexlubxawpdfesp/Build/Intermediates.noindex/GeneratedModuleMaps-iphonesimulator/FirebaseCrashlytics.modulemap\ 
    export PACKAGE_TYPE\=com.apple.package-type.wrapper.application
    export PASCAL_STRINGS\=YES
    export PATH\=/Applications/Xcode.app/Contents/SharedFrameworks/SwiftBuild.framework/Versions/A/PlugIns/SWBBuildService.bundle/Contents/PlugIns/SWBUniversalPlatformPlugin.bundle/Contents/Frameworks/SWBUniversalPlatform.framework/Resources:/Applications/Xcode.app/Contents/Developer/Toolchains/XcodeDefault.xctoolchain/usr/bin:/Applications/Xcode.app/Contents/Developer/Toolchains/XcodeDefault.xctoolchain/usr/local/bin:/Applications/Xcode.app/Contents/Developer/Toolchains/XcodeDefault.xctoolchain/usr/libexec:/Applications/Xcode.app/Contents/Developer/Platforms/iPhoneSimulator.platform/usr/bin:/Applications/Xcode.app/Contents/Developer/Platforms/iPhoneSimulator.platform/usr/local/bin:/Applications/Xcode.app/Contents/Developer/Platforms/iPhoneSimulator.platform/Developer/usr/bin:/Applications/Xcode.app/Contents/Developer/Platforms/iPhoneSimulator.platform/Developer/usr/local/bin:/Applications/Xcode.app/Contents/Developer/usr/bin:/Applications/Xcode.app/Contents/Developer/usr/local/bin:/Users/jaigaurav/.antigravity/antigravity/bin:/Users/jaigaurav/.rbenv/shims:/Users/jaigaurav/.rbenv/bin:/Users/jaigaurav/.nvm/versions/node/v22.2.0/bin:/opt/homebrew/bin:/opt/homebrew/sbin:/opt/homebrew/opt/php@7.4/sbin:/opt/homebrew/opt/php@7.4/bin:/opt/homebrew/Cellar/openjdk@17/17.0.16/libexec/openjdk.jdk/Contents/Home/bin:/usr/local/bin:/System/Cryptexes/App/usr/bin:/usr/bin:/bin:/usr/sbin:/sbin:/var/run/com.apple.security.cryptexd/codex.system/bootstrap/usr/local/bin:/var/run/com.apple.security.cryptexd/codex.system/bootstrap/usr/bin:/var/run/com.apple.security.cryptexd/codex.system/bootstrap/usr/appleinternal/bin:/pkg/env/global/bin:/Library/Apple/usr/bin:/Users/jaigaurav/.local/bin:/Users/jaigaurav/Library/Android/sdk/emulator:/Users/jaigaurav/Library/Android/sdk/platform-tools:/Users/jaigaurav/Library/Android/sdk/cmdline-tools:/Users/jaigaurav/Library/Android/sdk/cmdline-tools/bin:/Applications/Flutter/flutter/bin/:/Users/jaigaurav/.pub-cache/bin
    export PATH_PREFIXES_EXCLUDED_FROM_HEADER_DEPENDENCIES\=/usr/include\ /usr/local/include\ /System/Library/Frameworks\ /System/Library/PrivateFrameworks\ /Applications/Xcode.app/Contents/Developer/Headers\ /Applications/Xcode.app/Contents/Developer/SDKs\ /Applications/Xcode.app/Contents/Developer/Platforms
    export PBDEVELOPMENTPLIST_PATH\=Broccoli.app/pbdevelopment.plist
    export PER_ARCH_MODULE_FILE_DIR\=/Users/jaigaurav/Library/Developer/Xcode/DerivedData/Broccoli-eapieicfqwxippexlubxawpdfesp/Build/Intermediates.noindex/Broccoli.build/Debug-iphonesimulator/Broccoli.build/Objects-normal/undefined_arch
    export PER_ARCH_OBJECT_FILE_DIR\=/Users/jaigaurav/Library/Developer/Xcode/DerivedData/Broccoli-eapieicfqwxippexlubxawpdfesp/Build/Intermediates.noindex/Broccoli.build/Debug-iphonesimulator/Broccoli.build/Objects-normal/undefined_arch
    export PER_VARIANT_OBJECT_FILE_DIR\=/Users/jaigaurav/Library/Developer/Xcode/DerivedData/Broccoli-eapieicfqwxippexlubxawpdfesp/Build/Intermediates.noindex/Broccoli.build/Debug-iphonesimulator/Broccoli.build/Objects-normal
    export PKGINFO_FILE_PATH\=/Users/jaigaurav/Library/Developer/Xcode/DerivedData/Broccoli-eapieicfqwxippexlubxawpdfesp/Build/Intermediates.noindex/Broccoli.build/Debug-iphonesimulator/Broccoli.build/PkgInfo
    export PKGINFO_PATH\=Broccoli.app/PkgInfo
    export PLATFORM_DEVELOPER_APPLICATIONS_DIR\=/Applications/Xcode.app/Contents/Developer/Platforms/iPhoneSimulator.platform/Developer/Applications
    export PLATFORM_DEVELOPER_BIN_DIR\=/Applications/Xcode.app/Contents/Developer/Platforms/iPhoneSimulator.platform/Developer/usr/bin
    export PLATFORM_DEVELOPER_LIBRARY_DIR\=/Applications/Xcode.app/Contents/Developer/Platforms/iPhoneSimulator.platform/Developer/Library
    export PLATFORM_DEVELOPER_SDK_DIR\=/Applications/Xcode.app/Contents/Developer/Platforms/iPhoneSimulator.platform/Developer/SDKs
    export PLATFORM_DEVELOPER_TOOLS_DIR\=/Applications/Xcode.app/Contents/Developer/Platforms/iPhoneSimulator.platform/Developer/Tools
    export PLATFORM_DEVELOPER_USR_DIR\=/Applications/Xcode.app/Contents/Developer/Platforms/iPhoneSimulator.platform/Developer/usr
    export PLATFORM_DIR\=/Applications/Xcode.app/Contents/Developer/Platforms/iPhoneSimulator.platform
    export PLATFORM_DISPLAY_NAME\=iOS\ Simulator
    export PLATFORM_FAMILY_NAME\=iOS
    export PLATFORM_NAME\=iphonesimulator
    export PLATFORM_PREFERRED_ARCH\=x86_64
    export PLATFORM_PRODUCT_BUILD_VERSION\=23F81a
    export PLATFORM_REQUIRES_SWIFT_AUTOLINK_EXTRACT\=NO
    export PLATFORM_REQUIRES_SWIFT_MODULEWRAP\=NO
    export PLATFORM_USES_DSYMS\=YES
    export PLIST_FILE_OUTPUT_FORMAT\=binary
    export PLUGINS_FOLDER_PATH\=Broccoli.app/PlugIns
    export PRECOMPS_INCLUDE_HEADERS_FROM_BUILT_PRODUCTS_DIR\=YES
    export PRECOMP_DESTINATION_DIR\=/Users/jaigaurav/Library/Developer/Xcode/DerivedData/Broccoli-eapieicfqwxippexlubxawpdfesp/Build/Intermediates.noindex/Broccoli.build/Debug-iphonesimulator/Broccoli.build/PrefixHeaders
    export PRIVATE_HEADERS_FOLDER_PATH\=Broccoli.app/PrivateHeaders
    export PROCESSED_INFOPLIST_PATH\=/Users/jaigaurav/Library/Developer/Xcode/DerivedData/Broccoli-eapieicfqwxippexlubxawpdfesp/Build/Intermediates.noindex/Broccoli.build/Debug-iphonesimulator/Broccoli.build/Objects-normal/undefined_arch/Processed-Info.plist
    export PRODUCT_BUNDLE_IDENTIFIER\=ie.broccolicare.broccoli
    export PRODUCT_BUNDLE_PACKAGE_TYPE\=APPL
    export PRODUCT_MODULE_NAME\=Broccoli
    export PRODUCT_NAME\=Broccoli
    export PRODUCT_SETTINGS_PATH\=/Volumes/jaigaurav17-001/Projects/iOS/Broccoli/Broccoli/Info.plist
    export PRODUCT_TYPE\=com.apple.product-type.application
    export PROFILING_CODE\=NO
    export PROJECT\=Broccoli
    export PROJECT_DERIVED_FILE_DIR\=/Users/jaigaurav/Library/Developer/Xcode/DerivedData/Broccoli-eapieicfqwxippexlubxawpdfesp/Build/Intermediates.noindex/Broccoli.build/DerivedSources
    export PROJECT_DIR\=/Volumes/jaigaurav17-001/Projects/iOS/Broccoli
    export PROJECT_FILE_PATH\=/Volumes/jaigaurav17-001/Projects/iOS/Broccoli/Broccoli.xcodeproj
    export PROJECT_GUID\=b570dedc7e9dc92657e4abeab955b46f
    export PROJECT_NAME\=Broccoli
    export PROJECT_TEMP_DIR\=/Users/jaigaurav/Library/Developer/Xcode/DerivedData/Broccoli-eapieicfqwxippexlubxawpdfesp/Build/Intermediates.noindex/Broccoli.build
    export PROJECT_TEMP_ROOT\=/Users/jaigaurav/Library/Developer/Xcode/DerivedData/Broccoli-eapieicfqwxippexlubxawpdfesp/Build/Intermediates.noindex
    export PROVISIONING_PROFILE_REQUIRED\=NO
    export PROVISIONING_PROFILE_REQUIRED_YES_YES\=YES
    export PROVISIONING_PROFILE_SUPPORTED\=YES
    export PUBLIC_HEADERS_FOLDER_PATH\=Broccoli.app/Headers
    export RECOMMENDED_IPHONEOS_DEPLOYMENT_TARGET\=15.0
    export RECURSIVE_SEARCH_PATHS_FOLLOW_SYMLINKS\=YES
    export REGISTER_APP_GROUPS\=YES
    export REMOVE_CVS_FROM_RESOURCES\=YES
    export REMOVE_GIT_FROM_RESOURCES\=YES
    export REMOVE_HEADERS_FROM_EMBEDDED_BUNDLES\=YES
    export REMOVE_HG_FROM_RESOURCES\=YES
    export REMOVE_STATIC_EXECUTABLES_FROM_EMBEDDED_BUNDLES\=YES
    export REMOVE_SVN_FROM_RESOURCES\=YES
    export RESCHEDULE_INDEPENDENT_HEADERS_PHASES\=YES
    export REZ_COLLECTOR_DIR\=/Users/jaigaurav/Library/Developer/Xcode/DerivedData/Broccoli-eapieicfqwxippexlubxawpdfesp/Build/Intermediates.noindex/Broccoli.build/Debug-iphonesimulator/Broccoli.build/ResourceManagerResources
    export REZ_OBJECTS_DIR\=/Users/jaigaurav/Library/Developer/Xcode/DerivedData/Broccoli-eapieicfqwxippexlubxawpdfesp/Build/Intermediates.noindex/Broccoli.build/Debug-iphonesimulator/Broccoli.build/ResourceManagerResources/Objects
    export REZ_SEARCH_PATHS\=/Users/jaigaurav/Library/Developer/Xcode/DerivedData/Broccoli-eapieicfqwxippexlubxawpdfesp/Build/Products/Debug-iphonesimulator\ 
    export RPATH_ORIGIN\=@loader_path
    export RUNTIME_EXCEPTION_ALLOW_DYLD_ENVIRONMENT_VARIABLES\=NO
    export RUNTIME_EXCEPTION_ALLOW_JIT\=NO
    export RUNTIME_EXCEPTION_ALLOW_UNSIGNED_EXECUTABLE_MEMORY\=NO
    export RUNTIME_EXCEPTION_DEBUGGING_TOOL\=NO
    export RUNTIME_EXCEPTION_DISABLE_EXECUTABLE_PAGE_PROTECTION\=NO
    export RUNTIME_EXCEPTION_DISABLE_LIBRARY_VALIDATION\=NO
    export SCANNING_PCM_KEEP_CACHE_DIRECTORY\=YES
    export SCAN_ALL_SOURCE_FILES_FOR_INCLUDES\=NO
    export SCRIPTS_FOLDER_PATH\=Broccoli.app/Scripts
    export SCRIPT_INPUT_FILE_0\=/Users/jaigaurav/Library/Developer/Xcode/DerivedData/Broccoli-eapieicfqwxippexlubxawpdfesp/Build/Products/Debug-iphonesimulator/Broccoli.app.dSYM/Contents/Resources/DWARF/Broccoli
    export SCRIPT_INPUT_FILE_COUNT\=1
    export SCRIPT_INPUT_FILE_LIST_COUNT\=0
    export SCRIPT_OUTPUT_FILE_COUNT\=0
    export SCRIPT_OUTPUT_FILE_LIST_COUNT\=0
    export SDKROOT\=/Applications/Xcode.app/Contents/Developer/Platforms/iPhoneSimulator.platform/Developer/SDKs/iPhoneSimulator26.5.sdk
    export SDK_DIR\=/Applications/Xcode.app/Contents/Developer/Platforms/iPhoneSimulator.platform/Developer/SDKs/iPhoneSimulator26.5.sdk
    export SDK_DIR_iphonesimulator\=/Applications/Xcode.app/Contents/Developer/Platforms/iPhoneSimulator.platform/Developer/SDKs/iPhoneSimulator26.5.sdk
    export SDK_DIR_iphonesimulator26_5\=/Applications/Xcode.app/Contents/Developer/Platforms/iPhoneSimulator.platform/Developer/SDKs/iPhoneSimulator26.5.sdk
    export SDK_NAME\=iphonesimulator26.5
    export SDK_NAMES\=iphonesimulator26.5
    export SDK_PRODUCT_BUILD_VERSION\=23F81a
    export SDK_STAT_CACHE_DIR\=/Users/jaigaurav/Library/Developer/Xcode/DerivedData
    export SDK_STAT_CACHE_ENABLE\=YES
    export SDK_STAT_CACHE_PATH\=/Users/jaigaurav/Library/Developer/Xcode/DerivedData/SDKStatCaches.noindex/iphonesimulator26.5-23F81a-6cfe768891a92b912361537c460fe42b.sdkstatcache
    export SDK_VERSION\=26.5
    export SDK_VERSION_ACTUAL\=260500
    export SDK_VERSION_MAJOR\=260000
    export SDK_VERSION_MINOR\=260500
    export SED\=/usr/bin/sed
    export SEPARATE_STRIP\=NO
    export SEPARATE_SYMBOL_EDIT\=NO
    export SET_DIR_MODE_OWNER_GROUP\=YES
    export SET_FILE_MODE_OWNER_GROUP\=NO
    export SHALLOW_BUNDLE\=YES
    export SHALLOW_BUNDLE_TRIPLE\=ios-simulator
    export SHALLOW_BUNDLE_ios_macabi\=NO
    export SHALLOW_BUNDLE_macos\=NO
    export SHARED_DERIVED_FILE_DIR\=/Users/jaigaurav/Library/Developer/Xcode/DerivedData/Broccoli-eapieicfqwxippexlubxawpdfesp/Build/Products/Debug-iphonesimulator/DerivedSources
    export SHARED_FRAMEWORKS_FOLDER_PATH\=Broccoli.app/SharedFrameworks
    export SHARED_PRECOMPS_DIR\=/Users/jaigaurav/Library/Developer/Xcode/DerivedData/Broccoli-eapieicfqwxippexlubxawpdfesp/Build/Intermediates.noindex/PrecompiledHeaders
    export SHARED_SUPPORT_FOLDER_PATH\=Broccoli.app/SharedSupport
    export SKIP_INSTALL\=NO
    export SKIP_MERGEABLE_LIBRARY_BUNDLE_HOOK\=NO
    export SOURCE_ROOT\=/Volumes/jaigaurav17-001/Projects/iOS/Broccoli
    export SRCROOT\=/Volumes/jaigaurav17-001/Projects/iOS/Broccoli
    export STRINGSDATA_DIR\=/Users/jaigaurav/Library/Developer/Xcode/DerivedData/Broccoli-eapieicfqwxippexlubxawpdfesp/Build/Intermediates.noindex/Broccoli.build/Debug-iphonesimulator/Broccoli.build/Objects-normal/undefined_arch
    export STRINGSDATA_ROOT\=/Users/jaigaurav/Library/Developer/Xcode/DerivedData/Broccoli-eapieicfqwxippexlubxawpdfesp/Build/Intermediates.noindex/Broccoli.build/Debug-iphonesimulator/Broccoli.build
    export STRINGS_FILE_INFOPLIST_RENAME\=YES
    export STRINGS_FILE_OUTPUT_ENCODING\=binary
    export STRING_CATALOG_GENERATE_SYMBOLS\=YES
    export STRIP_BITCODE_FROM_COPIED_FILES\=NO
    export STRIP_INSTALLED_PRODUCT\=NO
    export STRIP_STYLE\=all
    export STRIP_SWIFT_SYMBOLS\=YES
    export SUPPORTED_DEVICE_FAMILIES\=1,2
    export SUPPORTED_PLATFORMS\=iphoneos\ iphonesimulator
    export SUPPORTS_MACCATALYST\=NO
    export SUPPORTS_ON_DEMAND_RESOURCES\=YES
    export SUPPORTS_TEXT_BASED_API\=NO
    export SUPPRESS_WARNINGS\=NO
    export SWIFT_ACTIVE_COMPILATION_CONDITIONS\=DEBUG\ 
    export SWIFT_APPROACHABLE_CONCURRENCY\=YES
    export SWIFT_DEFAULT_ACTOR_ISOLATION\=MainActor
    export SWIFT_EMIT_CONST_VALUE_PROTOCOLS\=AnyResolverProviding\ AppEntity\ AppEnum\ AppExtension\ AppIntent\ AppIntentsPackage\ AppShortcutProviding\ AppShortcutsProvider\ AppUnionValue\ AppUnionValueCasesProviding\ DynamicOptionsProvider\ EntityQuery\ ExtensionPointDefining\ IntentValueQuery\ Resolver\ TransientEntity\ _AssistantIntentsProvider\ _GenerativeFunctionExtractable\ _IntentValueRepresentable
    export SWIFT_EMIT_LOC_STRINGS\=YES
    export SWIFT_ENABLE_EXPLICIT_MODULES\=YES
    export SWIFT_OPTIMIZATION_LEVEL\=-Onone
    export SWIFT_PLATFORM_TARGET_PREFIX\=ios
    export SWIFT_RESPONSE_FILE_PATH_normal_arm64\=/Users/jaigaurav/Library/Developer/Xcode/DerivedData/Broccoli-eapieicfqwxippexlubxawpdfesp/Build/Intermediates.noindex/Broccoli.build/Debug-iphonesimulator/Broccoli.build/Objects-normal/arm64/Broccoli.SwiftFileList
    export SWIFT_RESPONSE_FILE_PATH_normal_x86_64\=/Users/jaigaurav/Library/Developer/Xcode/DerivedData/Broccoli-eapieicfqwxippexlubxawpdfesp/Build/Intermediates.noindex/Broccoli.build/Debug-iphonesimulator/Broccoli.build/Objects-normal/x86_64/Broccoli.SwiftFileList
    export SWIFT_UPCOMING_FEATURE_MEMBER_IMPORT_VISIBILITY\=YES
    export SWIFT_VERSION\=5.0
    export SYMROOT\=/Users/jaigaurav/Library/Developer/Xcode/DerivedData/Broccoli-eapieicfqwxippexlubxawpdfesp/Build/Products
    export SYSTEM_ADMIN_APPS_DIR\=/Applications/Utilities
    export SYSTEM_APPS_DIR\=/Applications
    export SYSTEM_CORE_SERVICES_DIR\=/System/Library/CoreServices
    export SYSTEM_DEMOS_DIR\=/Applications/Extras
    export SYSTEM_DEVELOPER_APPS_DIR\=/Applications/Xcode.app/Contents/Developer/Applications
    export SYSTEM_DEVELOPER_BIN_DIR\=/Applications/Xcode.app/Contents/Developer/usr/bin
    export SYSTEM_DEVELOPER_DEMOS_DIR\=/Applications/Xcode.app/Contents/Developer/Applications/Utilities/Built\ Examples
    export SYSTEM_DEVELOPER_DIR\=/Applications/Xcode.app/Contents/Developer
    export SYSTEM_DEVELOPER_DOC_DIR\=/Applications/Xcode.app/Contents/Developer/ADC\ Reference\ Library
    export SYSTEM_DEVELOPER_GRAPHICS_TOOLS_DIR\=/Applications/Xcode.app/Contents/Developer/Applications/Graphics\ Tools
    export SYSTEM_DEVELOPER_JAVA_TOOLS_DIR\=/Applications/Xcode.app/Contents/Developer/Applications/Java\ Tools
    export SYSTEM_DEVELOPER_PERFORMANCE_TOOLS_DIR\=/Applications/Xcode.app/Contents/Developer/Applications/Performance\ Tools
    export SYSTEM_DEVELOPER_RELEASENOTES_DIR\=/Applications/Xcode.app/Contents/Developer/ADC\ Reference\ Library/releasenotes
    export SYSTEM_DEVELOPER_TOOLS\=/Applications/Xcode.app/Contents/Developer/Tools
    export SYSTEM_DEVELOPER_TOOLS_DOC_DIR\=/Applications/Xcode.app/Contents/Developer/ADC\ Reference\ Library/documentation/DeveloperTools
    export SYSTEM_DEVELOPER_TOOLS_RELEASENOTES_DIR\=/Applications/Xcode.app/Contents/Developer/ADC\ Reference\ Library/releasenotes/DeveloperTools
    export SYSTEM_DEVELOPER_USR_DIR\=/Applications/Xcode.app/Contents/Developer/usr
    export SYSTEM_DEVELOPER_UTILITIES_DIR\=/Applications/Xcode.app/Contents/Developer/Applications/Utilities
    export SYSTEM_DEXT_INSTALL_PATH\=/System/Library/DriverExtensions
    export SYSTEM_DOCUMENTATION_DIR\=/Library/Documentation
    export SYSTEM_EXTENSIONS_FOLDER_PATH\=Broccoli.app/SystemExtensions
    export SYSTEM_EXTENSIONS_FOLDER_PATH_SHALLOW_BUNDLE_NO\=Broccoli.app/Library/SystemExtensions
    export SYSTEM_EXTENSIONS_FOLDER_PATH_SHALLOW_BUNDLE_YES\=Broccoli.app/SystemExtensions
    export SYSTEM_KEXT_INSTALL_PATH\=/System/Library/Extensions
    export SYSTEM_LIBRARY_DIR\=/System/Library
    export TAPI_DEMANGLE\=YES
    export TAPI_ENABLE_PROJECT_HEADERS\=NO
    export TAPI_LANGUAGE\=objective-c
    export TAPI_LANGUAGE_STANDARD\=compiler-default
    export TAPI_USE_SRCROOT\=YES
    export TAPI_VERIFY_MODE\=Pedantic
    export TARGETED_DEVICE_FAMILY\=1
    export TARGETNAME\=Broccoli
    export TARGET_BUILD_DIR\=/Users/jaigaurav/Library/Developer/Xcode/DerivedData/Broccoli-eapieicfqwxippexlubxawpdfesp/Build/Products/Debug-iphonesimulator
    export TARGET_NAME\=Broccoli
    export TARGET_TEMP_DIR\=/Users/jaigaurav/Library/Developer/Xcode/DerivedData/Broccoli-eapieicfqwxippexlubxawpdfesp/Build/Intermediates.noindex/Broccoli.build/Debug-iphonesimulator/Broccoli.build
    export TEMP_DIR\=/Users/jaigaurav/Library/Developer/Xcode/DerivedData/Broccoli-eapieicfqwxippexlubxawpdfesp/Build/Intermediates.noindex/Broccoli.build/Debug-iphonesimulator/Broccoli.build
    export TEMP_FILES_DIR\=/Users/jaigaurav/Library/Developer/Xcode/DerivedData/Broccoli-eapieicfqwxippexlubxawpdfesp/Build/Intermediates.noindex/Broccoli.build/Debug-iphonesimulator/Broccoli.build
    export TEMP_FILE_DIR\=/Users/jaigaurav/Library/Developer/Xcode/DerivedData/Broccoli-eapieicfqwxippexlubxawpdfesp/Build/Intermediates.noindex/Broccoli.build/Debug-iphonesimulator/Broccoli.build
    export TEMP_ROOT\=/Users/jaigaurav/Library/Developer/Xcode/DerivedData/Broccoli-eapieicfqwxippexlubxawpdfesp/Build/Intermediates.noindex
    export TEMP_SANDBOX_DIR\=/Users/jaigaurav/Library/Developer/Xcode/DerivedData/Broccoli-eapieicfqwxippexlubxawpdfesp/Build/Intermediates.noindex/TemporaryTaskSandboxes
    export TEST_FRAMEWORK_SEARCH_PATHS\=\ /Applications/Xcode.app/Contents/Developer/Platforms/iPhoneSimulator.platform/Developer/Library/Frameworks\ /Applications/Xcode.app/Contents/Developer/Platforms/iPhoneSimulator.platform/Developer/SDKs/iPhoneSimulator26.5.sdk/Developer/Library/Frameworks
    export TEST_LIBRARY_SEARCH_PATHS\=\ /Applications/Xcode.app/Contents/Developer/Platforms/iPhoneSimulator.platform/Developer/usr/lib
    export TOOLCHAINS\=com.apple.dt.toolchain.XcodeDefault
    export TOOLCHAIN_DIR\=/Applications/Xcode.app/Contents/Developer/Toolchains/XcodeDefault.xctoolchain
    export TREAT_MISSING_BASELINES_AS_TEST_FAILURES\=NO
    export TREAT_MISSING_SCRIPT_PHASE_OUTPUTS_AS_ERRORS\=NO
    export TeamIdentifierPrefix\=DYGMRKM7YF.
    export UID\=501
    export UNINSTALLED_PRODUCTS_DIR\=/Users/jaigaurav/Library/Developer/Xcode/DerivedData/Broccoli-eapieicfqwxippexlubxawpdfesp/Build/Intermediates.noindex/UninstalledProducts
    export UNLOCALIZED_RESOURCES_FOLDER_PATH\=Broccoli.app
    export UNLOCALIZED_RESOURCES_FOLDER_PATH_SHALLOW_BUNDLE_NO\=Broccoli.app/Resources
    export UNLOCALIZED_RESOURCES_FOLDER_PATH_SHALLOW_BUNDLE_YES\=Broccoli.app
    export UNSTRIPPED_PRODUCT\=NO
    export USER\=jaigaurav
    export USER_APPS_DIR\=/Users/jaigaurav/Applications
    export USER_LIBRARY_DIR\=/Users/jaigaurav/Library
    export USE_DYNAMIC_NO_PIC\=YES
    export USE_HEADERMAP\=YES
    export USE_HEADER_SYMLINKS\=NO
    export VALIDATE_DEVELOPMENT_ASSET_PATHS\=YES_ERROR
    export VALIDATE_PRODUCT\=NO
    export VALID_ARCHS\=arm64\ x86_64
    export VERBOSE_PBXCP\=NO
    export VERSIONPLIST_PATH\=Broccoli.app/version.plist
    export VERSION_INFO_BUILDER\=jaigaurav
    export VERSION_INFO_FILE\=Broccoli_vers.c
    export VERSION_INFO_STRING\=\"@\(\#\)PROGRAM:Broccoli\ \ PROJECT:Broccoli-1\"
    export WORKSPACE_DIR\=/Volumes/jaigaurav17-001/Projects/iOS/Broccoli
    export WRAPPER_EXTENSION\=app
    export WRAPPER_NAME\=Broccoli.app
    export WRAPPER_SUFFIX\=.app
    export WRAP_ASSET_PACKS_IN_SEPARATE_DIRECTORIES\=NO
    export XCODE_APP_SUPPORT_DIR\=/Applications/Xcode.app/Contents/Developer/Library/Xcode
    export XCODE_PRODUCT_BUILD_VERSION\=17F113
    export XCODE_VERSION_ACTUAL\=2660
    export XCODE_VERSION_MAJOR\=2600
    export XCODE_VERSION_MINOR\=2660
    export XPCSERVICES_FOLDER_PATH\=Broccoli.app/XPCServices
    export YACC\=yacc
    export _DISCOVER_COMMAND_LINE_LINKER_INPUTS\=YES
    export _DISCOVER_COMMAND_LINE_LINKER_INPUTS_INCLUDE_WL\=YES
    export _LD_MULTIARCH\=YES
    export _WRAPPER_CONTENTS_DIR_SHALLOW_BUNDLE_NO\=/Contents
    export _WRAPPER_PARENT_PATH_SHALLOW_BUNDLE_NO\=/..
    export _WRAPPER_RESOURCES_DIR_SHALLOW_BUNDLE_NO\=/Resources
    export __DIAGNOSE_DEPRECATED_ARCHS\=YES
    export __IS_NOT_MACOS\=YES
    export __IS_NOT_MACOS_macosx\=NO
    export __IS_NOT_SIMULATOR\=NO
    export __IS_NOT_SIMULATOR_simulator\=NO
    export __ORIGINAL_SDK_DEFINED_LLVM_TARGET_TRIPLE_SYS\=ios
    export arch\=undefined_arch
    export variant\=normal
    /bin/sh -c /Users/jaigaurav/Library/Developer/Xcode/DerivedData/Broccoli-eapieicfqwxippexlubxawpdfesp/Build/Intermediates.noindex/Broccoli.build/Debug-iphonesimulator/Broccoli.build/Script-53D688D62F4A936D00F4350C.sh
Running upload-symbols in Build Phase mode
Validating build environment for Crashlytics...
warning: DEBUG_INFORMATION_FORMAT should be set to dwarf-with-dsym for all configurations. This could also be a timing issue, make sure the Firebase run script build phase is the last build phase and no other scripts have moved the dSYM from the location Xcode generated it. Unable to process Broccoli.app.dSYM at path /Users/jaigaurav/Library/Developer/Xcode/DerivedData/Broccoli-eapieicfqwxippexlubxawpdfesp/Build/Products/Debug-iphonesimulator/Broccoli.app.dSYM
Make sure your project build settings are generating a dSYM file.


Validation succeeded. Symbol uploading will proceed in the background.

CopySwiftLibs /Users/jaigaurav/Library/Developer/Xcode/DerivedData/Broccoli-eapieicfqwxippexlubxawpdfesp/Build/Products/Debug-iphonesimulator/Broccoli.app (in target 'Broccoli' from project 'Broccoli')
    cd /Volumes/jaigaurav17-001/Projects/iOS/Broccoli
    builtin-swiftStdLibTool --copy --verbose --sign - --scan-executable /Users/jaigaurav/Library/Developer/Xcode/DerivedData/Broccoli-eapieicfqwxippexlubxawpdfesp/Build/Products/Debug-iphonesimulator/Broccoli.app/Broccoli.debug.dylib --scan-folder /Users/jaigaurav/Library/Developer/Xcode/DerivedData/Broccoli-eapieicfqwxippexlubxawpdfesp/Build/Products/Debug-iphonesimulator/Broccoli.app/Frameworks --scan-folder /Users/jaigaurav/Library/Developer/Xcode/DerivedData/Broccoli-eapieicfqwxippexlubxawpdfesp/Build/Products/Debug-iphonesimulator/Broccoli.app/PlugIns --scan-folder /Users/jaigaurav/Library/Developer/Xcode/DerivedData/Broccoli-eapieicfqwxippexlubxawpdfesp/Build/Products/Debug-iphonesimulator/Broccoli.app/SystemExtensions --scan-folder /Users/jaigaurav/Library/Developer/Xcode/DerivedData/Broccoli-eapieicfqwxippexlubxawpdfesp/Build/Products/Debug-iphonesimulator/Broccoli.app/Extensions --platform iphonesimulator --toolchain /Applications/Xcode.app/Contents/Developer/Toolchains/XcodeDefault.xctoolchain --destination /Users/jaigaurav/Library/Developer/Xcode/DerivedData/Broccoli-eapieicfqwxippexlubxawpdfesp/Build/Products/Debug-iphonesimulator/Broccoli.app/Frameworks --strip-bitcode --strip-bitcode-tool /Applications/Xcode.app/Contents/Developer/Toolchains/XcodeDefault.xctoolchain/usr/bin/bitcode_strip --emit-dependency-info /Users/jaigaurav/Library/Developer/Xcode/DerivedData/Broccoli-eapieicfqwxippexlubxawpdfesp/Build/Intermediates.noindex/Broccoli.build/Debug-iphonesimulator/Broccoli.build/SwiftStdLibToolInputDependencies.dep --filter-for-swift-os --back-deploy-swift-span

ExtractAppIntentsMetadata (in target 'Broccoli' from project 'Broccoli')
    cd /Volumes/jaigaurav17-001/Projects/iOS/Broccoli
    /Applications/Xcode.app/Contents/Developer/Toolchains/XcodeDefault.xctoolchain/usr/bin/appintentsmetadataprocessor --toolchain-dir /Applications/Xcode.app/Contents/Developer/Toolchains/XcodeDefault.xctoolchain --module-name Broccoli --sdk-root /Applications/Xcode.app/Contents/Developer/Platforms/iPhoneSimulator.platform/Developer/SDKs/iPhoneSimulator26.5.sdk --xcode-version 17F113 --platform-family iOS --deployment-target 17.6 --bundle-identifier ie.broccolicare.broccoli --output /Users/jaigaurav/Library/Developer/Xcode/DerivedData/Broccoli-eapieicfqwxippexlubxawpdfesp/Build/Products/Debug-iphonesimulator/Broccoli.app --target-triple arm64-apple-ios17.6-simulator --target-triple x86_64-apple-ios17.6-simulator --binary-file /Users/jaigaurav/Library/Developer/Xcode/DerivedData/Broccoli-eapieicfqwxippexlubxawpdfesp/Build/Products/Debug-iphonesimulator/Broccoli.app/Broccoli --dependency-file /Users/jaigaurav/Library/Developer/Xcode/DerivedData/Broccoli-eapieicfqwxippexlubxawpdfesp/Build/Intermediates.noindex/Broccoli.build/Debug-iphonesimulator/Broccoli.build/Objects-normal/arm64/Broccoli_dependency_info.dat --dependency-file /Users/jaigaurav/Library/Developer/Xcode/DerivedData/Broccoli-eapieicfqwxippexlubxawpdfesp/Build/Intermediates.noindex/Broccoli.build/Debug-iphonesimulator/Broccoli.build/Objects-normal/x86_64/Broccoli_dependency_info.dat --stringsdata-file /Users/jaigaurav/Library/Developer/Xcode/DerivedData/Broccoli-eapieicfqwxippexlubxawpdfesp/Build/Intermediates.noindex/Broccoli.build/Debug-iphonesimulator/Broccoli.build/Objects-normal/arm64/ExtractedAppShortcutsMetadata.stringsdata --stringsdata-file /Users/jaigaurav/Library/Developer/Xcode/DerivedData/Broccoli-eapieicfqwxippexlubxawpdfesp/Build/Intermediates.noindex/Broccoli.build/Debug-iphonesimulator/Broccoli.build/Objects-normal/x86_64/ExtractedAppShortcutsMetadata.stringsdata --source-file-list /Users/jaigaurav/Library/Developer/Xcode/DerivedData/Broccoli-eapieicfqwxippexlubxawpdfesp/Build/Intermediates.noindex/Broccoli.build/Debug-iphonesimulator/Broccoli.build/Objects-normal/arm64/Broccoli.SwiftFileList --source-file-list /Users/jaigaurav/Library/Developer/Xcode/DerivedData/Broccoli-eapieicfqwxippexlubxawpdfesp/Build/Intermediates.noindex/Broccoli.build/Debug-iphonesimulator/Broccoli.build/Objects-normal/x86_64/Broccoli.SwiftFileList --metadata-file-list /Users/jaigaurav/Library/Developer/Xcode/DerivedData/Broccoli-eapieicfqwxippexlubxawpdfesp/Build/Intermediates.noindex/Broccoli.build/Debug-iphonesimulator/Broccoli.build/Broccoli.DependencyMetadataFileList --static-metadata-file-list /Users/jaigaurav/Library/Developer/Xcode/DerivedData/Broccoli-eapieicfqwxippexlubxawpdfesp/Build/Intermediates.noindex/Broccoli.build/Debug-iphonesimulator/Broccoli.build/Broccoli.DependencyStaticMetadataFileList --swift-const-vals-list /Users/jaigaurav/Library/Developer/Xcode/DerivedData/Broccoli-eapieicfqwxippexlubxawpdfesp/Build/Intermediates.noindex/Broccoli.build/Debug-iphonesimulator/Broccoli.build/Objects-normal/arm64/Broccoli.SwiftConstValuesFileList --swift-const-vals-list /Users/jaigaurav/Library/Developer/Xcode/DerivedData/Broccoli-eapieicfqwxippexlubxawpdfesp/Build/Intermediates.noindex/Broccoli.build/Debug-iphonesimulator/Broccoli.build/Objects-normal/x86_64/Broccoli.SwiftConstValuesFileList --compile-time-extraction --deployment-aware-processing --validate-assistant-intents --no-app-shortcuts-localization
2026-08-17 12:32:03.239 appintentsmetadataprocessor[8504:168926] Starting appintentsmetadataprocessor export
2026-08-17 12:32:03.242 appintentsmetadataprocessor[8504:168926] warning: Metadata extraction skipped. No AppIntents.framework dependency found.

CodeSign /Users/jaigaurav/Library/Developer/Xcode/DerivedData/Broccoli-eapieicfqwxippexlubxawpdfesp/Build/Products/Debug-iphonesimulator/Broccoli.app/Broccoli.debug.dylib (in target 'Broccoli' from project 'Broccoli')
    cd /Volumes/jaigaurav17-001/Projects/iOS/Broccoli
    
    Signing Identity:     "Sign to Run Locally"
    
    /usr/bin/codesign --force --sign - --timestamp\=none --generate-entitlement-der /Users/jaigaurav/Library/Developer/Xcode/DerivedData/Broccoli-eapieicfqwxippexlubxawpdfesp/Build/Products/Debug-iphonesimulator/Broccoli.app/Broccoli.debug.dylib

CodeSign /Users/jaigaurav/Library/Developer/Xcode/DerivedData/Broccoli-eapieicfqwxippexlubxawpdfesp/Build/Products/Debug-iphonesimulator/Broccoli.app/__preview.dylib (in target 'Broccoli' from project 'Broccoli')
    cd /Volumes/jaigaurav17-001/Projects/iOS/Broccoli
    
    Signing Identity:     "Sign to Run Locally"
    
    /usr/bin/codesign --force --sign - --timestamp\=none --generate-entitlement-der /Users/jaigaurav/Library/Developer/Xcode/DerivedData/Broccoli-eapieicfqwxippexlubxawpdfesp/Build/Products/Debug-iphonesimulator/Broccoli.app/__preview.dylib

CodeSign /Users/jaigaurav/Library/Developer/Xcode/DerivedData/Broccoli-eapieicfqwxippexlubxawpdfesp/Build/Products/Debug-iphonesimulator/Broccoli.app (in target 'Broccoli' from project 'Broccoli')
    cd /Volumes/jaigaurav17-001/Projects/iOS/Broccoli
    
    Signing Identity:     "Sign to Run Locally"
    
    /usr/bin/codesign --force --sign - --entitlements /Users/jaigaurav/Library/Developer/Xcode/DerivedData/Broccoli-eapieicfqwxippexlubxawpdfesp/Build/Intermediates.noindex/Broccoli.build/Debug-iphonesimulator/Broccoli.build/Broccoli.app.xcent --timestamp\=none --generate-entitlement-der /Users/jaigaurav/Library/Developer/Xcode/DerivedData/Broccoli-eapieicfqwxippexlubxawpdfesp/Build/Products/Debug-iphonesimulator/Broccoli.app

Validate /Users/jaigaurav/Library/Developer/Xcode/DerivedData/Broccoli-eapieicfqwxippexlubxawpdfesp/Build/Products/Debug-iphonesimulator/Broccoli.app (in target 'Broccoli' from project 'Broccoli')
    cd /Volumes/jaigaurav17-001/Projects/iOS/Broccoli
    builtin-validationUtility /Users/jaigaurav/Library/Developer/Xcode/DerivedData/Broccoli-eapieicfqwxippexlubxawpdfesp/Build/Products/Debug-iphonesimulator/Broccoli.app -shallow-bundle -infoplist-subpath Info.plist

** BUILD SUCCEEDED **

